01:09:33 **** Incremental Build of configuration Debug for project LibFreeRTOS_8.2.3 ****
make -r all 
make: Nothing to be done for `all'.
01:09:34 **** Incremental Build of configuration Debug for project cr_dsplib_cm3 ****
make -r all 
make: Nothing to be done for `all'.
01:09:34 **** Incremental Build of configuration Debug for project lpc_chip_175x_6x ****
make -r all 
make: Nothing to be done for `all'.
01:09:34 **** Incremental Build of configuration Debug for project lpc_myboard_1769 ****
make -r all 
Building file: ../src/board.c
Invoking: MCU C Compiler
arm-none-eabi-gcc -D__REDLIB__ -DDEBUG -D__CODE_RED -D__USE_LPCOPEN -DCORE_M3 -I"D:\UTN\Git\TD_II\TD_II\workspace\lpc_chip_175x_6x\inc" -I"D:\UTN\Git\TD_II\TD_II\workspace\lpc_myboard_1769\inc" -O0 -g3 -Wall -c -fmessage-length=0 -fno-builtin -ffunction-sections -fdata-sections -mcpu=cortex-m3 -mthumb -specs=redlib.specs -MMD -MP -MF"src/board.d" -MT"src/board.o" -MT"src/board.d" -o "src/board.o" "../src/board.c"
Finished building: ../src/board.c
 
Building target: liblpc_myboard_1769.a
Invoking: MCU Archiver
arm-none-eabi-ar -r  "liblpc_myboard_1769.a"  ./src/board.o ./src/board_sysinit.o ./src/lpc_phy_smsc87x0.o   
c:\nxp\LPCXpresso_8.2.2_650\lpcxpresso\tools\bin\arm-none-eabi-ar.exe: creating liblpc_myboard_1769.a
Finished building target: liblpc_myboard_1769.a
 
make --no-print-directory post-build
Performing post-build steps
arm-none-eabi-size "liblpc_myboard_1769.a" ; # arm-none-eabi-objdump -h -S "liblpc_myboard_1769.a" >"liblpc_myboard_1769.lss"
   text	   data	    bss	    dec	    hex	filename
   2062	      0	      0	   2062	    80e	board.o (ex liblpc_myboard_1769.a)
    204	      0	      0	    204	     cc	board_sysinit.o (ex liblpc_myboard_1769.a)
    856	      0	     18	    874	    36a	lpc_phy_smsc87x0.o (ex liblpc_myboard_1769.a)
 
01:09:36 **** Incremental Build of configuration Debug for project THD_Meter_RTOS ****
make -r all 
Building file: ../src/Inicializaciones.c
Invoking: MCU C Compiler
arm-none-eabi-gcc -DDEBUG -D__CODE_RED -DCORE_M3 -D__USE_LPCOPEN -D__USE_CMSIS_DSPLIB=CMSIS_DSPLIB_CM3 -D__LPC17XX__ -D__REDLIB__ -I"D:\UTN\Git\TD_II\TD_II\workspace\LibFreeRTOS_8.2.3\src\portable\GCC\ARM_CM3" -I"D:\UTN\Git\TD_II\TD_II\workspace\cr_dsplib_cm3\inc" -I"D:\UTN\Git\TD_II\TD_II\workspace\THD_Meter_RTOS\inc" -I"D:\UTN\Git\TD_II\TD_II\workspace\lpc_myboard_1769\inc" -I"D:\UTN\Git\TD_II\TD_II\workspace\lpc_chip_175x_6x\inc" -I"D:\UTN\Git\TD_II\TD_II\workspace\CMSIS_DSPLIB_CM3\inc" -I"D:\UTN\Git\TD_II\TD_II\workspace\LibFreeRTOS_8.2.3\inc" -O0 -fno-common -g3 -Wall -c -fmessage-length=0 -fno-builtin -ffunction-sections -fdata-sections -mcpu=cortex-m3 -mthumb -specs=redlib.specs -MMD -MP -MF"src/Inicializaciones.d" -MT"src/Inicializaciones.o" -MT"src/Inicializaciones.d" -o "src/Inicializaciones.o" "../src/Inicializaciones.c"
Finished building: ../src/Inicializaciones.c
 
Building file: ../src/Interrupciones.c
Invoking: MCU C Compiler
arm-none-eabi-gcc -DDEBUG -D__CODE_RED -DCORE_M3 -D__USE_LPCOPEN -D__USE_CMSIS_DSPLIB=CMSIS_DSPLIB_CM3 -D__LPC17XX__ -D__REDLIB__ -I"D:\UTN\Git\TD_II\TD_II\workspace\LibFreeRTOS_8.2.3\src\portable\GCC\ARM_CM3" -I"D:\UTN\Git\TD_II\TD_II\workspace\cr_dsplib_cm3\inc" -I"D:\UTN\Git\TD_II\TD_II\workspace\THD_Meter_RTOS\inc" -I"D:\UTN\Git\TD_II\TD_II\workspace\lpc_myboard_1769\inc" -I"D:\UTN\Git\TD_II\TD_II\workspace\lpc_chip_175x_6x\inc" -I"D:\UTN\Git\TD_II\TD_II\workspace\CMSIS_DSPLIB_CM3\inc" -I"D:\UTN\Git\TD_II\TD_II\workspace\LibFreeRTOS_8.2.3\inc" -O0 -fno-common -g3 -Wall -c -fmessage-length=0 -fno-builtin -ffunction-sections -fdata-sections -mcpu=cortex-m3 -mthumb -specs=redlib.specs -MMD -MP -MF"src/Interrupciones.d" -MT"src/Interrupciones.o" -MT"src/Interrupciones.d" -o "src/Interrupciones.o" "../src/Interrupciones.c"
Finished building: ../src/Interrupciones.c
 
Building file: ../src/THD_Meter.c
Invoking: MCU C Compiler
arm-none-eabi-gcc -DDEBUG -D__CODE_RED -DCORE_M3 -D__USE_LPCOPEN -D__USE_CMSIS_DSPLIB=CMSIS_DSPLIB_CM3 -D__LPC17XX__ -D__REDLIB__ -I"D:\UTN\Git\TD_II\TD_II\workspace\LibFreeRTOS_8.2.3\src\portable\GCC\ARM_CM3" -I"D:\UTN\Git\TD_II\TD_II\workspace\cr_dsplib_cm3\inc" -I"D:\UTN\Git\TD_II\TD_II\workspace\THD_Meter_RTOS\inc" -I"D:\UTN\Git\TD_II\TD_II\workspace\lpc_myboard_1769\inc" -I"D:\UTN\Git\TD_II\TD_II\workspace\lpc_chip_175x_6x\inc" -I"D:\UTN\Git\TD_II\TD_II\workspace\CMSIS_DSPLIB_CM3\inc" -I"D:\UTN\Git\TD_II\TD_II\workspace\LibFreeRTOS_8.2.3\inc" -O0 -fno-common -g3 -Wall -c -fmessage-length=0 -fno-builtin -ffunction-sections -fdata-sections -mcpu=cortex-m3 -mthumb -specs=redlib.specs -MMD -MP -MF"src/THD_Meter.d" -MT"src/THD_Meter.o" -MT"src/THD_Meter.d" -o "src/THD_Meter.o" "../src/THD_Meter.c"
Finished building: ../src/THD_Meter.c
 
Building file: ../src/Variables_globales.c
Invoking: MCU C Compiler
arm-none-eabi-gcc -DDEBUG -D__CODE_RED -DCORE_M3 -D__USE_LPCOPEN -D__USE_CMSIS_DSPLIB=CMSIS_DSPLIB_CM3 -D__LPC17XX__ -D__REDLIB__ -I"D:\UTN\Git\TD_II\TD_II\workspace\LibFreeRTOS_8.2.3\src\portable\GCC\ARM_CM3" -I"D:\UTN\Git\TD_II\TD_II\workspace\cr_dsplib_cm3\inc" -I"D:\UTN\Git\TD_II\TD_II\workspace\THD_Meter_RTOS\inc" -I"D:\UTN\Git\TD_II\TD_II\workspace\lpc_myboard_1769\inc" -I"D:\UTN\Git\TD_II\TD_II\workspace\lpc_chip_175x_6x\inc" -I"D:\UTN\Git\TD_II\TD_II\workspace\CMSIS_DSPLIB_CM3\inc" -I"D:\UTN\Git\TD_II\TD_II\workspace\LibFreeRTOS_8.2.3\inc" -O0 -fno-common -g3 -Wall -c -fmessage-length=0 -fno-builtin -ffunction-sections -fdata-sections -mcpu=cortex-m3 -mthumb -specs=redlib.specs -MMD -MP -MF"src/Variables_globales.d" -MT"src/Variables_globales.o" -MT"src/Variables_globales.d" -o "src/Variables_globales.o" "../src/Variables_globales.c"
Finished building: ../src/Variables_globales.c
 
Building file: ../src/funciones.c
Invoking: MCU C Compiler
arm-none-eabi-gcc -DDEBUG -D__CODE_RED -DCORE_M3 -D__USE_LPCOPEN -D__USE_CMSIS_DSPLIB=CMSIS_DSPLIB_CM3 -D__LPC17XX__ -D__REDLIB__ -I"D:\UTN\Git\TD_II\TD_II\workspace\LibFreeRTOS_8.2.3\src\portable\GCC\ARM_CM3" -I"D:\UTN\Git\TD_II\TD_II\workspace\cr_dsplib_cm3\inc" -I"D:\UTN\Git\TD_II\TD_II\workspace\THD_Meter_RTOS\inc" -I"D:\UTN\Git\TD_II\TD_II\workspace\lpc_myboard_1769\inc" -I"D:\UTN\Git\TD_II\TD_II\workspace\lpc_chip_175x_6x\inc" -I"D:\UTN\Git\TD_II\TD_II\workspace\CMSIS_DSPLIB_CM3\inc" -I"D:\UTN\Git\TD_II\TD_II\workspace\LibFreeRTOS_8.2.3\inc" -O0 -fno-common -g3 -Wall -c -fmessage-length=0 -fno-builtin -ffunction-sections -fdata-sections -mcpu=cortex-m3 -mthumb -specs=redlib.specs -MMD -MP -MF"src/funciones.d" -MT"src/funciones.o" -MT"src/funciones.d" -o "src/funciones.o" "../src/funciones.c"
Finished building: ../src/funciones.c
 
Building target: THD_Meter_RTOS.axf
Invoking: MCU Linker
arm-none-eabi-gcc -nostdlib -L"D:\UTN\Git\TD_II\TD_II\workspace\lpc_myboard_1769\Debug" -L"D:\UTN\Git\TD_II\TD_II\workspace\lpc_chip_175x_6x\Debug" -L"D:\UTN\Git\TD_II\TD_II\workspace\CMSIS_DSPLIB_CM3\lib" -L"D:\UTN\Git\TD_II\TD_II\workspace\LibFreeRTOS_8.2.3\Debug" -L"D:\UTN\Git\TD_II\TD_II\workspace\cr_dsplib_cm3\Debug" -Xlinker -Map="THD_Meter_RTOS.map" -Xlinker --gc-sections -Xlinker -print-memory-usage -mcpu=cortex-m3 -mthumb -T "THD_Meter_RTOS_Debug.ld" -o "THD_Meter_RTOS.axf"  ./src/Inicializaciones.o ./src/Interrupciones.o ./src/THD_Meter.o ./src/Variables_globales.o ./src/cr_startup_lpc175x_6x.o ./src/crp.o ./src/funciones.o ./src/sysinit.o ./src/tareas.o   -llpc_myboard_1769 -llpc_chip_175x_6x -lCMSIS_DSPLIB_CM3 -lLibFreeRTOS_8.2.3 -lcr_dsplibFFT_cm3 -lcr_dsplib_cm3
Memory region         Used Size  Region Size  %age Used
       MFlash512:        6364 B       512 KB      1.21%
        RamLoc32:         208 B        32 KB      0.63%
        RamAHB32:          0 GB        32 KB      0.00%
Finished building target: THD_Meter_RTOS.axf
 
make --no-print-directory post-build
Performing post-build steps
arm-none-eabi-size "THD_Meter_RTOS.axf"; # arm-none-eabi-objcopy -v -O binary "THD_Meter_RTOS.axf" "THD_Meter_RTOS.bin" ; # checksum -p LPC1769 -d "THD_Meter_RTOS.bin";
   text	   data	    bss	    dec	    hex	filename
   6268	     96	    112	   6476	   194c	THD_Meter_RTOS.axf
 
01:09:39 **** Incremental Build of configuration Debug for project THD_Meter_RTOS ****
make -r all 
make: Nothing to be done for `all'.
01:13:12 **** Incremental Build of configuration Debug for project THD_Meter_RTOS ****
make -r all 
make: Nothing to be done for `all'.
01:18:07 **** Incremental Build of configuration Debug for project THD_Meter_RTOS ****
make -r all 
make: Nothing to be done for `all'.
01:22:09 **** Incremental Build of configuration Debug for project THD_Meter_RTOS ****
make -r all 
Building file: ../src/Inicializaciones.c
Invoking: MCU C Compiler
arm-none-eabi-gcc -DDEBUG -D__CODE_RED -DCORE_M3 -D__USE_LPCOPEN -D__USE_CMSIS_DSPLIB=CMSIS_DSPLIB_CM3 -D__LPC17XX__ -D__REDLIB__ -I"D:\UTN\Git\TD_II\TD_II\workspace\LibFreeRTOS_8.2.3\src\portable\GCC\ARM_CM3" -I"D:\UTN\Git\TD_II\TD_II\workspace\cr_dsplib_cm3\inc" -I"D:\UTN\Git\TD_II\TD_II\workspace\THD_Meter_RTOS\inc" -I"D:\UTN\Git\TD_II\TD_II\workspace\lpc_myboard_1769\inc" -I"D:\UTN\Git\TD_II\TD_II\workspace\lpc_chip_175x_6x\inc" -I"D:\UTN\Git\TD_II\TD_II\workspace\CMSIS_DSPLIB_CM3\inc" -I"D:\UTN\Git\TD_II\TD_II\workspace\LibFreeRTOS_8.2.3\inc" -O0 -fno-common -g3 -Wall -c -fmessage-length=0 -fno-builtin -ffunction-sections -fdata-sections -mcpu=cortex-m3 -mthumb -specs=redlib.specs -MMD -MP -MF"src/Inicializaciones.d" -MT"src/Inicializaciones.o" -MT"src/Inicializaciones.d" -o "src/Inicializaciones.o" "../src/Inicializaciones.c"
Finished building: ../src/Inicializaciones.c
 
Building target: THD_Meter_RTOS.axf
Invoking: MCU Linker
arm-none-eabi-gcc -nostdlib -L"D:\UTN\Git\TD_II\TD_II\workspace\lpc_myboard_1769\Debug" -L"D:\UTN\Git\TD_II\TD_II\workspace\lpc_chip_175x_6x\Debug" -L"D:\UTN\Git\TD_II\TD_II\workspace\CMSIS_DSPLIB_CM3\lib" -L"D:\UTN\Git\TD_II\TD_II\workspace\LibFreeRTOS_8.2.3\Debug" -L"D:\UTN\Git\TD_II\TD_II\workspace\cr_dsplib_cm3\Debug" -Xlinker -Map="THD_Meter_RTOS.map" -Xlinker --gc-sections -Xlinker -print-memory-usage -mcpu=cortex-m3 -mthumb -T "THD_Meter_RTOS_Debug.ld" -o "THD_Meter_RTOS.axf"  ./src/Inicializaciones.o ./src/Interrupciones.o ./src/THD_Meter.o ./src/Variables_globales.o ./src/cr_startup_lpc175x_6x.o ./src/crp.o ./src/funciones.o ./src/sysinit.o ./src/tareas.o   -llpc_myboard_1769 -llpc_chip_175x_6x -lCMSIS_DSPLIB_CM3 -lLibFreeRTOS_8.2.3 -lcr_dsplibFFT_cm3 -lcr_dsplib_cm3
Memory region         Used Size  Region Size  %age Used
       MFlash512:        6304 B       512 KB      1.20%
        RamLoc32:         208 B        32 KB      0.63%
        RamAHB32:          0 GB        32 KB      0.00%
Finished building target: THD_Meter_RTOS.axf
 
make --no-print-directory post-build
Performing post-build steps
arm-none-eabi-size "THD_Meter_RTOS.axf"; # arm-none-eabi-objcopy -v -O binary "THD_Meter_RTOS.axf" "THD_Meter_RTOS.bin" ; # checksum -p LPC1769 -d "THD_Meter_RTOS.bin";
   text	   data	    bss	    dec	    hex	filename
   6208	     96	    112	   6416	   1910	THD_Meter_RTOS.axf
 
01:22:25 **** Incremental Build of configuration Debug for project THD_Meter_RTOS ****
make -r all 
make: Nothing to be done for `all'.
01:27:36 **** Incremental Build of configuration Debug for project THD_Meter_RTOS ****
make -r all 
Building file: ../src/Inicializaciones.c
Invoking: MCU C Compiler
arm-none-eabi-gcc -DDEBUG -D__CODE_RED -DCORE_M3 -D__USE_LPCOPEN -D__USE_CMSIS_DSPLIB=CMSIS_DSPLIB_CM3 -D__LPC17XX__ -D__REDLIB__ -I"D:\UTN\Git\TD_II\TD_II\workspace\LibFreeRTOS_8.2.3\src\portable\GCC\ARM_CM3" -I"D:\UTN\Git\TD_II\TD_II\workspace\cr_dsplib_cm3\inc" -I"D:\UTN\Git\TD_II\TD_II\workspace\THD_Meter_RTOS\inc" -I"D:\UTN\Git\TD_II\TD_II\workspace\lpc_myboard_1769\inc" -I"D:\UTN\Git\TD_II\TD_II\workspace\lpc_chip_175x_6x\inc" -I"D:\UTN\Git\TD_II\TD_II\workspace\CMSIS_DSPLIB_CM3\inc" -I"D:\UTN\Git\TD_II\TD_II\workspace\LibFreeRTOS_8.2.3\inc" -O0 -fno-common -g3 -Wall -c -fmessage-length=0 -fno-builtin -ffunction-sections -fdata-sections -mcpu=cortex-m3 -mthumb -specs=redlib.specs -MMD -MP -MF"src/Inicializaciones.d" -MT"src/Inicializaciones.o" -MT"src/Inicializaciones.d" -o "src/Inicializaciones.o" "../src/Inicializaciones.c"
Finished building: ../src/Inicializaciones.c
 
Building file: ../src/Interrupciones.c
Invoking: MCU C Compiler
arm-none-eabi-gcc -DDEBUG -D__CODE_RED -DCORE_M3 -D__USE_LPCOPEN -D__USE_CMSIS_DSPLIB=CMSIS_DSPLIB_CM3 -D__LPC17XX__ -D__REDLIB__ -I"D:\UTN\Git\TD_II\TD_II\workspace\LibFreeRTOS_8.2.3\src\portable\GCC\ARM_CM3" -I"D:\UTN\Git\TD_II\TD_II\workspace\cr_dsplib_cm3\inc" -I"D:\UTN\Git\TD_II\TD_II\workspace\THD_Meter_RTOS\inc" -I"D:\UTN\Git\TD_II\TD_II\workspace\lpc_myboard_1769\inc" -I"D:\UTN\Git\TD_II\TD_II\workspace\lpc_chip_175x_6x\inc" -I"D:\UTN\Git\TD_II\TD_II\workspace\CMSIS_DSPLIB_CM3\inc" -I"D:\UTN\Git\TD_II\TD_II\workspace\LibFreeRTOS_8.2.3\inc" -O0 -fno-common -g3 -Wall -c -fmessage-length=0 -fno-builtin -ffunction-sections -fdata-sections -mcpu=cortex-m3 -mthumb -specs=redlib.specs -MMD -MP -MF"src/Interrupciones.d" -MT"src/Interrupciones.o" -MT"src/Interrupciones.d" -o "src/Interrupciones.o" "../src/Interrupciones.c"
Finished building: ../src/Interrupciones.c
 
Building file: ../src/THD_Meter.c
Invoking: MCU C Compiler
arm-none-eabi-gcc -DDEBUG -D__CODE_RED -DCORE_M3 -D__USE_LPCOPEN -D__USE_CMSIS_DSPLIB=CMSIS_DSPLIB_CM3 -D__LPC17XX__ -D__REDLIB__ -I"D:\UTN\Git\TD_II\TD_II\workspace\LibFreeRTOS_8.2.3\src\portable\GCC\ARM_CM3" -I"D:\UTN\Git\TD_II\TD_II\workspace\cr_dsplib_cm3\inc" -I"D:\UTN\Git\TD_II\TD_II\workspace\THD_Meter_RTOS\inc" -I"D:\UTN\Git\TD_II\TD_II\workspace\lpc_myboard_1769\inc" -I"D:\UTN\Git\TD_II\TD_II\workspace\lpc_chip_175x_6x\inc" -I"D:\UTN\Git\TD_II\TD_II\workspace\CMSIS_DSPLIB_CM3\inc" -I"D:\UTN\Git\TD_II\TD_II\workspace\LibFreeRTOS_8.2.3\inc" -O0 -fno-common -g3 -Wall -c -fmessage-length=0 -fno-builtin -ffunction-sections -fdata-sections -mcpu=cortex-m3 -mthumb -specs=redlib.specs -MMD -MP -MF"src/THD_Meter.d" -MT"src/THD_Meter.o" -MT"src/THD_Meter.d" -o "src/THD_Meter.o" "../src/THD_Meter.c"
Finished building: ../src/THD_Meter.c
 
Building file: ../src/Variables_globales.c
Invoking: MCU C Compiler
arm-none-eabi-gcc -DDEBUG -D__CODE_RED -DCORE_M3 -D__USE_LPCOPEN -D__USE_CMSIS_DSPLIB=CMSIS_DSPLIB_CM3 -D__LPC17XX__ -D__REDLIB__ -I"D:\UTN\Git\TD_II\TD_II\workspace\LibFreeRTOS_8.2.3\src\portable\GCC\ARM_CM3" -I"D:\UTN\Git\TD_II\TD_II\workspace\cr_dsplib_cm3\inc" -I"D:\UTN\Git\TD_II\TD_II\workspace\THD_Meter_RTOS\inc" -I"D:\UTN\Git\TD_II\TD_II\workspace\lpc_myboard_1769\inc" -I"D:\UTN\Git\TD_II\TD_II\workspace\lpc_chip_175x_6x\inc" -I"D:\UTN\Git\TD_II\TD_II\workspace\CMSIS_DSPLIB_CM3\inc" -I"D:\UTN\Git\TD_II\TD_II\workspace\LibFreeRTOS_8.2.3\inc" -O0 -fno-common -g3 -Wall -c -fmessage-length=0 -fno-builtin -ffunction-sections -fdata-sections -mcpu=cortex-m3 -mthumb -specs=redlib.specs -MMD -MP -MF"src/Variables_globales.d" -MT"src/Variables_globales.o" -MT"src/Variables_globales.d" -o "src/Variables_globales.o" "../src/Variables_globales.c"
Finished building: ../src/Variables_globales.c
 
Building file: ../src/funciones.c
Invoking: MCU C Compiler
arm-none-eabi-gcc -DDEBUG -D__CODE_RED -DCORE_M3 -D__USE_LPCOPEN -D__USE_CMSIS_DSPLIB=CMSIS_DSPLIB_CM3 -D__LPC17XX__ -D__REDLIB__ -I"D:\UTN\Git\TD_II\TD_II\workspace\LibFreeRTOS_8.2.3\src\portable\GCC\ARM_CM3" -I"D:\UTN\Git\TD_II\TD_II\workspace\cr_dsplib_cm3\inc" -I"D:\UTN\Git\TD_II\TD_II\workspace\THD_Meter_RTOS\inc" -I"D:\UTN\Git\TD_II\TD_II\workspace\lpc_myboard_1769\inc" -I"D:\UTN\Git\TD_II\TD_II\workspace\lpc_chip_175x_6x\inc" -I"D:\UTN\Git\TD_II\TD_II\workspace\CMSIS_DSPLIB_CM3\inc" -I"D:\UTN\Git\TD_II\TD_II\workspace\LibFreeRTOS_8.2.3\inc" -O0 -fno-common -g3 -Wall -c -fmessage-length=0 -fno-builtin -ffunction-sections -fdata-sections -mcpu=cortex-m3 -mthumb -specs=redlib.specs -MMD -MP -MF"src/funciones.d" -MT"src/funciones.o" -MT"src/funciones.d" -o "src/funciones.o" "../src/funciones.c"
Finished building: ../src/funciones.c
 
Building target: THD_Meter_RTOS.axf
Invoking: MCU Linker
arm-none-eabi-gcc -nostdlib -L"D:\UTN\Git\TD_II\TD_II\workspace\lpc_myboard_1769\Debug" -L"D:\UTN\Git\TD_II\TD_II\workspace\lpc_chip_175x_6x\Debug" -L"D:\UTN\Git\TD_II\TD_II\workspace\CMSIS_DSPLIB_CM3\lib" -L"D:\UTN\Git\TD_II\TD_II\workspace\LibFreeRTOS_8.2.3\Debug" -L"D:\UTN\Git\TD_II\TD_II\workspace\cr_dsplib_cm3\Debug" -Xlinker -Map="THD_Meter_RTOS.map" -Xlinker --gc-sections -Xlinker -print-memory-usage -mcpu=cortex-m3 -mthumb -T "THD_Meter_RTOS_Debug.ld" -o "THD_Meter_RTOS.axf"  ./src/Inicializaciones.o ./src/Interrupciones.o ./src/THD_Meter.o ./src/Variables_globales.o ./src/cr_startup_lpc175x_6x.o ./src/crp.o ./src/funciones.o ./src/sysinit.o ./src/tareas.o   -llpc_myboard_1769 -llpc_chip_175x_6x -lCMSIS_DSPLIB_CM3 -lLibFreeRTOS_8.2.3 -lcr_dsplibFFT_cm3 -lcr_dsplib_cm3
Memory region         Used Size  Region Size  %age Used
       MFlash512:        6296 B       512 KB      1.20%
        RamLoc32:         272 B        32 KB      0.83%
        RamAHB32:          0 GB        32 KB      0.00%
Finished building target: THD_Meter_RTOS.axf
 
make --no-print-directory post-build
Performing post-build steps
arm-none-eabi-size "THD_Meter_RTOS.axf"; # arm-none-eabi-objcopy -v -O binary "THD_Meter_RTOS.axf" "THD_Meter_RTOS.bin" ; # checksum -p LPC1769 -d "THD_Meter_RTOS.bin";
   text	   data	    bss	    dec	    hex	filename
   6200	     96	    176	   6472	   1948	THD_Meter_RTOS.axf
 
01:31:27 **** Incremental Build of configuration Debug for project THD_Meter_RTOS ****
make -r all 
Building file: ../src/Inicializaciones.c
Invoking: MCU C Compiler
arm-none-eabi-gcc -DDEBUG -D__CODE_RED -DCORE_M3 -D__USE_LPCOPEN -D__USE_CMSIS_DSPLIB=CMSIS_DSPLIB_CM3 -D__LPC17XX__ -D__REDLIB__ -I"D:\UTN\Git\TD_II\TD_II\workspace\LibFreeRTOS_8.2.3\src\portable\GCC\ARM_CM3" -I"D:\UTN\Git\TD_II\TD_II\workspace\cr_dsplib_cm3\inc" -I"D:\UTN\Git\TD_II\TD_II\workspace\THD_Meter_RTOS\inc" -I"D:\UTN\Git\TD_II\TD_II\workspace\lpc_myboard_1769\inc" -I"D:\UTN\Git\TD_II\TD_II\workspace\lpc_chip_175x_6x\inc" -I"D:\UTN\Git\TD_II\TD_II\workspace\CMSIS_DSPLIB_CM3\inc" -I"D:\UTN\Git\TD_II\TD_II\workspace\LibFreeRTOS_8.2.3\inc" -O0 -fno-common -g3 -Wall -c -fmessage-length=0 -fno-builtin -ffunction-sections -fdata-sections -mcpu=cortex-m3 -mthumb -specs=redlib.specs -MMD -MP -MF"src/Inicializaciones.d" -MT"src/Inicializaciones.o" -MT"src/Inicializaciones.d" -o "src/Inicializaciones.o" "../src/Inicializaciones.c"
Finished building: ../src/Inicializaciones.c
 
Building file: ../src/Interrupciones.c
Invoking: MCU C Compiler
arm-none-eabi-gcc -DDEBUG -D__CODE_RED -DCORE_M3 -D__USE_LPCOPEN -D__USE_CMSIS_DSPLIB=CMSIS_DSPLIB_CM3 -D__LPC17XX__ -D__REDLIB__ -I"D:\UTN\Git\TD_II\TD_II\workspace\LibFreeRTOS_8.2.3\src\portable\GCC\ARM_CM3" -I"D:\UTN\Git\TD_II\TD_II\workspace\cr_dsplib_cm3\inc" -I"D:\UTN\Git\TD_II\TD_II\workspace\THD_Meter_RTOS\inc" -I"D:\UTN\Git\TD_II\TD_II\workspace\lpc_myboard_1769\inc" -I"D:\UTN\Git\TD_II\TD_II\workspace\lpc_chip_175x_6x\inc" -I"D:\UTN\Git\TD_II\TD_II\workspace\CMSIS_DSPLIB_CM3\inc" -I"D:\UTN\Git\TD_II\TD_II\workspace\LibFreeRTOS_8.2.3\inc" -O0 -fno-common -g3 -Wall -c -fmessage-length=0 -fno-builtin -ffunction-sections -fdata-sections -mcpu=cortex-m3 -mthumb -specs=redlib.specs -MMD -MP -MF"src/Interrupciones.d" -MT"src/Interrupciones.o" -MT"src/Interrupciones.d" -o "src/Interrupciones.o" "../src/Interrupciones.c"
Finished building: ../src/Interrupciones.c
 
Building file: ../src/THD_Meter.c
Invoking: MCU C Compiler
arm-none-eabi-gcc -DDEBUG -D__CODE_RED -DCORE_M3 -D__USE_LPCOPEN -D__USE_CMSIS_DSPLIB=CMSIS_DSPLIB_CM3 -D__LPC17XX__ -D__REDLIB__ -I"D:\UTN\Git\TD_II\TD_II\workspace\LibFreeRTOS_8.2.3\src\portable\GCC\ARM_CM3" -I"D:\UTN\Git\TD_II\TD_II\workspace\cr_dsplib_cm3\inc" -I"D:\UTN\Git\TD_II\TD_II\workspace\THD_Meter_RTOS\inc" -I"D:\UTN\Git\TD_II\TD_II\workspace\lpc_myboard_1769\inc" -I"D:\UTN\Git\TD_II\TD_II\workspace\lpc_chip_175x_6x\inc" -I"D:\UTN\Git\TD_II\TD_II\workspace\CMSIS_DSPLIB_CM3\inc" -I"D:\UTN\Git\TD_II\TD_II\workspace\LibFreeRTOS_8.2.3\inc" -O0 -fno-common -g3 -Wall -c -fmessage-length=0 -fno-builtin -ffunction-sections -fdata-sections -mcpu=cortex-m3 -mthumb -specs=redlib.specs -MMD -MP -MF"src/THD_Meter.d" -MT"src/THD_Meter.o" -MT"src/THD_Meter.d" -o "src/THD_Meter.o" "../src/THD_Meter.c"
Finished building: ../src/THD_Meter.c
 
Building file: ../src/Variables_globales.c
Invoking: MCU C Compiler
arm-none-eabi-gcc -DDEBUG -D__CODE_RED -DCORE_M3 -D__USE_LPCOPEN -D__USE_CMSIS_DSPLIB=CMSIS_DSPLIB_CM3 -D__LPC17XX__ -D__REDLIB__ -I"D:\UTN\Git\TD_II\TD_II\workspace\LibFreeRTOS_8.2.3\src\portable\GCC\ARM_CM3" -I"D:\UTN\Git\TD_II\TD_II\workspace\cr_dsplib_cm3\inc" -I"D:\UTN\Git\TD_II\TD_II\workspace\THD_Meter_RTOS\inc" -I"D:\UTN\Git\TD_II\TD_II\workspace\lpc_myboard_1769\inc" -I"D:\UTN\Git\TD_II\TD_II\workspace\lpc_chip_175x_6x\inc" -I"D:\UTN\Git\TD_II\TD_II\workspace\CMSIS_DSPLIB_CM3\inc" -I"D:\UTN\Git\TD_II\TD_II\workspace\LibFreeRTOS_8.2.3\inc" -O0 -fno-common -g3 -Wall -c -fmessage-length=0 -fno-builtin -ffunction-sections -fdata-sections -mcpu=cortex-m3 -mthumb -specs=redlib.specs -MMD -MP -MF"src/Variables_globales.d" -MT"src/Variables_globales.o" -MT"src/Variables_globales.d" -o "src/Variables_globales.o" "../src/Variables_globales.c"
Finished building: ../src/Variables_globales.c
 
Building file: ../src/funciones.c
Invoking: MCU C Compiler
arm-none-eabi-gcc -DDEBUG -D__CODE_RED -DCORE_M3 -D__USE_LPCOPEN -D__USE_CMSIS_DSPLIB=CMSIS_DSPLIB_CM3 -D__LPC17XX__ -D__REDLIB__ -I"D:\UTN\Git\TD_II\TD_II\workspace\LibFreeRTOS_8.2.3\src\portable\GCC\ARM_CM3" -I"D:\UTN\Git\TD_II\TD_II\workspace\cr_dsplib_cm3\inc" -I"D:\UTN\Git\TD_II\TD_II\workspace\THD_Meter_RTOS\inc" -I"D:\UTN\Git\TD_II\TD_II\workspace\lpc_myboard_1769\inc" -I"D:\UTN\Git\TD_II\TD_II\workspace\lpc_chip_175x_6x\inc" -I"D:\UTN\Git\TD_II\TD_II\workspace\CMSIS_DSPLIB_CM3\inc" -I"D:\UTN\Git\TD_II\TD_II\workspace\LibFreeRTOS_8.2.3\inc" -O0 -fno-common -g3 -Wall -c -fmessage-length=0 -fno-builtin -ffunction-sections -fdata-sections -mcpu=cortex-m3 -mthumb -specs=redlib.specs -MMD -MP -MF"src/funciones.d" -MT"src/funciones.o" -MT"src/funciones.d" -o "src/funciones.o" "../src/funciones.c"
Finished building: ../src/funciones.c
 
Building target: THD_Meter_RTOS.axf
Invoking: MCU Linker
arm-none-eabi-gcc -nostdlib -L"D:\UTN\Git\TD_II\TD_II\workspace\lpc_myboard_1769\Debug" -L"D:\UTN\Git\TD_II\TD_II\workspace\lpc_chip_175x_6x\Debug" -L"D:\UTN\Git\TD_II\TD_II\workspace\CMSIS_DSPLIB_CM3\lib" -L"D:\UTN\Git\TD_II\TD_II\workspace\LibFreeRTOS_8.2.3\Debug" -L"D:\UTN\Git\TD_II\TD_II\workspace\cr_dsplib_cm3\Debug" -Xlinker -Map="THD_Meter_RTOS.map" -Xlinker --gc-sections -Xlinker -print-memory-usage -mcpu=cortex-m3 -mthumb -T "THD_Meter_RTOS_Debug.ld" -o "THD_Meter_RTOS.axf"  ./src/Inicializaciones.o ./src/Interrupciones.o ./src/THD_Meter.o ./src/Variables_globales.o ./src/cr_startup_lpc175x_6x.o ./src/crp.o ./src/funciones.o ./src/sysinit.o ./src/tareas.o   -llpc_myboard_1769 -llpc_chip_175x_6x -lCMSIS_DSPLIB_CM3 -lLibFreeRTOS_8.2.3 -lcr_dsplibFFT_cm3 -lcr_dsplib_cm3
Memory region         Used Size  Region Size  %age Used
       MFlash512:        6296 B       512 KB      1.20%
        RamLoc32:         152 B        32 KB      0.46%
        RamAHB32:          0 GB        32 KB      0.00%
Finished building target: THD_Meter_RTOS.axf
 
make --no-print-directory post-build
Performing post-build steps
arm-none-eabi-size "THD_Meter_RTOS.axf"; # arm-none-eabi-objcopy -v -O binary "THD_Meter_RTOS.axf" "THD_Meter_RTOS.bin" ; # checksum -p LPC1769 -d "THD_Meter_RTOS.bin";
   text	   data	    bss	    dec	    hex	filename
   6200	     96	     56	   6352	   18d0	THD_Meter_RTOS.axf
 
01:33:08 **** Incremental Build of configuration Debug for project THD_Meter_RTOS ****
make -r all 
Building file: ../src/Interrupciones.c
Invoking: MCU C Compiler
arm-none-eabi-gcc -DDEBUG -D__CODE_RED -DCORE_M3 -D__USE_LPCOPEN -D__USE_CMSIS_DSPLIB=CMSIS_DSPLIB_CM3 -D__LPC17XX__ -D__REDLIB__ -I"D:\UTN\Git\TD_II\TD_II\workspace\LibFreeRTOS_8.2.3\src\portable\GCC\ARM_CM3" -I"D:\UTN\Git\TD_II\TD_II\workspace\cr_dsplib_cm3\inc" -I"D:\UTN\Git\TD_II\TD_II\workspace\THD_Meter_RTOS\inc" -I"D:\UTN\Git\TD_II\TD_II\workspace\lpc_myboard_1769\inc" -I"D:\UTN\Git\TD_II\TD_II\workspace\lpc_chip_175x_6x\inc" -I"D:\UTN\Git\TD_II\TD_II\workspace\CMSIS_DSPLIB_CM3\inc" -I"D:\UTN\Git\TD_II\TD_II\workspace\LibFreeRTOS_8.2.3\inc" -O0 -fno-common -g3 -Wall -c -fmessage-length=0 -fno-builtin -ffunction-sections -fdata-sections -mcpu=cortex-m3 -mthumb -specs=redlib.specs -MMD -MP -MF"src/Interrupciones.d" -MT"src/Interrupciones.o" -MT"src/Interrupciones.d" -o "src/Interrupciones.o" "../src/Interrupciones.c"
Finished building: ../src/Interrupciones.c
 
Building target: THD_Meter_RTOS.axf
Invoking: MCU Linker
arm-none-eabi-gcc -nostdlib -L"D:\UTN\Git\TD_II\TD_II\workspace\lpc_myboard_1769\Debug" -L"D:\UTN\Git\TD_II\TD_II\workspace\lpc_chip_175x_6x\Debug" -L"D:\UTN\Git\TD_II\TD_II\workspace\CMSIS_DSPLIB_CM3\lib" -L"D:\UTN\Git\TD_II\TD_II\workspace\LibFreeRTOS_8.2.3\Debug" -L"D:\UTN\Git\TD_II\TD_II\workspace\cr_dsplib_cm3\Debug" -Xlinker -Map="THD_Meter_RTOS.map" -Xlinker --gc-sections -Xlinker -print-memory-usage -mcpu=cortex-m3 -mthumb -T "THD_Meter_RTOS_Debug.ld" -o "THD_Meter_RTOS.axf"  ./src/Inicializaciones.o ./src/Interrupciones.o ./src/THD_Meter.o ./src/Variables_globales.o ./src/cr_startup_lpc175x_6x.o ./src/crp.o ./src/funciones.o ./src/sysinit.o ./src/tareas.o   -llpc_myboard_1769 -llpc_chip_175x_6x -lCMSIS_DSPLIB_CM3 -lLibFreeRTOS_8.2.3 -lcr_dsplibFFT_cm3 -lcr_dsplib_cm3
Memory region         Used Size  Region Size  %age Used
       MFlash512:        6260 B       512 KB      1.19%
        RamLoc32:         152 B        32 KB      0.46%
        RamAHB32:          0 GB        32 KB      0.00%
Finished building target: THD_Meter_RTOS.axf
 
make --no-print-directory post-build
Performing post-build steps
arm-none-eabi-size "THD_Meter_RTOS.axf"; # arm-none-eabi-objcopy -v -O binary "THD_Meter_RTOS.axf" "THD_Meter_RTOS.bin" ; # checksum -p LPC1769 -d "THD_Meter_RTOS.bin";
   text	   data	    bss	    dec	    hex	filename
   6164	     96	     56	   6316	   18ac	THD_Meter_RTOS.axf
 
01:35:37 **** Incremental Build of configuration Debug for project THD_Meter_RTOS ****
make -r all 
Building file: ../src/Interrupciones.c
Invoking: MCU C Compiler
arm-none-eabi-gcc -DDEBUG -D__CODE_RED -DCORE_M3 -D__USE_LPCOPEN -D__USE_CMSIS_DSPLIB=CMSIS_DSPLIB_CM3 -D__LPC17XX__ -D__REDLIB__ -I"D:\UTN\Git\TD_II\TD_II\workspace\LibFreeRTOS_8.2.3\src\portable\GCC\ARM_CM3" -I"D:\UTN\Git\TD_II\TD_II\workspace\cr_dsplib_cm3\inc" -I"D:\UTN\Git\TD_II\TD_II\workspace\THD_Meter_RTOS\inc" -I"D:\UTN\Git\TD_II\TD_II\workspace\lpc_myboard_1769\inc" -I"D:\UTN\Git\TD_II\TD_II\workspace\lpc_chip_175x_6x\inc" -I"D:\UTN\Git\TD_II\TD_II\workspace\CMSIS_DSPLIB_CM3\inc" -I"D:\UTN\Git\TD_II\TD_II\workspace\LibFreeRTOS_8.2.3\inc" -O0 -fno-common -g3 -Wall -c -fmessage-length=0 -fno-builtin -ffunction-sections -fdata-sections -mcpu=cortex-m3 -mthumb -specs=redlib.specs -MMD -MP -MF"src/Interrupciones.d" -MT"src/Interrupciones.o" -MT"src/Interrupciones.d" -o "src/Interrupciones.o" "../src/Interrupciones.c"
Finished building: ../src/Interrupciones.c
 
Building target: THD_Meter_RTOS.axf
Invoking: MCU Linker
arm-none-eabi-gcc -nostdlib -L"D:\UTN\Git\TD_II\TD_II\workspace\lpc_myboard_1769\Debug" -L"D:\UTN\Git\TD_II\TD_II\workspace\lpc_chip_175x_6x\Debug" -L"D:\UTN\Git\TD_II\TD_II\workspace\CMSIS_DSPLIB_CM3\lib" -L"D:\UTN\Git\TD_II\TD_II\workspace\LibFreeRTOS_8.2.3\Debug" -L"D:\UTN\Git\TD_II\TD_II\workspace\cr_dsplib_cm3\Debug" -Xlinker -Map="THD_Meter_RTOS.map" -Xlinker --gc-sections -Xlinker -print-memory-usage -mcpu=cortex-m3 -mthumb -T "THD_Meter_RTOS_Debug.ld" -o "THD_Meter_RTOS.axf"  ./src/Inicializaciones.o ./src/Interrupciones.o ./src/THD_Meter.o ./src/Variables_globales.o ./src/cr_startup_lpc175x_6x.o ./src/crp.o ./src/funciones.o ./src/sysinit.o ./src/tareas.o   -llpc_myboard_1769 -llpc_chip_175x_6x -lCMSIS_DSPLIB_CM3 -lLibFreeRTOS_8.2.3 -lcr_dsplibFFT_cm3 -lcr_dsplib_cm3
Memory region         Used Size  Region Size  %age Used
       MFlash512:        6276 B       512 KB      1.20%
        RamLoc32:         152 B        32 KB      0.46%
        RamAHB32:          0 GB        32 KB      0.00%
Finished building target: THD_Meter_RTOS.axf
 
make --no-print-directory post-build
Performing post-build steps
arm-none-eabi-size "THD_Meter_RTOS.axf"; # arm-none-eabi-objcopy -v -O binary "THD_Meter_RTOS.axf" "THD_Meter_RTOS.bin" ; # checksum -p LPC1769 -d "THD_Meter_RTOS.bin";
   text	   data	    bss	    dec	    hex	filename
   6180	     96	     56	   6332	   18bc	THD_Meter_RTOS.axf
 
01:39:57 **** Incremental Build of configuration Debug for project THD_Meter_RTOS ****
make -r all 
Building file: ../src/Interrupciones.c
Invoking: MCU C Compiler
arm-none-eabi-gcc -DDEBUG -D__CODE_RED -DCORE_M3 -D__USE_LPCOPEN -D__USE_CMSIS_DSPLIB=CMSIS_DSPLIB_CM3 -D__LPC17XX__ -D__REDLIB__ -I"D:\UTN\Git\TD_II\TD_II\workspace\LibFreeRTOS_8.2.3\src\portable\GCC\ARM_CM3" -I"D:\UTN\Git\TD_II\TD_II\workspace\cr_dsplib_cm3\inc" -I"D:\UTN\Git\TD_II\TD_II\workspace\THD_Meter_RTOS\inc" -I"D:\UTN\Git\TD_II\TD_II\workspace\lpc_myboard_1769\inc" -I"D:\UTN\Git\TD_II\TD_II\workspace\lpc_chip_175x_6x\inc" -I"D:\UTN\Git\TD_II\TD_II\workspace\CMSIS_DSPLIB_CM3\inc" -I"D:\UTN\Git\TD_II\TD_II\workspace\LibFreeRTOS_8.2.3\inc" -O0 -fno-common -g3 -Wall -c -fmessage-length=0 -fno-builtin -ffunction-sections -fdata-sections -mcpu=cortex-m3 -mthumb -specs=redlib.specs -MMD -MP -MF"src/Interrupciones.d" -MT"src/Interrupciones.o" -MT"src/Interrupciones.d" -o "src/Interrupciones.o" "../src/Interrupciones.c"
Finished building: ../src/Interrupciones.c
 
Building target: THD_Meter_RTOS.axf
Invoking: MCU Linker
arm-none-eabi-gcc -nostdlib -L"D:\UTN\Git\TD_II\TD_II\workspace\lpc_myboard_1769\Debug" -L"D:\UTN\Git\TD_II\TD_II\workspace\lpc_chip_175x_6x\Debug" -L"D:\UTN\Git\TD_II\TD_II\workspace\CMSIS_DSPLIB_CM3\lib" -L"D:\UTN\Git\TD_II\TD_II\workspace\LibFreeRTOS_8.2.3\Debug" -L"D:\UTN\Git\TD_II\TD_II\workspace\cr_dsplib_cm3\Debug" -Xlinker -Map="THD_Meter_RTOS.map" -Xlinker --gc-sections -Xlinker -print-memory-usage -mcpu=cortex-m3 -mthumb -T "THD_Meter_RTOS_Debug.ld" -o "THD_Meter_RTOS.axf"  ./src/Inicializaciones.o ./src/Interrupciones.o ./src/THD_Meter.o ./src/Variables_globales.o ./src/cr_startup_lpc175x_6x.o ./src/crp.o ./src/funciones.o ./src/sysinit.o ./src/tareas.o   -llpc_myboard_1769 -llpc_chip_175x_6x -lCMSIS_DSPLIB_CM3 -lLibFreeRTOS_8.2.3 -lcr_dsplibFFT_cm3 -lcr_dsplib_cm3
Memory region         Used Size  Region Size  %age Used
       MFlash512:        6296 B       512 KB      1.20%
        RamLoc32:         152 B        32 KB      0.46%
        RamAHB32:          0 GB        32 KB      0.00%
Finished building target: THD_Meter_RTOS.axf
 
make --no-print-directory post-build
Performing post-build steps
arm-none-eabi-size "THD_Meter_RTOS.axf"; # arm-none-eabi-objcopy -v -O binary "THD_Meter_RTOS.axf" "THD_Meter_RTOS.bin" ; # checksum -p LPC1769 -d "THD_Meter_RTOS.bin";
   text	   data	    bss	    dec	    hex	filename
   6200	     96	     56	   6352	   18d0	THD_Meter_RTOS.axf
 
01:40:21 **** Incremental Build of configuration Debug for project THD_Meter_RTOS ****
make -r all 
make: Nothing to be done for `all'.
01:41:07 **** Incremental Build of configuration Debug for project THD_Meter_RTOS ****
make -r all 
Building file: ../src/Interrupciones.c
Invoking: MCU C Compiler
arm-none-eabi-gcc -DDEBUG -D__CODE_RED -DCORE_M3 -D__USE_LPCOPEN -D__USE_CMSIS_DSPLIB=CMSIS_DSPLIB_CM3 -D__LPC17XX__ -D__REDLIB__ -I"D:\UTN\Git\TD_II\TD_II\workspace\LibFreeRTOS_8.2.3\src\portable\GCC\ARM_CM3" -I"D:\UTN\Git\TD_II\TD_II\workspace\cr_dsplib_cm3\inc" -I"D:\UTN\Git\TD_II\TD_II\workspace\THD_Meter_RTOS\inc" -I"D:\UTN\Git\TD_II\TD_II\workspace\lpc_myboard_1769\inc" -I"D:\UTN\Git\TD_II\TD_II\workspace\lpc_chip_175x_6x\inc" -I"D:\UTN\Git\TD_II\TD_II\workspace\CMSIS_DSPLIB_CM3\inc" -I"D:\UTN\Git\TD_II\TD_II\workspace\LibFreeRTOS_8.2.3\inc" -O0 -fno-common -g3 -Wall -c -fmessage-length=0 -fno-builtin -ffunction-sections -fdata-sections -mcpu=cortex-m3 -mthumb -specs=redlib.specs -MMD -MP -MF"src/Interrupciones.d" -MT"src/Interrupciones.o" -MT"src/Interrupciones.d" -o "src/Interrupciones.o" "../src/Interrupciones.c"
Finished building: ../src/Interrupciones.c
 
Building target: THD_Meter_RTOS.axf
Invoking: MCU Linker
arm-none-eabi-gcc -nostdlib -L"D:\UTN\Git\TD_II\TD_II\workspace\lpc_myboard_1769\Debug" -L"D:\UTN\Git\TD_II\TD_II\workspace\lpc_chip_175x_6x\Debug" -L"D:\UTN\Git\TD_II\TD_II\workspace\CMSIS_DSPLIB_CM3\lib" -L"D:\UTN\Git\TD_II\TD_II\workspace\LibFreeRTOS_8.2.3\Debug" -L"D:\UTN\Git\TD_II\TD_II\workspace\cr_dsplib_cm3\Debug" -Xlinker -Map="THD_Meter_RTOS.map" -Xlinker --gc-sections -Xlinker -print-memory-usage -mcpu=cortex-m3 -mthumb -T "THD_Meter_RTOS_Debug.ld" -o "THD_Meter_RTOS.axf"  ./src/Inicializaciones.o ./src/Interrupciones.o ./src/THD_Meter.o ./src/Variables_globales.o ./src/cr_startup_lpc175x_6x.o ./src/crp.o ./src/funciones.o ./src/sysinit.o ./src/tareas.o   -llpc_myboard_1769 -llpc_chip_175x_6x -lCMSIS_DSPLIB_CM3 -lLibFreeRTOS_8.2.3 -lcr_dsplibFFT_cm3 -lcr_dsplib_cm3
Memory region         Used Size  Region Size  %age Used
       MFlash512:        6292 B       512 KB      1.20%
        RamLoc32:         152 B        32 KB      0.46%
        RamAHB32:          0 GB        32 KB      0.00%
Finished building target: THD_Meter_RTOS.axf
 
make --no-print-directory post-build
Performing post-build steps
arm-none-eabi-size "THD_Meter_RTOS.axf"; # arm-none-eabi-objcopy -v -O binary "THD_Meter_RTOS.axf" "THD_Meter_RTOS.bin" ; # checksum -p LPC1769 -d "THD_Meter_RTOS.bin";
   text	   data	    bss	    dec	    hex	filename
   6196	     96	     56	   6348	   18cc	THD_Meter_RTOS.axf
 
01:42:27 **** Incremental Build of configuration Debug for project THD_Meter_RTOS ****
make -r all 
Building file: ../src/Interrupciones.c
Invoking: MCU C Compiler
arm-none-eabi-gcc -DDEBUG -D__CODE_RED -DCORE_M3 -D__USE_LPCOPEN -D__USE_CMSIS_DSPLIB=CMSIS_DSPLIB_CM3 -D__LPC17XX__ -D__REDLIB__ -I"D:\UTN\Git\TD_II\TD_II\workspace\LibFreeRTOS_8.2.3\src\portable\GCC\ARM_CM3" -I"D:\UTN\Git\TD_II\TD_II\workspace\cr_dsplib_cm3\inc" -I"D:\UTN\Git\TD_II\TD_II\workspace\THD_Meter_RTOS\inc" -I"D:\UTN\Git\TD_II\TD_II\workspace\lpc_myboard_1769\inc" -I"D:\UTN\Git\TD_II\TD_II\workspace\lpc_chip_175x_6x\inc" -I"D:\UTN\Git\TD_II\TD_II\workspace\CMSIS_DSPLIB_CM3\inc" -I"D:\UTN\Git\TD_II\TD_II\workspace\LibFreeRTOS_8.2.3\inc" -O0 -fno-common -g3 -Wall -c -fmessage-length=0 -fno-builtin -ffunction-sections -fdata-sections -mcpu=cortex-m3 -mthumb -specs=redlib.specs -MMD -MP -MF"src/Interrupciones.d" -MT"src/Interrupciones.o" -MT"src/Interrupciones.d" -o "src/Interrupciones.o" "../src/Interrupciones.c"
Finished building: ../src/Interrupciones.c
 
Building target: THD_Meter_RTOS.axf
Invoking: MCU Linker
arm-none-eabi-gcc -nostdlib -L"D:\UTN\Git\TD_II\TD_II\workspace\lpc_myboard_1769\Debug" -L"D:\UTN\Git\TD_II\TD_II\workspace\lpc_chip_175x_6x\Debug" -L"D:\UTN\Git\TD_II\TD_II\workspace\CMSIS_DSPLIB_CM3\lib" -L"D:\UTN\Git\TD_II\TD_II\workspace\LibFreeRTOS_8.2.3\Debug" -L"D:\UTN\Git\TD_II\TD_II\workspace\cr_dsplib_cm3\Debug" -Xlinker -Map="THD_Meter_RTOS.map" -Xlinker --gc-sections -Xlinker -print-memory-usage -mcpu=cortex-m3 -mthumb -T "THD_Meter_RTOS_Debug.ld" -o "THD_Meter_RTOS.axf"  ./src/Inicializaciones.o ./src/Interrupciones.o ./src/THD_Meter.o ./src/Variables_globales.o ./src/cr_startup_lpc175x_6x.o ./src/crp.o ./src/funciones.o ./src/sysinit.o ./src/tareas.o   -llpc_myboard_1769 -llpc_chip_175x_6x -lCMSIS_DSPLIB_CM3 -lLibFreeRTOS_8.2.3 -lcr_dsplibFFT_cm3 -lcr_dsplib_cm3
Memory region         Used Size  Region Size  %age Used
       MFlash512:        6296 B       512 KB      1.20%
        RamLoc32:         152 B        32 KB      0.46%
        RamAHB32:          0 GB        32 KB      0.00%
Finished building target: THD_Meter_RTOS.axf
 
make --no-print-directory post-build
Performing post-build steps
arm-none-eabi-size "THD_Meter_RTOS.axf"; # arm-none-eabi-objcopy -v -O binary "THD_Meter_RTOS.axf" "THD_Meter_RTOS.bin" ; # checksum -p LPC1769 -d "THD_Meter_RTOS.bin";
   text	   data	    bss	    dec	    hex	filename
   6200	     96	     56	   6352	   18d0	THD_Meter_RTOS.axf
 
01:44:43 **** Incremental Build of configuration Debug for project THD_Meter_RTOS ****
make -r all 
Building file: ../src/Inicializaciones.c
Invoking: MCU C Compiler
arm-none-eabi-gcc -DDEBUG -D__CODE_RED -DCORE_M3 -D__USE_LPCOPEN -D__USE_CMSIS_DSPLIB=CMSIS_DSPLIB_CM3 -D__LPC17XX__ -D__REDLIB__ -I"D:\UTN\Git\TD_II\TD_II\workspace\LibFreeRTOS_8.2.3\src\portable\GCC\ARM_CM3" -I"D:\UTN\Git\TD_II\TD_II\workspace\cr_dsplib_cm3\inc" -I"D:\UTN\Git\TD_II\TD_II\workspace\THD_Meter_RTOS\inc" -I"D:\UTN\Git\TD_II\TD_II\workspace\lpc_myboard_1769\inc" -I"D:\UTN\Git\TD_II\TD_II\workspace\lpc_chip_175x_6x\inc" -I"D:\UTN\Git\TD_II\TD_II\workspace\CMSIS_DSPLIB_CM3\inc" -I"D:\UTN\Git\TD_II\TD_II\workspace\LibFreeRTOS_8.2.3\inc" -O0 -fno-common -g3 -Wall -c -fmessage-length=0 -fno-builtin -ffunction-sections -fdata-sections -mcpu=cortex-m3 -mthumb -specs=redlib.specs -MMD -MP -MF"src/Inicializaciones.d" -MT"src/Inicializaciones.o" -MT"src/Inicializaciones.d" -o "src/Inicializaciones.o" "../src/Inicializaciones.c"
Finished building: ../src/Inicializaciones.c
 
Building file: ../src/Interrupciones.c
Invoking: MCU C Compiler
arm-none-eabi-gcc -DDEBUG -D__CODE_RED -DCORE_M3 -D__USE_LPCOPEN -D__USE_CMSIS_DSPLIB=CMSIS_DSPLIB_CM3 -D__LPC17XX__ -D__REDLIB__ -I"D:\UTN\Git\TD_II\TD_II\workspace\LibFreeRTOS_8.2.3\src\portable\GCC\ARM_CM3" -I"D:\UTN\Git\TD_II\TD_II\workspace\cr_dsplib_cm3\inc" -I"D:\UTN\Git\TD_II\TD_II\workspace\THD_Meter_RTOS\inc" -I"D:\UTN\Git\TD_II\TD_II\workspace\lpc_myboard_1769\inc" -I"D:\UTN\Git\TD_II\TD_II\workspace\lpc_chip_175x_6x\inc" -I"D:\UTN\Git\TD_II\TD_II\workspace\CMSIS_DSPLIB_CM3\inc" -I"D:\UTN\Git\TD_II\TD_II\workspace\LibFreeRTOS_8.2.3\inc" -O0 -fno-common -g3 -Wall -c -fmessage-length=0 -fno-builtin -ffunction-sections -fdata-sections -mcpu=cortex-m3 -mthumb -specs=redlib.specs -MMD -MP -MF"src/Interrupciones.d" -MT"src/Interrupciones.o" -MT"src/Interrupciones.d" -o "src/Interrupciones.o" "../src/Interrupciones.c"
Finished building: ../src/Interrupciones.c
 
Building file: ../src/THD_Meter.c
Invoking: MCU C Compiler
arm-none-eabi-gcc -DDEBUG -D__CODE_RED -DCORE_M3 -D__USE_LPCOPEN -D__USE_CMSIS_DSPLIB=CMSIS_DSPLIB_CM3 -D__LPC17XX__ -D__REDLIB__ -I"D:\UTN\Git\TD_II\TD_II\workspace\LibFreeRTOS_8.2.3\src\portable\GCC\ARM_CM3" -I"D:\UTN\Git\TD_II\TD_II\workspace\cr_dsplib_cm3\inc" -I"D:\UTN\Git\TD_II\TD_II\workspace\THD_Meter_RTOS\inc" -I"D:\UTN\Git\TD_II\TD_II\workspace\lpc_myboard_1769\inc" -I"D:\UTN\Git\TD_II\TD_II\workspace\lpc_chip_175x_6x\inc" -I"D:\UTN\Git\TD_II\TD_II\workspace\CMSIS_DSPLIB_CM3\inc" -I"D:\UTN\Git\TD_II\TD_II\workspace\LibFreeRTOS_8.2.3\inc" -O0 -fno-common -g3 -Wall -c -fmessage-length=0 -fno-builtin -ffunction-sections -fdata-sections -mcpu=cortex-m3 -mthumb -specs=redlib.specs -MMD -MP -MF"src/THD_Meter.d" -MT"src/THD_Meter.o" -MT"src/THD_Meter.d" -o "src/THD_Meter.o" "../src/THD_Meter.c"
Finished building: ../src/THD_Meter.c
 
Building file: ../src/Variables_globales.c
Invoking: MCU C Compiler
arm-none-eabi-gcc -DDEBUG -D__CODE_RED -DCORE_M3 -D__USE_LPCOPEN -D__USE_CMSIS_DSPLIB=CMSIS_DSPLIB_CM3 -D__LPC17XX__ -D__REDLIB__ -I"D:\UTN\Git\TD_II\TD_II\workspace\LibFreeRTOS_8.2.3\src\portable\GCC\ARM_CM3" -I"D:\UTN\Git\TD_II\TD_II\workspace\cr_dsplib_cm3\inc" -I"D:\UTN\Git\TD_II\TD_II\workspace\THD_Meter_RTOS\inc" -I"D:\UTN\Git\TD_II\TD_II\workspace\lpc_myboard_1769\inc" -I"D:\UTN\Git\TD_II\TD_II\workspace\lpc_chip_175x_6x\inc" -I"D:\UTN\Git\TD_II\TD_II\workspace\CMSIS_DSPLIB_CM3\inc" -I"D:\UTN\Git\TD_II\TD_II\workspace\LibFreeRTOS_8.2.3\inc" -O0 -fno-common -g3 -Wall -c -fmessage-length=0 -fno-builtin -ffunction-sections -fdata-sections -mcpu=cortex-m3 -mthumb -specs=redlib.specs -MMD -MP -MF"src/Variables_globales.d" -MT"src/Variables_globales.o" -MT"src/Variables_globales.d" -o "src/Variables_globales.o" "../src/Variables_globales.c"
Finished building: ../src/Variables_globales.c
 
Building file: ../src/funciones.c
Invoking: MCU C Compiler
arm-none-eabi-gcc -DDEBUG -D__CODE_RED -DCORE_M3 -D__USE_LPCOPEN -D__USE_CMSIS_DSPLIB=CMSIS_DSPLIB_CM3 -D__LPC17XX__ -D__REDLIB__ -I"D:\UTN\Git\TD_II\TD_II\workspace\LibFreeRTOS_8.2.3\src\portable\GCC\ARM_CM3" -I"D:\UTN\Git\TD_II\TD_II\workspace\cr_dsplib_cm3\inc" -I"D:\UTN\Git\TD_II\TD_II\workspace\THD_Meter_RTOS\inc" -I"D:\UTN\Git\TD_II\TD_II\workspace\lpc_myboard_1769\inc" -I"D:\UTN\Git\TD_II\TD_II\workspace\lpc_chip_175x_6x\inc" -I"D:\UTN\Git\TD_II\TD_II\workspace\CMSIS_DSPLIB_CM3\inc" -I"D:\UTN\Git\TD_II\TD_II\workspace\LibFreeRTOS_8.2.3\inc" -O0 -fno-common -g3 -Wall -c -fmessage-length=0 -fno-builtin -ffunction-sections -fdata-sections -mcpu=cortex-m3 -mthumb -specs=redlib.specs -MMD -MP -MF"src/funciones.d" -MT"src/funciones.o" -MT"src/funciones.d" -o "src/funciones.o" "../src/funciones.c"
Finished building: ../src/funciones.c
 
Building target: THD_Meter_RTOS.axf
Invoking: MCU Linker
arm-none-eabi-gcc -nostdlib -L"D:\UTN\Git\TD_II\TD_II\workspace\lpc_myboard_1769\Debug" -L"D:\UTN\Git\TD_II\TD_II\workspace\lpc_chip_175x_6x\Debug" -L"D:\UTN\Git\TD_II\TD_II\workspace\CMSIS_DSPLIB_CM3\lib" -L"D:\UTN\Git\TD_II\TD_II\workspace\LibFreeRTOS_8.2.3\Debug" -L"D:\UTN\Git\TD_II\TD_II\workspace\cr_dsplib_cm3\Debug" -Xlinker -Map="THD_Meter_RTOS.map" -Xlinker --gc-sections -Xlinker -print-memory-usage -mcpu=cortex-m3 -mthumb -T "THD_Meter_RTOS_Debug.ld" -o "THD_Meter_RTOS.axf"  ./src/Inicializaciones.o ./src/Interrupciones.o ./src/THD_Meter.o ./src/Variables_globales.o ./src/cr_startup_lpc175x_6x.o ./src/crp.o ./src/funciones.o ./src/sysinit.o ./src/tareas.o   -llpc_myboard_1769 -llpc_chip_175x_6x -lCMSIS_DSPLIB_CM3 -lLibFreeRTOS_8.2.3 -lcr_dsplibFFT_cm3 -lcr_dsplib_cm3
Memory region         Used Size  Region Size  %age Used
       MFlash512:        6296 B       512 KB      1.20%
        RamLoc32:         152 B        32 KB      0.46%
        RamAHB32:          0 GB        32 KB      0.00%
Finished building target: THD_Meter_RTOS.axf
 
make --no-print-directory post-build
Performing post-build steps
arm-none-eabi-size "THD_Meter_RTOS.axf"; # arm-none-eabi-objcopy -v -O binary "THD_Meter_RTOS.axf" "THD_Meter_RTOS.bin" ; # checksum -p LPC1769 -d "THD_Meter_RTOS.bin";
   text	   data	    bss	    dec	    hex	filename
   6200	     96	     56	   6352	   18d0	THD_Meter_RTOS.axf
 
01:45:10 **** Incremental Build of configuration Debug for project THD_Meter_RTOS ****
make -r all 
Building file: ../src/Interrupciones.c
Invoking: MCU C Compiler
arm-none-eabi-gcc -DDEBUG -D__CODE_RED -DCORE_M3 -D__USE_LPCOPEN -D__USE_CMSIS_DSPLIB=CMSIS_DSPLIB_CM3 -D__LPC17XX__ -D__REDLIB__ -I"D:\UTN\Git\TD_II\TD_II\workspace\LibFreeRTOS_8.2.3\src\portable\GCC\ARM_CM3" -I"D:\UTN\Git\TD_II\TD_II\workspace\cr_dsplib_cm3\inc" -I"D:\UTN\Git\TD_II\TD_II\workspace\THD_Meter_RTOS\inc" -I"D:\UTN\Git\TD_II\TD_II\workspace\lpc_myboard_1769\inc" -I"D:\UTN\Git\TD_II\TD_II\workspace\lpc_chip_175x_6x\inc" -I"D:\UTN\Git\TD_II\TD_II\workspace\CMSIS_DSPLIB_CM3\inc" -I"D:\UTN\Git\TD_II\TD_II\workspace\LibFreeRTOS_8.2.3\inc" -O0 -fno-common -g3 -Wall -c -fmessage-length=0 -fno-builtin -ffunction-sections -fdata-sections -mcpu=cortex-m3 -mthumb -specs=redlib.specs -MMD -MP -MF"src/Interrupciones.d" -MT"src/Interrupciones.o" -MT"src/Interrupciones.d" -o "src/Interrupciones.o" "../src/Interrupciones.c"
Finished building: ../src/Interrupciones.c
 
Building target: THD_Meter_RTOS.axf
Invoking: MCU Linker
arm-none-eabi-gcc -nostdlib -L"D:\UTN\Git\TD_II\TD_II\workspace\lpc_myboard_1769\Debug" -L"D:\UTN\Git\TD_II\TD_II\workspace\lpc_chip_175x_6x\Debug" -L"D:\UTN\Git\TD_II\TD_II\workspace\CMSIS_DSPLIB_CM3\lib" -L"D:\UTN\Git\TD_II\TD_II\workspace\LibFreeRTOS_8.2.3\Debug" -L"D:\UTN\Git\TD_II\TD_II\workspace\cr_dsplib_cm3\Debug" -Xlinker -Map="THD_Meter_RTOS.map" -Xlinker --gc-sections -Xlinker -print-memory-usage -mcpu=cortex-m3 -mthumb -T "THD_Meter_RTOS_Debug.ld" -o "THD_Meter_RTOS.axf"  ./src/Inicializaciones.o ./src/Interrupciones.o ./src/THD_Meter.o ./src/Variables_globales.o ./src/cr_startup_lpc175x_6x.o ./src/crp.o ./src/funciones.o ./src/sysinit.o ./src/tareas.o   -llpc_myboard_1769 -llpc_chip_175x_6x -lCMSIS_DSPLIB_CM3 -lLibFreeRTOS_8.2.3 -lcr_dsplibFFT_cm3 -lcr_dsplib_cm3
Memory region         Used Size  Region Size  %age Used
       MFlash512:        6304 B       512 KB      1.20%
        RamLoc32:         152 B        32 KB      0.46%
        RamAHB32:          0 GB        32 KB      0.00%
Finished building target: THD_Meter_RTOS.axf
 
make --no-print-directory post-build
Performing post-build steps
arm-none-eabi-size "THD_Meter_RTOS.axf"; # arm-none-eabi-objcopy -v -O binary "THD_Meter_RTOS.axf" "THD_Meter_RTOS.bin" ; # checksum -p LPC1769 -d "THD_Meter_RTOS.bin";
   text	   data	    bss	    dec	    hex	filename
   6208	     96	     56	   6360	   18d8	THD_Meter_RTOS.axf
 
01:46:27 **** Incremental Build of configuration Debug for project THD_Meter_RTOS ****
make -r all 
Building file: ../src/Inicializaciones.c
Invoking: MCU C Compiler
arm-none-eabi-gcc -DDEBUG -D__CODE_RED -DCORE_M3 -D__USE_LPCOPEN -D__USE_CMSIS_DSPLIB=CMSIS_DSPLIB_CM3 -D__LPC17XX__ -D__REDLIB__ -I"D:\UTN\Git\TD_II\TD_II\workspace\LibFreeRTOS_8.2.3\src\portable\GCC\ARM_CM3" -I"D:\UTN\Git\TD_II\TD_II\workspace\cr_dsplib_cm3\inc" -I"D:\UTN\Git\TD_II\TD_II\workspace\THD_Meter_RTOS\inc" -I"D:\UTN\Git\TD_II\TD_II\workspace\lpc_myboard_1769\inc" -I"D:\UTN\Git\TD_II\TD_II\workspace\lpc_chip_175x_6x\inc" -I"D:\UTN\Git\TD_II\TD_II\workspace\CMSIS_DSPLIB_CM3\inc" -I"D:\UTN\Git\TD_II\TD_II\workspace\LibFreeRTOS_8.2.3\inc" -O0 -fno-common -g3 -Wall -c -fmessage-length=0 -fno-builtin -ffunction-sections -fdata-sections -mcpu=cortex-m3 -mthumb -specs=redlib.specs -MMD -MP -MF"src/Inicializaciones.d" -MT"src/Inicializaciones.o" -MT"src/Inicializaciones.d" -o "src/Inicializaciones.o" "../src/Inicializaciones.c"
Finished building: ../src/Inicializaciones.c
 
Building file: ../src/Interrupciones.c
Invoking: MCU C Compiler
arm-none-eabi-gcc -DDEBUG -D__CODE_RED -DCORE_M3 -D__USE_LPCOPEN -D__USE_CMSIS_DSPLIB=CMSIS_DSPLIB_CM3 -D__LPC17XX__ -D__REDLIB__ -I"D:\UTN\Git\TD_II\TD_II\workspace\LibFreeRTOS_8.2.3\src\portable\GCC\ARM_CM3" -I"D:\UTN\Git\TD_II\TD_II\workspace\cr_dsplib_cm3\inc" -I"D:\UTN\Git\TD_II\TD_II\workspace\THD_Meter_RTOS\inc" -I"D:\UTN\Git\TD_II\TD_II\workspace\lpc_myboard_1769\inc" -I"D:\UTN\Git\TD_II\TD_II\workspace\lpc_chip_175x_6x\inc" -I"D:\UTN\Git\TD_II\TD_II\workspace\CMSIS_DSPLIB_CM3\inc" -I"D:\UTN\Git\TD_II\TD_II\workspace\LibFreeRTOS_8.2.3\inc" -O0 -fno-common -g3 -Wall -c -fmessage-length=0 -fno-builtin -ffunction-sections -fdata-sections -mcpu=cortex-m3 -mthumb -specs=redlib.specs -MMD -MP -MF"src/Interrupciones.d" -MT"src/Interrupciones.o" -MT"src/Interrupciones.d" -o "src/Interrupciones.o" "../src/Interrupciones.c"
Finished building: ../src/Interrupciones.c
 
Building file: ../src/THD_Meter.c
Invoking: MCU C Compiler
arm-none-eabi-gcc -DDEBUG -D__CODE_RED -DCORE_M3 -D__USE_LPCOPEN -D__USE_CMSIS_DSPLIB=CMSIS_DSPLIB_CM3 -D__LPC17XX__ -D__REDLIB__ -I"D:\UTN\Git\TD_II\TD_II\workspace\LibFreeRTOS_8.2.3\src\portable\GCC\ARM_CM3" -I"D:\UTN\Git\TD_II\TD_II\workspace\cr_dsplib_cm3\inc" -I"D:\UTN\Git\TD_II\TD_II\workspace\THD_Meter_RTOS\inc" -I"D:\UTN\Git\TD_II\TD_II\workspace\lpc_myboard_1769\inc" -I"D:\UTN\Git\TD_II\TD_II\workspace\lpc_chip_175x_6x\inc" -I"D:\UTN\Git\TD_II\TD_II\workspace\CMSIS_DSPLIB_CM3\inc" -I"D:\UTN\Git\TD_II\TD_II\workspace\LibFreeRTOS_8.2.3\inc" -O0 -fno-common -g3 -Wall -c -fmessage-length=0 -fno-builtin -ffunction-sections -fdata-sections -mcpu=cortex-m3 -mthumb -specs=redlib.specs -MMD -MP -MF"src/THD_Meter.d" -MT"src/THD_Meter.o" -MT"src/THD_Meter.d" -o "src/THD_Meter.o" "../src/THD_Meter.c"
Finished building: ../src/THD_Meter.c
 
Building file: ../src/Variables_globales.c
Invoking: MCU C Compiler
arm-none-eabi-gcc -DDEBUG -D__CODE_RED -DCORE_M3 -D__USE_LPCOPEN -D__USE_CMSIS_DSPLIB=CMSIS_DSPLIB_CM3 -D__LPC17XX__ -D__REDLIB__ -I"D:\UTN\Git\TD_II\TD_II\workspace\LibFreeRTOS_8.2.3\src\portable\GCC\ARM_CM3" -I"D:\UTN\Git\TD_II\TD_II\workspace\cr_dsplib_cm3\inc" -I"D:\UTN\Git\TD_II\TD_II\workspace\THD_Meter_RTOS\inc" -I"D:\UTN\Git\TD_II\TD_II\workspace\lpc_myboard_1769\inc" -I"D:\UTN\Git\TD_II\TD_II\workspace\lpc_chip_175x_6x\inc" -I"D:\UTN\Git\TD_II\TD_II\workspace\CMSIS_DSPLIB_CM3\inc" -I"D:\UTN\Git\TD_II\TD_II\workspace\LibFreeRTOS_8.2.3\inc" -O0 -fno-common -g3 -Wall -c -fmessage-length=0 -fno-builtin -ffunction-sections -fdata-sections -mcpu=cortex-m3 -mthumb -specs=redlib.specs -MMD -MP -MF"src/Variables_globales.d" -MT"src/Variables_globales.o" -MT"src/Variables_globales.d" -o "src/Variables_globales.o" "../src/Variables_globales.c"
Finished building: ../src/Variables_globales.c
 
Building file: ../src/funciones.c
Invoking: MCU C Compiler
arm-none-eabi-gcc -DDEBUG -D__CODE_RED -DCORE_M3 -D__USE_LPCOPEN -D__USE_CMSIS_DSPLIB=CMSIS_DSPLIB_CM3 -D__LPC17XX__ -D__REDLIB__ -I"D:\UTN\Git\TD_II\TD_II\workspace\LibFreeRTOS_8.2.3\src\portable\GCC\ARM_CM3" -I"D:\UTN\Git\TD_II\TD_II\workspace\cr_dsplib_cm3\inc" -I"D:\UTN\Git\TD_II\TD_II\workspace\THD_Meter_RTOS\inc" -I"D:\UTN\Git\TD_II\TD_II\workspace\lpc_myboard_1769\inc" -I"D:\UTN\Git\TD_II\TD_II\workspace\lpc_chip_175x_6x\inc" -I"D:\UTN\Git\TD_II\TD_II\workspace\CMSIS_DSPLIB_CM3\inc" -I"D:\UTN\Git\TD_II\TD_II\workspace\LibFreeRTOS_8.2.3\inc" -O0 -fno-common -g3 -Wall -c -fmessage-length=0 -fno-builtin -ffunction-sections -fdata-sections -mcpu=cortex-m3 -mthumb -specs=redlib.specs -MMD -MP -MF"src/funciones.d" -MT"src/funciones.o" -MT"src/funciones.d" -o "src/funciones.o" "../src/funciones.c"
Finished building: ../src/funciones.c
 
Building target: THD_Meter_RTOS.axf
Invoking: MCU Linker
arm-none-eabi-gcc -nostdlib -L"D:\UTN\Git\TD_II\TD_II\workspace\lpc_myboard_1769\Debug" -L"D:\UTN\Git\TD_II\TD_II\workspace\lpc_chip_175x_6x\Debug" -L"D:\UTN\Git\TD_II\TD_II\workspace\CMSIS_DSPLIB_CM3\lib" -L"D:\UTN\Git\TD_II\TD_II\workspace\LibFreeRTOS_8.2.3\Debug" -L"D:\UTN\Git\TD_II\TD_II\workspace\cr_dsplib_cm3\Debug" -Xlinker -Map="THD_Meter_RTOS.map" -Xlinker --gc-sections -Xlinker -print-memory-usage -mcpu=cortex-m3 -mthumb -T "THD_Meter_RTOS_Debug.ld" -o "THD_Meter_RTOS.axf"  ./src/Inicializaciones.o ./src/Interrupciones.o ./src/THD_Meter.o ./src/Variables_globales.o ./src/cr_startup_lpc175x_6x.o ./src/crp.o ./src/funciones.o ./src/sysinit.o ./src/tareas.o   -llpc_myboard_1769 -llpc_chip_175x_6x -lCMSIS_DSPLIB_CM3 -lLibFreeRTOS_8.2.3 -lcr_dsplibFFT_cm3 -lcr_dsplib_cm3
Memory region         Used Size  Region Size  %age Used
       MFlash512:        6304 B       512 KB      1.20%
        RamLoc32:         208 B        32 KB      0.63%
        RamAHB32:          0 GB        32 KB      0.00%
Finished building target: THD_Meter_RTOS.axf
 
make --no-print-directory post-build
Performing post-build steps
arm-none-eabi-size "THD_Meter_RTOS.axf"; # arm-none-eabi-objcopy -v -O binary "THD_Meter_RTOS.axf" "THD_Meter_RTOS.bin" ; # checksum -p LPC1769 -d "THD_Meter_RTOS.bin";
   text	   data	    bss	    dec	    hex	filename
   6208	     96	    112	   6416	   1910	THD_Meter_RTOS.axf
 
01:47:43 **** Incremental Build of configuration Debug for project THD_Meter_RTOS ****
make -r all 
Building file: ../src/Inicializaciones.c
Invoking: MCU C Compiler
arm-none-eabi-gcc -DDEBUG -D__CODE_RED -DCORE_M3 -D__USE_LPCOPEN -D__USE_CMSIS_DSPLIB=CMSIS_DSPLIB_CM3 -D__LPC17XX__ -D__REDLIB__ -I"D:\UTN\Git\TD_II\TD_II\workspace\LibFreeRTOS_8.2.3\src\portable\GCC\ARM_CM3" -I"D:\UTN\Git\TD_II\TD_II\workspace\cr_dsplib_cm3\inc" -I"D:\UTN\Git\TD_II\TD_II\workspace\THD_Meter_RTOS\inc" -I"D:\UTN\Git\TD_II\TD_II\workspace\lpc_myboard_1769\inc" -I"D:\UTN\Git\TD_II\TD_II\workspace\lpc_chip_175x_6x\inc" -I"D:\UTN\Git\TD_II\TD_II\workspace\CMSIS_DSPLIB_CM3\inc" -I"D:\UTN\Git\TD_II\TD_II\workspace\LibFreeRTOS_8.2.3\inc" -O0 -fno-common -g3 -Wall -c -fmessage-length=0 -fno-builtin -ffunction-sections -fdata-sections -mcpu=cortex-m3 -mthumb -specs=redlib.specs -MMD -MP -MF"src/Inicializaciones.d" -MT"src/Inicializaciones.o" -MT"src/Inicializaciones.d" -o "src/Inicializaciones.o" "../src/Inicializaciones.c"
Finished building: ../src/Inicializaciones.c
 
Building file: ../src/Interrupciones.c
Invoking: MCU C Compiler
arm-none-eabi-gcc -DDEBUG -D__CODE_RED -DCORE_M3 -D__USE_LPCOPEN -D__USE_CMSIS_DSPLIB=CMSIS_DSPLIB_CM3 -D__LPC17XX__ -D__REDLIB__ -I"D:\UTN\Git\TD_II\TD_II\workspace\LibFreeRTOS_8.2.3\src\portable\GCC\ARM_CM3" -I"D:\UTN\Git\TD_II\TD_II\workspace\cr_dsplib_cm3\inc" -I"D:\UTN\Git\TD_II\TD_II\workspace\THD_Meter_RTOS\inc" -I"D:\UTN\Git\TD_II\TD_II\workspace\lpc_myboard_1769\inc" -I"D:\UTN\Git\TD_II\TD_II\workspace\lpc_chip_175x_6x\inc" -I"D:\UTN\Git\TD_II\TD_II\workspace\CMSIS_DSPLIB_CM3\inc" -I"D:\UTN\Git\TD_II\TD_II\workspace\LibFreeRTOS_8.2.3\inc" -O0 -fno-common -g3 -Wall -c -fmessage-length=0 -fno-builtin -ffunction-sections -fdata-sections -mcpu=cortex-m3 -mthumb -specs=redlib.specs -MMD -MP -MF"src/Interrupciones.d" -MT"src/Interrupciones.o" -MT"src/Interrupciones.d" -o "src/Interrupciones.o" "../src/Interrupciones.c"
Finished building: ../src/Interrupciones.c
 
Building file: ../src/THD_Meter.c
Invoking: MCU C Compiler
arm-none-eabi-gcc -DDEBUG -D__CODE_RED -DCORE_M3 -D__USE_LPCOPEN -D__USE_CMSIS_DSPLIB=CMSIS_DSPLIB_CM3 -D__LPC17XX__ -D__REDLIB__ -I"D:\UTN\Git\TD_II\TD_II\workspace\LibFreeRTOS_8.2.3\src\portable\GCC\ARM_CM3" -I"D:\UTN\Git\TD_II\TD_II\workspace\cr_dsplib_cm3\inc" -I"D:\UTN\Git\TD_II\TD_II\workspace\THD_Meter_RTOS\inc" -I"D:\UTN\Git\TD_II\TD_II\workspace\lpc_myboard_1769\inc" -I"D:\UTN\Git\TD_II\TD_II\workspace\lpc_chip_175x_6x\inc" -I"D:\UTN\Git\TD_II\TD_II\workspace\CMSIS_DSPLIB_CM3\inc" -I"D:\UTN\Git\TD_II\TD_II\workspace\LibFreeRTOS_8.2.3\inc" -O0 -fno-common -g3 -Wall -c -fmessage-length=0 -fno-builtin -ffunction-sections -fdata-sections -mcpu=cortex-m3 -mthumb -specs=redlib.specs -MMD -MP -MF"src/THD_Meter.d" -MT"src/THD_Meter.o" -MT"src/THD_Meter.d" -o "src/THD_Meter.o" "../src/THD_Meter.c"
Finished building: ../src/THD_Meter.c
 
Building file: ../src/Variables_globales.c
Invoking: MCU C Compiler
arm-none-eabi-gcc -DDEBUG -D__CODE_RED -DCORE_M3 -D__USE_LPCOPEN -D__USE_CMSIS_DSPLIB=CMSIS_DSPLIB_CM3 -D__LPC17XX__ -D__REDLIB__ -I"D:\UTN\Git\TD_II\TD_II\workspace\LibFreeRTOS_8.2.3\src\portable\GCC\ARM_CM3" -I"D:\UTN\Git\TD_II\TD_II\workspace\cr_dsplib_cm3\inc" -I"D:\UTN\Git\TD_II\TD_II\workspace\THD_Meter_RTOS\inc" -I"D:\UTN\Git\TD_II\TD_II\workspace\lpc_myboard_1769\inc" -I"D:\UTN\Git\TD_II\TD_II\workspace\lpc_chip_175x_6x\inc" -I"D:\UTN\Git\TD_II\TD_II\workspace\CMSIS_DSPLIB_CM3\inc" -I"D:\UTN\Git\TD_II\TD_II\workspace\LibFreeRTOS_8.2.3\inc" -O0 -fno-common -g3 -Wall -c -fmessage-length=0 -fno-builtin -ffunction-sections -fdata-sections -mcpu=cortex-m3 -mthumb -specs=redlib.specs -MMD -MP -MF"src/Variables_globales.d" -MT"src/Variables_globales.o" -MT"src/Variables_globales.d" -o "src/Variables_globales.o" "../src/Variables_globales.c"
Finished building: ../src/Variables_globales.c
 
Building file: ../src/funciones.c
Invoking: MCU C Compiler
arm-none-eabi-gcc -DDEBUG -D__CODE_RED -DCORE_M3 -D__USE_LPCOPEN -D__USE_CMSIS_DSPLIB=CMSIS_DSPLIB_CM3 -D__LPC17XX__ -D__REDLIB__ -I"D:\UTN\Git\TD_II\TD_II\workspace\LibFreeRTOS_8.2.3\src\portable\GCC\ARM_CM3" -I"D:\UTN\Git\TD_II\TD_II\workspace\cr_dsplib_cm3\inc" -I"D:\UTN\Git\TD_II\TD_II\workspace\THD_Meter_RTOS\inc" -I"D:\UTN\Git\TD_II\TD_II\workspace\lpc_myboard_1769\inc" -I"D:\UTN\Git\TD_II\TD_II\workspace\lpc_chip_175x_6x\inc" -I"D:\UTN\Git\TD_II\TD_II\workspace\CMSIS_DSPLIB_CM3\inc" -I"D:\UTN\Git\TD_II\TD_II\workspace\LibFreeRTOS_8.2.3\inc" -O0 -fno-common -g3 -Wall -c -fmessage-length=0 -fno-builtin -ffunction-sections -fdata-sections -mcpu=cortex-m3 -mthumb -specs=redlib.specs -MMD -MP -MF"src/funciones.d" -MT"src/funciones.o" -MT"src/funciones.d" -o "src/funciones.o" "../src/funciones.c"
Finished building: ../src/funciones.c
 
Building target: THD_Meter_RTOS.axf
Invoking: MCU Linker
arm-none-eabi-gcc -nostdlib -L"D:\UTN\Git\TD_II\TD_II\workspace\lpc_myboard_1769\Debug" -L"D:\UTN\Git\TD_II\TD_II\workspace\lpc_chip_175x_6x\Debug" -L"D:\UTN\Git\TD_II\TD_II\workspace\CMSIS_DSPLIB_CM3\lib" -L"D:\UTN\Git\TD_II\TD_II\workspace\LibFreeRTOS_8.2.3\Debug" -L"D:\UTN\Git\TD_II\TD_II\workspace\cr_dsplib_cm3\Debug" -Xlinker -Map="THD_Meter_RTOS.map" -Xlinker --gc-sections -Xlinker -print-memory-usage -mcpu=cortex-m3 -mthumb -T "THD_Meter_RTOS_Debug.ld" -o "THD_Meter_RTOS.axf"  ./src/Inicializaciones.o ./src/Interrupciones.o ./src/THD_Meter.o ./src/Variables_globales.o ./src/cr_startup_lpc175x_6x.o ./src/crp.o ./src/funciones.o ./src/sysinit.o ./src/tareas.o   -llpc_myboard_1769 -llpc_chip_175x_6x -lCMSIS_DSPLIB_CM3 -lLibFreeRTOS_8.2.3 -lcr_dsplibFFT_cm3 -lcr_dsplib_cm3
Memory region         Used Size  Region Size  %age Used
       MFlash512:        6296 B       512 KB      1.20%
        RamLoc32:         272 B        32 KB      0.83%
        RamAHB32:          0 GB        32 KB      0.00%
Finished building target: THD_Meter_RTOS.axf
 
make --no-print-directory post-build
Performing post-build steps
arm-none-eabi-size "THD_Meter_RTOS.axf"; # arm-none-eabi-objcopy -v -O binary "THD_Meter_RTOS.axf" "THD_Meter_RTOS.bin" ; # checksum -p LPC1769 -d "THD_Meter_RTOS.bin";
   text	   data	    bss	    dec	    hex	filename
   6200	     96	    176	   6472	   1948	THD_Meter_RTOS.axf
 
01:55:12 **** Incremental Build of configuration Debug for project THD_Meter_RTOS ****
make -r all 
Building file: ../src/Inicializaciones.c
Invoking: MCU C Compiler
arm-none-eabi-gcc -DDEBUG -D__CODE_RED -DCORE_M3 -D__USE_LPCOPEN -D__USE_CMSIS_DSPLIB=CMSIS_DSPLIB_CM3 -D__LPC17XX__ -D__REDLIB__ -I"D:\UTN\Git\TD_II\TD_II\workspace\LibFreeRTOS_8.2.3\src\portable\GCC\ARM_CM3" -I"D:\UTN\Git\TD_II\TD_II\workspace\cr_dsplib_cm3\inc" -I"D:\UTN\Git\TD_II\TD_II\workspace\THD_Meter_RTOS\inc" -I"D:\UTN\Git\TD_II\TD_II\workspace\lpc_myboard_1769\inc" -I"D:\UTN\Git\TD_II\TD_II\workspace\lpc_chip_175x_6x\inc" -I"D:\UTN\Git\TD_II\TD_II\workspace\CMSIS_DSPLIB_CM3\inc" -I"D:\UTN\Git\TD_II\TD_II\workspace\LibFreeRTOS_8.2.3\inc" -O0 -fno-common -g3 -Wall -c -fmessage-length=0 -fno-builtin -ffunction-sections -fdata-sections -mcpu=cortex-m3 -mthumb -specs=redlib.specs -MMD -MP -MF"src/Inicializaciones.d" -MT"src/Inicializaciones.o" -MT"src/Inicializaciones.d" -o "src/Inicializaciones.o" "../src/Inicializaciones.c"
Finished building: ../src/Inicializaciones.c
 
Building file: ../src/Interrupciones.c
Invoking: MCU C Compiler
arm-none-eabi-gcc -DDEBUG -D__CODE_RED -DCORE_M3 -D__USE_LPCOPEN -D__USE_CMSIS_DSPLIB=CMSIS_DSPLIB_CM3 -D__LPC17XX__ -D__REDLIB__ -I"D:\UTN\Git\TD_II\TD_II\workspace\LibFreeRTOS_8.2.3\src\portable\GCC\ARM_CM3" -I"D:\UTN\Git\TD_II\TD_II\workspace\cr_dsplib_cm3\inc" -I"D:\UTN\Git\TD_II\TD_II\workspace\THD_Meter_RTOS\inc" -I"D:\UTN\Git\TD_II\TD_II\workspace\lpc_myboard_1769\inc" -I"D:\UTN\Git\TD_II\TD_II\workspace\lpc_chip_175x_6x\inc" -I"D:\UTN\Git\TD_II\TD_II\workspace\CMSIS_DSPLIB_CM3\inc" -I"D:\UTN\Git\TD_II\TD_II\workspace\LibFreeRTOS_8.2.3\inc" -O0 -fno-common -g3 -Wall -c -fmessage-length=0 -fno-builtin -ffunction-sections -fdata-sections -mcpu=cortex-m3 -mthumb -specs=redlib.specs -MMD -MP -MF"src/Interrupciones.d" -MT"src/Interrupciones.o" -MT"src/Interrupciones.d" -o "src/Interrupciones.o" "../src/Interrupciones.c"
Finished building: ../src/Interrupciones.c
 
Building file: ../src/THD_Meter.c
Invoking: MCU C Compiler
arm-none-eabi-gcc -DDEBUG -D__CODE_RED -DCORE_M3 -D__USE_LPCOPEN -D__USE_CMSIS_DSPLIB=CMSIS_DSPLIB_CM3 -D__LPC17XX__ -D__REDLIB__ -I"D:\UTN\Git\TD_II\TD_II\workspace\LibFreeRTOS_8.2.3\src\portable\GCC\ARM_CM3" -I"D:\UTN\Git\TD_II\TD_II\workspace\cr_dsplib_cm3\inc" -I"D:\UTN\Git\TD_II\TD_II\workspace\THD_Meter_RTOS\inc" -I"D:\UTN\Git\TD_II\TD_II\workspace\lpc_myboard_1769\inc" -I"D:\UTN\Git\TD_II\TD_II\workspace\lpc_chip_175x_6x\inc" -I"D:\UTN\Git\TD_II\TD_II\workspace\CMSIS_DSPLIB_CM3\inc" -I"D:\UTN\Git\TD_II\TD_II\workspace\LibFreeRTOS_8.2.3\inc" -O0 -fno-common -g3 -Wall -c -fmessage-length=0 -fno-builtin -ffunction-sections -fdata-sections -mcpu=cortex-m3 -mthumb -specs=redlib.specs -MMD -MP -MF"src/THD_Meter.d" -MT"src/THD_Meter.o" -MT"src/THD_Meter.d" -o "src/THD_Meter.o" "../src/THD_Meter.c"
Finished building: ../src/THD_Meter.c
 
Building file: ../src/Variables_globales.c
Invoking: MCU C Compiler
arm-none-eabi-gcc -DDEBUG -D__CODE_RED -DCORE_M3 -D__USE_LPCOPEN -D__USE_CMSIS_DSPLIB=CMSIS_DSPLIB_CM3 -D__LPC17XX__ -D__REDLIB__ -I"D:\UTN\Git\TD_II\TD_II\workspace\LibFreeRTOS_8.2.3\src\portable\GCC\ARM_CM3" -I"D:\UTN\Git\TD_II\TD_II\workspace\cr_dsplib_cm3\inc" -I"D:\UTN\Git\TD_II\TD_II\workspace\THD_Meter_RTOS\inc" -I"D:\UTN\Git\TD_II\TD_II\workspace\lpc_myboard_1769\inc" -I"D:\UTN\Git\TD_II\TD_II\workspace\lpc_chip_175x_6x\inc" -I"D:\UTN\Git\TD_II\TD_II\workspace\CMSIS_DSPLIB_CM3\inc" -I"D:\UTN\Git\TD_II\TD_II\workspace\LibFreeRTOS_8.2.3\inc" -O0 -fno-common -g3 -Wall -c -fmessage-length=0 -fno-builtin -ffunction-sections -fdata-sections -mcpu=cortex-m3 -mthumb -specs=redlib.specs -MMD -MP -MF"src/Variables_globales.d" -MT"src/Variables_globales.o" -MT"src/Variables_globales.d" -o "src/Variables_globales.o" "../src/Variables_globales.c"
Finished building: ../src/Variables_globales.c
 
Building file: ../src/funciones.c
Invoking: MCU C Compiler
arm-none-eabi-gcc -DDEBUG -D__CODE_RED -DCORE_M3 -D__USE_LPCOPEN -D__USE_CMSIS_DSPLIB=CMSIS_DSPLIB_CM3 -D__LPC17XX__ -D__REDLIB__ -I"D:\UTN\Git\TD_II\TD_II\workspace\LibFreeRTOS_8.2.3\src\portable\GCC\ARM_CM3" -I"D:\UTN\Git\TD_II\TD_II\workspace\cr_dsplib_cm3\inc" -I"D:\UTN\Git\TD_II\TD_II\workspace\THD_Meter_RTOS\inc" -I"D:\UTN\Git\TD_II\TD_II\workspace\lpc_myboard_1769\inc" -I"D:\UTN\Git\TD_II\TD_II\workspace\lpc_chip_175x_6x\inc" -I"D:\UTN\Git\TD_II\TD_II\workspace\CMSIS_DSPLIB_CM3\inc" -I"D:\UTN\Git\TD_II\TD_II\workspace\LibFreeRTOS_8.2.3\inc" -O0 -fno-common -g3 -Wall -c -fmessage-length=0 -fno-builtin -ffunction-sections -fdata-sections -mcpu=cortex-m3 -mthumb -specs=redlib.specs -MMD -MP -MF"src/funciones.d" -MT"src/funciones.o" -MT"src/funciones.d" -o "src/funciones.o" "../src/funciones.c"
Finished building: ../src/funciones.c
 
Building target: THD_Meter_RTOS.axf
Invoking: MCU Linker
arm-none-eabi-gcc -nostdlib -L"D:\UTN\Git\TD_II\TD_II\workspace\lpc_myboard_1769\Debug" -L"D:\UTN\Git\TD_II\TD_II\workspace\lpc_chip_175x_6x\Debug" -L"D:\UTN\Git\TD_II\TD_II\workspace\CMSIS_DSPLIB_CM3\lib" -L"D:\UTN\Git\TD_II\TD_II\workspace\LibFreeRTOS_8.2.3\Debug" -L"D:\UTN\Git\TD_II\TD_II\workspace\cr_dsplib_cm3\Debug" -Xlinker -Map="THD_Meter_RTOS.map" -Xlinker --gc-sections -Xlinker -print-memory-usage -mcpu=cortex-m3 -mthumb -T "THD_Meter_RTOS_Debug.ld" -o "THD_Meter_RTOS.axf"  ./src/Inicializaciones.o ./src/Interrupciones.o ./src/THD_Meter.o ./src/Variables_globales.o ./src/cr_startup_lpc175x_6x.o ./src/crp.o ./src/funciones.o ./src/sysinit.o ./src/tareas.o   -llpc_myboard_1769 -llpc_chip_175x_6x -lCMSIS_DSPLIB_CM3 -lLibFreeRTOS_8.2.3 -lcr_dsplibFFT_cm3 -lcr_dsplib_cm3
Memory region         Used Size  Region Size  %age Used
       MFlash512:        6280 B       512 KB      1.20%
        RamLoc32:         152 B        32 KB      0.46%
        RamAHB32:          0 GB        32 KB      0.00%
Finished building target: THD_Meter_RTOS.axf
 
make --no-print-directory post-build
Performing post-build steps
arm-none-eabi-size "THD_Meter_RTOS.axf"; # arm-none-eabi-objcopy -v -O binary "THD_Meter_RTOS.axf" "THD_Meter_RTOS.bin" ; # checksum -p LPC1769 -d "THD_Meter_RTOS.bin";
   text	   data	    bss	    dec	    hex	filename
   6184	     96	     56	   6336	   18c0	THD_Meter_RTOS.axf
 
01:56:14 **** Incremental Build of configuration Debug for project THD_Meter_RTOS ****
make -r all 
Building file: ../src/Inicializaciones.c
Invoking: MCU C Compiler
arm-none-eabi-gcc -DDEBUG -D__CODE_RED -DCORE_M3 -D__USE_LPCOPEN -D__USE_CMSIS_DSPLIB=CMSIS_DSPLIB_CM3 -D__LPC17XX__ -D__REDLIB__ -I"D:\UTN\Git\TD_II\TD_II\workspace\LibFreeRTOS_8.2.3\src\portable\GCC\ARM_CM3" -I"D:\UTN\Git\TD_II\TD_II\workspace\cr_dsplib_cm3\inc" -I"D:\UTN\Git\TD_II\TD_II\workspace\THD_Meter_RTOS\inc" -I"D:\UTN\Git\TD_II\TD_II\workspace\lpc_myboard_1769\inc" -I"D:\UTN\Git\TD_II\TD_II\workspace\lpc_chip_175x_6x\inc" -I"D:\UTN\Git\TD_II\TD_II\workspace\CMSIS_DSPLIB_CM3\inc" -I"D:\UTN\Git\TD_II\TD_II\workspace\LibFreeRTOS_8.2.3\inc" -O0 -fno-common -g3 -Wall -c -fmessage-length=0 -fno-builtin -ffunction-sections -fdata-sections -mcpu=cortex-m3 -mthumb -specs=redlib.specs -MMD -MP -MF"src/Inicializaciones.d" -MT"src/Inicializaciones.o" -MT"src/Inicializaciones.d" -o "src/Inicializaciones.o" "../src/Inicializaciones.c"
Finished building: ../src/Inicializaciones.c
 
Building file: ../src/Interrupciones.c
Invoking: MCU C Compiler
arm-none-eabi-gcc -DDEBUG -D__CODE_RED -DCORE_M3 -D__USE_LPCOPEN -D__USE_CMSIS_DSPLIB=CMSIS_DSPLIB_CM3 -D__LPC17XX__ -D__REDLIB__ -I"D:\UTN\Git\TD_II\TD_II\workspace\LibFreeRTOS_8.2.3\src\portable\GCC\ARM_CM3" -I"D:\UTN\Git\TD_II\TD_II\workspace\cr_dsplib_cm3\inc" -I"D:\UTN\Git\TD_II\TD_II\workspace\THD_Meter_RTOS\inc" -I"D:\UTN\Git\TD_II\TD_II\workspace\lpc_myboard_1769\inc" -I"D:\UTN\Git\TD_II\TD_II\workspace\lpc_chip_175x_6x\inc" -I"D:\UTN\Git\TD_II\TD_II\workspace\CMSIS_DSPLIB_CM3\inc" -I"D:\UTN\Git\TD_II\TD_II\workspace\LibFreeRTOS_8.2.3\inc" -O0 -fno-common -g3 -Wall -c -fmessage-length=0 -fno-builtin -ffunction-sections -fdata-sections -mcpu=cortex-m3 -mthumb -specs=redlib.specs -MMD -MP -MF"src/Interrupciones.d" -MT"src/Interrupciones.o" -MT"src/Interrupciones.d" -o "src/Interrupciones.o" "../src/Interrupciones.c"
Finished building: ../src/Interrupciones.c
 
Building file: ../src/THD_Meter.c
Invoking: MCU C Compiler
arm-none-eabi-gcc -DDEBUG -D__CODE_RED -DCORE_M3 -D__USE_LPCOPEN -D__USE_CMSIS_DSPLIB=CMSIS_DSPLIB_CM3 -D__LPC17XX__ -D__REDLIB__ -I"D:\UTN\Git\TD_II\TD_II\workspace\LibFreeRTOS_8.2.3\src\portable\GCC\ARM_CM3" -I"D:\UTN\Git\TD_II\TD_II\workspace\cr_dsplib_cm3\inc" -I"D:\UTN\Git\TD_II\TD_II\workspace\THD_Meter_RTOS\inc" -I"D:\UTN\Git\TD_II\TD_II\workspace\lpc_myboard_1769\inc" -I"D:\UTN\Git\TD_II\TD_II\workspace\lpc_chip_175x_6x\inc" -I"D:\UTN\Git\TD_II\TD_II\workspace\CMSIS_DSPLIB_CM3\inc" -I"D:\UTN\Git\TD_II\TD_II\workspace\LibFreeRTOS_8.2.3\inc" -O0 -fno-common -g3 -Wall -c -fmessage-length=0 -fno-builtin -ffunction-sections -fdata-sections -mcpu=cortex-m3 -mthumb -specs=redlib.specs -MMD -MP -MF"src/THD_Meter.d" -MT"src/THD_Meter.o" -MT"src/THD_Meter.d" -o "src/THD_Meter.o" "../src/THD_Meter.c"
Finished building: ../src/THD_Meter.c
 
Building file: ../src/Variables_globales.c
Invoking: MCU C Compiler
arm-none-eabi-gcc -DDEBUG -D__CODE_RED -DCORE_M3 -D__USE_LPCOPEN -D__USE_CMSIS_DSPLIB=CMSIS_DSPLIB_CM3 -D__LPC17XX__ -D__REDLIB__ -I"D:\UTN\Git\TD_II\TD_II\workspace\LibFreeRTOS_8.2.3\src\portable\GCC\ARM_CM3" -I"D:\UTN\Git\TD_II\TD_II\workspace\cr_dsplib_cm3\inc" -I"D:\UTN\Git\TD_II\TD_II\workspace\THD_Meter_RTOS\inc" -I"D:\UTN\Git\TD_II\TD_II\workspace\lpc_myboard_1769\inc" -I"D:\UTN\Git\TD_II\TD_II\workspace\lpc_chip_175x_6x\inc" -I"D:\UTN\Git\TD_II\TD_II\workspace\CMSIS_DSPLIB_CM3\inc" -I"D:\UTN\Git\TD_II\TD_II\workspace\LibFreeRTOS_8.2.3\inc" -O0 -fno-common -g3 -Wall -c -fmessage-length=0 -fno-builtin -ffunction-sections -fdata-sections -mcpu=cortex-m3 -mthumb -specs=redlib.specs -MMD -MP -MF"src/Variables_globales.d" -MT"src/Variables_globales.o" -MT"src/Variables_globales.d" -o "src/Variables_globales.o" "../src/Variables_globales.c"
Finished building: ../src/Variables_globales.c
 
Building file: ../src/funciones.c
Invoking: MCU C Compiler
arm-none-eabi-gcc -DDEBUG -D__CODE_RED -DCORE_M3 -D__USE_LPCOPEN -D__USE_CMSIS_DSPLIB=CMSIS_DSPLIB_CM3 -D__LPC17XX__ -D__REDLIB__ -I"D:\UTN\Git\TD_II\TD_II\workspace\LibFreeRTOS_8.2.3\src\portable\GCC\ARM_CM3" -I"D:\UTN\Git\TD_II\TD_II\workspace\cr_dsplib_cm3\inc" -I"D:\UTN\Git\TD_II\TD_II\workspace\THD_Meter_RTOS\inc" -I"D:\UTN\Git\TD_II\TD_II\workspace\lpc_myboard_1769\inc" -I"D:\UTN\Git\TD_II\TD_II\workspace\lpc_chip_175x_6x\inc" -I"D:\UTN\Git\TD_II\TD_II\workspace\CMSIS_DSPLIB_CM3\inc" -I"D:\UTN\Git\TD_II\TD_II\workspace\LibFreeRTOS_8.2.3\inc" -O0 -fno-common -g3 -Wall -c -fmessage-length=0 -fno-builtin -ffunction-sections -fdata-sections -mcpu=cortex-m3 -mthumb -specs=redlib.specs -MMD -MP -MF"src/funciones.d" -MT"src/funciones.o" -MT"src/funciones.d" -o "src/funciones.o" "../src/funciones.c"
Finished building: ../src/funciones.c
 
Building target: THD_Meter_RTOS.axf
Invoking: MCU Linker
arm-none-eabi-gcc -nostdlib -L"D:\UTN\Git\TD_II\TD_II\workspace\lpc_myboard_1769\Debug" -L"D:\UTN\Git\TD_II\TD_II\workspace\lpc_chip_175x_6x\Debug" -L"D:\UTN\Git\TD_II\TD_II\workspace\CMSIS_DSPLIB_CM3\lib" -L"D:\UTN\Git\TD_II\TD_II\workspace\LibFreeRTOS_8.2.3\Debug" -L"D:\UTN\Git\TD_II\TD_II\workspace\cr_dsplib_cm3\Debug" -Xlinker -Map="THD_Meter_RTOS.map" -Xlinker --gc-sections -Xlinker -print-memory-usage -mcpu=cortex-m3 -mthumb -T "THD_Meter_RTOS_Debug.ld" -o "THD_Meter_RTOS.axf"  ./src/Inicializaciones.o ./src/Interrupciones.o ./src/THD_Meter.o ./src/Variables_globales.o ./src/cr_startup_lpc175x_6x.o ./src/crp.o ./src/funciones.o ./src/sysinit.o ./src/tareas.o   -llpc_myboard_1769 -llpc_chip_175x_6x -lCMSIS_DSPLIB_CM3 -lLibFreeRTOS_8.2.3 -lcr_dsplibFFT_cm3 -lcr_dsplib_cm3
Memory region         Used Size  Region Size  %age Used
       MFlash512:        6280 B       512 KB      1.20%
        RamLoc32:         152 B        32 KB      0.46%
        RamAHB32:          0 GB        32 KB      0.00%
Finished building target: THD_Meter_RTOS.axf
 
make --no-print-directory post-build
Performing post-build steps
arm-none-eabi-size "THD_Meter_RTOS.axf"; # arm-none-eabi-objcopy -v -O binary "THD_Meter_RTOS.axf" "THD_Meter_RTOS.bin" ; # checksum -p LPC1769 -d "THD_Meter_RTOS.bin";
   text	   data	    bss	    dec	    hex	filename
   6184	     96	     56	   6336	   18c0	THD_Meter_RTOS.axf
 
01:59:25 **** Incremental Build of configuration Debug for project THD_Meter_RTOS ****
make -r all 
Building file: ../src/Interrupciones.c
Invoking: MCU C Compiler
arm-none-eabi-gcc -DDEBUG -D__CODE_RED -DCORE_M3 -D__USE_LPCOPEN -D__USE_CMSIS_DSPLIB=CMSIS_DSPLIB_CM3 -D__LPC17XX__ -D__REDLIB__ -I"D:\UTN\Git\TD_II\TD_II\workspace\LibFreeRTOS_8.2.3\src\portable\GCC\ARM_CM3" -I"D:\UTN\Git\TD_II\TD_II\workspace\cr_dsplib_cm3\inc" -I"D:\UTN\Git\TD_II\TD_II\workspace\THD_Meter_RTOS\inc" -I"D:\UTN\Git\TD_II\TD_II\workspace\lpc_myboard_1769\inc" -I"D:\UTN\Git\TD_II\TD_II\workspace\lpc_chip_175x_6x\inc" -I"D:\UTN\Git\TD_II\TD_II\workspace\CMSIS_DSPLIB_CM3\inc" -I"D:\UTN\Git\TD_II\TD_II\workspace\LibFreeRTOS_8.2.3\inc" -O0 -fno-common -g3 -Wall -c -fmessage-length=0 -fno-builtin -ffunction-sections -fdata-sections -mcpu=cortex-m3 -mthumb -specs=redlib.specs -MMD -MP -MF"src/Interrupciones.d" -MT"src/Interrupciones.o" -MT"src/Interrupciones.d" -o "src/Interrupciones.o" "../src/Interrupciones.c"
Finished building: ../src/Interrupciones.c
 
Building target: THD_Meter_RTOS.axf
Invoking: MCU Linker
arm-none-eabi-gcc -nostdlib -L"D:\UTN\Git\TD_II\TD_II\workspace\lpc_myboard_1769\Debug" -L"D:\UTN\Git\TD_II\TD_II\workspace\lpc_chip_175x_6x\Debug" -L"D:\UTN\Git\TD_II\TD_II\workspace\CMSIS_DSPLIB_CM3\lib" -L"D:\UTN\Git\TD_II\TD_II\workspace\LibFreeRTOS_8.2.3\Debug" -L"D:\UTN\Git\TD_II\TD_II\workspace\cr_dsplib_cm3\Debug" -Xlinker -Map="THD_Meter_RTOS.map" -Xlinker --gc-sections -Xlinker -print-memory-usage -mcpu=cortex-m3 -mthumb -T "THD_Meter_RTOS_Debug.ld" -o "THD_Meter_RTOS.axf"  ./src/Inicializaciones.o ./src/Interrupciones.o ./src/THD_Meter.o ./src/Variables_globales.o ./src/cr_startup_lpc175x_6x.o ./src/crp.o ./src/funciones.o ./src/sysinit.o ./src/tareas.o   -llpc_myboard_1769 -llpc_chip_175x_6x -lCMSIS_DSPLIB_CM3 -lLibFreeRTOS_8.2.3 -lcr_dsplibFFT_cm3 -lcr_dsplib_cm3
Memory region         Used Size  Region Size  %age Used
       MFlash512:        6276 B       512 KB      1.20%
        RamLoc32:         152 B        32 KB      0.46%
        RamAHB32:          0 GB        32 KB      0.00%
Finished building target: THD_Meter_RTOS.axf
 
make --no-print-directory post-build
Performing post-build steps
arm-none-eabi-size "THD_Meter_RTOS.axf"; # arm-none-eabi-objcopy -v -O binary "THD_Meter_RTOS.axf" "THD_Meter_RTOS.bin" ; # checksum -p LPC1769 -d "THD_Meter_RTOS.bin";
   text	   data	    bss	    dec	    hex	filename
   6180	     96	     56	   6332	   18bc	THD_Meter_RTOS.axf
 
02:02:45 **** Incremental Build of configuration Debug for project THD_Meter_RTOS ****
make -r all 
Building file: ../src/Interrupciones.c
Invoking: MCU C Compiler
arm-none-eabi-gcc -DDEBUG -D__CODE_RED -DCORE_M3 -D__USE_LPCOPEN -D__USE_CMSIS_DSPLIB=CMSIS_DSPLIB_CM3 -D__LPC17XX__ -D__REDLIB__ -I"D:\UTN\Git\TD_II\TD_II\workspace\LibFreeRTOS_8.2.3\src\portable\GCC\ARM_CM3" -I"D:\UTN\Git\TD_II\TD_II\workspace\cr_dsplib_cm3\inc" -I"D:\UTN\Git\TD_II\TD_II\workspace\THD_Meter_RTOS\inc" -I"D:\UTN\Git\TD_II\TD_II\workspace\lpc_myboard_1769\inc" -I"D:\UTN\Git\TD_II\TD_II\workspace\lpc_chip_175x_6x\inc" -I"D:\UTN\Git\TD_II\TD_II\workspace\CMSIS_DSPLIB_CM3\inc" -I"D:\UTN\Git\TD_II\TD_II\workspace\LibFreeRTOS_8.2.3\inc" -O0 -fno-common -g3 -Wall -c -fmessage-length=0 -fno-builtin -ffunction-sections -fdata-sections -mcpu=cortex-m3 -mthumb -specs=redlib.specs -MMD -MP -MF"src/Interrupciones.d" -MT"src/Interrupciones.o" -MT"src/Interrupciones.d" -o "src/Interrupciones.o" "../src/Interrupciones.c"
Finished building: ../src/Interrupciones.c
 
Building target: THD_Meter_RTOS.axf
Invoking: MCU Linker
arm-none-eabi-gcc -nostdlib -L"D:\UTN\Git\TD_II\TD_II\workspace\lpc_myboard_1769\Debug" -L"D:\UTN\Git\TD_II\TD_II\workspace\lpc_chip_175x_6x\Debug" -L"D:\UTN\Git\TD_II\TD_II\workspace\CMSIS_DSPLIB_CM3\lib" -L"D:\UTN\Git\TD_II\TD_II\workspace\LibFreeRTOS_8.2.3\Debug" -L"D:\UTN\Git\TD_II\TD_II\workspace\cr_dsplib_cm3\Debug" -Xlinker -Map="THD_Meter_RTOS.map" -Xlinker --gc-sections -Xlinker -print-memory-usage -mcpu=cortex-m3 -mthumb -T "THD_Meter_RTOS_Debug.ld" -o "THD_Meter_RTOS.axf"  ./src/Inicializaciones.o ./src/Interrupciones.o ./src/THD_Meter.o ./src/Variables_globales.o ./src/cr_startup_lpc175x_6x.o ./src/crp.o ./src/funciones.o ./src/sysinit.o ./src/tareas.o   -llpc_myboard_1769 -llpc_chip_175x_6x -lCMSIS_DSPLIB_CM3 -lLibFreeRTOS_8.2.3 -lcr_dsplibFFT_cm3 -lcr_dsplib_cm3
Memory region         Used Size  Region Size  %age Used
       MFlash512:        6280 B       512 KB      1.20%
        RamLoc32:         152 B        32 KB      0.46%
        RamAHB32:          0 GB        32 KB      0.00%
Finished building target: THD_Meter_RTOS.axf
 
make --no-print-directory post-build
Performing post-build steps
arm-none-eabi-size "THD_Meter_RTOS.axf"; # arm-none-eabi-objcopy -v -O binary "THD_Meter_RTOS.axf" "THD_Meter_RTOS.bin" ; # checksum -p LPC1769 -d "THD_Meter_RTOS.bin";
   text	   data	    bss	    dec	    hex	filename
   6184	     96	     56	   6336	   18c0	THD_Meter_RTOS.axf
 
02:04:08 **** Incremental Build of configuration Debug for project THD_Meter_RTOS ****
make -r all 
Building file: ../src/Inicializaciones.c
Invoking: MCU C Compiler
arm-none-eabi-gcc -DDEBUG -D__CODE_RED -DCORE_M3 -D__USE_LPCOPEN -D__USE_CMSIS_DSPLIB=CMSIS_DSPLIB_CM3 -D__LPC17XX__ -D__REDLIB__ -I"D:\UTN\Git\TD_II\TD_II\workspace\LibFreeRTOS_8.2.3\src\portable\GCC\ARM_CM3" -I"D:\UTN\Git\TD_II\TD_II\workspace\cr_dsplib_cm3\inc" -I"D:\UTN\Git\TD_II\TD_II\workspace\THD_Meter_RTOS\inc" -I"D:\UTN\Git\TD_II\TD_II\workspace\lpc_myboard_1769\inc" -I"D:\UTN\Git\TD_II\TD_II\workspace\lpc_chip_175x_6x\inc" -I"D:\UTN\Git\TD_II\TD_II\workspace\CMSIS_DSPLIB_CM3\inc" -I"D:\UTN\Git\TD_II\TD_II\workspace\LibFreeRTOS_8.2.3\inc" -O0 -fno-common -g3 -Wall -c -fmessage-length=0 -fno-builtin -ffunction-sections -fdata-sections -mcpu=cortex-m3 -mthumb -specs=redlib.specs -MMD -MP -MF"src/Inicializaciones.d" -MT"src/Inicializaciones.o" -MT"src/Inicializaciones.d" -o "src/Inicializaciones.o" "../src/Inicializaciones.c"
Finished building: ../src/Inicializaciones.c
 
Building file: ../src/Interrupciones.c
Invoking: MCU C Compiler
arm-none-eabi-gcc -DDEBUG -D__CODE_RED -DCORE_M3 -D__USE_LPCOPEN -D__USE_CMSIS_DSPLIB=CMSIS_DSPLIB_CM3 -D__LPC17XX__ -D__REDLIB__ -I"D:\UTN\Git\TD_II\TD_II\workspace\LibFreeRTOS_8.2.3\src\portable\GCC\ARM_CM3" -I"D:\UTN\Git\TD_II\TD_II\workspace\cr_dsplib_cm3\inc" -I"D:\UTN\Git\TD_II\TD_II\workspace\THD_Meter_RTOS\inc" -I"D:\UTN\Git\TD_II\TD_II\workspace\lpc_myboard_1769\inc" -I"D:\UTN\Git\TD_II\TD_II\workspace\lpc_chip_175x_6x\inc" -I"D:\UTN\Git\TD_II\TD_II\workspace\CMSIS_DSPLIB_CM3\inc" -I"D:\UTN\Git\TD_II\TD_II\workspace\LibFreeRTOS_8.2.3\inc" -O0 -fno-common -g3 -Wall -c -fmessage-length=0 -fno-builtin -ffunction-sections -fdata-sections -mcpu=cortex-m3 -mthumb -specs=redlib.specs -MMD -MP -MF"src/Interrupciones.d" -MT"src/Interrupciones.o" -MT"src/Interrupciones.d" -o "src/Interrupciones.o" "../src/Interrupciones.c"
Finished building: ../src/Interrupciones.c
 
Building file: ../src/THD_Meter.c
Invoking: MCU C Compiler
arm-none-eabi-gcc -DDEBUG -D__CODE_RED -DCORE_M3 -D__USE_LPCOPEN -D__USE_CMSIS_DSPLIB=CMSIS_DSPLIB_CM3 -D__LPC17XX__ -D__REDLIB__ -I"D:\UTN\Git\TD_II\TD_II\workspace\LibFreeRTOS_8.2.3\src\portable\GCC\ARM_CM3" -I"D:\UTN\Git\TD_II\TD_II\workspace\cr_dsplib_cm3\inc" -I"D:\UTN\Git\TD_II\TD_II\workspace\THD_Meter_RTOS\inc" -I"D:\UTN\Git\TD_II\TD_II\workspace\lpc_myboard_1769\inc" -I"D:\UTN\Git\TD_II\TD_II\workspace\lpc_chip_175x_6x\inc" -I"D:\UTN\Git\TD_II\TD_II\workspace\CMSIS_DSPLIB_CM3\inc" -I"D:\UTN\Git\TD_II\TD_II\workspace\LibFreeRTOS_8.2.3\inc" -O0 -fno-common -g3 -Wall -c -fmessage-length=0 -fno-builtin -ffunction-sections -fdata-sections -mcpu=cortex-m3 -mthumb -specs=redlib.specs -MMD -MP -MF"src/THD_Meter.d" -MT"src/THD_Meter.o" -MT"src/THD_Meter.d" -o "src/THD_Meter.o" "../src/THD_Meter.c"
Finished building: ../src/THD_Meter.c
 
Building file: ../src/Variables_globales.c
Invoking: MCU C Compiler
arm-none-eabi-gcc -DDEBUG -D__CODE_RED -DCORE_M3 -D__USE_LPCOPEN -D__USE_CMSIS_DSPLIB=CMSIS_DSPLIB_CM3 -D__LPC17XX__ -D__REDLIB__ -I"D:\UTN\Git\TD_II\TD_II\workspace\LibFreeRTOS_8.2.3\src\portable\GCC\ARM_CM3" -I"D:\UTN\Git\TD_II\TD_II\workspace\cr_dsplib_cm3\inc" -I"D:\UTN\Git\TD_II\TD_II\workspace\THD_Meter_RTOS\inc" -I"D:\UTN\Git\TD_II\TD_II\workspace\lpc_myboard_1769\inc" -I"D:\UTN\Git\TD_II\TD_II\workspace\lpc_chip_175x_6x\inc" -I"D:\UTN\Git\TD_II\TD_II\workspace\CMSIS_DSPLIB_CM3\inc" -I"D:\UTN\Git\TD_II\TD_II\workspace\LibFreeRTOS_8.2.3\inc" -O0 -fno-common -g3 -Wall -c -fmessage-length=0 -fno-builtin -ffunction-sections -fdata-sections -mcpu=cortex-m3 -mthumb -specs=redlib.specs -MMD -MP -MF"src/Variables_globales.d" -MT"src/Variables_globales.o" -MT"src/Variables_globales.d" -o "src/Variables_globales.o" "../src/Variables_globales.c"
Finished building: ../src/Variables_globales.c
 
Building file: ../src/funciones.c
Invoking: MCU C Compiler
arm-none-eabi-gcc -DDEBUG -D__CODE_RED -DCORE_M3 -D__USE_LPCOPEN -D__USE_CMSIS_DSPLIB=CMSIS_DSPLIB_CM3 -D__LPC17XX__ -D__REDLIB__ -I"D:\UTN\Git\TD_II\TD_II\workspace\LibFreeRTOS_8.2.3\src\portable\GCC\ARM_CM3" -I"D:\UTN\Git\TD_II\TD_II\workspace\cr_dsplib_cm3\inc" -I"D:\UTN\Git\TD_II\TD_II\workspace\THD_Meter_RTOS\inc" -I"D:\UTN\Git\TD_II\TD_II\workspace\lpc_myboard_1769\inc" -I"D:\UTN\Git\TD_II\TD_II\workspace\lpc_chip_175x_6x\inc" -I"D:\UTN\Git\TD_II\TD_II\workspace\CMSIS_DSPLIB_CM3\inc" -I"D:\UTN\Git\TD_II\TD_II\workspace\LibFreeRTOS_8.2.3\inc" -O0 -fno-common -g3 -Wall -c -fmessage-length=0 -fno-builtin -ffunction-sections -fdata-sections -mcpu=cortex-m3 -mthumb -specs=redlib.specs -MMD -MP -MF"src/funciones.d" -MT"src/funciones.o" -MT"src/funciones.d" -o "src/funciones.o" "../src/funciones.c"
Finished building: ../src/funciones.c
 
Building target: THD_Meter_RTOS.axf
Invoking: MCU Linker
[...]
make -r all 
Building file: ../src/Interrupciones.c
Invoking: MCU C Compiler
arm-none-eabi-gcc -DDEBUG -D__CODE_RED -DCORE_M3 -D__USE_LPCOPEN -D__USE_CMSIS_DSPLIB=CMSIS_DSPLIB_CM3 -D__LPC17XX__ -D__REDLIB__ -I"D:\UTN\Git\TD_II\TD_II\workspace\LibFreeRTOS_8.2.3\src\portable\GCC\ARM_CM3" -I"D:\UTN\Git\TD_II\TD_II\workspace\cr_dsplib_cm3\inc" -I"D:\UTN\Git\TD_II\TD_II\workspace\THD_Meter_RTOS\inc" -I"D:\UTN\Git\TD_II\TD_II\workspace\lpc_myboard_1769\inc" -I"D:\UTN\Git\TD_II\TD_II\workspace\lpc_chip_175x_6x\inc" -I"D:\UTN\Git\TD_II\TD_II\workspace\CMSIS_DSPLIB_CM3\inc" -I"D:\UTN\Git\TD_II\TD_II\workspace\LibFreeRTOS_8.2.3\inc" -O0 -fno-common -g3 -Wall -c -fmessage-length=0 -fno-builtin -ffunction-sections -fdata-sections -mcpu=cortex-m3 -mthumb -specs=redlib.specs -MMD -MP -MF"src/Interrupciones.d" -MT"src/Interrupciones.o" -MT"src/Interrupciones.d" -o "src/Interrupciones.o" "../src/Interrupciones.c"
Finished building: ../src/Interrupciones.c
 
Building target: THD_Meter_RTOS.axf
Invoking: MCU Linker
arm-none-eabi-gcc -nostdlib -L"D:\UTN\Git\TD_II\TD_II\workspace\lpc_myboard_1769\Debug" -L"D:\UTN\Git\TD_II\TD_II\workspace\lpc_chip_175x_6x\Debug" -L"D:\UTN\Git\TD_II\TD_II\workspace\CMSIS_DSPLIB_CM3\lib" -L"D:\UTN\Git\TD_II\TD_II\workspace\LibFreeRTOS_8.2.3\Debug" -L"D:\UTN\Git\TD_II\TD_II\workspace\cr_dsplib_cm3\Debug" -Xlinker -Map="THD_Meter_RTOS.map" -Xlinker --gc-sections -Xlinker -print-memory-usage -mcpu=cortex-m3 -mthumb -T "THD_Meter_RTOS_Debug.ld" -o "THD_Meter_RTOS.axf"  ./src/Inicializaciones.o ./src/Interrupciones.o ./src/THD_Meter.o ./src/Variables_globales.o ./src/cr_startup_lpc175x_6x.o ./src/crp.o ./src/funciones.o ./src/sysinit.o ./src/tareas.o   -llpc_myboard_1769 -llpc_chip_175x_6x -lCMSIS_DSPLIB_CM3 -lLibFreeRTOS_8.2.3 -lcr_dsplibFFT_cm3 -lcr_dsplib_cm3
Memory region         Used Size  Region Size  %age Used
       MFlash512:        6072 B       512 KB      1.16%
        RamLoc32:         120 B        32 KB      0.37%
        RamAHB32:          0 GB        32 KB      0.00%
Finished building target: THD_Meter_RTOS.axf
 
make --no-print-directory post-build
Performing post-build steps
arm-none-eabi-size "THD_Meter_RTOS.axf"; # arm-none-eabi-objcopy -v -O binary "THD_Meter_RTOS.axf" "THD_Meter_RTOS.bin" ; # checksum -p LPC1769 -d "THD_Meter_RTOS.bin";
   text	   data	    bss	    dec	    hex	filename
   5976	     96	     24	   6096	   17d0	THD_Meter_RTOS.axf
 
02:58:51 **** Incremental Build of configuration Debug for project THD_Meter_RTOS ****
make -r all 
Building file: ../src/Interrupciones.c
Invoking: MCU C Compiler
arm-none-eabi-gcc -DDEBUG -D__CODE_RED -DCORE_M3 -D__USE_LPCOPEN -D__USE_CMSIS_DSPLIB=CMSIS_DSPLIB_CM3 -D__LPC17XX__ -D__REDLIB__ -I"D:\UTN\Git\TD_II\TD_II\workspace\LibFreeRTOS_8.2.3\src\portable\GCC\ARM_CM3" -I"D:\UTN\Git\TD_II\TD_II\workspace\cr_dsplib_cm3\inc" -I"D:\UTN\Git\TD_II\TD_II\workspace\THD_Meter_RTOS\inc" -I"D:\UTN\Git\TD_II\TD_II\workspace\lpc_myboard_1769\inc" -I"D:\UTN\Git\TD_II\TD_II\workspace\lpc_chip_175x_6x\inc" -I"D:\UTN\Git\TD_II\TD_II\workspace\CMSIS_DSPLIB_CM3\inc" -I"D:\UTN\Git\TD_II\TD_II\workspace\LibFreeRTOS_8.2.3\inc" -O0 -fno-common -g3 -Wall -c -fmessage-length=0 -fno-builtin -ffunction-sections -fdata-sections -mcpu=cortex-m3 -mthumb -specs=redlib.specs -MMD -MP -MF"src/Interrupciones.d" -MT"src/Interrupciones.o" -MT"src/Interrupciones.d" -o "src/Interrupciones.o" "../src/Interrupciones.c"
Finished building: ../src/Interrupciones.c
 
Building target: THD_Meter_RTOS.axf
Invoking: MCU Linker
arm-none-eabi-gcc -nostdlib -L"D:\UTN\Git\TD_II\TD_II\workspace\lpc_myboard_1769\Debug" -L"D:\UTN\Git\TD_II\TD_II\workspace\lpc_chip_175x_6x\Debug" -L"D:\UTN\Git\TD_II\TD_II\workspace\CMSIS_DSPLIB_CM3\lib" -L"D:\UTN\Git\TD_II\TD_II\workspace\LibFreeRTOS_8.2.3\Debug" -L"D:\UTN\Git\TD_II\TD_II\workspace\cr_dsplib_cm3\Debug" -Xlinker -Map="THD_Meter_RTOS.map" -Xlinker --gc-sections -Xlinker -print-memory-usage -mcpu=cortex-m3 -mthumb -T "THD_Meter_RTOS_Debug.ld" -o "THD_Meter_RTOS.axf"  ./src/Inicializaciones.o ./src/Interrupciones.o ./src/THD_Meter.o ./src/Variables_globales.o ./src/cr_startup_lpc175x_6x.o ./src/crp.o ./src/funciones.o ./src/sysinit.o ./src/tareas.o   -llpc_myboard_1769 -llpc_chip_175x_6x -lCMSIS_DSPLIB_CM3 -lLibFreeRTOS_8.2.3 -lcr_dsplibFFT_cm3 -lcr_dsplib_cm3
Memory region         Used Size  Region Size  %age Used
       MFlash512:        6060 B       512 KB      1.16%
        RamLoc32:         120 B        32 KB      0.37%
        RamAHB32:          0 GB        32 KB      0.00%
Finished building target: THD_Meter_RTOS.axf
 
make --no-print-directory post-build
Performing post-build steps
arm-none-eabi-size "THD_Meter_RTOS.axf"; # arm-none-eabi-objcopy -v -O binary "THD_Meter_RTOS.axf" "THD_Meter_RTOS.bin" ; # checksum -p LPC1769 -d "THD_Meter_RTOS.bin";
   text	   data	    bss	    dec	    hex	filename
   5964	     96	     24	   6084	   17c4	THD_Meter_RTOS.axf
 
02:59:22 **** Incremental Build of configuration Debug for project THD_Meter_RTOS ****
make -r all 
Building file: ../src/Interrupciones.c
Invoking: MCU C Compiler
arm-none-eabi-gcc -DDEBUG -D__CODE_RED -DCORE_M3 -D__USE_LPCOPEN -D__USE_CMSIS_DSPLIB=CMSIS_DSPLIB_CM3 -D__LPC17XX__ -D__REDLIB__ -I"D:\UTN\Git\TD_II\TD_II\workspace\LibFreeRTOS_8.2.3\src\portable\GCC\ARM_CM3" -I"D:\UTN\Git\TD_II\TD_II\workspace\cr_dsplib_cm3\inc" -I"D:\UTN\Git\TD_II\TD_II\workspace\THD_Meter_RTOS\inc" -I"D:\UTN\Git\TD_II\TD_II\workspace\lpc_myboard_1769\inc" -I"D:\UTN\Git\TD_II\TD_II\workspace\lpc_chip_175x_6x\inc" -I"D:\UTN\Git\TD_II\TD_II\workspace\CMSIS_DSPLIB_CM3\inc" -I"D:\UTN\Git\TD_II\TD_II\workspace\LibFreeRTOS_8.2.3\inc" -O0 -fno-common -g3 -Wall -c -fmessage-length=0 -fno-builtin -ffunction-sections -fdata-sections -mcpu=cortex-m3 -mthumb -specs=redlib.specs -MMD -MP -MF"src/Interrupciones.d" -MT"src/Interrupciones.o" -MT"src/Interrupciones.d" -o "src/Interrupciones.o" "../src/Interrupciones.c"
Finished building: ../src/Interrupciones.c
 
Building target: THD_Meter_RTOS.axf
Invoking: MCU Linker
arm-none-eabi-gcc -nostdlib -L"D:\UTN\Git\TD_II\TD_II\workspace\lpc_myboard_1769\Debug" -L"D:\UTN\Git\TD_II\TD_II\workspace\lpc_chip_175x_6x\Debug" -L"D:\UTN\Git\TD_II\TD_II\workspace\CMSIS_DSPLIB_CM3\lib" -L"D:\UTN\Git\TD_II\TD_II\workspace\LibFreeRTOS_8.2.3\Debug" -L"D:\UTN\Git\TD_II\TD_II\workspace\cr_dsplib_cm3\Debug" -Xlinker -Map="THD_Meter_RTOS.map" -Xlinker --gc-sections -Xlinker -print-memory-usage -mcpu=cortex-m3 -mthumb -T "THD_Meter_RTOS_Debug.ld" -o "THD_Meter_RTOS.axf"  ./src/Inicializaciones.o ./src/Interrupciones.o ./src/THD_Meter.o ./src/Variables_globales.o ./src/cr_startup_lpc175x_6x.o ./src/crp.o ./src/funciones.o ./src/sysinit.o ./src/tareas.o   -llpc_myboard_1769 -llpc_chip_175x_6x -lCMSIS_DSPLIB_CM3 -lLibFreeRTOS_8.2.3 -lcr_dsplibFFT_cm3 -lcr_dsplib_cm3
Memory region         Used Size  Region Size  %age Used
       MFlash512:        6068 B       512 KB      1.16%
        RamLoc32:         120 B        32 KB      0.37%
        RamAHB32:          0 GB        32 KB      0.00%
Finished building target: THD_Meter_RTOS.axf
 
make --no-print-directory post-build
Performing post-build steps
arm-none-eabi-size "THD_Meter_RTOS.axf"; # arm-none-eabi-objcopy -v -O binary "THD_Meter_RTOS.axf" "THD_Meter_RTOS.bin" ; # checksum -p LPC1769 -d "THD_Meter_RTOS.bin";
   text	   data	    bss	    dec	    hex	filename
   5972	     96	     24	   6092	   17cc	THD_Meter_RTOS.axf
 
02:59:52 **** Incremental Build of configuration Debug for project THD_Meter_RTOS ****
make -r all 
Building file: ../src/Interrupciones.c
Invoking: MCU C Compiler
arm-none-eabi-gcc -DDEBUG -D__CODE_RED -DCORE_M3 -D__USE_LPCOPEN -D__USE_CMSIS_DSPLIB=CMSIS_DSPLIB_CM3 -D__LPC17XX__ -D__REDLIB__ -I"D:\UTN\Git\TD_II\TD_II\workspace\LibFreeRTOS_8.2.3\src\portable\GCC\ARM_CM3" -I"D:\UTN\Git\TD_II\TD_II\workspace\cr_dsplib_cm3\inc" -I"D:\UTN\Git\TD_II\TD_II\workspace\THD_Meter_RTOS\inc" -I"D:\UTN\Git\TD_II\TD_II\workspace\lpc_myboard_1769\inc" -I"D:\UTN\Git\TD_II\TD_II\workspace\lpc_chip_175x_6x\inc" -I"D:\UTN\Git\TD_II\TD_II\workspace\CMSIS_DSPLIB_CM3\inc" -I"D:\UTN\Git\TD_II\TD_II\workspace\LibFreeRTOS_8.2.3\inc" -O0 -fno-common -g3 -Wall -c -fmessage-length=0 -fno-builtin -ffunction-sections -fdata-sections -mcpu=cortex-m3 -mthumb -specs=redlib.specs -MMD -MP -MF"src/Interrupciones.d" -MT"src/Interrupciones.o" -MT"src/Interrupciones.d" -o "src/Interrupciones.o" "../src/Interrupciones.c"
Finished building: ../src/Interrupciones.c
 
Building target: THD_Meter_RTOS.axf
Invoking: MCU Linker
arm-none-eabi-gcc -nostdlib -L"D:\UTN\Git\TD_II\TD_II\workspace\lpc_myboard_1769\Debug" -L"D:\UTN\Git\TD_II\TD_II\workspace\lpc_chip_175x_6x\Debug" -L"D:\UTN\Git\TD_II\TD_II\workspace\CMSIS_DSPLIB_CM3\lib" -L"D:\UTN\Git\TD_II\TD_II\workspace\LibFreeRTOS_8.2.3\Debug" -L"D:\UTN\Git\TD_II\TD_II\workspace\cr_dsplib_cm3\Debug" -Xlinker -Map="THD_Meter_RTOS.map" -Xlinker --gc-sections -Xlinker -print-memory-usage -mcpu=cortex-m3 -mthumb -T "THD_Meter_RTOS_Debug.ld" -o "THD_Meter_RTOS.axf"  ./src/Inicializaciones.o ./src/Interrupciones.o ./src/THD_Meter.o ./src/Variables_globales.o ./src/cr_startup_lpc175x_6x.o ./src/crp.o ./src/funciones.o ./src/sysinit.o ./src/tareas.o   -llpc_myboard_1769 -llpc_chip_175x_6x -lCMSIS_DSPLIB_CM3 -lLibFreeRTOS_8.2.3 -lcr_dsplibFFT_cm3 -lcr_dsplib_cm3
Memory region         Used Size  Region Size  %age Used
       MFlash512:        6072 B       512 KB      1.16%
        RamLoc32:         120 B        32 KB      0.37%
        RamAHB32:          0 GB        32 KB      0.00%
Finished building target: THD_Meter_RTOS.axf
 
make --no-print-directory post-build
Performing post-build steps
arm-none-eabi-size "THD_Meter_RTOS.axf"; # arm-none-eabi-objcopy -v -O binary "THD_Meter_RTOS.axf" "THD_Meter_RTOS.bin" ; # checksum -p LPC1769 -d "THD_Meter_RTOS.bin";
   text	   data	    bss	    dec	    hex	filename
   5976	     96	     24	   6096	   17d0	THD_Meter_RTOS.axf
 
03:01:35 **** Incremental Build of configuration Debug for project THD_Meter_RTOS ****
make -r all 
Building file: ../src/Interrupciones.c
Invoking: MCU C Compiler
arm-none-eabi-gcc -DDEBUG -D__CODE_RED -DCORE_M3 -D__USE_LPCOPEN -D__USE_CMSIS_DSPLIB=CMSIS_DSPLIB_CM3 -D__LPC17XX__ -D__REDLIB__ -I"D:\UTN\Git\TD_II\TD_II\workspace\LibFreeRTOS_8.2.3\src\portable\GCC\ARM_CM3" -I"D:\UTN\Git\TD_II\TD_II\workspace\cr_dsplib_cm3\inc" -I"D:\UTN\Git\TD_II\TD_II\workspace\THD_Meter_RTOS\inc" -I"D:\UTN\Git\TD_II\TD_II\workspace\lpc_myboard_1769\inc" -I"D:\UTN\Git\TD_II\TD_II\workspace\lpc_chip_175x_6x\inc" -I"D:\UTN\Git\TD_II\TD_II\workspace\CMSIS_DSPLIB_CM3\inc" -I"D:\UTN\Git\TD_II\TD_II\workspace\LibFreeRTOS_8.2.3\inc" -O0 -fno-common -g3 -Wall -c -fmessage-length=0 -fno-builtin -ffunction-sections -fdata-sections -mcpu=cortex-m3 -mthumb -specs=redlib.specs -MMD -MP -MF"src/Interrupciones.d" -MT"src/Interrupciones.o" -MT"src/Interrupciones.d" -o "src/Interrupciones.o" "../src/Interrupciones.c"
Finished building: ../src/Interrupciones.c
 
Building target: THD_Meter_RTOS.axf
Invoking: MCU Linker
arm-none-eabi-gcc -nostdlib -L"D:\UTN\Git\TD_II\TD_II\workspace\lpc_myboard_1769\Debug" -L"D:\UTN\Git\TD_II\TD_II\workspace\lpc_chip_175x_6x\Debug" -L"D:\UTN\Git\TD_II\TD_II\workspace\CMSIS_DSPLIB_CM3\lib" -L"D:\UTN\Git\TD_II\TD_II\workspace\LibFreeRTOS_8.2.3\Debug" -L"D:\UTN\Git\TD_II\TD_II\workspace\cr_dsplib_cm3\Debug" -Xlinker -Map="THD_Meter_RTOS.map" -Xlinker --gc-sections -Xlinker -print-memory-usage -mcpu=cortex-m3 -mthumb -T "THD_Meter_RTOS_Debug.ld" -o "THD_Meter_RTOS.axf"  ./src/Inicializaciones.o ./src/Interrupciones.o ./src/THD_Meter.o ./src/Variables_globales.o ./src/cr_startup_lpc175x_6x.o ./src/crp.o ./src/funciones.o ./src/sysinit.o ./src/tareas.o   -llpc_myboard_1769 -llpc_chip_175x_6x -lCMSIS_DSPLIB_CM3 -lLibFreeRTOS_8.2.3 -lcr_dsplibFFT_cm3 -lcr_dsplib_cm3
Memory region         Used Size  Region Size  %age Used
       MFlash512:        6064 B       512 KB      1.16%
        RamLoc32:         120 B        32 KB      0.37%
        RamAHB32:          0 GB        32 KB      0.00%
Finished building target: THD_Meter_RTOS.axf
 
make --no-print-directory post-build
Performing post-build steps
arm-none-eabi-size "THD_Meter_RTOS.axf"; # arm-none-eabi-objcopy -v -O binary "THD_Meter_RTOS.axf" "THD_Meter_RTOS.bin" ; # checksum -p LPC1769 -d "THD_Meter_RTOS.bin";
   text	   data	    bss	    dec	    hex	filename
   5968	     96	     24	   6088	   17c8	THD_Meter_RTOS.axf
 
03:02:15 **** Incremental Build of configuration Debug for project THD_Meter_RTOS ****
make -r all 
Building file: ../src/Interrupciones.c
Invoking: MCU C Compiler
arm-none-eabi-gcc -DDEBUG -D__CODE_RED -DCORE_M3 -D__USE_LPCOPEN -D__USE_CMSIS_DSPLIB=CMSIS_DSPLIB_CM3 -D__LPC17XX__ -D__REDLIB__ -I"D:\UTN\Git\TD_II\TD_II\workspace\LibFreeRTOS_8.2.3\src\portable\GCC\ARM_CM3" -I"D:\UTN\Git\TD_II\TD_II\workspace\cr_dsplib_cm3\inc" -I"D:\UTN\Git\TD_II\TD_II\workspace\THD_Meter_RTOS\inc" -I"D:\UTN\Git\TD_II\TD_II\workspace\lpc_myboard_1769\inc" -I"D:\UTN\Git\TD_II\TD_II\workspace\lpc_chip_175x_6x\inc" -I"D:\UTN\Git\TD_II\TD_II\workspace\CMSIS_DSPLIB_CM3\inc" -I"D:\UTN\Git\TD_II\TD_II\workspace\LibFreeRTOS_8.2.3\inc" -O0 -fno-common -g3 -Wall -c -fmessage-length=0 -fno-builtin -ffunction-sections -fdata-sections -mcpu=cortex-m3 -mthumb -specs=redlib.specs -MMD -MP -MF"src/Interrupciones.d" -MT"src/Interrupciones.o" -MT"src/Interrupciones.d" -o "src/Interrupciones.o" "../src/Interrupciones.c"
Finished building: ../src/Interrupciones.c
 
Building target: THD_Meter_RTOS.axf
Invoking: MCU Linker
arm-none-eabi-gcc -nostdlib -L"D:\UTN\Git\TD_II\TD_II\workspace\lpc_myboard_1769\Debug" -L"D:\UTN\Git\TD_II\TD_II\workspace\lpc_chip_175x_6x\Debug" -L"D:\UTN\Git\TD_II\TD_II\workspace\CMSIS_DSPLIB_CM3\lib" -L"D:\UTN\Git\TD_II\TD_II\workspace\LibFreeRTOS_8.2.3\Debug" -L"D:\UTN\Git\TD_II\TD_II\workspace\cr_dsplib_cm3\Debug" -Xlinker -Map="THD_Meter_RTOS.map" -Xlinker --gc-sections -Xlinker -print-memory-usage -mcpu=cortex-m3 -mthumb -T "THD_Meter_RTOS_Debug.ld" -o "THD_Meter_RTOS.axf"  ./src/Inicializaciones.o ./src/Interrupciones.o ./src/THD_Meter.o ./src/Variables_globales.o ./src/cr_startup_lpc175x_6x.o ./src/crp.o ./src/funciones.o ./src/sysinit.o ./src/tareas.o   -llpc_myboard_1769 -llpc_chip_175x_6x -lCMSIS_DSPLIB_CM3 -lLibFreeRTOS_8.2.3 -lcr_dsplibFFT_cm3 -lcr_dsplib_cm3
Memory region         Used Size  Region Size  %age Used
       MFlash512:        6072 B       512 KB      1.16%
        RamLoc32:         120 B        32 KB      0.37%
        RamAHB32:          0 GB        32 KB      0.00%
Finished building target: THD_Meter_RTOS.axf
 
make --no-print-directory post-build
Performing post-build steps
arm-none-eabi-size "THD_Meter_RTOS.axf"; # arm-none-eabi-objcopy -v -O binary "THD_Meter_RTOS.axf" "THD_Meter_RTOS.bin" ; # checksum -p LPC1769 -d "THD_Meter_RTOS.bin";
   text	   data	    bss	    dec	    hex	filename
   5976	     96	     24	   6096	   17d0	THD_Meter_RTOS.axf
 
03:04:12 **** Incremental Build of configuration Debug for project THD_Meter_RTOS ****
make -r all 
Building file: ../src/Interrupciones.c
Invoking: MCU C Compiler
arm-none-eabi-gcc -DDEBUG -D__CODE_RED -DCORE_M3 -D__USE_LPCOPEN -D__USE_CMSIS_DSPLIB=CMSIS_DSPLIB_CM3 -D__LPC17XX__ -D__REDLIB__ -I"D:\UTN\Git\TD_II\TD_II\workspace\LibFreeRTOS_8.2.3\src\portable\GCC\ARM_CM3" -I"D:\UTN\Git\TD_II\TD_II\workspace\cr_dsplib_cm3\inc" -I"D:\UTN\Git\TD_II\TD_II\workspace\THD_Meter_RTOS\inc" -I"D:\UTN\Git\TD_II\TD_II\workspace\lpc_myboard_1769\inc" -I"D:\UTN\Git\TD_II\TD_II\workspace\lpc_chip_175x_6x\inc" -I"D:\UTN\Git\TD_II\TD_II\workspace\CMSIS_DSPLIB_CM3\inc" -I"D:\UTN\Git\TD_II\TD_II\workspace\LibFreeRTOS_8.2.3\inc" -O0 -fno-common -g3 -Wall -c -fmessage-length=0 -fno-builtin -ffunction-sections -fdata-sections -mcpu=cortex-m3 -mthumb -specs=redlib.specs -MMD -MP -MF"src/Interrupciones.d" -MT"src/Interrupciones.o" -MT"src/Interrupciones.d" -o "src/Interrupciones.o" "../src/Interrupciones.c"
Finished building: ../src/Interrupciones.c
 
Building target: THD_Meter_RTOS.axf
Invoking: MCU Linker
arm-none-eabi-gcc -nostdlib -L"D:\UTN\Git\TD_II\TD_II\workspace\lpc_myboard_1769\Debug" -L"D:\UTN\Git\TD_II\TD_II\workspace\lpc_chip_175x_6x\Debug" -L"D:\UTN\Git\TD_II\TD_II\workspace\CMSIS_DSPLIB_CM3\lib" -L"D:\UTN\Git\TD_II\TD_II\workspace\LibFreeRTOS_8.2.3\Debug" -L"D:\UTN\Git\TD_II\TD_II\workspace\cr_dsplib_cm3\Debug" -Xlinker -Map="THD_Meter_RTOS.map" -Xlinker --gc-sections -Xlinker -print-memory-usage -mcpu=cortex-m3 -mthumb -T "THD_Meter_RTOS_Debug.ld" -o "THD_Meter_RTOS.axf"  ./src/Inicializaciones.o ./src/Interrupciones.o ./src/THD_Meter.o ./src/Variables_globales.o ./src/cr_startup_lpc175x_6x.o ./src/crp.o ./src/funciones.o ./src/sysinit.o ./src/tareas.o   -llpc_myboard_1769 -llpc_chip_175x_6x -lCMSIS_DSPLIB_CM3 -lLibFreeRTOS_8.2.3 -lcr_dsplibFFT_cm3 -lcr_dsplib_cm3
Memory region         Used Size  Region Size  %age Used
       MFlash512:        6068 B       512 KB      1.16%
        RamLoc32:         120 B        32 KB      0.37%
        RamAHB32:          0 GB        32 KB      0.00%
Finished building target: THD_Meter_RTOS.axf
 
make --no-print-directory post-build
Performing post-build steps
arm-none-eabi-size "THD_Meter_RTOS.axf"; # arm-none-eabi-objcopy -v -O binary "THD_Meter_RTOS.axf" "THD_Meter_RTOS.bin" ; # checksum -p LPC1769 -d "THD_Meter_RTOS.bin";
   text	   data	    bss	    dec	    hex	filename
   5972	     96	     24	   6092	   17cc	THD_Meter_RTOS.axf
 
03:05:13 **** Incremental Build of configuration Debug for project THD_Meter_RTOS ****
make -r all 
Building file: ../src/Interrupciones.c
Invoking: MCU C Compiler
arm-none-eabi-gcc -DDEBUG -D__CODE_RED -DCORE_M3 -D__USE_LPCOPEN -D__USE_CMSIS_DSPLIB=CMSIS_DSPLIB_CM3 -D__LPC17XX__ -D__REDLIB__ -I"D:\UTN\Git\TD_II\TD_II\workspace\LibFreeRTOS_8.2.3\src\portable\GCC\ARM_CM3" -I"D:\UTN\Git\TD_II\TD_II\workspace\cr_dsplib_cm3\inc" -I"D:\UTN\Git\TD_II\TD_II\workspace\THD_Meter_RTOS\inc" -I"D:\UTN\Git\TD_II\TD_II\workspace\lpc_myboard_1769\inc" -I"D:\UTN\Git\TD_II\TD_II\workspace\lpc_chip_175x_6x\inc" -I"D:\UTN\Git\TD_II\TD_II\workspace\CMSIS_DSPLIB_CM3\inc" -I"D:\UTN\Git\TD_II\TD_II\workspace\LibFreeRTOS_8.2.3\inc" -O0 -fno-common -g3 -Wall -c -fmessage-length=0 -fno-builtin -ffunction-sections -fdata-sections -mcpu=cortex-m3 -mthumb -specs=redlib.specs -MMD -MP -MF"src/Interrupciones.d" -MT"src/Interrupciones.o" -MT"src/Interrupciones.d" -o "src/Interrupciones.o" "../src/Interrupciones.c"
Finished building: ../src/Interrupciones.c
 
Building target: THD_Meter_RTOS.axf
Invoking: MCU Linker
arm-none-eabi-gcc -nostdlib -L"D:\UTN\Git\TD_II\TD_II\workspace\lpc_myboard_1769\Debug" -L"D:\UTN\Git\TD_II\TD_II\workspace\lpc_chip_175x_6x\Debug" -L"D:\UTN\Git\TD_II\TD_II\workspace\CMSIS_DSPLIB_CM3\lib" -L"D:\UTN\Git\TD_II\TD_II\workspace\LibFreeRTOS_8.2.3\Debug" -L"D:\UTN\Git\TD_II\TD_II\workspace\cr_dsplib_cm3\Debug" -Xlinker -Map="THD_Meter_RTOS.map" -Xlinker --gc-sections -Xlinker -print-memory-usage -mcpu=cortex-m3 -mthumb -T "THD_Meter_RTOS_Debug.ld" -o "THD_Meter_RTOS.axf"  ./src/Inicializaciones.o ./src/Interrupciones.o ./src/THD_Meter.o ./src/Variables_globales.o ./src/cr_startup_lpc175x_6x.o ./src/crp.o ./src/funciones.o ./src/sysinit.o ./src/tareas.o   -llpc_myboard_1769 -llpc_chip_175x_6x -lCMSIS_DSPLIB_CM3 -lLibFreeRTOS_8.2.3 -lcr_dsplibFFT_cm3 -lcr_dsplib_cm3
Memory region         Used Size  Region Size  %age Used
       MFlash512:        6060 B       512 KB      1.16%
        RamLoc32:         120 B        32 KB      0.37%
        RamAHB32:          0 GB        32 KB      0.00%
Finished building target: THD_Meter_RTOS.axf
 
make --no-print-directory post-build
Performing post-build steps
arm-none-eabi-size "THD_Meter_RTOS.axf"; # arm-none-eabi-objcopy -v -O binary "THD_Meter_RTOS.axf" "THD_Meter_RTOS.bin" ; # checksum -p LPC1769 -d "THD_Meter_RTOS.bin";
   text	   data	    bss	    dec	    hex	filename
   5964	     96	     24	   6084	   17c4	THD_Meter_RTOS.axf
 
