20:24:01 **** Incremental Build of configuration Debug for project THD_Meter_RTOS ****
make -r all 
Building file: ../src/THD_Meter.c
Invoking: MCU C Compiler
arm-none-eabi-gcc -DDEBUG -D__CODE_RED -DCORE_M3 -D__USE_LPCOPEN -D__USE_CMSIS_DSPLIB=CMSIS_DSPLIB_CM3 -D__LPC17XX__ -D__REDLIB__ -I"/media/pablo/Disco_Auxiliar/UTN/Git/TD_II/TD_II/workspace/LibFreeRTOS_8.2.3/src/portable/GCC/ARM_CM3" -I"/media/pablo/Disco_Auxiliar/UTN/Git/TD_II/TD_II/workspace/cr_dsplib_cm3/inc" -I"/media/pablo/Disco_Auxiliar/UTN/Git/TD_II/TD_II/workspace/THD_Meter_RTOS/inc" -I"/media/pablo/Disco_Auxiliar/UTN/Git/TD_II/TD_II/workspace/lpc_myboard_1769/inc" -I"/media/pablo/Disco_Auxiliar/UTN/Git/TD_II/TD_II/workspace/lpc_chip_175x_6x/inc" -I"/media/pablo/Disco_Auxiliar/UTN/Git/TD_II/TD_II/workspace/CMSIS_DSPLIB_CM3/inc" -I"/media/pablo/Disco_Auxiliar/UTN/Git/TD_II/TD_II/workspace/LibFreeRTOS_8.2.3/inc" -O0 -fno-common -g3 -Wall -c -fmessage-length=0 -fno-builtin -ffunction-sections -fdata-sections -mcpu=cortex-m3 -mthumb -specs=redlib.specs -MMD -MP -MF"src/THD_Meter.d" -MT"src/THD_Meter.o" -MT"src/THD_Meter.d" -o "src/THD_Meter.o" "../src/THD_Meter.c"
../src/THD_Meter.c: In function 'vTask_THD':
../src/THD_Meter.c:100:12: warning: unused variable 'buf_rem' [-Wunused-variable]
  short int buf_rem[QUEUE_LEN_IN];
            ^
../src/THD_Meter.c: In function 'main':
../src/THD_Meter.c:188:13: warning: unused variable 'j' [-Wunused-variable]
  uint16_t i,j;
             ^
../src/THD_Meter.c:188:11: warning: unused variable 'i' [-Wunused-variable]
  uint16_t i,j;
           ^
Finished building: ../src/THD_Meter.c
 
Building target: THD_Meter_RTOS.axf
Invoking: MCU Linker
arm-none-eabi-gcc -nostdlib -L"/media/pablo/Disco_Auxiliar/UTN/Git/TD_II/TD_II/workspace/lpc_myboard_1769/Debug" -L"/media/pablo/Disco_Auxiliar/UTN/Git/TD_II/TD_II/workspace/lpc_chip_175x_6x/Debug" -L"/media/pablo/Disco_Auxiliar/UTN/Git/TD_II/TD_II/workspace/CMSIS_DSPLIB_CM3/lib" -L"/media/pablo/Disco_Auxiliar/UTN/Git/TD_II/TD_II/workspace/LibFreeRTOS_8.2.3/Debug" -L"/media/pablo/Disco_Auxiliar/UTN/Git/TD_II/TD_II/workspace/cr_dsplib_cm3/Debug" -Xlinker -Map="THD_Meter_RTOS.map" -Xlinker --gc-sections -Xlinker -print-memory-usage -mcpu=cortex-m3 -mthumb -T "THD_Meter_RTOS_Debug.ld" -o "THD_Meter_RTOS.axf"  ./src/THD_Meter.o ./src/cr_startup_lpc175x_6x.o ./src/crp.o ./src/sysinit.o   -llpc_myboard_1769 -llpc_chip_175x_6x -lCMSIS_DSPLIB_CM3 -lLibFreeRTOS_8.2.3 -lcr_dsplibFFT_cm3 -lcr_dsplib_cm3
Memory region         Used Size  Region Size  %age Used
       MFlash512:       18324 B       512 KB      3.50%
        RamLoc32:       22000 B        32 KB     67.14%
        RamAHB32:          0 GB        32 KB      0.00%
Finished building target: THD_Meter_RTOS.axf
 
make --no-print-directory post-build
Performing post-build steps
arm-none-eabi-size "THD_Meter_RTOS.axf"; # arm-none-eabi-objcopy -v -O binary "THD_Meter_RTOS.axf" "THD_Meter_RTOS.bin" ; # checksum -p LPC1769 -d "THD_Meter_RTOS.bin";
   text	   data	    bss	    dec	    hex	filename
  18320	      4	  21996	  40320	   9d80	THD_Meter_RTOS.axf
 

20:24:01 Build Finished (took 311ms)

