Archive member included to satisfy reference by file (symbol)

D:\UTN\Git\TD_II\TD_II\workspace\lpc_board_nxp_lpcxpresso_1769\Debug\liblpc_board_nxp_lpcxpresso_1769.a(board.o)
                              ./example/src/adc.o (Board_UARTGetChar)
D:\UTN\Git\TD_II\TD_II\workspace\lpc_board_nxp_lpcxpresso_1769\Debug\liblpc_board_nxp_lpcxpresso_1769.a(board_sysinit.o)
                              ./example/src/sysinit.o (Board_SystemInit)
D:\UTN\Git\TD_II\TD_II\workspace\lpc_chip_175x_6x\Debug\liblpc_chip_175x_6x.a(adc_17xx_40xx.o)
                              ./example/src/adc.o (Chip_ADC_Init)
D:\UTN\Git\TD_II\TD_II\workspace\lpc_chip_175x_6x\Debug\liblpc_chip_175x_6x.a(chip_17xx_40xx.o)
                              ./example/src/adc.o (SystemCoreClockUpdate)
D:\UTN\Git\TD_II\TD_II\workspace\lpc_chip_175x_6x\Debug\liblpc_chip_175x_6x.a(clock_17xx_40xx.o)
                              D:\UTN\Git\TD_II\TD_II\workspace\lpc_chip_175x_6x\Debug\liblpc_chip_175x_6x.a(chip_17xx_40xx.o) (Chip_Clock_EnablePLL)
D:\UTN\Git\TD_II\TD_II\workspace\lpc_chip_175x_6x\Debug\liblpc_chip_175x_6x.a(gpdma_17xx_40xx.o)
                              ./example/src/adc.o (Chip_GPDMA_Init)
D:\UTN\Git\TD_II\TD_II\workspace\lpc_chip_175x_6x\Debug\liblpc_chip_175x_6x.a(i2s_17xx_40xx.o)
                              D:\UTN\Git\TD_II\TD_II\workspace\lpc_board_nxp_lpcxpresso_1769\Debug\liblpc_board_nxp_lpcxpresso_1769.a(board.o) (Chip_I2S_Init)
D:\UTN\Git\TD_II\TD_II\workspace\lpc_chip_175x_6x\Debug\liblpc_chip_175x_6x.a(iocon_17xx_40xx.o)
                              D:\UTN\Git\TD_II\TD_II\workspace\lpc_board_nxp_lpcxpresso_1769\Debug\liblpc_board_nxp_lpcxpresso_1769.a(board.o) (Chip_IOCON_PinMux)
D:\UTN\Git\TD_II\TD_II\workspace\lpc_chip_175x_6x\Debug\liblpc_chip_175x_6x.a(sysinit_17xx_40xx.o)
                              D:\UTN\Git\TD_II\TD_II\workspace\lpc_board_nxp_lpcxpresso_1769\Debug\liblpc_board_nxp_lpcxpresso_1769.a(board_sysinit.o) (Chip_SetupXtalClocking)
D:\UTN\Git\TD_II\TD_II\workspace\lpc_chip_175x_6x\Debug\liblpc_chip_175x_6x.a(uart_17xx_40xx.o)
                              D:\UTN\Git\TD_II\TD_II\workspace\lpc_board_nxp_lpcxpresso_1769\Debug\liblpc_board_nxp_lpcxpresso_1769.a(board.o) (Chip_UART_Init)
D:\UTN\Git\TD_II\TD_II\workspace\lpc_chip_175x_6x\Debug\liblpc_chip_175x_6x.a(ring_buffer.o)
                              D:\UTN\Git\TD_II\TD_II\workspace\lpc_chip_175x_6x\Debug\liblpc_chip_175x_6x.a(uart_17xx_40xx.o) (RingBuffer_Insert)
c:/nxp/lpcxpresso_8.2.2_650/lpcxpresso/tools/bin/../lib/gcc/arm-none-eabi/5.4.1/../../../../arm-none-eabi/lib/armv7-m\libcr_nohost.a(_cr__main.o)
                              ./example/src/cr_startup_lpc175x_6x.o (__main)
c:/nxp/lpcxpresso_8.2.2_650/lpcxpresso/tools/bin/../lib/gcc/arm-none-eabi/5.4.1/../../../../arm-none-eabi/lib/armv7-m\libcr_c.a(memcpy.o)
                              D:\UTN\Git\TD_II\TD_II\workspace\lpc_board_nxp_lpcxpresso_1769\Debug\liblpc_board_nxp_lpcxpresso_1769.a(board.o) (memcpy)
c:/nxp/lpcxpresso_8.2.2_650/lpcxpresso/tools/bin/../lib/gcc/arm-none-eabi/5.4.1/../../../../arm-none-eabi/lib/armv7-m\libcr_c.a(fpprintf.o)
                              ./example/src/adc.o (printf)
c:/nxp/lpcxpresso_8.2.2_650/lpcxpresso/tools/bin/../lib/gcc/arm-none-eabi/5.4.1/../../../../arm-none-eabi/lib/armv7-m\libcr_c.a(initio.o)
                              c:/nxp/lpcxpresso_8.2.2_650/lpcxpresso/tools/bin/../lib/gcc/arm-none-eabi/5.4.1/../../../../arm-none-eabi/lib/armv7-m\libcr_nohost.a(_cr__main.o) (_initio)
c:/nxp/lpcxpresso_8.2.2_650/lpcxpresso/tools/bin/../lib/gcc/arm-none-eabi/5.4.1/../../../../arm-none-eabi/lib/armv7-m\libcr_c.a(printf.o)
                              c:/nxp/lpcxpresso_8.2.2_650/lpcxpresso/tools/bin/../lib/gcc/arm-none-eabi/5.4.1/../../../../arm-none-eabi/lib/armv7-m\libcr_c.a(fpprintf.o) (__vfprintf)
c:/nxp/lpcxpresso_8.2.2_650/lpcxpresso/tools/bin/../lib/gcc/arm-none-eabi/5.4.1/../../../../arm-none-eabi/lib/armv7-m\libcr_c.a(setvbuf.o)
                              c:/nxp/lpcxpresso_8.2.2_650/lpcxpresso/tools/bin/../lib/gcc/arm-none-eabi/5.4.1/../../../../arm-none-eabi/lib/armv7-m\libcr_c.a(initio.o) (setvbuf)
c:/nxp/lpcxpresso_8.2.2_650/lpcxpresso/tools/bin/../lib/gcc/arm-none-eabi/5.4.1/../../../../arm-none-eabi/lib/armv7-m\libcr_c.a(stdio.o)
                              c:/nxp/lpcxpresso_8.2.2_650/lpcxpresso/tools/bin/../lib/gcc/arm-none-eabi/5.4.1/../../../../arm-none-eabi/lib/armv7-m\libcr_c.a(fpprintf.o) (__Ciob)
c:/nxp/lpcxpresso_8.2.2_650/lpcxpresso/tools/bin/../lib/gcc/arm-none-eabi/5.4.1/../../../../arm-none-eabi/lib/armv7-m\libcr_c.a(strlen.o)
                              c:/nxp/lpcxpresso_8.2.2_650/lpcxpresso/tools/bin/../lib/gcc/arm-none-eabi/5.4.1/../../../../arm-none-eabi/lib/armv7-m\libcr_c.a(printf.o) (strlen)
c:/nxp/lpcxpresso_8.2.2_650/lpcxpresso/tools/bin/../lib/gcc/arm-none-eabi/5.4.1/../../../../arm-none-eabi/lib/armv7-m\libcr_c.a(memset.o)
[...]
Memory Configuration

Name             Origin             Length             Attributes
MFlash512        0x00000000         0x00080000         xr
RamLoc32         0x10000000         0x00008000         xrw
RamAHB32         0x2007c000         0x00008000         xrw
*default*        0x00000000         0xffffffff

Linker script and memory map

LOAD ./example/src/adc.o
LOAD ./example/src/cr_startup_lpc175x_6x.o
LOAD ./example/src/sysinit.o
LOAD D:\UTN\Git\TD_II\TD_II\workspace\lpc_board_nxp_lpcxpresso_1769\Debug\liblpc_board_nxp_lpcxpresso_1769.a
LOAD D:\UTN\Git\TD_II\TD_II\workspace\lpc_chip_175x_6x\Debug\liblpc_chip_175x_6x.a
START GROUP
LOAD c:/nxp/lpcxpresso_8.2.2_650/lpcxpresso/tools/bin/../lib/gcc/arm-none-eabi/5.4.1/../../../../arm-none-eabi/lib/armv7-m\libcr_nohost.a
LOAD c:/nxp/lpcxpresso_8.2.2_650/lpcxpresso/tools/bin/../lib/gcc/arm-none-eabi/5.4.1/../../../../arm-none-eabi/lib/armv7-m\libcr_c.a
LOAD c:/nxp/lpcxpresso_8.2.2_650/lpcxpresso/tools/bin/../lib/gcc/arm-none-eabi/5.4.1/armv7-m\libcr_eabihelpers.a
END GROUP
                0x00000000                __base_MFlash512 = 0x0
                0x00000000                __base_Flash = 0x0
                0x00080000                __top_MFlash512 = 0x80000
                0x00080000                __top_Flash = 0x80000
                0x10000000                __base_RamLoc32 = 0x10000000
                0x10000000                __base_RAM = 0x10000000
                0x10008000                __top_RamLoc32 = 0x10008000
                0x10008000                __top_RAM = 0x10008000
                0x2007c000                __base_RamAHB32 = 0x2007c000
                0x2007c000                __base_RAM2 = 0x2007c000
                0x20084000                __top_RamAHB32 = 0x20084000
                0x20084000                __top_RAM2 = 0x20084000

.text           0x00000000     0x4678
 FILL mask 0xff
                0x00000000                __vectors_start__ = ABSOLUTE (.)
 *(.isr_vector)
 .isr_vector    0x00000000       0xcc ./example/src/cr_startup_lpc175x_6x.o
                0x00000000                g_pfnVectors
                0x000000cc                . = ALIGN (0x4)
                0x000000cc                __section_table_start = .
                0x000000cc                __data_section_table = .
                0x000000cc        0x4 LONG 0x4678 LOADADDR (.data)
                0x000000d0        0x4 LONG 0x10000000 ADDR (.data)
                0x000000d4        0x4 LONG 0x180 SIZEOF (.data)
                0x000000d8        0x4 LONG 0x4678 LOADADDR (.data_RAM2)
                0x000000dc        0x4 LONG 0x2007c000 ADDR (.data_RAM2)
                0x000000e0        0x4 LONG 0x0 SIZEOF (.data_RAM2)
                0x000000e4                __data_section_table_end = .
                0x000000e4                __bss_section_table = .
                0x000000e4        0x4 LONG 0x10000180 ADDR (.bss)
                0x000000e8        0x4 LONG 0x170 SIZEOF (.bss)
                0x000000ec        0x4 LONG 0x2007c000 ADDR (.bss_RAM2)
                0x000000f0        0x4 LONG 0x0 SIZEOF (.bss_RAM2)
                0x000000f4                __bss_section_table_end = .
                0x000000f4                __section_table_end = .
 *(.after_vectors*)
 .after_vectors
                0x000000f4      0x144 ./example/src/cr_startup_lpc175x_6x.o
                0x000000f4                data_init
                0x00000138                bss_init
                0x00000170                ResetISR
                0x000001e8                NMI_Handler
                0x000001f0                HardFault_Handler
                0x000001f8                MemManage_Handler
                0x00000200                BusFault_Handler
                0x00000208                UsageFault_Handler
                0x00000210                SVC_Handler
                0x00000218                DebugMon_Handler
                0x00000220                PendSV_Handler
                0x00000228                SysTick_Handler
                0x00000230                EINT3_IRQHandler
                0x00000230                CANActivity_IRQHandler
                0x00000230                TIMER3_IRQHandler
                0x00000230                UART0_IRQHandler
                0x00000230                UART1_IRQHandler
                0x00000230                EINT2_IRQHandler
                0x00000230                USBActivity_IRQHandler
                0x00000230                IntDefaultHandler
                0x00000230                PLL0_IRQHandler
                0x00000230                I2C0_IRQHandler
                0x00000230                I2C1_IRQHandler
                0x00000230                SSP0_IRQHandler
                0x00000230                I2S_IRQHandler
                0x00000230                I2C2_IRQHandler
                0x00000230                RTC_IRQHandler
                0x00000230                TIMER0_IRQHandler
                0x00000230                SPI_IRQHandler
                0x00000230                RIT_IRQHandler
                0x00000230                EINT1_IRQHandler
                0x00000230                TIMER1_IRQHandler
                0x00000230                UART2_IRQHandler
                0x00000230                SSP1_IRQHandler
                0x00000230                USB_IRQHandler
                0x00000230                BOD_IRQHandler
                0x00000230                PLL1_IRQHandler
                0x00000230                WDT_IRQHandler
                0x00000230                PWM1_IRQHandler
                0x00000230                QEI_IRQHandler
                0x00000230                EINT0_IRQHandler
                0x00000230                ETH_IRQHandler
                0x00000230                CAN_IRQHandler
                0x00000230                TIMER2_IRQHandler
                0x00000230                UART3_IRQHandler
                0x00000230                MCPWM_IRQHandler
 *(.text*)
 .text.NVIC_EnableIRQ
                0x00000238       0x30 ./example/src/adc.o
 .text.NVIC_DisableIRQ
                0x00000268       0x34 ./example/src/adc.o
 .text.NVIC_SetPriority
                0x0000029c       0x54 ./example/src/adc.o
 .text.App_print_ADC_value
                0x000002f0       0x34 ./example/src/adc.o
 .text.App_DMA_Test
                0x00000324       0xfc ./example/src/adc.o
 .text.App_Interrupt_Test
                0x00000420       0x90 ./example/src/adc.o
 .text.App_Polling_Test
                0x000004b0       0x8c ./example/src/adc.o
 .text.ADC_IRQHandler
                0x0000053c       0x68 ./example/src/adc.o
                0x0000053c                ADC_IRQHandler
 .text.DMA_IRQHandler
                0x000005a4       0x38 ./example/src/adc.o
                0x000005a4                DMA_IRQHandler
 .text.main     0x000005dc      0x1ac ./example/src/adc.o
                0x000005dc                main
 .text.SystemInit
                0x00000788       0x24 ./example/src/sysinit.o
                0x00000788                SystemInit
 .text.Chip_IOCON_Init
                0x000007ac       0x18 D:\UTN\Git\TD_II\TD_II\workspace\lpc_board_nxp_lpcxpresso_1769\Debug\liblpc_board_nxp_lpcxpresso_1769.a(board.o)
 .text.Chip_GPIO_Init
                0x000007c4       0x18 D:\UTN\Git\TD_II\TD_II\workspace\lpc_board_nxp_lpcxpresso_1769\Debug\liblpc_board_nxp_lpcxpresso_1769.a(board.o)
 .text.Chip_GPIO_SetPinDIROutput
                0x000007dc       0x38 D:\UTN\Git\TD_II\TD_II\workspace\lpc_board_nxp_lpcxpresso_1769\Debug\liblpc_board_nxp_lpcxpresso_1769.a(board.o)
 .text.Chip_GPIO_SetPinDIRInput
                0x00000814       0x3c D:\UTN\Git\TD_II\TD_II\workspace\lpc_board_nxp_lpcxpresso_1769\Debug\liblpc_board_nxp_lpcxpresso_1769.a(board.o)
 .text.Chip_GPIO_SetPinDIR
                0x00000850       0x44 D:\UTN\Git\TD_II\TD_II\workspace\lpc_board_nxp_lpcxpresso_1769\Debug\liblpc_board_nxp_lpcxpresso_1769.a(board.o)
 .text.Chip_GPIO_WriteDirBit
                0x00000894       0x30 D:\UTN\Git\TD_II\TD_II\workspace\lpc_board_nxp_lpcxpresso_1769\Debug\liblpc_board_nxp_lpcxpresso_1769.a(board.o)
 .text.Chip_UART_SendByte
                0x000008c4       0x1c D:\UTN\Git\TD_II\TD_II\workspace\lpc_board_nxp_lpcxpresso_1769\Debug\liblpc_board_nxp_lpcxpresso_1769.a(board.o)
 .text.Chip_UART_ReadByte
                0x000008e0       0x18 D:\UTN\Git\TD_II\TD_II\workspace\lpc_board_nxp_lpcxpresso_1769\Debug\liblpc_board_nxp_lpcxpresso_1769.a(board.o)
 .text.Chip_UART_ConfigData
                0x000008f8       0x1c D:\UTN\Git\TD_II\TD_II\workspace\lpc_board_nxp_lpcxpresso_1769\Debug\liblpc_board_nxp_lpcxpresso_1769.a(board.o)
 .text.Chip_UART_ReadLineStatus
                0x00000914       0x18 D:\UTN\Git\TD_II\TD_II\workspace\lpc_board_nxp_lpcxpresso_1769\Debug\liblpc_board_nxp_lpcxpresso_1769.a(board.o)
 .text.__sys_write
                0x0000092c       0x38 D:\UTN\Git\TD_II\TD_II\workspace\lpc_board_nxp_lpcxpresso_1769\Debug\liblpc_board_nxp_lpcxpresso_1769.a(board.o)
                0x0000092c                __sys_write
 .text.Board_LED_Init
                0x00000964       0x18 D:\UTN\Git\TD_II\TD_II\workspace\lpc_board_nxp_lpcxpresso_1769\Debug\liblpc_board_nxp_lpcxpresso_1769.a(board.o)
 .text.Board_UART_Init
                0x0000097c       0x14 D:\UTN\Git\TD_II\TD_II\workspace\lpc_board_nxp_lpcxpresso_1769\Debug\liblpc_board_nxp_lpcxpresso_1769.a(board.o)
                0x0000097c                Board_UART_Init
 .text.Board_Debug_Init
                0x00000990       0x30 D:\UTN\Git\TD_II\TD_II\workspace\lpc_board_nxp_lpcxpresso_1769\Debug\liblpc_board_nxp_lpcxpresso_1769.a(board.o)
                0x00000990                Board_Debug_Init
 .text.Board_UARTPutChar
                0x000009c0       0x34 D:\UTN\Git\TD_II\TD_II\workspace\lpc_board_nxp_lpcxpresso_1769\Debug\liblpc_board_nxp_lpcxpresso_1769.a(board.o)
                0x000009c0                Board_UARTPutChar
 .text.Board_UARTGetChar
                0x000009f4       0x2c D:\UTN\Git\TD_II\TD_II\workspace\lpc_board_nxp_lpcxpresso_1769\Debug\liblpc_board_nxp_lpcxpresso_1769.a(board.o)
                0x000009f4                Board_UARTGetChar
 .text.Board_Init
                0x00000a20       0x24 D:\UTN\Git\TD_II\TD_II\workspace\lpc_board_nxp_lpcxpresso_1769\Debug\liblpc_board_nxp_lpcxpresso_1769.a(board.o)
                0x00000a20                Board_Init
 .text.Chip_SYSCTL_SetFLASHAccess
                0x00000a44       0x30 D:\UTN\Git\TD_II\TD_II\workspace\lpc_board_nxp_lpcxpresso_1769\Debug\liblpc_board_nxp_lpcxpresso_1769.a(board_sysinit.o)
 .text.Board_SetupMuxing
                0x00000a74       0x1c D:\UTN\Git\TD_II\TD_II\workspace\lpc_board_nxp_lpcxpresso_1769\Debug\liblpc_board_nxp_lpcxpresso_1769.a(board_sysinit.o)
                0x00000a74                Board_SetupMuxing
 .text.Board_SetupClocking
                0x00000a90       0x14 D:\UTN\Git\TD_II\TD_II\workspace\lpc_board_nxp_lpcxpresso_1769\Debug\liblpc_board_nxp_lpcxpresso_1769.a(board_sysinit.o)
                0x00000a90                Board_SetupClocking
 .text.Board_SystemInit
                0x00000aa4       0x10 D:\UTN\Git\TD_II\TD_II\workspace\lpc_board_nxp_lpcxpresso_1769\Debug\liblpc_board_nxp_lpcxpresso_1769.a(board_sysinit.o)
                0x00000aa4                Board_SystemInit
 .text.getFullConvClk
                0x00000ab4       0x10 D:\UTN\Git\TD_II\TD_II\workspace\lpc_chip_175x_6x\Debug\liblpc_chip_175x_6x.a(adc_17xx_40xx.o)
 .text.getClkDiv
                0x00000ac4       0x4c D:\UTN\Git\TD_II\TD_II\workspace\lpc_chip_175x_6x\Debug\liblpc_chip_175x_6x.a(adc_17xx_40xx.o)
 .text.setStartMode
                0x00000b10       0x2c D:\UTN\Git\TD_II\TD_II\workspace\lpc_chip_175x_6x\Debug\liblpc_chip_175x_6x.a(adc_17xx_40xx.o)
                0x00000b10                setStartMode
 .text.readAdcVal
                0x00000b3c       0x40 D:\UTN\Git\TD_II\TD_II\workspace\lpc_chip_175x_6x\Debug\liblpc_chip_175x_6x.a(adc_17xx_40xx.o)
                0x00000b3c                readAdcVal
 .text.Chip_ADC_Init
                0x00000b7c       0x74 D:\UTN\Git\TD_II\TD_II\workspace\lpc_chip_175x_6x\Debug\liblpc_chip_175x_6x.a(adc_17xx_40xx.o)
                0x00000b7c                Chip_ADC_Init
 .text.Chip_ADC_ReadValue
                0x00000bf0       0x24 D:\UTN\Git\TD_II\TD_II\workspace\lpc_chip_175x_6x\Debug\liblpc_chip_175x_6x.a(adc_17xx_40xx.o)
                0x00000bf0                Chip_ADC_ReadValue
 .text.Chip_ADC_ReadStatus
                0x00000c14       0x78 D:\UTN\Git\TD_II\TD_II\workspace\lpc_chip_175x_6x\Debug\liblpc_chip_175x_6x.a(adc_17xx_40xx.o)
                0x00000c14                Chip_ADC_ReadStatus
 .text.Chip_ADC_Int_SetChannelCmd
                0x00000c8c       0x48 D:\UTN\Git\TD_II\TD_II\workspace\lpc_chip_175x_6x\Debug\liblpc_chip_175x_6x.a(adc_17xx_40xx.o)
                0x00000c8c                Chip_ADC_Int_SetChannelCmd
 .text.Chip_ADC_SetStartMode
                0x00000cd4       0x50 D:\UTN\Git\TD_II\TD_II\workspace\lpc_chip_175x_6x\Debug\liblpc_chip_175x_6x.a(adc_17xx_40xx.o)
                0x00000cd4                Chip_ADC_SetStartMode
 .text.Chip_ADC_SetSampleRate
                0x00000d24       0x50 D:\UTN\Git\TD_II\TD_II\workspace\lpc_chip_175x_6x\Debug\liblpc_chip_175x_6x.a(adc_17xx_40xx.o)
                0x00000d24                Chip_ADC_SetSampleRate
 .text.Chip_ADC_EnableChannel
                0x00000d74       0x54 D:\UTN\Git\TD_II\TD_II\workspace\lpc_chip_175x_6x\Debug\liblpc_chip_175x_6x.a(adc_17xx_40xx.o)
                0x00000d74                Chip_ADC_EnableChannel
 .text.Chip_ADC_SetBurstCmd
                0x00000dc8       0x3c D:\UTN\Git\TD_II\TD_II\workspace\lpc_chip_175x_6x\Debug\liblpc_chip_175x_6x.a(adc_17xx_40xx.o)
                0x00000dc8                Chip_ADC_SetBurstCmd
 .text.SystemCoreClockUpdate
                0x00000e04       0x18 D:\UTN\Git\TD_II\TD_II\workspace\lpc_chip_175x_6x\Debug\liblpc_chip_175x_6x.a(chip_17xx_40xx.o)
                0x00000e04                SystemCoreClockUpdate
 .text.Chip_Clock_IsMainPLLEnabled
                0x00000e1c       0x24 D:\UTN\Git\TD_II\TD_II\workspace\lpc_chip_175x_6x\Debug\liblpc_chip_175x_6x.a(clock_17xx_40xx.o)
 .text.Chip_Clock_IsMainPLLConnected
                0x00000e40       0x24 D:\UTN\Git\TD_II\TD_II\workspace\lpc_chip_175x_6x\Debug\liblpc_chip_175x_6x.a(clock_17xx_40xx.o)
 .text.Chip_Clock_FeedPLL
                0x00000e64       0x34 D:\UTN\Git\TD_II\TD_II\workspace\lpc_chip_175x_6x\Debug\liblpc_chip_175x_6x.a(clock_17xx_40xx.o)
 .text.Chip_Clock_GetMainPLLSource
                0x00000e98       0x20 D:\UTN\Git\TD_II\TD_II\workspace\lpc_chip_175x_6x\Debug\liblpc_chip_175x_6x.a(clock_17xx_40xx.o)
 .text.Chip_Clock_GetMainOscRate
                0x00000eb8       0x14 D:\UTN\Git\TD_II\TD_II\workspace\lpc_chip_175x_6x\Debug\liblpc_chip_175x_6x.a(clock_17xx_40xx.o)
 .text.Chip_Clock_GetIntOscRate
                0x00000ecc       0x14 D:\UTN\Git\TD_II\TD_II\workspace\lpc_chip_175x_6x\Debug\liblpc_chip_175x_6x.a(clock_17xx_40xx.o)
 .text.Chip_Clock_GetRTCOscRate
                0x00000ee0       0x14 D:\UTN\Git\TD_II\TD_II\workspace\lpc_chip_175x_6x\Debug\liblpc_chip_175x_6x.a(clock_17xx_40xx.o)
 .text.Chip_Clock_GetMainPLLInClockRate
                0x00000ef4       0x10 D:\UTN\Git\TD_II\TD_II\workspace\lpc_chip_175x_6x\Debug\liblpc_chip_175x_6x.a(clock_17xx_40xx.o)
 .text.Chip_Clock_EnablePLL
                0x00000f04       0x44 D:\UTN\Git\TD_II\TD_II\workspace\lpc_chip_175x_6x\Debug\liblpc_chip_175x_6x.a(clock_17xx_40xx.o)
                0x00000f04                Chip_Clock_EnablePLL
 .text.Chip_Clock_DisablePLL
                0x00000f48       0x48 D:\UTN\Git\TD_II\TD_II\workspace\lpc_chip_175x_6x\Debug\liblpc_chip_175x_6x.a(clock_17xx_40xx.o)
                0x00000f48                Chip_Clock_DisablePLL
 .text.Chip_Clock_SetupPLL
                0x00000f90       0x5c D:\UTN\Git\TD_II\TD_II\workspace\lpc_chip_175x_6x\Debug\liblpc_chip_175x_6x.a(clock_17xx_40xx.o)
                0x00000f90                Chip_Clock_SetupPLL
 .text.Chip_Clock_EnablePeriphClock
                0x00000fec       0x34 D:\UTN\Git\TD_II\TD_II\workspace\lpc_chip_175x_6x\Debug\liblpc_chip_175x_6x.a(clock_17xx_40xx.o)
                0x00000fec                Chip_Clock_EnablePeriphClock
 .text.Chip_Clock_GetCPUClockSource
                0x00001020       0x24 D:\UTN\Git\TD_II\TD_II\workspace\lpc_chip_175x_6x\Debug\liblpc_chip_175x_6x.a(clock_17xx_40xx.o)
                0x00001020                Chip_Clock_GetCPUClockSource
 .text.Chip_Clock_SetCPUClockDiv
                0x00001044       0x20 D:\UTN\Git\TD_II\TD_II\workspace\lpc_chip_175x_6x\Debug\liblpc_chip_175x_6x.a(clock_17xx_40xx.o)
                0x00001044                Chip_Clock_SetCPUClockDiv
 .text.Chip_Clock_GetCPUClockDiv
                0x00001064       0x1c D:\UTN\Git\TD_II\TD_II\workspace\lpc_chip_175x_6x\Debug\liblpc_chip_175x_6x.a(clock_17xx_40xx.o)
                0x00001064                Chip_Clock_GetCPUClockDiv
 .text.Chip_Clock_GetPCLKDiv
                0x00001080       0x8c D:\UTN\Git\TD_II\TD_II\workspace\lpc_chip_175x_6x\Debug\liblpc_chip_175x_6x.a(clock_17xx_40xx.o)
                0x00001080                Chip_Clock_GetPCLKDiv
 .text.Chip_Clock_GetSYSCLKRate
                0x0000110c       0x44 D:\UTN\Git\TD_II\TD_II\workspace\lpc_chip_175x_6x\Debug\liblpc_chip_175x_6x.a(clock_17xx_40xx.o)
                0x0000110c                Chip_Clock_GetSYSCLKRate
 .text.Chip_Clock_GetMainPLLOutClockRate
                0x00001150       0x54 D:\UTN\Git\TD_II\TD_II\workspace\lpc_chip_175x_6x\Debug\liblpc_chip_175x_6x.a(clock_17xx_40xx.o)
                0x00001150                Chip_Clock_GetMainPLLOutClockRate
 .text.Chip_Clock_GetMainClockRate
                0x000011a4       0x28 D:\UTN\Git\TD_II\TD_II\workspace\lpc_chip_175x_6x\Debug\liblpc_chip_175x_6x.a(clock_17xx_40xx.o)
                0x000011a4                Chip_Clock_GetMainClockRate
 .text.Chip_Clock_GetSystemClockRate
                0x000011cc       0x18 D:\UTN\Git\TD_II\TD_II\workspace\lpc_chip_175x_6x\Debug\liblpc_chip_175x_6x.a(clock_17xx_40xx.o)
                0x000011cc                Chip_Clock_GetSystemClockRate
 .text.Chip_Clock_GetPeripheralClockRate
                0x000011e4       0x28 D:\UTN\Git\TD_II\TD_II\workspace\lpc_chip_175x_6x\Debug\liblpc_chip_175x_6x.a(clock_17xx_40xx.o)
                0x000011e4                Chip_Clock_GetPeripheralClockRate
 .text.configDMAMux
                0x0000120c       0x64 D:\UTN\Git\TD_II\TD_II\workspace\lpc_chip_175x_6x\Debug\liblpc_chip_175x_6x.a(gpdma_17xx_40xx.o)
 .text.makeCtrlWord
                0x00001270      0x124 D:\UTN\Git\TD_II\TD_II\workspace\lpc_chip_175x_6x\Debug\liblpc_chip_175x_6x.a(gpdma_17xx_40xx.o)
                0x00001270                makeCtrlWord
 .text.setupChannel
                0x00001394       0xbc D:\UTN\Git\TD_II\TD_II\workspace\lpc_chip_175x_6x\Debug\liblpc_chip_175x_6x.a(gpdma_17xx_40xx.o)
                0x00001394                setupChannel
 .text.Chip_GPDMA_Init
                0x00001450       0x64 D:\UTN\Git\TD_II\TD_II\workspace\lpc_chip_175x_6x\Debug\liblpc_chip_175x_6x.a(gpdma_17xx_40xx.o)
                0x00001450                Chip_GPDMA_Init
 .text.Chip_GPDMA_Stop
                0x000014b4       0x68 D:\UTN\Git\TD_II\TD_II\workspace\lpc_chip_175x_6x\Debug\liblpc_chip_175x_6x.a(gpdma_17xx_40xx.o)
                0x000014b4                Chip_GPDMA_Stop
 .text.Chip_GPDMA_Interrupt
                0x0000151c       0x6c D:\UTN\Git\TD_II\TD_II\workspace\lpc_chip_175x_6x\Debug\liblpc_chip_175x_6x.a(gpdma_17xx_40xx.o)
                0x0000151c                Chip_GPDMA_Interrupt
 .text.Chip_GPDMA_InitChannelCfg
                0x00001588       0xe0 D:\UTN\Git\TD_II\TD_II\workspace\lpc_chip_175x_6x\Debug\liblpc_chip_175x_6x.a(gpdma_17xx_40xx.o)
                0x00001588                Chip_GPDMA_InitChannelCfg
 .text.Chip_GPDMA_IntGetStatus
                0x00001668       0xbc D:\UTN\Git\TD_II\TD_II\workspace\lpc_chip_175x_6x\Debug\liblpc_chip_175x_6x.a(gpdma_17xx_40xx.o)
                0x00001668                Chip_GPDMA_IntGetStatus
 .text.Chip_GPDMA_ClearIntPending
                0x00001724       0x40 D:\UTN\Git\TD_II\TD_II\workspace\lpc_chip_175x_6x\Debug\liblpc_chip_175x_6x.a(gpdma_17xx_40xx.o)
                0x00001724                Chip_GPDMA_ClearIntPending
 .text.Chip_GPDMA_ChannelCmd
                0x00001764       0x48 D:\UTN\Git\TD_II\TD_II\workspace\lpc_chip_175x_6x\Debug\liblpc_chip_175x_6x.a(gpdma_17xx_40xx.o)
                0x00001764                Chip_GPDMA_ChannelCmd
 .text.Chip_GPDMA_Transfer
                0x000017ac       0xf4 D:\UTN\Git\TD_II\TD_II\workspace\lpc_chip_175x_6x\Debug\liblpc_chip_175x_6x.a(gpdma_17xx_40xx.o)
                0x000017ac                Chip_GPDMA_Transfer
 .text.Chip_GPDMA_GetFreeChannel
                0x000018a0       0x58 D:\UTN\Git\TD_II\TD_II\workspace\lpc_chip_175x_6x\Debug\liblpc_chip_175x_6x.a(gpdma_17xx_40xx.o)
                0x000018a0                Chip_GPDMA_GetFreeChannel
 .text.Chip_IOCON_PinMuxSet
                0x000018f8       0x38 D:\UTN\Git\TD_II\TD_II\workspace\lpc_chip_175x_6x\Debug\liblpc_chip_175x_6x.a(iocon_17xx_40xx.o)
                0x000018f8                Chip_IOCON_PinMuxSet
 .text.Chip_IOCON_PinMux
                0x00001930       0x94 D:\UTN\Git\TD_II\TD_II\workspace\lpc_chip_175x_6x\Debug\liblpc_chip_175x_6x.a(iocon_17xx_40xx.o)
                0x00001930                Chip_IOCON_PinMux
 .text.Chip_IOCON_SetPinMuxing
                0x000019c4       0x64 D:\UTN\Git\TD_II\TD_II\workspace\lpc_chip_175x_6x\Debug\liblpc_chip_175x_6x.a(iocon_17xx_40xx.o)
                0x000019c4                Chip_IOCON_SetPinMuxing
 .text.Chip_Clock_IsMainPLLEnabled
                0x00001a28       0x24 D:\UTN\Git\TD_II\TD_II\workspace\lpc_chip_175x_6x\Debug\liblpc_chip_175x_6x.a(sysinit_17xx_40xx.o)
 .text.Chip_Clock_IsMainPLLLocked
                0x00001a4c       0x24 D:\UTN\Git\TD_II\TD_II\workspace\lpc_chip_175x_6x\Debug\liblpc_chip_175x_6x.a(sysinit_17xx_40xx.o)
 .text.Chip_Clock_IsMainPLLConnected
                0x00001a70       0x24 D:\UTN\Git\TD_II\TD_II\workspace\lpc_chip_175x_6x\Debug\liblpc_chip_175x_6x.a(sysinit_17xx_40xx.o)
 .text.Chip_Clock_EnableCrystal
                0x00001a94       0x20 D:\UTN\Git\TD_II\TD_II\workspace\lpc_chip_175x_6x\Debug\liblpc_chip_175x_6x.a(sysinit_17xx_40xx.o)
 .text.Chip_Clock_IsCrystalEnabled
                0x00001ab4       0x24 D:\UTN\Git\TD_II\TD_II\workspace\lpc_chip_175x_6x\Debug\liblpc_chip_175x_6x.a(sysinit_17xx_40xx.o)
 .text.Chip_Clock_SetMainPLLSource
                0x00001ad8       0x20 D:\UTN\Git\TD_II\TD_II\workspace\lpc_chip_175x_6x\Debug\liblpc_chip_175x_6x.a(sysinit_17xx_40xx.o)
 .text.Chip_SetupXtalClocking
                0x00001af8       0x90 D:\UTN\Git\TD_II\TD_II\workspace\lpc_chip_175x_6x\Debug\liblpc_chip_175x_6x.a(sysinit_17xx_40xx.o)
                0x00001af8                Chip_SetupXtalClocking
 .text.Chip_UART_SetupFIFOS
                0x00001b88       0x1c D:\UTN\Git\TD_II\TD_II\workspace\lpc_chip_175x_6x\Debug\liblpc_chip_175x_6x.a(uart_17xx_40xx.o)
 .text.Chip_UART_ConfigData
                0x00001ba4       0x1c D:\UTN\Git\TD_II\TD_II\workspace\lpc_chip_175x_6x\Debug\liblpc_chip_175x_6x.a(uart_17xx_40xx.o)
 .text.Chip_UART_EnableDivisorAccess
                0x00001bc0       0x20 D:\UTN\Git\TD_II\TD_II\workspace\lpc_chip_175x_6x\Debug\liblpc_chip_175x_6x.a(uart_17xx_40xx.o)
 .text.Chip_UART_DisableDivisorAccess
                0x00001be0       0x20 D:\UTN\Git\TD_II\TD_II\workspace\lpc_chip_175x_6x\Debug\liblpc_chip_175x_6x.a(uart_17xx_40xx.o)
 .text.Chip_UART_SetDivisorLatches
                0x00001c00       0x28 D:\UTN\Git\TD_II\TD_II\workspace\lpc_chip_175x_6x\Debug\liblpc_chip_175x_6x.a(uart_17xx_40xx.o)
 .text.Chip_UART_GetClockIndex
                0x00001c28       0x50 D:\UTN\Git\TD_II\TD_II\workspace\lpc_chip_175x_6x\Debug\liblpc_chip_175x_6x.a(uart_17xx_40xx.o)
 .text.Chip_UART_GetClkIndex
                0x00001c78       0x50 D:\UTN\Git\TD_II\TD_II\workspace\lpc_chip_175x_6x\Debug\liblpc_chip_175x_6x.a(uart_17xx_40xx.o)
 .text.Chip_UART_Init
                0x00001cc8       0x78 D:\UTN\Git\TD_II\TD_II\workspace\lpc_chip_175x_6x\Debug\liblpc_chip_175x_6x.a(uart_17xx_40xx.o)
                0x00001cc8                Chip_UART_Init
 .text.Chip_UART_TXEnable
                0x00001d40       0x18 D:\UTN\Git\TD_II\TD_II\workspace\lpc_chip_175x_6x\Debug\liblpc_chip_175x_6x.a(uart_17xx_40xx.o)
                0x00001d40                Chip_UART_TXEnable
 .text.Chip_UART_TXDisable
                0x00001d58       0x18 D:\UTN\Git\TD_II\TD_II\workspace\lpc_chip_175x_6x\Debug\liblpc_chip_175x_6x.a(uart_17xx_40xx.o)
                0x00001d58                Chip_UART_TXDisable
 .text.Chip_UART_SetBaud
                0x00001d70       0x64 D:\UTN\Git\TD_II\TD_II\workspace\lpc_chip_175x_6x\Debug\liblpc_chip_175x_6x.a(uart_17xx_40xx.o)
                0x00001d70                Chip_UART_SetBaud
 .text.__main   0x00001dd4       0x14 c:/nxp/lpcxpresso_8.2.2_650/lpcxpresso/tools/bin/../lib/gcc/arm-none-eabi/5.4.1/../../../../arm-none-eabi/lib/armv7-m\libcr_nohost.a(_cr__main.o)
                0x00001dd4                __main
 .text.fp_round
                0x00001de8       0x4c c:/nxp/lpcxpresso_8.2.2_650/lpcxpresso/tools/bin/../lib/gcc/arm-none-eabi/5.4.1/../../../../arm-none-eabi/lib/armv7-m\libcr_c.a(fpprintf.o)
 .text.pr_dec.constprop.1
                0x00001e34       0x26 c:/nxp/lpcxpresso_8.2.2_650/lpcxpresso/tools/bin/../lib/gcc/arm-none-eabi/5.4.1/../../../../arm-none-eabi/lib/armv7-m\libcr_c.a(fpprintf.o)
 *fill*         0x00001e5a        0x2 ff
 .text.sprintf  0x00001e5c       0x6c c:/nxp/lpcxpresso_8.2.2_650/lpcxpresso/tools/bin/../lib/gcc/arm-none-eabi/5.4.1/../../../../arm-none-eabi/lib/armv7-m\libcr_c.a(fpprintf.o)
                0x00001e5c                sprintf
 .text.fp_display
                0x00001ec8      0x8ec c:/nxp/lpcxpresso_8.2.2_650/lpcxpresso/tools/bin/../lib/gcc/arm-none-eabi/5.4.1/../../../../arm-none-eabi/lib/armv7-m\libcr_c.a(fpprintf.o)
 .text.vsnprintf
                0x000027b4       0x5c c:/nxp/lpcxpresso_8.2.2_650/lpcxpresso/tools/bin/../lib/gcc/arm-none-eabi/5.4.1/../../../../arm-none-eabi/lib/armv7-m\libcr_c.a(fpprintf.o)
                0x000027b4                vsnprintf
 .text.printf   0x00002810       0x54 c:/nxp/lpcxpresso_8.2.2_650/lpcxpresso/tools/bin/../lib/gcc/arm-none-eabi/5.4.1/../../../../arm-none-eabi/lib/armv7-m\libcr_c.a(fpprintf.o)
                0x00002810                printf
 .text._initio  0x00002864       0xa4 c:/nxp/lpcxpresso_8.2.2_650/lpcxpresso/tools/bin/../lib/gcc/arm-none-eabi/5.4.1/../../../../arm-none-eabi/lib/armv7-m\libcr_c.a(initio.o)
                0x00002864                _initio
 .text.__vfprintf
                0x00002908      0xd28 c:/nxp/lpcxpresso_8.2.2_650/lpcxpresso/tools/bin/../lib/gcc/arm-none-eabi/5.4.1/../../../../arm-none-eabi/lib/armv7-m\libcr_c.a(printf.o)
                0x00002908                __vfprintf
 .text.setvbuf  0x00003630       0x40 c:/nxp/lpcxpresso_8.2.2_650/lpcxpresso/tools/bin/../lib/gcc/arm-none-eabi/5.4.1/../../../../arm-none-eabi/lib/armv7-m\libcr_c.a(setvbuf.o)
                0x00003630                setvbuf
 .text.strlen   0x00003670       0x4a c:/nxp/lpcxpresso_8.2.2_650/lpcxpresso/tools/bin/../lib/gcc/arm-none-eabi/5.4.1/../../../../arm-none-eabi/lib/armv7-m\libcr_c.a(strlen.o)
                0x00003670                strlen
 .text.memset   0x000036ba        0x4 c:/nxp/lpcxpresso_8.2.2_650/lpcxpresso/tools/bin/../lib/gcc/arm-none-eabi/5.4.1/../../../../arm-none-eabi/lib/armv7-m\libcr_c.a(memset.o)
                0x000036ba                memset
 .text._deferredlazyseek
                0x000036be       0x44 c:/nxp/lpcxpresso_8.2.2_650/lpcxpresso/tools/bin/../lib/gcc/arm-none-eabi/5.4.1/../../../../arm-none-eabi/lib/armv7-m\libcr_c.a(_deferredlazyseek.o)
                0x000036be                _deferredlazyseek
 .text.__flsbuf
                0x00003702      0x140 c:/nxp/lpcxpresso_8.2.2_650/lpcxpresso/tools/bin/../lib/gcc/arm-none-eabi/5.4.1/../../../../arm-none-eabi/lib/armv7-m\libcr_c.a(_deferredlazyseek.o)
                0x00003702                __flsbuf
 .text._fdopen  0x00003842       0x6a c:/nxp/lpcxpresso_8.2.2_650/lpcxpresso/tools/bin/../lib/gcc/arm-none-eabi/5.4.1/../../../../arm-none-eabi/lib/armv7-m\libcr_c.a(_fdopen.o)
                0x00003842                _fdopen
 .text._fflush  0x000038ac       0x58 c:/nxp/lpcxpresso_8.2.2_650/lpcxpresso/tools/bin/../lib/gcc/arm-none-eabi/5.4.1/../../../../arm-none-eabi/lib/armv7-m\libcr_c.a(_fflush.o)
                0x000038ac                _fflush
 .text._frexpl  0x00003904       0x5a c:/nxp/lpcxpresso_8.2.2_650/lpcxpresso/tools/bin/../lib/gcc/arm-none-eabi/5.4.1/../../../../arm-none-eabi/lib/armv7-m\libcr_c.a(_frexpl.o)
                0x00003904                _frexpl
 *fill*         0x0000395e        0x2 ff
 .text._ldexpl  0x00003960       0x4c c:/nxp/lpcxpresso_8.2.2_650/lpcxpresso/tools/bin/../lib/gcc/arm-none-eabi/5.4.1/../../../../arm-none-eabi/lib/armv7-m\libcr_c.a(_ldexpl.o)
                0x00003960                _ldexpl
 .text._Cwritebuf
                0x000039ac       0x68 c:/nxp/lpcxpresso_8.2.2_650/lpcxpresso/tools/bin/../lib/gcc/arm-none-eabi/5.4.1/../../../../arm-none-eabi/lib/armv7-m\libcr_c.a(_writebuf.o)
                0x000039ac                _Cwritebuf
 .text.malloc   0x00003a14       0xc8 c:/nxp/lpcxpresso_8.2.2_650/lpcxpresso/tools/bin/../lib/gcc/arm-none-eabi/5.4.1/../../../../arm-none-eabi/lib/armv7-m\libcr_c.a(alloc.o)
                0x00003a14                malloc
 .text.free     0x00003adc       0x30 c:/nxp/lpcxpresso_8.2.2_650/lpcxpresso/tools/bin/../lib/gcc/arm-none-eabi/5.4.1/../../../../arm-none-eabi/lib/armv7-m\libcr_c.a(alloc.o)
                0x00003adc                free
 .text._Csys_alloc
                0x00003b0c       0x20 c:/nxp/lpcxpresso_8.2.2_650/lpcxpresso/tools/bin/../lib/gcc/arm-none-eabi/5.4.1/../../../../arm-none-eabi/lib/armv7-m\libcr_c.a(alloc.o)
                0x00003b0c                _Csys_alloc
 .text.fclose   0x00003b2c       0x6c c:/nxp/lpcxpresso_8.2.2_650/lpcxpresso/tools/bin/../lib/gcc/arm-none-eabi/5.4.1/../../../../arm-none-eabi/lib/armv7-m\libcr_c.a(fclose.o)
                0x00003b2c                fclose
 .text.fflush   0x00003b98       0x30 c:/nxp/lpcxpresso_8.2.2_650/lpcxpresso/tools/bin/../lib/gcc/arm-none-eabi/5.4.1/../../../../arm-none-eabi/lib/armv7-m\libcr_c.a(fflush.o)
                0x00003b98                fflush
 .text.fseek    0x00003bc8      0x110 c:/nxp/lpcxpresso_8.2.2_650/lpcxpresso/tools/bin/../lib/gcc/arm-none-eabi/5.4.1/../../../../arm-none-eabi/lib/armv7-m\libcr_c.a(fseek.o)
                0x00003bc8                fseek
 .text.ftell    0x00003cd8       0x4c c:/nxp/lpcxpresso_8.2.2_650/lpcxpresso/tools/bin/../lib/gcc/arm-none-eabi/5.4.1/../../../../arm-none-eabi/lib/armv7-m\libcr_c.a(ftell.o)
                0x00003cd8                ftell
 .text.remove   0x00003d24       0x14 c:/nxp/lpcxpresso_8.2.2_650/lpcxpresso/tools/bin/../lib/gcc/arm-none-eabi/5.4.1/../../../../arm-none-eabi/lib/armv7-m\libcr_c.a(remove.o)
                0x00003d24                remove
 .text._sbrk    0x00003d38       0x40 c:/nxp/lpcxpresso_8.2.2_650/lpcxpresso/tools/bin/../lib/gcc/arm-none-eabi/5.4.1/../../../../arm-none-eabi/lib/armv7-m\libcr_c.a(_cr_sbrk.o)
                0x00003d38                _sbrk
 .text._do_fflush
                0x00003d78       0x44 c:/nxp/lpcxpresso_8.2.2_650/lpcxpresso/tools/bin/../lib/gcc/arm-none-eabi/5.4.1/../../../../arm-none-eabi/lib/armv7-m\libcr_c.a(_do_fflush.o)
                0x00003d78                _do_fflush
 .text.__check_heap_overflow
                0x00003dbc       0x18 c:/nxp/lpcxpresso_8.2.2_650/lpcxpresso/tools/bin/../lib/gcc/arm-none-eabi/5.4.1/../../../../arm-none-eabi/lib/armv7-m\libcr_c.a(_cr_check_heap.o)
                0x00003dbc                __check_heap_overflow
 .text.__aeabi_dmul
                0x00003dd4      0x110 c:/nxp/lpcxpresso_8.2.2_650/lpcxpresso/tools/bin/../lib/gcc/arm-none-eabi/5.4.1/armv7-m\libcr_eabihelpers.a(double.o)
                0x00003dd4                __aeabi_dmul
 .text.__aeabi_ddiv
                0x00003ee4      0x138 c:/nxp/lpcxpresso_8.2.2_650/lpcxpresso/tools/bin/../lib/gcc/arm-none-eabi/5.4.1/armv7-m\libcr_eabihelpers.a(double.o)
                0x00003ee4                __aeabi_ddiv
 .text.__aeabi_dsub
                0x0000401c      0x1a0 c:/nxp/lpcxpresso_8.2.2_650/lpcxpresso/tools/bin/../lib/gcc/arm-none-eabi/5.4.1/armv7-m\libcr_eabihelpers.a(double.o)
                0x0000401c                __aeabi_dsub
 .text.__aeabi_dadd
                0x000041bc      0x10c c:/nxp/lpcxpresso_8.2.2_650/lpcxpresso/tools/bin/../lib/gcc/arm-none-eabi/5.4.1/armv7-m\libcr_eabihelpers.a(double.o)
                0x000041bc                __aeabi_dadd
 .text.__aeabi_d2iz
                0x000042c8       0x40 c:/nxp/lpcxpresso_8.2.2_650/lpcxpresso/tools/bin/../lib/gcc/arm-none-eabi/5.4.1/armv7-m\libcr_eabihelpers.a(double.o)
                0x000042c8                __aeabi_d2iz
 .text.__bhs_ui2d
                0x00004308       0x46 c:/nxp/lpcxpresso_8.2.2_650/lpcxpresso/tools/bin/../lib/gcc/arm-none-eabi/5.4.1/armv7-m\libcr_eabihelpers.a(double.o)
                0x00004308                __bhs_ui2d
 .text.__aeabi_i2d
                0x0000434e       0x10 c:/nxp/lpcxpresso_8.2.2_650/lpcxpresso/tools/bin/../lib/gcc/arm-none-eabi/5.4.1/armv7-m\libcr_eabihelpers.a(double.o)
                0x0000434e                __aeabi_i2d
 .text.__aeabi_dcmpeq
                0x0000435e       0x2c c:/nxp/lpcxpresso_8.2.2_650/lpcxpresso/tools/bin/../lib/gcc/arm-none-eabi/5.4.1/armv7-m\libcr_eabihelpers.a(double.o)
                0x0000435e                __aeabi_dcmpeq
 .text.__aeabi_dcmplt
                0x0000438a       0x54 c:/nxp/lpcxpresso_8.2.2_650/lpcxpresso/tools/bin/../lib/gcc/arm-none-eabi/5.4.1/armv7-m\libcr_eabihelpers.a(double.o)
                0x0000438a                __aeabi_dcmplt
 .text.__aeabi_dcmple
                0x000043de       0x54 c:/nxp/lpcxpresso_8.2.2_650/lpcxpresso/tools/bin/../lib/gcc/arm-none-eabi/5.4.1/armv7-m\libcr_eabihelpers.a(double.o)
                0x000043de                __aeabi_dcmple
 .text.__aeabi_dcmpge
                0x00004432       0x54 c:/nxp/lpcxpresso_8.2.2_650/lpcxpresso/tools/bin/../lib/gcc/arm-none-eabi/5.4.1/armv7-m\libcr_eabihelpers.a(double.o)
                0x00004432                __aeabi_dcmpge
 .text.__aeabi_memset_lowlevel
                0x00004486       0x32 c:/nxp/lpcxpresso_8.2.2_650/lpcxpresso/tools/bin/../lib/gcc/arm-none-eabi/5.4.1/armv7-m\libcr_eabihelpers.a(memcpy.o)
                0x00004486                __aeabi_lowlevel_memset
 .text.__sys_appexit
                0x000044b8        0x2 c:/nxp/lpcxpresso_8.2.2_650/lpcxpresso/tools/bin/../lib/gcc/arm-none-eabi/5.4.1/../../../../arm-none-eabi/lib/armv7-m\libcr_nohost.a(__sys_appexit.o)
                0x000044b8                __sys_appexit
                0x000044b8                __exit
 .text.__sys_close
                0x000044ba        0x6 c:/nxp/lpcxpresso_8.2.2_650/lpcxpresso/tools/bin/../lib/gcc/arm-none-eabi/5.4.1/../../../../arm-none-eabi/lib/armv7-m\libcr_nohost.a(__sys_close.o)
                0x000044ba                __sys_close
 .text.__sys_flen
                0x000044c0        0x6 c:/nxp/lpcxpresso_8.2.2_650/lpcxpresso/tools/bin/../lib/gcc/arm-none-eabi/5.4.1/../../../../arm-none-eabi/lib/armv7-m\libcr_nohost.a(__sys_flen.o)
                0x000044c0                __sys_flen
 .text.__sys_istty
                0x000044c6        0x6 c:/nxp/lpcxpresso_8.2.2_650/lpcxpresso/tools/bin/../lib/gcc/arm-none-eabi/5.4.1/../../../../arm-none-eabi/lib/armv7-m\libcr_nohost.a(__sys_istty.o)
                0x000044c6                __sys_istty
 .text.__sys_remove
                0x000044cc        0x6 c:/nxp/lpcxpresso_8.2.2_650/lpcxpresso/tools/bin/../lib/gcc/arm-none-eabi/5.4.1/../../../../arm-none-eabi/lib/armv7-m\libcr_nohost.a(__sys_remove.o)
                0x000044cc                __sys_remove
 .text.__sys_seek
                0x000044d2        0x6 c:/nxp/lpcxpresso_8.2.2_650/lpcxpresso/tools/bin/../lib/gcc/arm-none-eabi/5.4.1/../../../../arm-none-eabi/lib/armv7-m\libcr_nohost.a(__sys_seek.o)
                0x000044d2                __sys_seek
 .text.__sys_tmpnam
                0x000044d8        0x6 c:/nxp/lpcxpresso_8.2.2_650/lpcxpresso/tools/bin/../lib/gcc/arm-none-eabi/5.4.1/../../../../arm-none-eabi/lib/armv7-m\libcr_nohost.a(__sys_tmpnam.o)
                0x000044d8                __sys_tmpnam
 *(.rodata .rodata.* .constdata .constdata.*)
 *fill*         0x000044de        0x2 ff
 .rodata        0x000044e0       0x76 ./example/src/adc.o
 *fill*         0x00004556        0x2 ff
 .rodata.OscRateIn
                0x00004558        0x4 D:\UTN\Git\TD_II\TD_II\workspace\lpc_board_nxp_lpcxpresso_1769\Debug\liblpc_board_nxp_lpcxpresso_1769.a(board.o)
                0x00004558                OscRateIn
 .rodata.RTCOscRateIn
                0x0000455c        0x4 D:\UTN\Git\TD_II\TD_II\workspace\lpc_board_nxp_lpcxpresso_1769\Debug\liblpc_board_nxp_lpcxpresso_1769.a(board.o)
                0x0000455c                RTCOscRateIn
 .rodata.pinmuxing
                0x00004560       0x5c D:\UTN\Git\TD_II\TD_II\workspace\lpc_board_nxp_lpcxpresso_1769\Debug\liblpc_board_nxp_lpcxpresso_1769.a(board_sysinit.o)
 .rodata.GPDMA_LUTPerBurst
                0x000045bc       0x18 D:\UTN\Git\TD_II\TD_II\workspace\lpc_chip_175x_6x\Debug\liblpc_chip_175x_6x.a(gpdma_17xx_40xx.o)
                0x000045bc                GPDMA_LUTPerBurst
 .rodata.GPDMA_LUTPerWid
                0x000045d4       0x18 D:\UTN\Git\TD_II\TD_II\workspace\lpc_chip_175x_6x\Debug\liblpc_chip_175x_6x.a(gpdma_17xx_40xx.o)
                0x000045d4                GPDMA_LUTPerWid
 .rodata.str1.1
                0x000045ec       0x34 c:/nxp/lpcxpresso_8.2.2_650/lpcxpresso/tools/bin/../lib/gcc/arm-none-eabi/5.4.1/../../../../arm-none-eabi/lib/armv7-m\libcr_c.a(fpprintf.o)
                                 0x35 (size before relaxing)
 .rodata.str1.1
                0x00004620        0x4 c:/nxp/lpcxpresso_8.2.2_650/lpcxpresso/tools/bin/../lib/gcc/arm-none-eabi/5.4.1/../../../../arm-none-eabi/lib/armv7-m\libcr_c.a(initio.o)
 .rodata.str1.1
                0x00004624       0x31 c:/nxp/lpcxpresso_8.2.2_650/lpcxpresso/tools/bin/../lib/gcc/arm-none-eabi/5.4.1/../../../../arm-none-eabi/lib/armv7-m\libcr_c.a(printf.o)
                                 0x38 (size before relaxing)
 .rodata.str1.1
                0x00004655       0x18 c:/nxp/lpcxpresso_8.2.2_650/lpcxpresso/tools/bin/../lib/gcc/arm-none-eabi/5.4.1/../../../../arm-none-eabi/lib/armv7-m\libcr_c.a(alloc.o)
 *fill*         0x0000466d        0x3 ff
 .rodata.__huge_vall
                0x00004670        0x8 c:/nxp/lpcxpresso_8.2.2_650/lpcxpresso/tools/bin/../lib/gcc/arm-none-eabi/5.4.1/../../../../arm-none-eabi/lib/armv7-m\libcr_c.a(_hugeval.o)
                0x00004670                __huge_vall
                0x00004678                . = ALIGN (0x4)

.glue_7         0x00004678        0x0
 .glue_7        0x00004678        0x0 linker stubs

.glue_7t        0x00004678        0x0
 .glue_7t       0x00004678        0x0 linker stubs

.vfp11_veneer   0x00004678        0x0
 .vfp11_veneer  0x00004678        0x0 linker stubs

.v4_bx          0x00004678        0x0
 .v4_bx         0x00004678        0x0 linker stubs

.iplt           0x00004678        0x0
 .iplt          0x00004678        0x0 ./example/src/adc.o

.rel.dyn        0x00004678        0x0
 .rel.iplt      0x00004678        0x0 ./example/src/adc.o

.ARM.extab
 *(.ARM.extab* .gnu.linkonce.armextab.*)
                0x00004678                __exidx_start = .

.ARM.exidx
 *(.ARM.exidx* .gnu.linkonce.armexidx.*)
                0x00004678                __exidx_end = .
                0x00004678                _etext = .

.data_RAM2      0x2007c000        0x0 load address 0x00004678
 FILL mask 0xff
                [!provide]                PROVIDE (__start_data_RAM2, .)
 *(.ramfunc.$RAM2)
 *(.ramfunc.$RamAHB32)
 *(.data.$RAM2*)
 *(.data.$RamAHB32*)
                0x2007c000                . = ALIGN (0x4)
                [!provide]                PROVIDE (__end_data_RAM2, .)

.uninit_RESERVED
                0x10000000        0x0
 *(.bss.$RESERVED*)
                0x10000000                . = ALIGN (0x4)
                0x10000000                _end_uninit_RESERVED = .

.data           0x10000000      0x180 load address 0x00004678
 FILL mask 0xff
                0x10000000                _data = .
 *(vtable)
 *(.ramfunc*)
 *(.data*)
 .data.WelcomeMenu
                0x10000000       0xb6 ./example/src/adc.o
 *fill*         0x100000b6        0x2 ff
 .data.SelectMenu
                0x100000b8       0x68 ./example/src/adc.o
 .data.GPDMA_LUTPerAddr
                0x10000120       0x60 D:\UTN\Git\TD_II\TD_II\workspace\lpc_chip_175x_6x\Debug\liblpc_chip_175x_6x.a(gpdma_17xx_40xx.o)
                0x10000120                GPDMA_LUTPerAddr
                0x10000180                . = ALIGN (0x4)
                0x10000180                _edata = .

.igot.plt       0x10000180        0x0 load address 0x000047f8
 .igot.plt      0x10000180        0x0 ./example/src/adc.o

.bss_RAM2       0x2007c000        0x0
                [!provide]                PROVIDE (__start_bss_RAM2, .)
 *(.bss.$RAM2*)
 *(.bss.$RamAHB32*)
                0x2007c000                . = ALIGN ((. != 0x0)?0x4:0x1)
                [!provide]                PROVIDE (__end_bss_RAM2, .)

.bss            0x10000180      0x170
                0x10000180                _bss = .
 *(.bss*)
 .bss.ADCSetup  0x10000180        0x8 ./example/src/adc.o
 .bss.Burst_Mode_Flag
                0x10000188        0x1 ./example/src/adc.o
 .bss.Interrupt_Continue_Flag
                0x10000189        0x1 ./example/src/adc.o
 .bss.ADC_Interrupt_Done_Flag
                0x1000018a        0x1 ./example/src/adc.o
 .bss.channelTC
                0x1000018b        0x1 ./example/src/adc.o
 .bss.dmaChannelNum
                0x1000018c        0x1 ./example/src/adc.o
 *fill*         0x1000018d        0x3 
 .bss.ChannelHandlerArray
                0x10000190        0x8 D:\UTN\Git\TD_II\TD_II\workspace\lpc_chip_175x_6x\Debug\liblpc_chip_175x_6x.a(gpdma_17xx_40xx.o)
 .bss._extra    0x10000198        0x4 c:/nxp/lpcxpresso_8.2.2_650/lpcxpresso/tools/bin/../lib/gcc/arm-none-eabi/5.4.1/../../../../arm-none-eabi/lib/armv7-m\libcr_c.a(initio.o)
                0x10000198                _extra
 .bss.__Ciob    0x1000019c      0x140 c:/nxp/lpcxpresso_8.2.2_650/lpcxpresso/tools/bin/../lib/gcc/arm-none-eabi/5.4.1/../../../../arm-none-eabi/lib/armv7-m\libcr_c.a(stdio.o)
                0x1000019c                __Ciob
 .bss.errno     0x100002dc        0x4 c:/nxp/lpcxpresso_8.2.2_650/lpcxpresso/tools/bin/../lib/gcc/arm-none-eabi/5.4.1/../../../../arm-none-eabi/lib/armv7-m\libcr_c.a(errno.o)
                0x100002dc                errno
 .bss.__heaps   0x100002e0        0x4 c:/nxp/lpcxpresso_8.2.2_650/lpcxpresso/tools/bin/../lib/gcc/arm-none-eabi/5.4.1/../../../../arm-none-eabi/lib/armv7-m\libcr_c.a(__init_alloc.o)
                0x100002e0                __heaps
 .bss.__end_of_heap
                0x100002e4        0x4 c:/nxp/lpcxpresso_8.2.2_650/lpcxpresso/tools/bin/../lib/gcc/arm-none-eabi/5.4.1/../../../../arm-none-eabi/lib/armv7-m\libcr_c.a(__init_alloc.o)
                0x100002e4                __end_of_heap
 *(COMMON)
 COMMON         0x100002e8        0x4 ./example/src/adc.o
                0x100002e8                DMAbuffer
 COMMON         0x100002ec        0x4 D:\UTN\Git\TD_II\TD_II\workspace\lpc_chip_175x_6x\Debug\liblpc_chip_175x_6x.a(chip_17xx_40xx.o)
                0x100002ec                SystemCoreClock
                0x100002f0                . = ALIGN (0x4)
                0x100002f0                _ebss = .
                [!provide]                PROVIDE (end, .)

.noinit_RAM2    0x2007c000        0x0
 *(.noinit.$RAM2*)
 *(.noinit.$RamAHB32*)
                0x2007c000                . = ALIGN (0x4)

.noinit         0x100002f0        0x0
                0x100002f0                _noinit = .
 *(.noinit*)
                0x100002f0                . = ALIGN (0x4)
                0x100002f0                _end_noinit = .
                0x100002f0                PROVIDE (_pvHeapStart, DEFINED (__user_heap_base)?__user_heap_base:.)
                0x10008000                PROVIDE (_vStackTop, DEFINED (__user_stack_top)?__user_stack_top:(__top_RamLoc32 - 0x0))
                [!provide]                PROVIDE (__valid_user_code_checksum, (0x0 - ((((((_vStackTop + (ResetISR + 0x1)) + (NMI_Handler + 0x1)) + (HardFault_Handler + 0x1)) + (DEFINED (MemManage_Handler)?MemManage_Handler:0x0 + 0x1)) + (DEFINED (BusFault_Handler)?BusFault_Handler:0x0 + 0x1)) + (DEFINED (UsageFault_Handler)?UsageFault_Handler:0x0 + 0x1))))
OUTPUT(periph_adc.axf elf32-littlearm)

.debug_info     0x00000000     0x6a50
 .debug_info    0x00000000      0xb60 ./example/src/adc.o
 .debug_info    0x00000b60      0x250 ./example/src/cr_startup_lpc175x_6x.o
 .debug_info    0x00000db0      0x110 ./example/src/sysinit.o
 .debug_info    0x00000ec0     0x13d3 D:\UTN\Git\TD_II\TD_II\workspace\lpc_board_nxp_lpcxpresso_1769\Debug\liblpc_board_nxp_lpcxpresso_1769.a(board.o)
 .debug_info    0x00002293      0x591 D:\UTN\Git\TD_II\TD_II\workspace\lpc_board_nxp_lpcxpresso_1769\Debug\liblpc_board_nxp_lpcxpresso_1769.a(board_sysinit.o)
 .debug_info    0x00002824      0x88d D:\UTN\Git\TD_II\TD_II\workspace\lpc_chip_175x_6x\Debug\liblpc_chip_175x_6x.a(adc_17xx_40xx.o)
 .debug_info    0x000030b1      0x51e D:\UTN\Git\TD_II\TD_II\workspace\lpc_chip_175x_6x\Debug\liblpc_chip_175x_6x.a(chip_17xx_40xx.o)
 .debug_info    0x000035cf      0xb62 D:\UTN\Git\TD_II\TD_II\workspace\lpc_chip_175x_6x\Debug\liblpc_chip_175x_6x.a(clock_17xx_40xx.o)
 .debug_info    0x00004131     0x1323 D:\UTN\Git\TD_II\TD_II\workspace\lpc_chip_175x_6x\Debug\liblpc_chip_175x_6x.a(gpdma_17xx_40xx.o)
 .debug_info    0x00005454      0x2e9 D:\UTN\Git\TD_II\TD_II\workspace\lpc_chip_175x_6x\Debug\liblpc_chip_175x_6x.a(iocon_17xx_40xx.o)
 .debug_info    0x0000573d      0x439 D:\UTN\Git\TD_II\TD_II\workspace\lpc_chip_175x_6x\Debug\liblpc_chip_175x_6x.a(sysinit_17xx_40xx.o)
 .debug_info    0x00005b76      0xeda D:\UTN\Git\TD_II\TD_II\workspace\lpc_chip_175x_6x\Debug\liblpc_chip_175x_6x.a(uart_17xx_40xx.o)

.debug_abbrev   0x00000000     0x1699
 .debug_abbrev  0x00000000      0x24b ./example/src/adc.o
 .debug_abbrev  0x0000024b       0xf5 ./example/src/cr_startup_lpc175x_6x.o
 .debug_abbrev  0x00000340       0xa3 ./example/src/sysinit.o
 .debug_abbrev  0x000003e3      0x379 D:\UTN\Git\TD_II\TD_II\workspace\lpc_board_nxp_lpcxpresso_1769\Debug\liblpc_board_nxp_lpcxpresso_1769.a(board.o)
 .debug_abbrev  0x0000075c      0x15c D:\UTN\Git\TD_II\TD_II\workspace\lpc_board_nxp_lpcxpresso_1769\Debug\liblpc_board_nxp_lpcxpresso_1769.a(board_sysinit.o)
 .debug_abbrev  0x000008b8      0x1bc D:\UTN\Git\TD_II\TD_II\workspace\lpc_chip_175x_6x\Debug\liblpc_chip_175x_6x.a(adc_17xx_40xx.o)
 .debug_abbrev  0x00000a74      0x13c D:\UTN\Git\TD_II\TD_II\workspace\lpc_chip_175x_6x\Debug\liblpc_chip_175x_6x.a(chip_17xx_40xx.o)
 .debug_abbrev  0x00000bb0      0x2ec D:\UTN\Git\TD_II\TD_II\workspace\lpc_chip_175x_6x\Debug\liblpc_chip_175x_6x.a(clock_17xx_40xx.o)
 .debug_abbrev  0x00000e9c      0x27a D:\UTN\Git\TD_II\TD_II\workspace\lpc_chip_175x_6x\Debug\liblpc_chip_175x_6x.a(gpdma_17xx_40xx.o)
 .debug_abbrev  0x00001116      0x126 D:\UTN\Git\TD_II\TD_II\workspace\lpc_chip_175x_6x\Debug\liblpc_chip_175x_6x.a(iocon_17xx_40xx.o)
 .debug_abbrev  0x0000123c      0x175 D:\UTN\Git\TD_II\TD_II\workspace\lpc_chip_175x_6x\Debug\liblpc_chip_175x_6x.a(sysinit_17xx_40xx.o)
 .debug_abbrev  0x000013b1      0x2e8 D:\UTN\Git\TD_II\TD_II\workspace\lpc_chip_175x_6x\Debug\liblpc_chip_175x_6x.a(uart_17xx_40xx.o)

.debug_aranges  0x00000000      0x6c8
 .debug_aranges
                0x00000000       0x68 ./example/src/adc.o
 .debug_aranges
                0x00000068       0x80 ./example/src/cr_startup_lpc175x_6x.o
 .debug_aranges
                0x000000e8       0x20 ./example/src/sysinit.o
 .debug_aranges
                0x00000108      0x160 D:\UTN\Git\TD_II\TD_II\workspace\lpc_board_nxp_lpcxpresso_1769\Debug\liblpc_board_nxp_lpcxpresso_1769.a(board.o)
 .debug_aranges
                0x00000268       0x38 D:\UTN\Git\TD_II\TD_II\workspace\lpc_board_nxp_lpcxpresso_1769\Debug\liblpc_board_nxp_lpcxpresso_1769.a(board_sysinit.o)
 .debug_aranges
                0x000002a0       0x88 D:\UTN\Git\TD_II\TD_II\workspace\lpc_chip_175x_6x\Debug\liblpc_chip_175x_6x.a(adc_17xx_40xx.o)
 .debug_aranges
                0x00000328       0x38 D:\UTN\Git\TD_II\TD_II\workspace\lpc_chip_175x_6x\Debug\liblpc_chip_175x_6x.a(chip_17xx_40xx.o)
 .debug_aranges
                0x00000360      0x120 D:\UTN\Git\TD_II\TD_II\workspace\lpc_chip_175x_6x\Debug\liblpc_chip_175x_6x.a(clock_17xx_40xx.o)
 .debug_aranges
                0x00000480       0x90 D:\UTN\Git\TD_II\TD_II\workspace\lpc_chip_175x_6x\Debug\liblpc_chip_175x_6x.a(gpdma_17xx_40xx.o)
 .debug_aranges
                0x00000510       0x30 D:\UTN\Git\TD_II\TD_II\workspace\lpc_chip_175x_6x\Debug\liblpc_chip_175x_6x.a(iocon_17xx_40xx.o)
 .debug_aranges
                0x00000540       0x60 D:\UTN\Git\TD_II\TD_II\workspace\lpc_chip_175x_6x\Debug\liblpc_chip_175x_6x.a(sysinit_17xx_40xx.o)
 .debug_aranges
                0x000005a0      0x128 D:\UTN\Git\TD_II\TD_II\workspace\lpc_chip_175x_6x\Debug\liblpc_chip_175x_6x.a(uart_17xx_40xx.o)

.debug_ranges   0x00000000      0x608
 .debug_ranges  0x00000000       0x58 ./example/src/adc.o
 .debug_ranges  0x00000058       0x70 ./example/src/cr_startup_lpc175x_6x.o
 .debug_ranges  0x000000c8       0x10 ./example/src/sysinit.o
 .debug_ranges  0x000000d8      0x150 D:\UTN\Git\TD_II\TD_II\workspace\lpc_board_nxp_lpcxpresso_1769\Debug\liblpc_board_nxp_lpcxpresso_1769.a(board.o)
 .debug_ranges  0x00000228       0x28 D:\UTN\Git\TD_II\TD_II\workspace\lpc_board_nxp_lpcxpresso_1769\Debug\liblpc_board_nxp_lpcxpresso_1769.a(board_sysinit.o)
 .debug_ranges  0x00000250       0x78 D:\UTN\Git\TD_II\TD_II\workspace\lpc_chip_175x_6x\Debug\liblpc_chip_175x_6x.a(adc_17xx_40xx.o)
 .debug_ranges  0x000002c8       0x28 D:\UTN\Git\TD_II\TD_II\workspace\lpc_chip_175x_6x\Debug\liblpc_chip_175x_6x.a(chip_17xx_40xx.o)
 .debug_ranges  0x000002f0      0x110 D:\UTN\Git\TD_II\TD_II\workspace\lpc_chip_175x_6x\Debug\liblpc_chip_175x_6x.a(clock_17xx_40xx.o)
 .debug_ranges  0x00000400       0x80 D:\UTN\Git\TD_II\TD_II\workspace\lpc_chip_175x_6x\Debug\liblpc_chip_175x_6x.a(gpdma_17xx_40xx.o)
 .debug_ranges  0x00000480       0x20 D:\UTN\Git\TD_II\TD_II\workspace\lpc_chip_175x_6x\Debug\liblpc_chip_175x_6x.a(iocon_17xx_40xx.o)
 .debug_ranges  0x000004a0       0x50 D:\UTN\Git\TD_II\TD_II\workspace\lpc_chip_175x_6x\Debug\liblpc_chip_175x_6x.a(sysinit_17xx_40xx.o)
 .debug_ranges  0x000004f0      0x118 D:\UTN\Git\TD_II\TD_II\workspace\lpc_chip_175x_6x\Debug\liblpc_chip_175x_6x.a(uart_17xx_40xx.o)

.debug_macro    0x00000000     0x4e27
 .debug_macro   0x00000000      0x22f ./example/src/adc.o
 .debug_macro   0x0000022f      0x886 ./example/src/adc.o
 .debug_macro   0x00000ab5       0x10 ./example/src/adc.o
 .debug_macro   0x00000ac5      0x12d ./example/src/adc.o
 .debug_macro   0x00000bf2      0x5b2 ./example/src/adc.o
 .debug_macro   0x000011a4       0x22 ./example/src/adc.o
 .debug_macro   0x000011c6       0x7b ./example/src/adc.o
 .debug_macro   0x00001241       0x10 ./example/src/adc.o
 .debug_macro   0x00001251       0x2d ./example/src/adc.o
 .debug_macro   0x0000127e       0x3a ./example/src/adc.o
 .debug_macro   0x000012b8       0x2d ./example/src/adc.o
 .debug_macro   0x000012e5      0xbb1 ./example/src/adc.o
 .debug_macro   0x00001e96      0x235 ./example/src/adc.o
 .debug_macro   0x000020cb       0x42 ./example/src/adc.o
 .debug_macro   0x0000210d       0x52 ./example/src/adc.o
 .debug_macro   0x0000215f       0x78 ./example/src/adc.o
 .debug_macro   0x000021d7       0x82 ./example/src/adc.o
 .debug_macro   0x00002259      0x48c ./example/src/adc.o
 .debug_macro   0x000026e5       0x34 ./example/src/adc.o
 .debug_macro   0x00002719      0x4c5 ./example/src/adc.o
 .debug_macro   0x00002bde      0x1b7 ./example/src/adc.o
 .debug_macro   0x00002d95       0x10 ./example/src/adc.o
 .debug_macro   0x00002da5      0x21b ./example/src/adc.o
 .debug_macro   0x00002fc0      0x1b9 ./example/src/adc.o
 .debug_macro   0x00003179       0x40 ./example/src/adc.o
 .debug_macro   0x000031b9       0x22 ./example/src/adc.o
 .debug_macro   0x000031db      0x162 ./example/src/adc.o
 .debug_macro   0x0000333d       0x94 ./example/src/adc.o
 .debug_macro   0x000033d1       0xb8 ./example/src/adc.o
 .debug_macro   0x00003489       0x4c ./example/src/adc.o
 .debug_macro   0x000034d5       0x16 ./example/src/adc.o
 .debug_macro   0x000034eb      0x328 ./example/src/adc.o
 .debug_macro   0x00003813       0x49 ./example/src/adc.o
 .debug_macro   0x0000385c       0x16 ./example/src/adc.o
 .debug_macro   0x00003872       0xca ./example/src/adc.o
 .debug_macro   0x0000393c       0x18 ./example/src/adc.o
 .debug_macro   0x00003954       0x70 ./example/src/adc.o
 .debug_macro   0x000039c4       0x9a ./example/src/adc.o
 .debug_macro   0x00003a5e       0x20 ./example/src/adc.o
 .debug_macro   0x00003a7e       0x28 ./example/src/adc.o
 .debug_macro   0x00003aa6       0x1d ./example/src/cr_startup_lpc175x_6x.o
 .debug_macro   0x00003ac3      0x217 ./example/src/sysinit.o
 .debug_macro   0x00003cda      0x289 D:\UTN\Git\TD_II\TD_II\workspace\lpc_board_nxp_lpcxpresso_1769\Debug\liblpc_board_nxp_lpcxpresso_1769.a(board.o)
 .debug_macro   0x00003f63       0x12 D:\UTN\Git\TD_II\TD_II\workspace\lpc_board_nxp_lpcxpresso_1769\Debug\liblpc_board_nxp_lpcxpresso_1769.a(board.o)
 .debug_macro   0x00003f75      0x217 D:\UTN\Git\TD_II\TD_II\workspace\lpc_board_nxp_lpcxpresso_1769\Debug\liblpc_board_nxp_lpcxpresso_1769.a(board_sysinit.o)
 .debug_macro   0x0000418c      0x1cd D:\UTN\Git\TD_II\TD_II\workspace\lpc_chip_175x_6x\Debug\liblpc_chip_175x_6x.a(adc_17xx_40xx.o)
 .debug_macro   0x00004359      0x1cd D:\UTN\Git\TD_II\TD_II\workspace\lpc_chip_175x_6x\Debug\liblpc_chip_175x_6x.a(chip_17xx_40xx.o)
 .debug_macro   0x00004526      0x1cd D:\UTN\Git\TD_II\TD_II\workspace\lpc_chip_175x_6x\Debug\liblpc_chip_175x_6x.a(clock_17xx_40xx.o)
 .debug_macro   0x000046f3      0x1cd D:\UTN\Git\TD_II\TD_II\workspace\lpc_chip_175x_6x\Debug\liblpc_chip_175x_6x.a(gpdma_17xx_40xx.o)
 .debug_macro   0x000048c0      0x1cd D:\UTN\Git\TD_II\TD_II\workspace\lpc_chip_175x_6x\Debug\liblpc_chip_175x_6x.a(iocon_17xx_40xx.o)
 .debug_macro   0x00004a8d      0x1cd D:\UTN\Git\TD_II\TD_II\workspace\lpc_chip_175x_6x\Debug\liblpc_chip_175x_6x.a(sysinit_17xx_40xx.o)
 .debug_macro   0x00004c5a      0x1cd D:\UTN\Git\TD_II\TD_II\workspace\lpc_chip_175x_6x\Debug\liblpc_chip_175x_6x.a(uart_17xx_40xx.o)

.debug_line     0x00000000     0x3e47
 .debug_line    0x00000000      0x5e6 ./example/src/adc.o
 .debug_line    0x000005e6       0xdd ./example/src/cr_startup_lpc175x_6x.o
 .debug_line    0x000006c3      0x46f ./example/src/sysinit.o
 .debug_line    0x00000b32      0x822 D:\UTN\Git\TD_II\TD_II\workspace\lpc_board_nxp_lpcxpresso_1769\Debug\liblpc_board_nxp_lpcxpresso_1769.a(board.o)
 .debug_line    0x00001354      0x4a7 D:\UTN\Git\TD_II\TD_II\workspace\lpc_board_nxp_lpcxpresso_1769\Debug\liblpc_board_nxp_lpcxpresso_1769.a(board_sysinit.o)
 .debug_line    0x000017fb      0x51a D:\UTN\Git\TD_II\TD_II\workspace\lpc_chip_175x_6x\Debug\liblpc_chip_175x_6x.a(adc_17xx_40xx.o)
 .debug_line    0x00001d15      0x442 D:\UTN\Git\TD_II\TD_II\workspace\lpc_chip_175x_6x\Debug\liblpc_chip_175x_6x.a(chip_17xx_40xx.o)
 .debug_line    0x00002157      0x6be D:\UTN\Git\TD_II\TD_II\workspace\lpc_chip_175x_6x\Debug\liblpc_chip_175x_6x.a(clock_17xx_40xx.o)
 .debug_line    0x00002815      0x5e2 D:\UTN\Git\TD_II\TD_II\workspace\lpc_chip_175x_6x\Debug\liblpc_chip_175x_6x.a(gpdma_17xx_40xx.o)
 .debug_line    0x00002df7      0x42e D:\UTN\Git\TD_II\TD_II\workspace\lpc_chip_175x_6x\Debug\liblpc_chip_175x_6x.a(iocon_17xx_40xx.o)
 .debug_line    0x00003225      0x4b8 D:\UTN\Git\TD_II\TD_II\workspace\lpc_chip_175x_6x\Debug\liblpc_chip_175x_6x.a(sysinit_17xx_40xx.o)
 .debug_line    0x000036dd      0x76a D:\UTN\Git\TD_II\TD_II\workspace\lpc_chip_175x_6x\Debug\liblpc_chip_175x_6x.a(uart_17xx_40xx.o)

.debug_str      0x00000000    0x1383a
 .debug_str     0x00000000    0x11353 ./example/src/adc.o
                              0x11495 (size before relaxing)
 .debug_str     0x00011353      0x1ca ./example/src/cr_startup_lpc175x_6x.o
                               0x2686 (size before relaxing)
 .debug_str     0x0001151d       0x23 ./example/src/sysinit.o
                              0x10a60 (size before relaxing)
 .debug_str     0x00011540      0xcfe D:\UTN\Git\TD_II\TD_II\workspace\lpc_board_nxp_lpcxpresso_1769\Debug\liblpc_board_nxp_lpcxpresso_1769.a(board.o)
                              0x11939 (size before relaxing)
 .debug_str     0x0001223e      0x22d D:\UTN\Git\TD_II\TD_II\workspace\lpc_board_nxp_lpcxpresso_1769\Debug\liblpc_board_nxp_lpcxpresso_1769.a(board_sysinit.o)
                              0x10e73 (size before relaxing)
 .debug_str     0x0001246b      0x418 D:\UTN\Git\TD_II\TD_II\workspace\lpc_chip_175x_6x\Debug\liblpc_chip_175x_6x.a(adc_17xx_40xx.o)
                              0x10e0d (size before relaxing)
 .debug_str     0x00012883       0x83 D:\UTN\Git\TD_II\TD_II\workspace\lpc_chip_175x_6x\Debug\liblpc_chip_175x_6x.a(chip_17xx_40xx.o)
                              0x10b6a (size before relaxing)
 .debug_str     0x00012906      0x623 D:\UTN\Git\TD_II\TD_II\workspace\lpc_chip_175x_6x\Debug\liblpc_chip_175x_6x.a(clock_17xx_40xx.o)
                              0x111d8 (size before relaxing)
 .debug_str     0x00012f29      0x452 D:\UTN\Git\TD_II\TD_II\workspace\lpc_chip_175x_6x\Debug\liblpc_chip_175x_6x.a(gpdma_17xx_40xx.o)
                              0x1129d (size before relaxing)
 .debug_str     0x0001337b       0x74 D:\UTN\Git\TD_II\TD_II\workspace\lpc_chip_175x_6x\Debug\liblpc_chip_175x_6x.a(iocon_17xx_40xx.o)
                              0x10655 (size before relaxing)
 .debug_str     0x000133ef       0xc4 D:\UTN\Git\TD_II\TD_II\workspace\lpc_chip_175x_6x\Debug\liblpc_chip_175x_6x.a(sysinit_17xx_40xx.o)
                              0x1083d (size before relaxing)
 .debug_str     0x000134b3      0x387 D:\UTN\Git\TD_II\TD_II\workspace\lpc_chip_175x_6x\Debug\liblpc_chip_175x_6x.a(uart_17xx_40xx.o)
                              0x110ad (size before relaxing)

.comment        0x00000000       0xdc
 .comment       0x00000000       0x6e ./example/src/adc.o
                                 0x6f (size before relaxing)
 .comment       0x0000006e       0x6f ./example/src/cr_startup_lpc175x_6x.o
 .comment       0x0000006e       0x6f ./example/src/sysinit.o
 .comment       0x0000006e       0x6f D:\UTN\Git\TD_II\TD_II\workspace\lpc_board_nxp_lpcxpresso_1769\Debug\liblpc_board_nxp_lpcxpresso_1769.a(board.o)
 .comment       0x0000006e       0x6f D:\UTN\Git\TD_II\TD_II\workspace\lpc_board_nxp_lpcxpresso_1769\Debug\liblpc_board_nxp_lpcxpresso_1769.a(board_sysinit.o)
 .comment       0x0000006e       0x6f D:\UTN\Git\TD_II\TD_II\workspace\lpc_chip_175x_6x\Debug\liblpc_chip_175x_6x.a(adc_17xx_40xx.o)
 .comment       0x0000006e       0x6f D:\UTN\Git\TD_II\TD_II\workspace\lpc_chip_175x_6x\Debug\liblpc_chip_175x_6x.a(chip_17xx_40xx.o)
 .comment       0x0000006e       0x6f D:\UTN\Git\TD_II\TD_II\workspace\lpc_chip_175x_6x\Debug\liblpc_chip_175x_6x.a(clock_17xx_40xx.o)
 .comment       0x0000006e       0x6f D:\UTN\Git\TD_II\TD_II\workspace\lpc_chip_175x_6x\Debug\liblpc_chip_175x_6x.a(gpdma_17xx_40xx.o)
 .comment       0x0000006e       0x6f D:\UTN\Git\TD_II\TD_II\workspace\lpc_chip_175x_6x\Debug\liblpc_chip_175x_6x.a(iocon_17xx_40xx.o)
 .comment       0x0000006e       0x6f D:\UTN\Git\TD_II\TD_II\workspace\lpc_chip_175x_6x\Debug\liblpc_chip_175x_6x.a(sysinit_17xx_40xx.o)
 .comment       0x0000006e       0x6f D:\UTN\Git\TD_II\TD_II\workspace\lpc_chip_175x_6x\Debug\liblpc_chip_175x_6x.a(uart_17xx_40xx.o)
 .comment       0x0000006e       0x6e c:/nxp/lpcxpresso_8.2.2_650/lpcxpresso/tools/bin/../lib/gcc/arm-none-eabi/5.4.1/../../../../arm-none-eabi/lib/armv7-m\libcr_nohost.a(_cr__main.o)
                                 0x6f (size before relaxing)
 .comment       0x000000dc       0x6f c:/nxp/lpcxpresso_8.2.2_650/lpcxpresso/tools/bin/../lib/gcc/arm-none-eabi/5.4.1/../../../../arm-none-eabi/lib/armv7-m\libcr_c.a(fpprintf.o)
 .comment       0x000000dc       0x6f c:/nxp/lpcxpresso_8.2.2_650/lpcxpresso/tools/bin/../lib/gcc/arm-none-eabi/5.4.1/../../../../arm-none-eabi/lib/armv7-m\libcr_c.a(initio.o)
 .comment       0x000000dc       0x6f c:/nxp/lpcxpresso_8.2.2_650/lpcxpresso/tools/bin/../lib/gcc/arm-none-eabi/5.4.1/../../../../arm-none-eabi/lib/armv7-m\libcr_c.a(printf.o)
 .comment       0x000000dc       0x6f c:/nxp/lpcxpresso_8.2.2_650/lpcxpresso/tools/bin/../lib/gcc/arm-none-eabi/5.4.1/../../../../arm-none-eabi/lib/armv7-m\libcr_c.a(setvbuf.o)
 .comment       0x000000dc       0x6f c:/nxp/lpcxpresso_8.2.2_650/lpcxpresso/tools/bin/../lib/gcc/arm-none-eabi/5.4.1/../../../../arm-none-eabi/lib/armv7-m\libcr_c.a(stdio.o)
 .comment       0x000000dc       0x6f c:/nxp/lpcxpresso_8.2.2_650/lpcxpresso/tools/bin/../lib/gcc/arm-none-eabi/5.4.1/../../../../arm-none-eabi/lib/armv7-m\libcr_c.a(strlen.o)
 .comment       0x000000dc       0x6f c:/nxp/lpcxpresso_8.2.2_650/lpcxpresso/tools/bin/../lib/gcc/arm-none-eabi/5.4.1/../../../../arm-none-eabi/lib/armv7-m\libcr_c.a(memset.o)
 .comment       0x000000dc       0x6f c:/nxp/lpcxpresso_8.2.2_650/lpcxpresso/tools/bin/../lib/gcc/arm-none-eabi/5.4.1/../../../../arm-none-eabi/lib/armv7-m\libcr_c.a(_deferredlazyseek.o)
 .comment       0x000000dc       0x6f c:/nxp/lpcxpresso_8.2.2_650/lpcxpresso/tools/bin/../lib/gcc/arm-none-eabi/5.4.1/../../../../arm-none-eabi/lib/armv7-m\libcr_c.a(_fdopen.o)
 .comment       0x000000dc       0x6f c:/nxp/lpcxpresso_8.2.2_650/lpcxpresso/tools/bin/../lib/gcc/arm-none-eabi/5.4.1/../../../../arm-none-eabi/lib/armv7-m\libcr_c.a(_fflush.o)
 .comment       0x000000dc       0x6f c:/nxp/lpcxpresso_8.2.2_650/lpcxpresso/tools/bin/../lib/gcc/arm-none-eabi/5.4.1/../../../../arm-none-eabi/lib/armv7-m\libcr_c.a(_frexpl.o)
 .comment       0x000000dc       0x6f c:/nxp/lpcxpresso_8.2.2_650/lpcxpresso/tools/bin/../lib/gcc/arm-none-eabi/5.4.1/../../../../arm-none-eabi/lib/armv7-m\libcr_c.a(_ldexpl.o)
 .comment       0x000000dc       0x6f c:/nxp/lpcxpresso_8.2.2_650/lpcxpresso/tools/bin/../lib/gcc/arm-none-eabi/5.4.1/../../../../arm-none-eabi/lib/armv7-m\libcr_c.a(_writebuf.o)
 .comment       0x000000dc       0x6f c:/nxp/lpcxpresso_8.2.2_650/lpcxpresso/tools/bin/../lib/gcc/arm-none-eabi/5.4.1/../../../../arm-none-eabi/lib/armv7-m\libcr_c.a(alloc.o)
 .comment       0x000000dc       0x6f c:/nxp/lpcxpresso_8.2.2_650/lpcxpresso/tools/bin/../lib/gcc/arm-none-eabi/5.4.1/../../../../arm-none-eabi/lib/armv7-m\libcr_c.a(errno.o)
 .comment       0x000000dc       0x6f c:/nxp/lpcxpresso_8.2.2_650/lpcxpresso/tools/bin/../lib/gcc/arm-none-eabi/5.4.1/../../../../arm-none-eabi/lib/armv7-m\libcr_c.a(fclose.o)
 .comment       0x000000dc       0x6f c:/nxp/lpcxpresso_8.2.2_650/lpcxpresso/tools/bin/../lib/gcc/arm-none-eabi/5.4.1/../../../../arm-none-eabi/lib/armv7-m\libcr_c.a(fflush.o)
 .comment       0x000000dc       0x6f c:/nxp/lpcxpresso_8.2.2_650/lpcxpresso/tools/bin/../lib/gcc/arm-none-eabi/5.4.1/../../../../arm-none-eabi/lib/armv7-m\libcr_c.a(fseek.o)
 .comment       0x000000dc       0x6f c:/nxp/lpcxpresso_8.2.2_650/lpcxpresso/tools/bin/../lib/gcc/arm-none-eabi/5.4.1/../../../../arm-none-eabi/lib/armv7-m\libcr_c.a(ftell.o)
 .comment       0x000000dc       0x6f c:/nxp/lpcxpresso_8.2.2_650/lpcxpresso/tools/bin/../lib/gcc/arm-none-eabi/5.4.1/../../../../arm-none-eabi/lib/armv7-m\libcr_c.a(remove.o)
 .comment       0x000000dc       0x6f c:/nxp/lpcxpresso_8.2.2_650/lpcxpresso/tools/bin/../lib/gcc/arm-none-eabi/5.4.1/../../../../arm-none-eabi/lib/armv7-m\libcr_c.a(__init_alloc.o)
 .comment       0x000000dc       0x6f c:/nxp/lpcxpresso_8.2.2_650/lpcxpresso/tools/bin/../lib/gcc/arm-none-eabi/5.4.1/../../../../arm-none-eabi/lib/armv7-m\libcr_c.a(_cr_sbrk.o)
 .comment       0x000000dc       0x6f c:/nxp/lpcxpresso_8.2.2_650/lpcxpresso/tools/bin/../lib/gcc/arm-none-eabi/5.4.1/../../../../arm-none-eabi/lib/armv7-m\libcr_c.a(_do_fflush.o)
 .comment       0x000000dc       0x6f c:/nxp/lpcxpresso_8.2.2_650/lpcxpresso/tools/bin/../lib/gcc/arm-none-eabi/5.4.1/../../../../arm-none-eabi/lib/armv7-m\libcr_c.a(_hugeval.o)
 .comment       0x000000dc       0x6f c:/nxp/lpcxpresso_8.2.2_650/lpcxpresso/tools/bin/../lib/gcc/arm-none-eabi/5.4.1/../../../../arm-none-eabi/lib/armv7-m\libcr_c.a(_cr_check_heap.o)
 .comment       0x000000dc       0x6f c:/nxp/lpcxpresso_8.2.2_650/lpcxpresso/tools/bin/../lib/gcc/arm-none-eabi/5.4.1/armv7-m\libcr_eabihelpers.a(double.o)
 .comment       0x000000dc       0x6f c:/nxp/lpcxpresso_8.2.2_650/lpcxpresso/tools/bin/../lib/gcc/arm-none-eabi/5.4.1/../../../../arm-none-eabi/lib/armv7-m\libcr_nohost.a(__sys_appexit.o)
 .comment       0x000000dc       0x6f c:/nxp/lpcxpresso_8.2.2_650/lpcxpresso/tools/bin/../lib/gcc/arm-none-eabi/5.4.1/../../../../arm-none-eabi/lib/armv7-m\libcr_nohost.a(__sys_close.o)
 .comment       0x000000dc       0x6f c:/nxp/lpcxpresso_8.2.2_650/lpcxpresso/tools/bin/../lib/gcc/arm-none-eabi/5.4.1/../../../../arm-none-eabi/lib/armv7-m\libcr_nohost.a(__sys_flen.o)
 .comment       0x000000dc       0x6f c:/nxp/lpcxpresso_8.2.2_650/lpcxpresso/tools/bin/../lib/gcc/arm-none-eabi/5.4.1/../../../../arm-none-eabi/lib/armv7-m\libcr_nohost.a(__sys_istty.o)
 .comment       0x000000dc       0x6f c:/nxp/lpcxpresso_8.2.2_650/lpcxpresso/tools/bin/../lib/gcc/arm-none-eabi/5.4.1/../../../../arm-none-eabi/lib/armv7-m\libcr_nohost.a(__sys_remove.o)
 .comment       0x000000dc       0x6f c:/nxp/lpcxpresso_8.2.2_650/lpcxpresso/tools/bin/../lib/gcc/arm-none-eabi/5.4.1/../../../../arm-none-eabi/lib/armv7-m\libcr_nohost.a(__sys_seek.o)
 .comment       0x000000dc       0x6f c:/nxp/lpcxpresso_8.2.2_650/lpcxpresso/tools/bin/../lib/gcc/arm-none-eabi/5.4.1/../../../../arm-none-eabi/lib/armv7-m\libcr_nohost.a(__sys_tmpnam.o)

.ARM.attributes
                0x00000000       0x31
 .ARM.attributes
                0x00000000       0x33 ./example/src/adc.o
 .ARM.attributes
                0x00000033       0x33 ./example/src/cr_startup_lpc175x_6x.o
 .ARM.attributes
                0x00000066       0x33 ./example/src/sysinit.o
 .ARM.attributes
                0x00000099       0x33 D:\UTN\Git\TD_II\TD_II\workspace\lpc_board_nxp_lpcxpresso_1769\Debug\liblpc_board_nxp_lpcxpresso_1769.a(board.o)
 .ARM.attributes
                0x000000cc       0x33 D:\UTN\Git\TD_II\TD_II\workspace\lpc_board_nxp_lpcxpresso_1769\Debug\liblpc_board_nxp_lpcxpresso_1769.a(board_sysinit.o)
 .ARM.attributes
                0x000000ff       0x33 D:\UTN\Git\TD_II\TD_II\workspace\lpc_chip_175x_6x\Debug\liblpc_chip_175x_6x.a(adc_17xx_40xx.o)
 .ARM.attributes
                0x00000132       0x33 D:\UTN\Git\TD_II\TD_II\workspace\lpc_chip_175x_6x\Debug\liblpc_chip_175x_6x.a(chip_17xx_40xx.o)
 .ARM.attributes
                0x00000165       0x33 D:\UTN\Git\TD_II\TD_II\workspace\lpc_chip_175x_6x\Debug\liblpc_chip_175x_6x.a(clock_17xx_40xx.o)
 .ARM.attributes
                0x00000198       0x33 D:\UTN\Git\TD_II\TD_II\workspace\lpc_chip_175x_6x\Debug\liblpc_chip_175x_6x.a(gpdma_17xx_40xx.o)
 .ARM.attributes
                0x000001cb       0x33 D:\UTN\Git\TD_II\TD_II\workspace\lpc_chip_175x_6x\Debug\liblpc_chip_175x_6x.a(iocon_17xx_40xx.o)
 .ARM.attributes
                0x000001fe       0x33 D:\UTN\Git\TD_II\TD_II\workspace\lpc_chip_175x_6x\Debug\liblpc_chip_175x_6x.a(sysinit_17xx_40xx.o)
 .ARM.attributes
                0x00000231       0x33 D:\UTN\Git\TD_II\TD_II\workspace\lpc_chip_175x_6x\Debug\liblpc_chip_175x_6x.a(uart_17xx_40xx.o)
 .ARM.attributes
                0x00000264       0x33 c:/nxp/lpcxpresso_8.2.2_650/lpcxpresso/tools/bin/../lib/gcc/arm-none-eabi/5.4.1/../../../../arm-none-eabi/lib/armv7-m\libcr_nohost.a(_cr__main.o)
 .ARM.attributes
                0x00000297       0x33 c:/nxp/lpcxpresso_8.2.2_650/lpcxpresso/tools/bin/../lib/gcc/arm-none-eabi/5.4.1/../../../../arm-none-eabi/lib/armv7-m\libcr_c.a(fpprintf.o)
 .ARM.attributes
                0x000002ca       0x33 c:/nxp/lpcxpresso_8.2.2_650/lpcxpresso/tools/bin/../lib/gcc/arm-none-eabi/5.4.1/../../../../arm-none-eabi/lib/armv7-m\libcr_c.a(initio.o)
 .ARM.attributes
                0x000002fd       0x33 c:/nxp/lpcxpresso_8.2.2_650/lpcxpresso/tools/bin/../lib/gcc/arm-none-eabi/5.4.1/../../../../arm-none-eabi/lib/armv7-m\libcr_c.a(printf.o)
 .ARM.attributes
                0x00000330       0x33 c:/nxp/lpcxpresso_8.2.2_650/lpcxpresso/tools/bin/../lib/gcc/arm-none-eabi/5.4.1/../../../../arm-none-eabi/lib/armv7-m\libcr_c.a(setvbuf.o)
 .ARM.attributes
                0x00000363       0x33 c:/nxp/lpcxpresso_8.2.2_650/lpcxpresso/tools/bin/../lib/gcc/arm-none-eabi/5.4.1/../../../../arm-none-eabi/lib/armv7-m\libcr_c.a(stdio.o)
 .ARM.attributes
                0x00000396       0x33 c:/nxp/lpcxpresso_8.2.2_650/lpcxpresso/tools/bin/../lib/gcc/arm-none-eabi/5.4.1/../../../../arm-none-eabi/lib/armv7-m\libcr_c.a(strlen.o)
 .ARM.attributes
                0x000003c9       0x33 c:/nxp/lpcxpresso_8.2.2_650/lpcxpresso/tools/bin/../lib/gcc/arm-none-eabi/5.4.1/../../../../arm-none-eabi/lib/armv7-m\libcr_c.a(memset.o)
 .ARM.attributes
                0x000003fc       0x33 c:/nxp/lpcxpresso_8.2.2_650/lpcxpresso/tools/bin/../lib/gcc/arm-none-eabi/5.4.1/../../../../arm-none-eabi/lib/armv7-m\libcr_c.a(_deferredlazyseek.o)
 .ARM.attributes
                0x0000042f       0x33 c:/nxp/lpcxpresso_8.2.2_650/lpcxpresso/tools/bin/../lib/gcc/arm-none-eabi/5.4.1/../../../../arm-none-eabi/lib/armv7-m\libcr_c.a(_fdopen.o)
 .ARM.attributes
                0x00000462       0x33 c:/nxp/lpcxpresso_8.2.2_650/lpcxpresso/tools/bin/../lib/gcc/arm-none-eabi/5.4.1/../../../../arm-none-eabi/lib/armv7-m\libcr_c.a(_fflush.o)
 .ARM.attributes
                0x00000495       0x33 c:/nxp/lpcxpresso_8.2.2_650/lpcxpresso/tools/bin/../lib/gcc/arm-none-eabi/5.4.1/../../../../arm-none-eabi/lib/armv7-m\libcr_c.a(_frexpl.o)
 .ARM.attributes
                0x000004c8       0x33 c:/nxp/lpcxpresso_8.2.2_650/lpcxpresso/tools/bin/../lib/gcc/arm-none-eabi/5.4.1/../../../../arm-none-eabi/lib/armv7-m\libcr_c.a(_ldexpl.o)
 .ARM.attributes
                0x000004fb       0x33 c:/nxp/lpcxpresso_8.2.2_650/lpcxpresso/tools/bin/../lib/gcc/arm-none-eabi/5.4.1/../../../../arm-none-eabi/lib/armv7-m\libcr_c.a(_writebuf.o)
 .ARM.attributes
                0x0000052e       0x33 c:/nxp/lpcxpresso_8.2.2_650/lpcxpresso/tools/bin/../lib/gcc/arm-none-eabi/5.4.1/../../../../arm-none-eabi/lib/armv7-m\libcr_c.a(alloc.o)
 .ARM.attributes
                0x00000561       0x33 c:/nxp/lpcxpresso_8.2.2_650/lpcxpresso/tools/bin/../lib/gcc/arm-none-eabi/5.4.1/../../../../arm-none-eabi/lib/armv7-m\libcr_c.a(errno.o)
 .ARM.attributes
                0x00000594       0x33 c:/nxp/lpcxpresso_8.2.2_650/lpcxpresso/tools/bin/../lib/gcc/arm-none-eabi/5.4.1/../../../../arm-none-eabi/lib/armv7-m\libcr_c.a(fclose.o)
 .ARM.attributes
                0x000005c7       0x33 c:/nxp/lpcxpresso_8.2.2_650/lpcxpresso/tools/bin/../lib/gcc/arm-none-eabi/5.4.1/../../../../arm-none-eabi/lib/armv7-m\libcr_c.a(fflush.o)
 .ARM.attributes
                0x000005fa       0x33 c:/nxp/lpcxpresso_8.2.2_650/lpcxpresso/tools/bin/../lib/gcc/arm-none-eabi/5.4.1/../../../../arm-none-eabi/lib/armv7-m\libcr_c.a(fseek.o)
 .ARM.attributes
                0x0000062d       0x33 c:/nxp/lpcxpresso_8.2.2_650/lpcxpresso/tools/bin/../lib/gcc/arm-none-eabi/5.4.1/../../../../arm-none-eabi/lib/armv7-m\libcr_c.a(ftell.o)
 .ARM.attributes
                0x00000660       0x33 c:/nxp/lpcxpresso_8.2.2_650/lpcxpresso/tools/bin/../lib/gcc/arm-none-eabi/5.4.1/../../../../arm-none-eabi/lib/armv7-m\libcr_c.a(remove.o)
 .ARM.attributes
                0x00000693       0x33 c:/nxp/lpcxpresso_8.2.2_650/lpcxpresso/tools/bin/../lib/gcc/arm-none-eabi/5.4.1/../../../../arm-none-eabi/lib/armv7-m\libcr_c.a(__init_alloc.o)
 .ARM.attributes
                0x000006c6       0x33 c:/nxp/lpcxpresso_8.2.2_650/lpcxpresso/tools/bin/../lib/gcc/arm-none-eabi/5.4.1/../../../../arm-none-eabi/lib/armv7-m\libcr_c.a(_cr_sbrk.o)
 .ARM.attributes
                0x000006f9       0x33 c:/nxp/lpcxpresso_8.2.2_650/lpcxpresso/tools/bin/../lib/gcc/arm-none-eabi/5.4.1/../../../../arm-none-eabi/lib/armv7-m\libcr_c.a(_do_fflush.o)
 .ARM.attributes
                0x0000072c       0x33 c:/nxp/lpcxpresso_8.2.2_650/lpcxpresso/tools/bin/../lib/gcc/arm-none-eabi/5.4.1/../../../../arm-none-eabi/lib/armv7-m\libcr_c.a(_hugeval.o)
 .ARM.attributes
                0x0000075f       0x33 c:/nxp/lpcxpresso_8.2.2_650/lpcxpresso/tools/bin/../lib/gcc/arm-none-eabi/5.4.1/../../../../arm-none-eabi/lib/armv7-m\libcr_c.a(_cr_check_heap.o)
 .ARM.attributes
                0x00000792       0x33 c:/nxp/lpcxpresso_8.2.2_650/lpcxpresso/tools/bin/../lib/gcc/arm-none-eabi/5.4.1/armv7-m\libcr_eabihelpers.a(double.o)
 .ARM.attributes
                0x000007c5       0x21 c:/nxp/lpcxpresso_8.2.2_650/lpcxpresso/tools/bin/../lib/gcc/arm-none-eabi/5.4.1/armv7-m\libcr_eabihelpers.a(memcpy.o)
 .ARM.attributes
                0x000007e6       0x33 c:/nxp/lpcxpresso_8.2.2_650/lpcxpresso/tools/bin/../lib/gcc/arm-none-eabi/5.4.1/../../../../arm-none-eabi/lib/armv7-m\libcr_nohost.a(__sys_appexit.o)
 .ARM.attributes
                0x00000819       0x33 c:/nxp/lpcxpresso_8.2.2_650/lpcxpresso/tools/bin/../lib/gcc/arm-none-eabi/5.4.1/../../../../arm-none-eabi/lib/armv7-m\libcr_nohost.a(__sys_close.o)
 .ARM.attributes
                0x0000084c       0x33 c:/nxp/lpcxpresso_8.2.2_650/lpcxpresso/tools/bin/../lib/gcc/arm-none-eabi/5.4.1/../../../../arm-none-eabi/lib/armv7-m\libcr_nohost.a(__sys_flen.o)
 .ARM.attributes
                0x0000087f       0x33 c:/nxp/lpcxpresso_8.2.2_650/lpcxpresso/tools/bin/../lib/gcc/arm-none-eabi/5.4.1/../../../../arm-none-eabi/lib/armv7-m\libcr_nohost.a(__sys_istty.o)
 .ARM.attributes
                0x000008b2       0x33 c:/nxp/lpcxpresso_8.2.2_650/lpcxpresso/tools/bin/../lib/gcc/arm-none-eabi/5.4.1/../../../../arm-none-eabi/lib/armv7-m\libcr_nohost.a(__sys_remove.o)
 .ARM.attributes
                0x000008e5       0x33 c:/nxp/lpcxpresso_8.2.2_650/lpcxpresso/tools/bin/../lib/gcc/arm-none-eabi/5.4.1/../../../../arm-none-eabi/lib/armv7-m\libcr_nohost.a(__sys_seek.o)
 .ARM.attributes
                0x00000918       0x33 c:/nxp/lpcxpresso_8.2.2_650/lpcxpresso/tools/bin/../lib/gcc/arm-none-eabi/5.4.1/../../../../arm-none-eabi/lib/armv7-m\libcr_nohost.a(__sys_tmpnam.o)

.debug_frame    0x00000000     0x19ec
 .debug_frame   0x00000000      0x178 ./example/src/adc.o
 .debug_frame   0x00000178      0x170 ./example/src/cr_startup_lpc175x_6x.o
 .debug_frame   0x000002e8       0x34 ./example/src/sysinit.o
 .debug_frame   0x0000031c      0x5d4 D:\UTN\Git\TD_II\TD_II\workspace\lpc_board_nxp_lpcxpresso_1769\Debug\liblpc_board_nxp_lpcxpresso_1769.a(board.o)
 .debug_frame   0x000008f0       0x8c D:\UTN\Git\TD_II\TD_II\workspace\lpc_board_nxp_lpcxpresso_1769\Debug\liblpc_board_nxp_lpcxpresso_1769.a(board_sysinit.o)
 .debug_frame   0x0000097c      0x218 D:\UTN\Git\TD_II\TD_II\workspace\lpc_chip_175x_6x\Debug\liblpc_chip_175x_6x.a(adc_17xx_40xx.o)
 .debug_frame   0x00000b94       0x88 D:\UTN\Git\TD_II\TD_II\workspace\lpc_chip_175x_6x\Debug\liblpc_chip_175x_6x.a(chip_17xx_40xx.o)
 .debug_frame   0x00000c1c      0x490 D:\UTN\Git\TD_II\TD_II\workspace\lpc_chip_175x_6x\Debug\liblpc_chip_175x_6x.a(clock_17xx_40xx.o)
 .debug_frame   0x000010ac      0x25c D:\UTN\Git\TD_II\TD_II\workspace\lpc_chip_175x_6x\Debug\liblpc_chip_175x_6x.a(gpdma_17xx_40xx.o)
 .debug_frame   0x00001308       0x80 D:\UTN\Git\TD_II\TD_II\workspace\lpc_chip_175x_6x\Debug\liblpc_chip_175x_6x.a(iocon_17xx_40xx.o)
 .debug_frame   0x00001388      0x12c D:\UTN\Git\TD_II\TD_II\workspace\lpc_chip_175x_6x\Debug\liblpc_chip_175x_6x.a(sysinit_17xx_40xx.o)
 .debug_frame   0x000014b4      0x538 D:\UTN\Git\TD_II\TD_II\workspace\lpc_chip_175x_6x\Debug\liblpc_chip_175x_6x.a(uart_17xx_40xx.o)
