Archive member included to satisfy reference by file (symbol)

D:\UTN\Git\TD_II\TD_II\workspace\lpc_myboard_1769\Release\liblpc_myboard_1769.a(board.o)
                              ./src/Inicializaciones.o (Board_UART_Init)
D:\UTN\Git\TD_II\TD_II\workspace\lpc_myboard_1769\Release\liblpc_myboard_1769.a(board_sysinit.o)
                              ./src/sysinit.o (Board_SystemInit)
D:\UTN\Git\TD_II\TD_II\workspace\lpc_chip_175x_6x\Release\liblpc_chip_175x_6x.a(chip_17xx_40xx.o)
                              ./src/Inicializaciones.o (SystemCoreClockUpdate)
D:\UTN\Git\TD_II\TD_II\workspace\lpc_chip_175x_6x\Release\liblpc_chip_175x_6x.a(clock_17xx_40xx.o)
                              D:\UTN\Git\TD_II\TD_II\workspace\lpc_chip_175x_6x\Release\liblpc_chip_175x_6x.a(chip_17xx_40xx.o) (Chip_Clock_EnablePLL)
D:\UTN\Git\TD_II\TD_II\workspace\lpc_chip_175x_6x\Release\liblpc_chip_175x_6x.a(iocon_17xx_40xx.o)
                              ./src/Inicializaciones.o (Chip_IOCON_PinMux)
D:\UTN\Git\TD_II\TD_II\workspace\lpc_chip_175x_6x\Release\liblpc_chip_175x_6x.a(ring_buffer.o)
                              ./src/Inicializaciones.o (RingBuffer_Init)
D:\UTN\Git\TD_II\TD_II\workspace\lpc_chip_175x_6x\Release\liblpc_chip_175x_6x.a(sysinit_17xx_40xx.o)
                              D:\UTN\Git\TD_II\TD_II\workspace\lpc_myboard_1769\Release\liblpc_myboard_1769.a(board_sysinit.o) (Chip_SetupXtalClocking)
D:\UTN\Git\TD_II\TD_II\workspace\lpc_chip_175x_6x\Release\liblpc_chip_175x_6x.a(uart_17xx_40xx.o)
                              D:\UTN\Git\TD_II\TD_II\workspace\lpc_myboard_1769\Release\liblpc_myboard_1769.a(board.o) (Chip_UART_Init)
D:\UTN\Git\TD_II\TD_II\workspace\CMSIS_DSPLIB_CM3\lib\libCMSIS_DSPLIB_CM3.a(arm_rfft_init_q31.o)
                              ./src/Inicializaciones.o (arm_rfft_init_q31)
D:\UTN\Git\TD_II\TD_II\workspace\CMSIS_DSPLIB_CM3\lib\libCMSIS_DSPLIB_CM3.a(arm_rfft_q31.o)
                              ./FFT/fft_main.o (arm_rfft_q31)
D:\UTN\Git\TD_II\TD_II\workspace\CMSIS_DSPLIB_CM3\lib\libCMSIS_DSPLIB_CM3.a(arm_cmplx_mag_q31.o)
                              ./FFT/fft_main.o (arm_cmplx_mag_q31)
D:\UTN\Git\TD_II\TD_II\workspace\CMSIS_DSPLIB_CM3\lib\libCMSIS_DSPLIB_CM3.a(arm_bitreversal.o)
                              D:\UTN\Git\TD_II\TD_II\workspace\CMSIS_DSPLIB_CM3\lib\libCMSIS_DSPLIB_CM3.a(arm_rfft_q31.o) (arm_bitreversal_q31)
D:\UTN\Git\TD_II\TD_II\workspace\CMSIS_DSPLIB_CM3\lib\libCMSIS_DSPLIB_CM3.a(arm_cfft_radix4_init_q31.o)
                              D:\UTN\Git\TD_II\TD_II\workspace\CMSIS_DSPLIB_CM3\lib\libCMSIS_DSPLIB_CM3.a(arm_rfft_init_q31.o) (arm_cfft_radix4_init_q31)
D:\UTN\Git\TD_II\TD_II\workspace\CMSIS_DSPLIB_CM3\lib\libCMSIS_DSPLIB_CM3.a(arm_cfft_radix4_q31.o)
                              D:\UTN\Git\TD_II\TD_II\workspace\CMSIS_DSPLIB_CM3\lib\libCMSIS_DSPLIB_CM3.a(arm_rfft_q31.o) (arm_radix4_butterfly_q31)
D:\UTN\Git\TD_II\TD_II\workspace\CMSIS_DSPLIB_CM3\lib\libCMSIS_DSPLIB_CM3.a(arm_sqrt_q31.o)
                              D:\UTN\Git\TD_II\TD_II\workspace\CMSIS_DSPLIB_CM3\lib\libCMSIS_DSPLIB_CM3.a(arm_cmplx_mag_q31.o) (arm_sqrt_q31)
D:\UTN\Git\TD_II\TD_II\workspace\CMSIS_DSPLIB_CM3\lib\libCMSIS_DSPLIB_CM3.a(arm_common_tables.o)
                              D:\UTN\Git\TD_II\TD_II\workspace\CMSIS_DSPLIB_CM3\lib\libCMSIS_DSPLIB_CM3.a(arm_cfft_radix4_init_q31.o) (twiddleCoefQ31)
c:/nxp/lpcxpresso_8.2.2_650/lpcxpresso/tools/bin/../lib/gcc/arm-none-eabi/5.4.1/armv7-m\libgcc.a(_arm_addsubsf3.o)
                              D:\UTN\Git\TD_II\TD_II\workspace\CMSIS_DSPLIB_CM3\lib\libCMSIS_DSPLIB_CM3.a(arm_sqrt_q31.o) (__aeabi_i2f)
c:/nxp/lpcxpresso_8.2.2_650/lpcxpresso/tools/bin/../lib/gcc/arm-none-eabi/5.4.1/armv7-m\libgcc.a(_arm_muldivsf3.o)
                              D:\UTN\Git\TD_II\TD_II\workspace\CMSIS_DSPLIB_CM3\lib\libCMSIS_DSPLIB_CM3.a(arm_sqrt_q31.o) (__aeabi_fmul)
c:/nxp/lpcxpresso_8.2.2_650/lpcxpresso/tools/bin/../lib/gcc/arm-none-eabi/5.4.1/armv7-m\libgcc.a(_arm_fixsfsi.o)
                              D:\UTN\Git\TD_II\TD_II\workspace\CMSIS_DSPLIB_CM3\lib\libCMSIS_DSPLIB_CM3.a(arm_sqrt_q31.o) (__aeabi_f2iz)
c:/nxp/lpcxpresso_8.2.2_650/lpcxpresso/tools/bin/../lib/gcc/arm-none-eabi/5.4.1/armv7-m\libgcc.a(_aeabi_uldivmod.o)
                              D:\UTN\Git\TD_II\TD_II\workspace\lpc_chip_175x_6x\Release\liblpc_chip_175x_6x.a(uart_17xx_40xx.o) (__aeabi_uldivmod)
c:/nxp/lpcxpresso_8.2.2_650/lpcxpresso/tools/bin/../lib/gcc/arm-none-eabi/5.4.1/armv7-m\libgcc.a(_udivmoddi4.o)
                              c:/nxp/lpcxpresso_8.2.2_650/lpcxpresso/tools/bin/../lib/gcc/arm-none-eabi/5.4.1/armv7-m\libgcc.a(_aeabi_uldivmod.o) (__udivmoddi4)
c:/nxp/lpcxpresso_8.2.2_650/lpcxpresso/tools/bin/../lib/gcc/arm-none-eabi/5.4.1/armv7-m\libgcc.a(_dvmd_tls.o)
                              c:/nxp/lpcxpresso_8.2.2_650/lpcxpresso/tools/bin/../lib/gcc/arm-none-eabi/5.4.1/armv7-m\libgcc.a(_aeabi_uldivmod.o) (__aeabi_ldiv0)
[...]
Memory Configuration

Name             Origin             Length             Attributes
MFlash512        0x00000000         0x00080000         xr
RamLoc32         0x10000000         0x00008000         xrw
RamAHB32         0x2007c000         0x00008000         xrw
*default*        0x00000000         0xffffffff

Linker script and memory map

LOAD ./src/Inicializaciones.o
LOAD ./src/THD_Meter.o
LOAD ./src/cr_startup_lpc175x_6x.o
LOAD ./src/crp.o
LOAD ./src/funciones.o
LOAD ./src/sysinit.o
LOAD ./UART/uart_globales.o
LOAD ./UART/uart_irq.o
LOAD ./UART/uart_main.o
LOAD ./RTOS/rtos_globales.o
LOAD ./RTOS/rtos_init.o
LOAD ./RTOS/rtos_tareas.o
LOAD ./FFT/fft_globales.o
LOAD ./FFT/fft_main.o
LOAD ./ADC_DAC/adc_dac_globales.o
LOAD ./ADC_DAC/adc_dac_init.o
LOAD ./ADC_DAC/adc_dac_irq.o
LOAD ./ADC_DAC/adc_dac_main.o
LOAD D:\UTN\Git\TD_II\TD_II\workspace\lpc_myboard_1769\Release\liblpc_myboard_1769.a
LOAD D:\UTN\Git\TD_II\TD_II\workspace\lpc_chip_175x_6x\Release\liblpc_chip_175x_6x.a
LOAD D:\UTN\Git\TD_II\TD_II\workspace\CMSIS_DSPLIB_CM3\lib\libCMSIS_DSPLIB_CM3.a
LOAD D:\UTN\Git\TD_II\TD_II\workspace\LibFreeRTOS_8.2.3\Release\libLibFreeRTOS_8.2.3.a
START GROUP
LOAD c:/nxp/lpcxpresso_8.2.2_650/lpcxpresso/tools/bin/../lib/gcc/arm-none-eabi/5.4.1/armv7-m\libgcc.a
LOAD c:/nxp/lpcxpresso_8.2.2_650/lpcxpresso/tools/bin/../lib/gcc/arm-none-eabi/5.4.1/../../../../arm-none-eabi/lib/armv7-m\libc.a
LOAD c:/nxp/lpcxpresso_8.2.2_650/lpcxpresso/tools/bin/../lib/gcc/arm-none-eabi/5.4.1/../../../../arm-none-eabi/lib/armv7-m\libm.a
LOAD c:/nxp/lpcxpresso_8.2.2_650/lpcxpresso/tools/bin/../lib/gcc/arm-none-eabi/5.4.1/../../../../arm-none-eabi/lib/armv7-m\libcr_newlib_semihost.a
END GROUP
                0x00000000                __base_MFlash512 = 0x0
                0x00000000                __base_Flash = 0x0
                0x00080000                __top_MFlash512 = 0x80000
                0x00080000                __top_Flash = 0x80000
                0x10000000                __base_RamLoc32 = 0x10000000
                0x10000000                __base_RAM = 0x10000000
                0x10008000                __top_RamLoc32 = 0x10008000
                0x10008000                __top_RAM = 0x10008000
                0x2007c000                __base_RamAHB32 = 0x2007c000
                0x2007c000                __base_RAM2 = 0x2007c000
                0x20084000                __top_RamAHB32 = 0x20084000
                0x20084000                __top_RAM2 = 0x20084000

.text           0x00000000    0x18770
 FILL mask 0xff
                0x00000000                __vectors_start__ = ABSOLUTE (.)
 *(.isr_vector)
 .isr_vector    0x00000000       0xcc ./src/cr_startup_lpc175x_6x.o
                0x00000000                g_pfnVectors
                0x000000cc                . = ALIGN (0x4)
                0x000000cc                __section_table_start = .
                0x000000cc                __data_section_table = .
                0x000000cc        0x4 LONG 0x18770 LOADADDR (.data)
                0x000000d0        0x4 LONG 0x10000000 ADDR (.data)
                0x000000d4        0x4 LONG 0x0 SIZEOF (.data)
                0x000000d8        0x4 LONG 0x18770 LOADADDR (.data_RAM2)
                0x000000dc        0x4 LONG 0x2007c000 ADDR (.data_RAM2)
                0x000000e0        0x4 LONG 0x0 SIZEOF (.data_RAM2)
                0x000000e4                __data_section_table_end = .
                0x000000e4                __bss_section_table = .
                0x000000e4        0x4 LONG 0x10000000 ADDR (.bss)
                0x000000e8        0x4 LONG 0x1c68 SIZEOF (.bss)
                0x000000ec        0x4 LONG 0x2007c000 ADDR (.bss_RAM2)
                0x000000f0        0x4 LONG 0x0 SIZEOF (.bss_RAM2)
                0x000000f4                __bss_section_table_end = .
                0x000000f4                __section_table_end = .
 *(.after_vectors*)
 .after_vectors
                0x000000f4       0x84 ./src/cr_startup_lpc175x_6x.o
                0x000000f4                NMI_Handler
                0x000000f6                HardFault_Handler
                0x000000f8                MemManage_Handler
                0x000000fa                BusFault_Handler
                0x000000fc                UsageFault_Handler
                0x000000fe                SVC_Handler
                0x00000100                DebugMon_Handler
                0x00000102                PendSV_Handler
                0x00000104                SysTick_Handler
                0x00000106                PWM1_IRQHandler
                0x00000106                I2C1_IRQHandler
                0x00000106                EINT2_IRQHandler
                0x00000106                UART1_IRQHandler
                0x00000106                EINT3_IRQHandler
                0x00000106                CANActivity_IRQHandler
                0x00000106                TIMER3_IRQHandler
                0x00000106                UART3_IRQHandler
                0x00000106                I2C0_IRQHandler
                0x00000106                RIT_IRQHandler
                0x00000106                PLL0_IRQHandler
                0x00000106                CAN_IRQHandler
                0x00000106                PLL1_IRQHandler
                0x00000106                SSP0_IRQHandler
                0x00000106                I2S_IRQHandler
                0x00000106                I2C2_IRQHandler
                0x00000106                RTC_IRQHandler
                0x00000106                TIMER0_IRQHandler
                0x00000106                SPI_IRQHandler
                0x00000106                USBActivity_IRQHandler
                0x00000106                EINT1_IRQHandler
                0x00000106                TIMER1_IRQHandler
                0x00000106                UART2_IRQHandler
                0x00000106                ADC_IRQHandler
                0x00000106                SSP1_IRQHandler
                0x00000106                USB_IRQHandler
                0x00000106                BOD_IRQHandler
                0x00000106                IntDefaultHandler
                0x00000106                WDT_IRQHandler
                0x00000106                TIMER2_IRQHandler
                0x00000106                QEI_IRQHandler
                0x00000106                EINT0_IRQHandler
                0x00000106                ETH_IRQHandler
                0x00000106                DMA_IRQHandler
                0x00000106                MCPWM_IRQHandler
                0x00000108                data_init
                0x0000011e                bss_init
                0x00000132                ResetISR
 *(.text*)
 .text.main_init
                0x00000178       0xbc ./src/Inicializaciones.o
                0x00000178                main_init
 .text.startup.main
                0x00000234       0x14 ./src/THD_Meter.o
                0x00000234                main
 .text.main_while
                0x00000248       0x44 ./src/funciones.o
                0x00000248                main_while
 .text.SystemInit
                0x0000028c       0x14 ./src/sysinit.o
                0x0000028c                SystemInit
 .text.UART0_IRQHandler
                0x000002a0       0x18 ./UART/uart_irq.o
                0x000002a0                UART0_IRQHandler
 .text.main_uart0
                0x000002b8       0x64 ./UART/uart_main.o
                0x000002b8                main_uart0
 .text.main_uart
                0x0000031c        0x4 ./UART/uart_main.o
                0x0000031c                main_uart
 .text.fft_function
                0x00000320       0x38 ./FFT/fft_main.o
                0x00000320                fft_function
 .text.Board_UART_Init
                0x00000358       0x20 D:\UTN\Git\TD_II\TD_II\workspace\lpc_myboard_1769\Release\liblpc_myboard_1769.a(board.o)
                0x00000358                Board_UART_Init
 .text.Board_Buttons_Init
                0x00000378       0x18 D:\UTN\Git\TD_II\TD_II\workspace\lpc_myboard_1769\Release\liblpc_myboard_1769.a(board.o)
                0x00000378                Board_Buttons_Init
 .text.Board_Init
                0x00000390       0x64 D:\UTN\Git\TD_II\TD_II\workspace\lpc_myboard_1769\Release\liblpc_myboard_1769.a(board.o)
                0x00000390                Board_Init
 .text.Board_SetupMuxing
                0x000003f4       0x14 D:\UTN\Git\TD_II\TD_II\workspace\lpc_myboard_1769\Release\liblpc_myboard_1769.a(board_sysinit.o)
                0x000003f4                Board_SetupMuxing
 .text.Board_SetupClocking
                0x00000408       0x1c D:\UTN\Git\TD_II\TD_II\workspace\lpc_myboard_1769\Release\liblpc_myboard_1769.a(board_sysinit.o)
                0x00000408                Board_SetupClocking
 .text.Board_SystemInit
                0x00000424        0xe D:\UTN\Git\TD_II\TD_II\workspace\lpc_myboard_1769\Release\liblpc_myboard_1769.a(board_sysinit.o)
                0x00000424                Board_SystemInit
 *fill*         0x00000432        0x2 ff
 .text.SystemCoreClockUpdate
                0x00000434       0x10 D:\UTN\Git\TD_II\TD_II\workspace\lpc_chip_175x_6x\Release\liblpc_chip_175x_6x.a(chip_17xx_40xx.o)
                0x00000434                SystemCoreClockUpdate
 .text.Chip_Clock_EnablePLL
                0x00000444       0x24 D:\UTN\Git\TD_II\TD_II\workspace\lpc_chip_175x_6x\Release\liblpc_chip_175x_6x.a(clock_17xx_40xx.o)
                0x00000444                Chip_Clock_EnablePLL
 .text.Chip_Clock_DisablePLL
                0x00000468       0x26 D:\UTN\Git\TD_II\TD_II\workspace\lpc_chip_175x_6x\Release\liblpc_chip_175x_6x.a(clock_17xx_40xx.o)
                0x00000468                Chip_Clock_DisablePLL
 .text.Chip_Clock_SetupPLL
                0x0000048e       0x30 D:\UTN\Git\TD_II\TD_II\workspace\lpc_chip_175x_6x\Release\liblpc_chip_175x_6x.a(clock_17xx_40xx.o)
                0x0000048e                Chip_Clock_SetupPLL
 *fill*         0x000004be        0x2 ff
 .text.Chip_Clock_EnablePeriphClock
                0x000004c0       0x18 D:\UTN\Git\TD_II\TD_II\workspace\lpc_chip_175x_6x\Release\liblpc_chip_175x_6x.a(clock_17xx_40xx.o)
                0x000004c0                Chip_Clock_EnablePeriphClock
 .text.Chip_Clock_GetCPUClockSource
                0x000004d8       0x10 D:\UTN\Git\TD_II\TD_II\workspace\lpc_chip_175x_6x\Release\liblpc_chip_175x_6x.a(clock_17xx_40xx.o)
                0x000004d8                Chip_Clock_GetCPUClockSource
 .text.Chip_Clock_SetCPUClockDiv
                0x000004e8        0xc D:\UTN\Git\TD_II\TD_II\workspace\lpc_chip_175x_6x\Release\liblpc_chip_175x_6x.a(clock_17xx_40xx.o)
                0x000004e8                Chip_Clock_SetCPUClockDiv
 .text.Chip_Clock_GetCPUClockDiv
                0x000004f4       0x10 D:\UTN\Git\TD_II\TD_II\workspace\lpc_chip_175x_6x\Release\liblpc_chip_175x_6x.a(clock_17xx_40xx.o)
                0x000004f4                Chip_Clock_GetCPUClockDiv
 .text.Chip_Clock_GetPCLKDiv
                0x00000504       0x38 D:\UTN\Git\TD_II\TD_II\workspace\lpc_chip_175x_6x\Release\liblpc_chip_175x_6x.a(clock_17xx_40xx.o)
                0x00000504                Chip_Clock_GetPCLKDiv
 .text.Chip_Clock_GetSYSCLKRate
                0x0000053c       0x38 D:\UTN\Git\TD_II\TD_II\workspace\lpc_chip_175x_6x\Release\liblpc_chip_175x_6x.a(clock_17xx_40xx.o)
                0x0000053c                Chip_Clock_GetSYSCLKRate
 .text.Chip_Clock_GetMainPLLOutClockRate
                0x00000574       0x34 D:\UTN\Git\TD_II\TD_II\workspace\lpc_chip_175x_6x\Release\liblpc_chip_175x_6x.a(clock_17xx_40xx.o)
                0x00000574                Chip_Clock_GetMainPLLOutClockRate
 .text.Chip_Clock_GetMainClockRate
                0x000005a8       0x20 D:\UTN\Git\TD_II\TD_II\workspace\lpc_chip_175x_6x\Release\liblpc_chip_175x_6x.a(clock_17xx_40xx.o)
                0x000005a8                Chip_Clock_GetMainClockRate
 .text.Chip_Clock_GetSystemClockRate
                0x000005c8       0x12 D:\UTN\Git\TD_II\TD_II\workspace\lpc_chip_175x_6x\Release\liblpc_chip_175x_6x.a(clock_17xx_40xx.o)
                0x000005c8                Chip_Clock_GetSystemClockRate
 .text.Chip_Clock_GetPeripheralClockRate
                0x000005da       0x16 D:\UTN\Git\TD_II\TD_II\workspace\lpc_chip_175x_6x\Release\liblpc_chip_175x_6x.a(clock_17xx_40xx.o)
                0x000005da                Chip_Clock_GetPeripheralClockRate
 .text.Chip_IOCON_PinMux
                0x000005f0       0x3c D:\UTN\Git\TD_II\TD_II\workspace\lpc_chip_175x_6x\Release\liblpc_chip_175x_6x.a(iocon_17xx_40xx.o)
                0x000005f0                Chip_IOCON_PinMux
 .text.Chip_IOCON_PinMuxSet
                0x0000062c       0x12 D:\UTN\Git\TD_II\TD_II\workspace\lpc_chip_175x_6x\Release\liblpc_chip_175x_6x.a(iocon_17xx_40xx.o)
                0x0000062c                Chip_IOCON_PinMuxSet
 .text.Chip_IOCON_SetPinMuxing
                0x0000063e       0x2a D:\UTN\Git\TD_II\TD_II\workspace\lpc_chip_175x_6x\Release\liblpc_chip_175x_6x.a(iocon_17xx_40xx.o)
                0x0000063e                Chip_IOCON_SetPinMuxing
 .text.RingBuffer_Init
                0x00000668       0x10 D:\UTN\Git\TD_II\TD_II\workspace\lpc_chip_175x_6x\Release\liblpc_chip_175x_6x.a(ring_buffer.o)
                0x00000668                RingBuffer_Init
 .text.RingBuffer_Insert
                0x00000678       0x30 D:\UTN\Git\TD_II\TD_II\workspace\lpc_chip_175x_6x\Release\liblpc_chip_175x_6x.a(ring_buffer.o)
                0x00000678                RingBuffer_Insert
 .text.RingBuffer_InsertMult
                0x000006a8       0x8e D:\UTN\Git\TD_II\TD_II\workspace\lpc_chip_175x_6x\Release\liblpc_chip_175x_6x.a(ring_buffer.o)
                0x000006a8                RingBuffer_InsertMult
 .text.RingBuffer_Pop
                0x00000736       0x30 D:\UTN\Git\TD_II\TD_II\workspace\lpc_chip_175x_6x\Release\liblpc_chip_175x_6x.a(ring_buffer.o)
                0x00000736                RingBuffer_Pop
 .text.RingBuffer_PopMult
                0x00000766       0x82 D:\UTN\Git\TD_II\TD_II\workspace\lpc_chip_175x_6x\Release\liblpc_chip_175x_6x.a(ring_buffer.o)
                0x00000766                RingBuffer_PopMult
 .text.Chip_SetupXtalClocking
                0x000007e8       0x84 D:\UTN\Git\TD_II\TD_II\workspace\lpc_chip_175x_6x\Release\liblpc_chip_175x_6x.a(sysinit_17xx_40xx.o)
                0x000007e8                Chip_SetupXtalClocking
 .text.Chip_UART_Init
                0x0000086c       0x5c D:\UTN\Git\TD_II\TD_II\workspace\lpc_chip_175x_6x\Release\liblpc_chip_175x_6x.a(uart_17xx_40xx.o)
                0x0000086c                Chip_UART_Init
 .text.Chip_UART_TXEnable
                0x000008c8        0x6 D:\UTN\Git\TD_II\TD_II\workspace\lpc_chip_175x_6x\Release\liblpc_chip_175x_6x.a(uart_17xx_40xx.o)
                0x000008c8                Chip_UART_TXEnable
 *fill*         0x000008ce        0x2 ff
 .text.Chip_UART_SetBaud
                0x000008d0       0x58 D:\UTN\Git\TD_II\TD_II\workspace\lpc_chip_175x_6x\Release\liblpc_chip_175x_6x.a(uart_17xx_40xx.o)
                0x000008d0                Chip_UART_SetBaud
 .text.Chip_UART_RXIntHandlerRB
                0x00000928       0x22 D:\UTN\Git\TD_II\TD_II\workspace\lpc_chip_175x_6x\Release\liblpc_chip_175x_6x.a(uart_17xx_40xx.o)
                0x00000928                Chip_UART_RXIntHandlerRB
 .text.Chip_UART_TXIntHandlerRB
                0x0000094a       0x24 D:\UTN\Git\TD_II\TD_II\workspace\lpc_chip_175x_6x\Release\liblpc_chip_175x_6x.a(uart_17xx_40xx.o)
                0x0000094a                Chip_UART_TXIntHandlerRB
 .text.Chip_UART_SendRB
                0x0000096e       0x42 D:\UTN\Git\TD_II\TD_II\workspace\lpc_chip_175x_6x\Release\liblpc_chip_175x_6x.a(uart_17xx_40xx.o)
                0x0000096e                Chip_UART_SendRB
 .text.Chip_UART_ReadRB
                0x000009b0        0xa D:\UTN\Git\TD_II\TD_II\workspace\lpc_chip_175x_6x\Release\liblpc_chip_175x_6x.a(uart_17xx_40xx.o)
                0x000009b0                Chip_UART_ReadRB
 *fill*         0x000009ba        0x2 ff
 .text.Chip_UART_IRQRBHandler
                0x000009bc       0x68 D:\UTN\Git\TD_II\TD_II\workspace\lpc_chip_175x_6x\Release\liblpc_chip_175x_6x.a(uart_17xx_40xx.o)
                0x000009bc                Chip_UART_IRQRBHandler
 .text.arm_rfft_init_q31
                0x00000a24       0x8c D:\UTN\Git\TD_II\TD_II\workspace\CMSIS_DSPLIB_CM3\lib\libCMSIS_DSPLIB_CM3.a(arm_rfft_init_q31.o)
                0x00000a24                arm_rfft_init_q31
 .text.arm_split_rfft_q31
                0x00000ab0      0x12c D:\UTN\Git\TD_II\TD_II\workspace\CMSIS_DSPLIB_CM3\lib\libCMSIS_DSPLIB_CM3.a(arm_rfft_q31.o)
                0x00000ab0                arm_split_rfft_q31
 .text.arm_split_rifft_q31
                0x00000bdc       0xdc D:\UTN\Git\TD_II\TD_II\workspace\CMSIS_DSPLIB_CM3\lib\libCMSIS_DSPLIB_CM3.a(arm_rfft_q31.o)
                0x00000bdc                arm_split_rifft_q31
 .text.arm_rfft_q31
                0x00000cb8       0x80 D:\UTN\Git\TD_II\TD_II\workspace\CMSIS_DSPLIB_CM3\lib\libCMSIS_DSPLIB_CM3.a(arm_rfft_q31.o)
                0x00000cb8                arm_rfft_q31
 .text.arm_cmplx_mag_q31
                0x00000d38       0xf4 D:\UTN\Git\TD_II\TD_II\workspace\CMSIS_DSPLIB_CM3\lib\libCMSIS_DSPLIB_CM3.a(arm_cmplx_mag_q31.o)
                0x00000d38                arm_cmplx_mag_q31
 .text.arm_bitreversal_q31
                0x00000e2c       0x9c D:\UTN\Git\TD_II\TD_II\workspace\CMSIS_DSPLIB_CM3\lib\libCMSIS_DSPLIB_CM3.a(arm_bitreversal.o)
                0x00000e2c                arm_bitreversal_q31
 .text.arm_cfft_radix4_init_q31
                0x00000ec8       0xa4 D:\UTN\Git\TD_II\TD_II\workspace\CMSIS_DSPLIB_CM3\lib\libCMSIS_DSPLIB_CM3.a(arm_cfft_radix4_init_q31.o)
                0x00000ec8                arm_cfft_radix4_init_q31
 .text.arm_radix4_butterfly_q31
                0x00000f6c      0x458 D:\UTN\Git\TD_II\TD_II\workspace\CMSIS_DSPLIB_CM3\lib\libCMSIS_DSPLIB_CM3.a(arm_cfft_radix4_q31.o)
                0x00000f6c                arm_radix4_butterfly_q31
 .text.arm_radix4_butterfly_inverse_q31
                0x000013c4      0x44c D:\UTN\Git\TD_II\TD_II\workspace\CMSIS_DSPLIB_CM3\lib\libCMSIS_DSPLIB_CM3.a(arm_cfft_radix4_q31.o)
                0x000013c4                arm_radix4_butterfly_inverse_q31
 .text.arm_sqrt_q31
                0x00001810       0xfc D:\UTN\Git\TD_II\TD_II\workspace\CMSIS_DSPLIB_CM3\lib\libCMSIS_DSPLIB_CM3.a(arm_sqrt_q31.o)
                0x00001810                arm_sqrt_q31
 .text          0x0000190c      0x21c c:/nxp/lpcxpresso_8.2.2_650/lpcxpresso/tools/bin/../lib/gcc/arm-none-eabi/5.4.1/armv7-m\libgcc.a(_arm_addsubsf3.o)
                0x0000190c                __aeabi_frsub
                0x00001914                __subsf3
                0x00001914                __aeabi_fsub
                0x00001918                __aeabi_fadd
                0x00001918                __addsf3
                0x00001a78                __aeabi_ui2f
                0x00001a78                __floatunsisf
                0x00001a80                __aeabi_i2f
                0x00001a80                __floatsisf
                0x00001a9c                __aeabi_ul2f
                0x00001a9c                __floatundisf
                0x00001aac                __aeabi_l2f
                0x00001aac                __floatdisf
 .text          0x00001b28      0x2a0 c:/nxp/lpcxpresso_8.2.2_650/lpcxpresso/tools/bin/../lib/gcc/arm-none-eabi/5.4.1/armv7-m\libgcc.a(_arm_muldivsf3.o)
                0x00001b28                __mulsf3
                0x00001b28                __aeabi_fmul
                0x00001c90                __aeabi_fdiv
                0x00001c90                __divsf3
 .text          0x00001dc8       0x4c c:/nxp/lpcxpresso_8.2.2_650/lpcxpresso/tools/bin/../lib/gcc/arm-none-eabi/5.4.1/armv7-m\libgcc.a(_arm_fixsfsi.o)
                0x00001dc8                __aeabi_f2iz
                0x00001dc8                __fixsfsi
 .text          0x00001e14       0xec c:/nxp/lpcxpresso_8.2.2_650/lpcxpresso/tools/bin/../lib/gcc/arm-none-eabi/5.4.1/../../../../arm-none-eabi/lib/armv7-m\libc.a(lib_a-memcpy.o)
                0x00001e14                memcpy
 *(.rodata .rodata.* .constdata .constdata.*)
 .rodata.str1.1
                0x00001f00        0xa ./src/Inicializaciones.o
 *fill*         0x00001f0a        0x2 ff
 .rodata.RTCOscRateIn
                0x00001f0c        0x4 D:\UTN\Git\TD_II\TD_II\workspace\lpc_myboard_1769\Release\liblpc_myboard_1769.a(board.o)
                0x00001f0c                RTCOscRateIn
 .rodata.OscRateIn
                0x00001f10        0x4 D:\UTN\Git\TD_II\TD_II\workspace\lpc_myboard_1769\Release\liblpc_myboard_1769.a(board.o)
                0x00001f10                OscRateIn
 .rodata.pinmuxing
                0x00001f14       0x5c D:\UTN\Git\TD_II\TD_II\workspace\lpc_myboard_1769\Release\liblpc_myboard_1769.a(board_sysinit.o)
 .rodata.realCoefAQ31
                0x00001f70     0x8000 D:\UTN\Git\TD_II\TD_II\workspace\CMSIS_DSPLIB_CM3\lib\libCMSIS_DSPLIB_CM3.a(arm_rfft_init_q31.o)
 .rodata.realCoefBQ31
                0x00009f70     0x8000 D:\UTN\Git\TD_II\TD_II\workspace\CMSIS_DSPLIB_CM3\lib\libCMSIS_DSPLIB_CM3.a(arm_rfft_init_q31.o)
 .rodata.twiddleCoefQ31
                0x00011f70     0x6000 D:\UTN\Git\TD_II\TD_II\workspace\CMSIS_DSPLIB_CM3\lib\libCMSIS_DSPLIB_CM3.a(arm_common_tables.o)
                0x00011f70                twiddleCoefQ31
 .rodata.armBitRevTable
                0x00017f70      0x800 D:\UTN\Git\TD_II\TD_II\workspace\CMSIS_DSPLIB_CM3\lib\libCMSIS_DSPLIB_CM3.a(arm_common_tables.o)
                0x00017f70                armBitRevTable
                0x00018770                . = ALIGN (0x4)

.glue_7         0x00018770        0x0
 .glue_7        0x00018770        0x0 linker stubs

.glue_7t        0x00018770        0x0
 .glue_7t       0x00018770        0x0 linker stubs

.vfp11_veneer   0x00018770        0x0
 .vfp11_veneer  0x00018770        0x0 linker stubs

.v4_bx          0x00018770        0x0
 .v4_bx         0x00018770        0x0 linker stubs

.iplt           0x00018770        0x0
 .iplt          0x00018770        0x0 ./src/Inicializaciones.o

.rel.dyn        0x00018770        0x0
 .rel.iplt      0x00018770        0x0 ./src/Inicializaciones.o

.ARM.extab
 *(.ARM.extab* .gnu.linkonce.armextab.*)
                0x00018770                __exidx_start = .

.ARM.exidx
 *(.ARM.exidx* .gnu.linkonce.armexidx.*)
                0x00018770                __exidx_end = .
                0x00018770                _etext = .

.data_RAM2      0x2007c000        0x0 load address 0x00018770
 FILL mask 0xff
                [!provide]                PROVIDE (__start_data_RAM2, .)
 *(.ramfunc.$RAM2)
 *(.ramfunc.$RamAHB32)
 *(.data.$RAM2*)
 *(.data.$RamAHB32*)
                0x2007c000                . = ALIGN (0x4)
                [!provide]                PROVIDE (__end_data_RAM2, .)

.uninit_RESERVED
                0x10000000        0x0
 *(.bss.$RESERVED*)
                0x10000000                . = ALIGN (0x4)
                0x10000000                _end_uninit_RESERVED = .

.data           0x10000000        0x0 load address 0x00018770
 FILL mask 0xff
                0x10000000                _data = .
 *(vtable)
 *(.ramfunc*)
 *(.data*)
                0x10000000                . = ALIGN (0x4)
                0x10000000                _edata = .

.igot.plt       0x10000000        0x0 load address 0x00018770
 .igot.plt      0x10000000        0x0 ./src/Inicializaciones.o

.bss_RAM2       0x2007c000        0x0
                [!provide]                PROVIDE (__start_bss_RAM2, .)
 *(.bss.$RAM2*)
 *(.bss.$RamAHB32*)
                0x2007c000                . = ALIGN ((. != 0x0)?0x4:0x1)
                [!provide]                PROVIDE (__end_bss_RAM2, .)

.bss            0x10000000     0x1c68
                0x10000000                _bss = .
 *(.bss*)
 .bss.fft_idx.11275
                0x10000000        0x2 ./src/funciones.o
 .bss.uart0_rx_status
                0x10000002        0x1 ./UART/uart_globales.o
                0x10000002                uart0_rx_status
 .bss.fft_status
                0x10000003        0x1 ./FFT/fft_globales.o
                0x10000003                fft_status
 .bss.ABsyncSts
                0x10000004        0x1 D:\UTN\Git\TD_II\TD_II\workspace\lpc_chip_175x_6x\Release\liblpc_chip_175x_6x.a(uart_17xx_40xx.o)
 *(COMMON)
 *fill*         0x10000005        0x3 
 COMMON         0x10000008      0x430 ./UART/uart_globales.o
                0x10000008                rxbuff0
                0x1000000c                uart0_in
                0x10000010                txring0
                0x10000024                txbuff0
                0x10000424                rxring0
 COMMON         0x10000438     0x182c ./FFT/fft_globales.o
                0x10000438                fft_vector
                0x10000c38                fft_vector_out
                0x10001c38                fft_inst_q31_complex
                0x10001c48                fft_inst_q31
 COMMON         0x10001c64        0x4 D:\UTN\Git\TD_II\TD_II\workspace\lpc_chip_175x_6x\Release\liblpc_chip_175x_6x.a(chip_17xx_40xx.o)
                0x10001c64                SystemCoreClock
                0x10001c68                . = ALIGN (0x4)
                0x10001c68                _ebss = .
                [!provide]                PROVIDE (end, .)

.noinit_RAM2    0x2007c000        0x0
 *(.noinit.$RAM2*)
 *(.noinit.$RamAHB32*)
                0x2007c000                . = ALIGN (0x4)

.noinit         0x10001c68        0x0
                0x10001c68                _noinit = .
 *(.noinit*)
                0x10001c68                . = ALIGN (0x4)
                0x10001c68                _end_noinit = .
                [!provide]                PROVIDE (_pvHeapStart, DEFINED (__user_heap_base)?__user_heap_base:.)
                0x10008000                PROVIDE (_vStackTop, DEFINED (__user_stack_top)?__user_stack_top:(__top_RamLoc32 - 0x0))
                0xefff79f0                PROVIDE (__valid_user_code_checksum, (0x0 - ((((((_vStackTop + (ResetISR + 0x1)) + (NMI_Handler + 0x1)) + (HardFault_Handler + 0x1)) + (DEFINED (MemManage_Handler)?MemManage_Handler:0x0 + 0x1)) + (DEFINED (BusFault_Handler)?BusFault_Handler:0x0 + 0x1)) + (DEFINED (UsageFault_Handler)?UsageFault_Handler:0x0 + 0x1))))
OUTPUT(THD_Meter_RTOS.axf elf32-littlearm)

.debug_info     0x00000000     0xa88b
 .debug_info    0x00000000      0xc1a ./src/Inicializaciones.o
 .debug_info    0x00000c1a      0x7f0 ./src/THD_Meter.o
 .debug_info    0x0000140a      0x28d ./src/cr_startup_lpc175x_6x.o
 .debug_info    0x00001697      0x36a ./src/funciones.o
 .debug_info    0x00001a01      0x138 ./src/sysinit.o
 .debug_info    0x00001b39      0x3bf ./UART/uart_globales.o
 .debug_info    0x00001ef8      0x4d0 ./UART/uart_irq.o
 .debug_info    0x000023c8      0x5ae ./UART/uart_main.o
 .debug_info    0x00002976      0x3f0 ./FFT/fft_globales.o
 .debug_info    0x00002d66      0x376 ./FFT/fft_main.o
 .debug_info    0x000030dc     0x1f20 D:\UTN\Git\TD_II\TD_II\workspace\lpc_myboard_1769\Release\liblpc_myboard_1769.a(board.o)
 .debug_info    0x00004ffc      0x610 D:\UTN\Git\TD_II\TD_II\workspace\lpc_myboard_1769\Release\liblpc_myboard_1769.a(board_sysinit.o)
 .debug_info    0x0000560c      0x5c3 D:\UTN\Git\TD_II\TD_II\workspace\lpc_chip_175x_6x\Release\liblpc_chip_175x_6x.a(chip_17xx_40xx.o)
 .debug_info    0x00005bcf      0xce6 D:\UTN\Git\TD_II\TD_II\workspace\lpc_chip_175x_6x\Release\liblpc_chip_175x_6x.a(clock_17xx_40xx.o)
 .debug_info    0x000068b5      0x323 D:\UTN\Git\TD_II\TD_II\workspace\lpc_chip_175x_6x\Release\liblpc_chip_175x_6x.a(iocon_17xx_40xx.o)
 .debug_info    0x00006bd8      0x49c D:\UTN\Git\TD_II\TD_II\workspace\lpc_chip_175x_6x\Release\liblpc_chip_175x_6x.a(ring_buffer.o)
 .debug_info    0x00007074      0x646 D:\UTN\Git\TD_II\TD_II\workspace\lpc_chip_175x_6x\Release\liblpc_chip_175x_6x.a(sysinit_17xx_40xx.o)
 .debug_info    0x000076ba     0x1440 D:\UTN\Git\TD_II\TD_II\workspace\lpc_chip_175x_6x\Release\liblpc_chip_175x_6x.a(uart_17xx_40xx.o)
 .debug_info    0x00008afa      0x303 D:\UTN\Git\TD_II\TD_II\workspace\CMSIS_DSPLIB_CM3\lib\libCMSIS_DSPLIB_CM3.a(arm_rfft_init_q31.o)
 .debug_info    0x00008dfd      0x505 D:\UTN\Git\TD_II\TD_II\workspace\CMSIS_DSPLIB_CM3\lib\libCMSIS_DSPLIB_CM3.a(arm_rfft_q31.o)
 .debug_info    0x00009302      0x277 D:\UTN\Git\TD_II\TD_II\workspace\CMSIS_DSPLIB_CM3\lib\libCMSIS_DSPLIB_CM3.a(arm_cmplx_mag_q31.o)
 .debug_info    0x00009579      0x2a5 D:\UTN\Git\TD_II\TD_II\workspace\CMSIS_DSPLIB_CM3\lib\libCMSIS_DSPLIB_CM3.a(arm_bitreversal.o)
 .debug_info    0x0000981e      0x215 D:\UTN\Git\TD_II\TD_II\workspace\CMSIS_DSPLIB_CM3\lib\libCMSIS_DSPLIB_CM3.a(arm_cfft_radix4_init_q31.o)
 .debug_info    0x00009a33      0x731 D:\UTN\Git\TD_II\TD_II\workspace\CMSIS_DSPLIB_CM3\lib\libCMSIS_DSPLIB_CM3.a(arm_cfft_radix4_q31.o)
 .debug_info    0x0000a164      0x228 D:\UTN\Git\TD_II\TD_II\workspace\CMSIS_DSPLIB_CM3\lib\libCMSIS_DSPLIB_CM3.a(arm_sqrt_q31.o)
 .debug_info    0x0000a38c      0x4ff D:\UTN\Git\TD_II\TD_II\workspace\CMSIS_DSPLIB_CM3\lib\libCMSIS_DSPLIB_CM3.a(arm_common_tables.o)

.debug_abbrev   0x00000000     0x28ff
 .debug_abbrev  0x00000000      0x26b ./src/Inicializaciones.o
 .debug_abbrev  0x0000026b      0x218 ./src/THD_Meter.o
 .debug_abbrev  0x00000483      0x12f ./src/cr_startup_lpc175x_6x.o
 .debug_abbrev  0x000005b2      0x114 ./src/funciones.o
 .debug_abbrev  0x000006c6       0xbf ./src/sysinit.o
 .debug_abbrev  0x00000785       0xfc ./UART/uart_globales.o
 .debug_abbrev  0x00000881      0x15b ./UART/uart_irq.o
 .debug_abbrev  0x000009dc      0x1b6 ./UART/uart_main.o
 .debug_abbrev  0x00000b92       0xfc ./FFT/fft_globales.o
 .debug_abbrev  0x00000c8e      0x122 ./FFT/fft_main.o
 .debug_abbrev  0x00000db0      0x37e D:\UTN\Git\TD_II\TD_II\workspace\lpc_myboard_1769\Release\liblpc_myboard_1769.a(board.o)
 .debug_abbrev  0x0000112e      0x1d1 D:\UTN\Git\TD_II\TD_II\workspace\lpc_myboard_1769\Release\liblpc_myboard_1769.a(board_sysinit.o)
 .debug_abbrev  0x000012ff      0x197 D:\UTN\Git\TD_II\TD_II\workspace\lpc_chip_175x_6x\Release\liblpc_chip_175x_6x.a(chip_17xx_40xx.o)
 .debug_abbrev  0x00001496      0x347 D:\UTN\Git\TD_II\TD_II\workspace\lpc_chip_175x_6x\Release\liblpc_chip_175x_6x.a(clock_17xx_40xx.o)
 .debug_abbrev  0x000017dd      0x12f D:\UTN\Git\TD_II\TD_II\workspace\lpc_chip_175x_6x\Release\liblpc_chip_175x_6x.a(iocon_17xx_40xx.o)
 .debug_abbrev  0x0000190c      0x169 D:\UTN\Git\TD_II\TD_II\workspace\lpc_chip_175x_6x\Release\liblpc_chip_175x_6x.a(ring_buffer.o)
 .debug_abbrev  0x00001a75      0x1dd D:\UTN\Git\TD_II\TD_II\workspace\lpc_chip_175x_6x\Release\liblpc_chip_175x_6x.a(sysinit_17xx_40xx.o)
 .debug_abbrev  0x00001c52      0x41d D:\UTN\Git\TD_II\TD_II\workspace\lpc_chip_175x_6x\Release\liblpc_chip_175x_6x.a(uart_17xx_40xx.o)
 .debug_abbrev  0x0000206f      0x142 D:\UTN\Git\TD_II\TD_II\workspace\CMSIS_DSPLIB_CM3\lib\libCMSIS_DSPLIB_CM3.a(arm_rfft_init_q31.o)
 .debug_abbrev  0x000021b1      0x164 D:\UTN\Git\TD_II\TD_II\workspace\CMSIS_DSPLIB_CM3\lib\libCMSIS_DSPLIB_CM3.a(arm_rfft_q31.o)
 .debug_abbrev  0x00002315       0xbd D:\UTN\Git\TD_II\TD_II\workspace\CMSIS_DSPLIB_CM3\lib\libCMSIS_DSPLIB_CM3.a(arm_cmplx_mag_q31.o)
 .debug_abbrev  0x000023d2       0xbe D:\UTN\Git\TD_II\TD_II\workspace\CMSIS_DSPLIB_CM3\lib\libCMSIS_DSPLIB_CM3.a(arm_bitreversal.o)
 .debug_abbrev  0x00002490      0x10f D:\UTN\Git\TD_II\TD_II\workspace\CMSIS_DSPLIB_CM3\lib\libCMSIS_DSPLIB_CM3.a(arm_cfft_radix4_init_q31.o)
 .debug_abbrev  0x0000259f      0x1a5 D:\UTN\Git\TD_II\TD_II\workspace\CMSIS_DSPLIB_CM3\lib\libCMSIS_DSPLIB_CM3.a(arm_cfft_radix4_q31.o)
 .debug_abbrev  0x00002744      0x134 D:\UTN\Git\TD_II\TD_II\workspace\CMSIS_DSPLIB_CM3\lib\libCMSIS_DSPLIB_CM3.a(arm_sqrt_q31.o)
 .debug_abbrev  0x00002878       0x87 D:\UTN\Git\TD_II\TD_II\workspace\CMSIS_DSPLIB_CM3\lib\libCMSIS_DSPLIB_CM3.a(arm_common_tables.o)

.debug_loc      0x00000000     0x4a42
 .debug_loc     0x00000000       0x68 ./src/Inicializaciones.o
 .debug_loc     0x00000068       0x14 ./src/THD_Meter.o
 .debug_loc     0x0000007c      0x1a5 ./src/cr_startup_lpc175x_6x.o
 .debug_loc     0x00000221       0x13 ./UART/uart_main.o
 .debug_loc     0x00000234      0xb0b D:\UTN\Git\TD_II\TD_II\workspace\lpc_myboard_1769\Release\liblpc_myboard_1769.a(board.o)
 .debug_loc     0x00000d3f       0x2d D:\UTN\Git\TD_II\TD_II\workspace\lpc_myboard_1769\Release\liblpc_myboard_1769.a(board_sysinit.o)
 .debug_loc     0x00000d6c      0x5c4 D:\UTN\Git\TD_II\TD_II\workspace\lpc_chip_175x_6x\Release\liblpc_chip_175x_6x.a(clock_17xx_40xx.o)
 .debug_loc     0x00001330      0x210 D:\UTN\Git\TD_II\TD_II\workspace\lpc_chip_175x_6x\Release\liblpc_chip_175x_6x.a(iocon_17xx_40xx.o)
 .debug_loc     0x00001540      0x555 D:\UTN\Git\TD_II\TD_II\workspace\lpc_chip_175x_6x\Release\liblpc_chip_175x_6x.a(ring_buffer.o)
 .debug_loc     0x00001a95       0x28 D:\UTN\Git\TD_II\TD_II\workspace\lpc_chip_175x_6x\Release\liblpc_chip_175x_6x.a(sysinit_17xx_40xx.o)
 .debug_loc     0x00001abd      0xdc2 D:\UTN\Git\TD_II\TD_II\workspace\lpc_chip_175x_6x\Release\liblpc_chip_175x_6x.a(uart_17xx_40xx.o)
 .debug_loc     0x0000287f      0x128 D:\UTN\Git\TD_II\TD_II\workspace\CMSIS_DSPLIB_CM3\lib\libCMSIS_DSPLIB_CM3.a(arm_rfft_init_q31.o)
 .debug_loc     0x000029a7      0x693 D:\UTN\Git\TD_II\TD_II\workspace\CMSIS_DSPLIB_CM3\lib\libCMSIS_DSPLIB_CM3.a(arm_rfft_q31.o)
 .debug_loc     0x0000303a      0x492 D:\UTN\Git\TD_II\TD_II\workspace\CMSIS_DSPLIB_CM3\lib\libCMSIS_DSPLIB_CM3.a(arm_cmplx_mag_q31.o)
 .debug_loc     0x000034cc      0x28c D:\UTN\Git\TD_II\TD_II\workspace\CMSIS_DSPLIB_CM3\lib\libCMSIS_DSPLIB_CM3.a(arm_bitreversal.o)
 .debug_loc     0x00003758      0x296 D:\UTN\Git\TD_II\TD_II\workspace\CMSIS_DSPLIB_CM3\lib\libCMSIS_DSPLIB_CM3.a(arm_cfft_radix4_init_q31.o)
 .debug_loc     0x000039ee      0xf17 D:\UTN\Git\TD_II\TD_II\workspace\CMSIS_DSPLIB_CM3\lib\libCMSIS_DSPLIB_CM3.a(arm_cfft_radix4_q31.o)
 .debug_loc     0x00004905      0x13d D:\UTN\Git\TD_II\TD_II\workspace\CMSIS_DSPLIB_CM3\lib\libCMSIS_DSPLIB_CM3.a(arm_sqrt_q31.o)

.debug_aranges  0x00000000      0x5d8
 .debug_aranges
                0x00000000       0x20 ./src/Inicializaciones.o
 .debug_aranges
                0x00000020       0x28 ./src/THD_Meter.o
 .debug_aranges
                0x00000048       0x80 ./src/cr_startup_lpc175x_6x.o
 .debug_aranges
                0x000000c8       0x20 ./src/funciones.o
 .debug_aranges
                0x000000e8       0x20 ./src/sysinit.o
 .debug_aranges
                0x00000108       0x18 ./UART/uart_globales.o
 .debug_aranges
                0x00000120       0x20 ./UART/uart_irq.o
 .debug_aranges
                0x00000140       0x28 ./UART/uart_main.o
 .debug_aranges
                0x00000168       0x18 ./FFT/fft_globales.o
 .debug_aranges
                0x00000180       0x20 ./FFT/fft_main.o
 .debug_aranges
                0x000001a0       0xa8 D:\UTN\Git\TD_II\TD_II\workspace\lpc_myboard_1769\Release\liblpc_myboard_1769.a(board.o)
 .debug_aranges
                0x00000248       0x30 D:\UTN\Git\TD_II\TD_II\workspace\lpc_myboard_1769\Release\liblpc_myboard_1769.a(board_sysinit.o)
 .debug_aranges
                0x00000278       0x28 D:\UTN\Git\TD_II\TD_II\workspace\lpc_chip_175x_6x\Release\liblpc_chip_175x_6x.a(chip_17xx_40xx.o)
 .debug_aranges
                0x000002a0       0xc8 D:\UTN\Git\TD_II\TD_II\workspace\lpc_chip_175x_6x\Release\liblpc_chip_175x_6x.a(clock_17xx_40xx.o)
 .debug_aranges
                0x00000368       0x30 D:\UTN\Git\TD_II\TD_II\workspace\lpc_chip_175x_6x\Release\liblpc_chip_175x_6x.a(iocon_17xx_40xx.o)
 .debug_aranges
                0x00000398       0x40 D:\UTN\Git\TD_II\TD_II\workspace\lpc_chip_175x_6x\Release\liblpc_chip_175x_6x.a(ring_buffer.o)
 .debug_aranges
                0x000003d8       0x30 D:\UTN\Git\TD_II\TD_II\workspace\lpc_chip_175x_6x\Release\liblpc_chip_175x_6x.a(sysinit_17xx_40xx.o)
 .debug_aranges
                0x00000408       0xa8 D:\UTN\Git\TD_II\TD_II\workspace\lpc_chip_175x_6x\Release\liblpc_chip_175x_6x.a(uart_17xx_40xx.o)
 .debug_aranges
                0x000004b0       0x20 D:\UTN\Git\TD_II\TD_II\workspace\CMSIS_DSPLIB_CM3\lib\libCMSIS_DSPLIB_CM3.a(arm_rfft_init_q31.o)
 .debug_aranges
                0x000004d0       0x30 D:\UTN\Git\TD_II\TD_II\workspace\CMSIS_DSPLIB_CM3\lib\libCMSIS_DSPLIB_CM3.a(arm_rfft_q31.o)
 .debug_aranges
                0x00000500       0x20 D:\UTN\Git\TD_II\TD_II\workspace\CMSIS_DSPLIB_CM3\lib\libCMSIS_DSPLIB_CM3.a(arm_cmplx_mag_q31.o)
 .debug_aranges
                0x00000520       0x30 D:\UTN\Git\TD_II\TD_II\workspace\CMSIS_DSPLIB_CM3\lib\libCMSIS_DSPLIB_CM3.a(arm_bitreversal.o)
 .debug_aranges
                0x00000550       0x20 D:\UTN\Git\TD_II\TD_II\workspace\CMSIS_DSPLIB_CM3\lib\libCMSIS_DSPLIB_CM3.a(arm_cfft_radix4_init_q31.o)
 .debug_aranges
                0x00000570       0x30 D:\UTN\Git\TD_II\TD_II\workspace\CMSIS_DSPLIB_CM3\lib\libCMSIS_DSPLIB_CM3.a(arm_cfft_radix4_q31.o)
 .debug_aranges
                0x000005a0       0x20 D:\UTN\Git\TD_II\TD_II\workspace\CMSIS_DSPLIB_CM3\lib\libCMSIS_DSPLIB_CM3.a(arm_sqrt_q31.o)
 .debug_aranges
                0x000005c0       0x18 D:\UTN\Git\TD_II\TD_II\workspace\CMSIS_DSPLIB_CM3\lib\libCMSIS_DSPLIB_CM3.a(arm_common_tables.o)

.debug_ranges   0x00000000      0x630
 .debug_ranges  0x00000000       0x60 ./src/Inicializaciones.o
 .debug_ranges  0x00000060       0x18 ./src/THD_Meter.o
 .debug_ranges  0x00000078       0x70 ./src/cr_startup_lpc175x_6x.o
 .debug_ranges  0x000000e8       0x10 ./src/funciones.o
 .debug_ranges  0x000000f8       0x10 ./src/sysinit.o
 .debug_ranges  0x00000108       0x10 ./UART/uart_irq.o
 .debug_ranges  0x00000118       0x18 ./UART/uart_main.o
 .debug_ranges  0x00000130       0x10 ./FFT/fft_main.o
 .debug_ranges  0x00000140       0xb0 D:\UTN\Git\TD_II\TD_II\workspace\lpc_myboard_1769\Release\liblpc_myboard_1769.a(board.o)
 .debug_ranges  0x000001f0       0x20 D:\UTN\Git\TD_II\TD_II\workspace\lpc_myboard_1769\Release\liblpc_myboard_1769.a(board_sysinit.o)
 .debug_ranges  0x00000210       0x18 D:\UTN\Git\TD_II\TD_II\workspace\lpc_chip_175x_6x\Release\liblpc_chip_175x_6x.a(chip_17xx_40xx.o)
 .debug_ranges  0x00000228      0x100 D:\UTN\Git\TD_II\TD_II\workspace\lpc_chip_175x_6x\Release\liblpc_chip_175x_6x.a(clock_17xx_40xx.o)
 .debug_ranges  0x00000328       0x20 D:\UTN\Git\TD_II\TD_II\workspace\lpc_chip_175x_6x\Release\liblpc_chip_175x_6x.a(iocon_17xx_40xx.o)
 .debug_ranges  0x00000348       0x78 D:\UTN\Git\TD_II\TD_II\workspace\lpc_chip_175x_6x\Release\liblpc_chip_175x_6x.a(ring_buffer.o)
 .debug_ranges  0x000003c0       0x50 D:\UTN\Git\TD_II\TD_II\workspace\lpc_chip_175x_6x\Release\liblpc_chip_175x_6x.a(sysinit_17xx_40xx.o)
 .debug_ranges  0x00000410      0x180 D:\UTN\Git\TD_II\TD_II\workspace\lpc_chip_175x_6x\Release\liblpc_chip_175x_6x.a(uart_17xx_40xx.o)
 .debug_ranges  0x00000590       0x10 D:\UTN\Git\TD_II\TD_II\workspace\CMSIS_DSPLIB_CM3\lib\libCMSIS_DSPLIB_CM3.a(arm_rfft_init_q31.o)
 .debug_ranges  0x000005a0       0x20 D:\UTN\Git\TD_II\TD_II\workspace\CMSIS_DSPLIB_CM3\lib\libCMSIS_DSPLIB_CM3.a(arm_rfft_q31.o)
 .debug_ranges  0x000005c0       0x10 D:\UTN\Git\TD_II\TD_II\workspace\CMSIS_DSPLIB_CM3\lib\libCMSIS_DSPLIB_CM3.a(arm_cmplx_mag_q31.o)
 .debug_ranges  0x000005d0       0x20 D:\UTN\Git\TD_II\TD_II\workspace\CMSIS_DSPLIB_CM3\lib\libCMSIS_DSPLIB_CM3.a(arm_bitreversal.o)
 .debug_ranges  0x000005f0       0x10 D:\UTN\Git\TD_II\TD_II\workspace\CMSIS_DSPLIB_CM3\lib\libCMSIS_DSPLIB_CM3.a(arm_cfft_radix4_init_q31.o)
 .debug_ranges  0x00000600       0x20 D:\UTN\Git\TD_II\TD_II\workspace\CMSIS_DSPLIB_CM3\lib\libCMSIS_DSPLIB_CM3.a(arm_cfft_radix4_q31.o)
 .debug_ranges  0x00000620       0x10 D:\UTN\Git\TD_II\TD_II\workspace\CMSIS_DSPLIB_CM3\lib\libCMSIS_DSPLIB_CM3.a(arm_sqrt_q31.o)

.debug_line     0x00000000     0x4335
 .debug_line    0x00000000      0x346 ./src/Inicializaciones.o
 .debug_line    0x00000346      0x2d3 ./src/THD_Meter.o
 .debug_line    0x00000619       0x8b ./src/cr_startup_lpc175x_6x.o
 .debug_line    0x000006a4      0x236 ./src/funciones.o
 .debug_line    0x000008da      0x18c ./src/sysinit.o
 .debug_line    0x00000a66      0x225 ./UART/uart_globales.o
 .debug_line    0x00000c8b      0x206 ./UART/uart_irq.o
 .debug_line    0x00000e91      0x257 ./UART/uart_main.o
 .debug_line    0x000010e8      0x225 ./FFT/fft_globales.o
 .debug_line    0x0000130d      0x229 ./FFT/fft_main.o
 .debug_line    0x00001536      0x3a7 D:\UTN\Git\TD_II\TD_II\workspace\lpc_myboard_1769\Release\liblpc_myboard_1769.a(board.o)
 .debug_line    0x000018dd      0x16c D:\UTN\Git\TD_II\TD_II\workspace\lpc_myboard_1769\Release\liblpc_myboard_1769.a(board_sysinit.o)
 .debug_line    0x00001a49      0x189 D:\UTN\Git\TD_II\TD_II\workspace\lpc_chip_175x_6x\Release\liblpc_chip_175x_6x.a(chip_17xx_40xx.o)
 .debug_line    0x00001bd2      0x352 D:\UTN\Git\TD_II\TD_II\workspace\lpc_chip_175x_6x\Release\liblpc_chip_175x_6x.a(clock_17xx_40xx.o)
 .debug_line    0x00001f24      0x12e D:\UTN\Git\TD_II\TD_II\workspace\lpc_chip_175x_6x\Release\liblpc_chip_175x_6x.a(iocon_17xx_40xx.o)
 .debug_line    0x00002052      0x1d5 D:\UTN\Git\TD_II\TD_II\workspace\lpc_chip_175x_6x\Release\liblpc_chip_175x_6x.a(ring_buffer.o)
 .debug_line    0x00002227      0x1e3 D:\UTN\Git\TD_II\TD_II\workspace\lpc_chip_175x_6x\Release\liblpc_chip_175x_6x.a(sysinit_17xx_40xx.o)
 .debug_line    0x0000240a      0x4ca D:\UTN\Git\TD_II\TD_II\workspace\lpc_chip_175x_6x\Release\liblpc_chip_175x_6x.a(uart_17xx_40xx.o)
 .debug_line    0x000028d4      0x1e8 D:\UTN\Git\TD_II\TD_II\workspace\CMSIS_DSPLIB_CM3\lib\libCMSIS_DSPLIB_CM3.a(arm_rfft_init_q31.o)
 .debug_line    0x00002abc      0x25a D:\UTN\Git\TD_II\TD_II\workspace\CMSIS_DSPLIB_CM3\lib\libCMSIS_DSPLIB_CM3.a(arm_rfft_q31.o)
 .debug_line    0x00002d16      0x1e8 D:\UTN\Git\TD_II\TD_II\workspace\CMSIS_DSPLIB_CM3\lib\libCMSIS_DSPLIB_CM3.a(arm_cmplx_mag_q31.o)
 .debug_line    0x00002efe      0x310 D:\UTN\Git\TD_II\TD_II\workspace\CMSIS_DSPLIB_CM3\lib\libCMSIS_DSPLIB_CM3.a(arm_bitreversal.o)
 .debug_line    0x0000320e      0x201 D:\UTN\Git\TD_II\TD_II\workspace\CMSIS_DSPLIB_CM3\lib\libCMSIS_DSPLIB_CM3.a(arm_cfft_radix4_init_q31.o)
 .debug_line    0x0000340f      0xbb4 D:\UTN\Git\TD_II\TD_II\workspace\CMSIS_DSPLIB_CM3\lib\libCMSIS_DSPLIB_CM3.a(arm_cfft_radix4_q31.o)
 .debug_line    0x00003fc3      0x1dc D:\UTN\Git\TD_II\TD_II\workspace\CMSIS_DSPLIB_CM3\lib\libCMSIS_DSPLIB_CM3.a(arm_sqrt_q31.o)
 .debug_line    0x0000419f      0x196 D:\UTN\Git\TD_II\TD_II\workspace\CMSIS_DSPLIB_CM3\lib\libCMSIS_DSPLIB_CM3.a(arm_common_tables.o)

.debug_str      0x00000000     0x773c
 .debug_str     0x00000000      0x724 ./src/Inicializaciones.o
                                0x812 (size before relaxing)
 .debug_str     0x00000724       0x67 ./src/THD_Meter.o
                                0x6e3 (size before relaxing)
 .debug_str     0x0000078b      0x17a ./src/cr_startup_lpc175x_6x.o
                                0x28a (size before relaxing)
 .debug_str     0x00000905       0x57 ./src/funciones.o
                                0x3bf (size before relaxing)
 .debug_str     0x0000095c       0x2c ./src/sysinit.o
                                0x216 (size before relaxing)
 .debug_str     0x00000988      0x1ba ./UART/uart_globales.o
                                0x530 (size before relaxing)
 .debug_str     0x00000b42       0x3b ./UART/uart_irq.o
                                0x401 (size before relaxing)
 .debug_str     0x00000b7d       0x4f ./UART/uart_main.o
                                0x454 (size before relaxing)
 .debug_str     0x00000bcc       0x16 ./FFT/fft_globales.o
                                0x53a (size before relaxing)
 .debug_str     0x00000be2       0x31 ./FFT/fft_main.o
                                0x3c0 (size before relaxing)
 .debug_str     0x00000c13      0x9af D:\UTN\Git\TD_II\TD_II\workspace\lpc_myboard_1769\Release\liblpc_myboard_1769.a(board.o)
                                0xe0c (size before relaxing)
 .debug_str     0x000015c2      0x24b D:\UTN\Git\TD_II\TD_II\workspace\lpc_myboard_1769\Release\liblpc_myboard_1769.a(board_sysinit.o)
                                0x624 (size before relaxing)
 .debug_str     0x0000180d       0xee D:\UTN\Git\TD_II\TD_II\workspace\lpc_chip_175x_6x\Release\liblpc_chip_175x_6x.a(chip_17xx_40xx.o)
                                0x816 (size before relaxing)
 .debug_str     0x000018fb      0x7f3 D:\UTN\Git\TD_II\TD_II\workspace\lpc_chip_175x_6x\Release\liblpc_chip_175x_6x.a(clock_17xx_40xx.o)
                                0xe20 (size before relaxing)
 .debug_str     0x000020ee       0x4f D:\UTN\Git\TD_II\TD_II\workspace\lpc_chip_175x_6x\Release\liblpc_chip_175x_6x.a(iocon_17xx_40xx.o)
                                0x29d (size before relaxing)
 .debug_str     0x0000213d       0xce D:\UTN\Git\TD_II\TD_II\workspace\lpc_chip_175x_6x\Release\liblpc_chip_175x_6x.a(ring_buffer.o)
                                0x281 (size before relaxing)
 .debug_str     0x0000220b       0xad D:\UTN\Git\TD_II\TD_II\workspace\lpc_chip_175x_6x\Release\liblpc_chip_175x_6x.a(sysinit_17xx_40xx.o)
                                0x4de (size before relaxing)
 .debug_str     0x000022b8      0x2e2 D:\UTN\Git\TD_II\TD_II\workspace\lpc_chip_175x_6x\Release\liblpc_chip_175x_6x.a(uart_17xx_40xx.o)
                                0xd9c (size before relaxing)
 .debug_str     0x0000259a     0x494e D:\UTN\Git\TD_II\TD_II\workspace\CMSIS_DSPLIB_CM3\lib\libCMSIS_DSPLIB_CM3.a(arm_rfft_init_q31.o)
                               0x4b17 (size before relaxing)
 .debug_str     0x00006ee8      0x112 D:\UTN\Git\TD_II\TD_II\workspace\CMSIS_DSPLIB_CM3\lib\libCMSIS_DSPLIB_CM3.a(arm_rfft_q31.o)
                               0x4b23 (size before relaxing)
 .debug_str     0x00006ffa       0xab D:\UTN\Git\TD_II\TD_II\workspace\CMSIS_DSPLIB_CM3\lib\libCMSIS_DSPLIB_CM3.a(arm_cmplx_mag_q31.o)
                               0x49d0 (size before relaxing)
 .debug_str     0x000070a5      0x2a8 D:\UTN\Git\TD_II\TD_II\workspace\CMSIS_DSPLIB_CM3\lib\libCMSIS_DSPLIB_CM3.a(arm_bitreversal.o)
                               0x4bf8 (size before relaxing)
 .debug_str     0x0000734d       0x5b D:\UTN\Git\TD_II\TD_II\workspace\CMSIS_DSPLIB_CM3\lib\libCMSIS_DSPLIB_CM3.a(arm_cfft_radix4_init_q31.o)
                               0x4c9d (size before relaxing)
 .debug_str     0x000073a8       0xa3 D:\UTN\Git\TD_II\TD_II\workspace\CMSIS_DSPLIB_CM3\lib\libCMSIS_DSPLIB_CM3.a(arm_cfft_radix4_q31.o)
                               0x4a80 (size before relaxing)
 .debug_str     0x0000744b       0x99 D:\UTN\Git\TD_II\TD_II\workspace\CMSIS_DSPLIB_CM3\lib\libCMSIS_DSPLIB_CM3.a(arm_sqrt_q31.o)
                               0x4c70 (size before relaxing)
 .debug_str     0x000074e4      0x258 D:\UTN\Git\TD_II\TD_II\workspace\CMSIS_DSPLIB_CM3\lib\libCMSIS_DSPLIB_CM3.a(arm_common_tables.o)
                               0x4db0 (size before relaxing)

.comment        0x00000000       0xdc
 .comment       0x00000000       0x6e ./src/Inicializaciones.o
                                 0x6f (size before relaxing)
 .comment       0x0000006e       0x6f ./src/THD_Meter.o
 .comment       0x0000006e       0x6f ./src/cr_startup_lpc175x_6x.o
 .comment       0x0000006e       0x6f ./src/funciones.o
 .comment       0x0000006e       0x6f ./src/sysinit.o
 .comment       0x0000006e       0x6f ./UART/uart_globales.o
 .comment       0x0000006e       0x6f ./UART/uart_irq.o
 .comment       0x0000006e       0x6f ./UART/uart_main.o
 .comment       0x0000006e       0x6f ./FFT/fft_globales.o
 .comment       0x0000006e       0x6f ./FFT/fft_main.o
 .comment       0x0000006e       0x6f D:\UTN\Git\TD_II\TD_II\workspace\lpc_myboard_1769\Release\liblpc_myboard_1769.a(board.o)
 .comment       0x0000006e       0x6f D:\UTN\Git\TD_II\TD_II\workspace\lpc_myboard_1769\Release\liblpc_myboard_1769.a(board_sysinit.o)
 .comment       0x0000006e       0x6f D:\UTN\Git\TD_II\TD_II\workspace\lpc_chip_175x_6x\Release\liblpc_chip_175x_6x.a(chip_17xx_40xx.o)
 .comment       0x0000006e       0x6f D:\UTN\Git\TD_II\TD_II\workspace\lpc_chip_175x_6x\Release\liblpc_chip_175x_6x.a(clock_17xx_40xx.o)
 .comment       0x0000006e       0x6f D:\UTN\Git\TD_II\TD_II\workspace\lpc_chip_175x_6x\Release\liblpc_chip_175x_6x.a(iocon_17xx_40xx.o)
 .comment       0x0000006e       0x6f D:\UTN\Git\TD_II\TD_II\workspace\lpc_chip_175x_6x\Release\liblpc_chip_175x_6x.a(ring_buffer.o)
 .comment       0x0000006e       0x6f D:\UTN\Git\TD_II\TD_II\workspace\lpc_chip_175x_6x\Release\liblpc_chip_175x_6x.a(sysinit_17xx_40xx.o)
 .comment       0x0000006e       0x6f D:\UTN\Git\TD_II\TD_II\workspace\lpc_chip_175x_6x\Release\liblpc_chip_175x_6x.a(uart_17xx_40xx.o)
 .comment       0x0000006e       0x6e D:\UTN\Git\TD_II\TD_II\workspace\CMSIS_DSPLIB_CM3\lib\libCMSIS_DSPLIB_CM3.a(arm_rfft_init_q31.o)
                                 0x6f (size before relaxing)
 .comment       0x000000dc       0x6f D:\UTN\Git\TD_II\TD_II\workspace\CMSIS_DSPLIB_CM3\lib\libCMSIS_DSPLIB_CM3.a(arm_rfft_q31.o)
 .comment       0x000000dc       0x6f D:\UTN\Git\TD_II\TD_II\workspace\CMSIS_DSPLIB_CM3\lib\libCMSIS_DSPLIB_CM3.a(arm_cmplx_mag_q31.o)
 .comment       0x000000dc       0x6f D:\UTN\Git\TD_II\TD_II\workspace\CMSIS_DSPLIB_CM3\lib\libCMSIS_DSPLIB_CM3.a(arm_bitreversal.o)
 .comment       0x000000dc       0x6f D:\UTN\Git\TD_II\TD_II\workspace\CMSIS_DSPLIB_CM3\lib\libCMSIS_DSPLIB_CM3.a(arm_cfft_radix4_init_q31.o)
 .comment       0x000000dc       0x6f D:\UTN\Git\TD_II\TD_II\workspace\CMSIS_DSPLIB_CM3\lib\libCMSIS_DSPLIB_CM3.a(arm_cfft_radix4_q31.o)
 .comment       0x000000dc       0x6f D:\UTN\Git\TD_II\TD_II\workspace\CMSIS_DSPLIB_CM3\lib\libCMSIS_DSPLIB_CM3.a(arm_sqrt_q31.o)
 .comment       0x000000dc       0x6f D:\UTN\Git\TD_II\TD_II\workspace\CMSIS_DSPLIB_CM3\lib\libCMSIS_DSPLIB_CM3.a(arm_common_tables.o)

.ARM.attributes
                0x00000000       0x31
 .ARM.attributes
                0x00000000       0x33 ./src/Inicializaciones.o
 .ARM.attributes
                0x00000033       0x33 ./src/THD_Meter.o
 .ARM.attributes
                0x00000066       0x33 ./src/cr_startup_lpc175x_6x.o
 .ARM.attributes
                0x00000099       0x33 ./src/funciones.o
 .ARM.attributes
                0x000000cc       0x33 ./src/sysinit.o
 .ARM.attributes
                0x000000ff       0x33 ./UART/uart_globales.o
 .ARM.attributes
                0x00000132       0x33 ./UART/uart_irq.o
 .ARM.attributes
                0x00000165       0x33 ./UART/uart_main.o
 .ARM.attributes
                0x00000198       0x33 ./FFT/fft_globales.o
 .ARM.attributes
                0x000001cb       0x33 ./FFT/fft_main.o
 .ARM.attributes
                0x000001fe       0x33 D:\UTN\Git\TD_II\TD_II\workspace\lpc_myboard_1769\Release\liblpc_myboard_1769.a(board.o)
 .ARM.attributes
                0x00000231       0x33 D:\UTN\Git\TD_II\TD_II\workspace\lpc_myboard_1769\Release\liblpc_myboard_1769.a(board_sysinit.o)
 .ARM.attributes
                0x00000264       0x33 D:\UTN\Git\TD_II\TD_II\workspace\lpc_chip_175x_6x\Release\liblpc_chip_175x_6x.a(chip_17xx_40xx.o)
 .ARM.attributes
                0x00000297       0x33 D:\UTN\Git\TD_II\TD_II\workspace\lpc_chip_175x_6x\Release\liblpc_chip_175x_6x.a(clock_17xx_40xx.o)
 .ARM.attributes
                0x000002ca       0x33 D:\UTN\Git\TD_II\TD_II\workspace\lpc_chip_175x_6x\Release\liblpc_chip_175x_6x.a(iocon_17xx_40xx.o)
 .ARM.attributes
                0x000002fd       0x33 D:\UTN\Git\TD_II\TD_II\workspace\lpc_chip_175x_6x\Release\liblpc_chip_175x_6x.a(ring_buffer.o)
 .ARM.attributes
                0x00000330       0x33 D:\UTN\Git\TD_II\TD_II\workspace\lpc_chip_175x_6x\Release\liblpc_chip_175x_6x.a(sysinit_17xx_40xx.o)
 .ARM.attributes
                0x00000363       0x33 D:\UTN\Git\TD_II\TD_II\workspace\lpc_chip_175x_6x\Release\liblpc_chip_175x_6x.a(uart_17xx_40xx.o)
 .ARM.attributes
                0x00000396       0x33 D:\UTN\Git\TD_II\TD_II\workspace\CMSIS_DSPLIB_CM3\lib\libCMSIS_DSPLIB_CM3.a(arm_rfft_init_q31.o)
 .ARM.attributes
                0x000003c9       0x33 D:\UTN\Git\TD_II\TD_II\workspace\CMSIS_DSPLIB_CM3\lib\libCMSIS_DSPLIB_CM3.a(arm_rfft_q31.o)
 .ARM.attributes
                0x000003fc       0x33 D:\UTN\Git\TD_II\TD_II\workspace\CMSIS_DSPLIB_CM3\lib\libCMSIS_DSPLIB_CM3.a(arm_cmplx_mag_q31.o)
 .ARM.attributes
                0x0000042f       0x33 D:\UTN\Git\TD_II\TD_II\workspace\CMSIS_DSPLIB_CM3\lib\libCMSIS_DSPLIB_CM3.a(arm_bitreversal.o)
 .ARM.attributes
                0x00000462       0x33 D:\UTN\Git\TD_II\TD_II\workspace\CMSIS_DSPLIB_CM3\lib\libCMSIS_DSPLIB_CM3.a(arm_cfft_radix4_init_q31.o)
 .ARM.attributes
                0x00000495       0x33 D:\UTN\Git\TD_II\TD_II\workspace\CMSIS_DSPLIB_CM3\lib\libCMSIS_DSPLIB_CM3.a(arm_cfft_radix4_q31.o)
 .ARM.attributes
                0x000004c8       0x33 D:\UTN\Git\TD_II\TD_II\workspace\CMSIS_DSPLIB_CM3\lib\libCMSIS_DSPLIB_CM3.a(arm_sqrt_q31.o)
 .ARM.attributes
                0x000004fb       0x33 D:\UTN\Git\TD_II\TD_II\workspace\CMSIS_DSPLIB_CM3\lib\libCMSIS_DSPLIB_CM3.a(arm_common_tables.o)
 .ARM.attributes
                0x0000052e       0x1d c:/nxp/lpcxpresso_8.2.2_650/lpcxpresso/tools/bin/../lib/gcc/arm-none-eabi/5.4.1/armv7-m\libgcc.a(_arm_addsubsf3.o)
 .ARM.attributes
                0x0000054b       0x1d c:/nxp/lpcxpresso_8.2.2_650/lpcxpresso/tools/bin/../lib/gcc/arm-none-eabi/5.4.1/armv7-m\libgcc.a(_arm_muldivsf3.o)
 .ARM.attributes
                0x00000568       0x1d c:/nxp/lpcxpresso_8.2.2_650/lpcxpresso/tools/bin/../lib/gcc/arm-none-eabi/5.4.1/armv7-m\libgcc.a(_arm_fixsfsi.o)
 .ARM.attributes
                0x00000585       0x1b c:/nxp/lpcxpresso_8.2.2_650/lpcxpresso/tools/bin/../lib/gcc/arm-none-eabi/5.4.1/../../../../arm-none-eabi/lib/armv7-m\libc.a(lib_a-memcpy.o)

.debug_frame    0x00000000      0xc1c
 .debug_frame   0x00000000       0x34 ./src/Inicializaciones.o
 .debug_frame   0x00000034       0x38 ./src/THD_Meter.o
 .debug_frame   0x0000006c       0xfc ./src/cr_startup_lpc175x_6x.o
 .debug_frame   0x00000168       0x2c ./src/funciones.o
 .debug_frame   0x00000194       0x20 ./src/sysinit.o
 .debug_frame   0x000001b4       0x20 ./UART/uart_irq.o
 .debug_frame   0x000001d4       0x3c ./UART/uart_main.o
 .debug_frame   0x00000210       0x28 ./FFT/fft_main.o
 .debug_frame   0x00000238      0x1b4 D:\UTN\Git\TD_II\TD_II\workspace\lpc_myboard_1769\Release\liblpc_myboard_1769.a(board.o)
 .debug_frame   0x000003ec       0x54 D:\UTN\Git\TD_II\TD_II\workspace\lpc_myboard_1769\Release\liblpc_myboard_1769.a(board_sysinit.o)
 .debug_frame   0x00000440       0x44 D:\UTN\Git\TD_II\TD_II\workspace\lpc_chip_175x_6x\Release\liblpc_chip_175x_6x.a(chip_17xx_40xx.o)
 .debug_frame   0x00000484      0x1b4 D:\UTN\Git\TD_II\TD_II\workspace\lpc_chip_175x_6x\Release\liblpc_chip_175x_6x.a(clock_17xx_40xx.o)
 .debug_frame   0x00000638       0x6c D:\UTN\Git\TD_II\TD_II\workspace\lpc_chip_175x_6x\Release\liblpc_chip_175x_6x.a(iocon_17xx_40xx.o)
 .debug_frame   0x000006a4       0x90 D:\UTN\Git\TD_II\TD_II\workspace\lpc_chip_175x_6x\Release\liblpc_chip_175x_6x.a(ring_buffer.o)
 .debug_frame   0x00000734       0x68 D:\UTN\Git\TD_II\TD_II\workspace\lpc_chip_175x_6x\Release\liblpc_chip_175x_6x.a(sysinit_17xx_40xx.o)
 .debug_frame   0x0000079c      0x1d4 D:\UTN\Git\TD_II\TD_II\workspace\lpc_chip_175x_6x\Release\liblpc_chip_175x_6x.a(uart_17xx_40xx.o)
 .debug_frame   0x00000970       0x30 D:\UTN\Git\TD_II\TD_II\workspace\CMSIS_DSPLIB_CM3\lib\libCMSIS_DSPLIB_CM3.a(arm_rfft_init_q31.o)
 .debug_frame   0x000009a0       0x9c D:\UTN\Git\TD_II\TD_II\workspace\CMSIS_DSPLIB_CM3\lib\libCMSIS_DSPLIB_CM3.a(arm_rfft_q31.o)
 .debug_frame   0x00000a3c       0x3c D:\UTN\Git\TD_II\TD_II\workspace\CMSIS_DSPLIB_CM3\lib\libCMSIS_DSPLIB_CM3.a(arm_cmplx_mag_q31.o)
 .debug_frame   0x00000a78       0x84 D:\UTN\Git\TD_II\TD_II\workspace\CMSIS_DSPLIB_CM3\lib\libCMSIS_DSPLIB_CM3.a(arm_bitreversal.o)
 .debug_frame   0x00000afc       0x4c D:\UTN\Git\TD_II\TD_II\workspace\CMSIS_DSPLIB_CM3\lib\libCMSIS_DSPLIB_CM3.a(arm_cfft_radix4_init_q31.o)
 .debug_frame   0x00000b48       0x94 D:\UTN\Git\TD_II\TD_II\workspace\CMSIS_DSPLIB_CM3\lib\libCMSIS_DSPLIB_CM3.a(arm_cfft_radix4_q31.o)
 .debug_frame   0x00000bdc       0x40 D:\UTN\Git\TD_II\TD_II\workspace\CMSIS_DSPLIB_CM3\lib\libCMSIS_DSPLIB_CM3.a(arm_sqrt_q31.o)

.debug_macro    0x00000000     0x1671
 .debug_macro   0x00000000       0x90 D:\UTN\Git\TD_II\TD_II\workspace\CMSIS_DSPLIB_CM3\lib\libCMSIS_DSPLIB_CM3.a(arm_rfft_init_q31.o)
 .debug_macro   0x00000090      0x886 D:\UTN\Git\TD_II\TD_II\workspace\CMSIS_DSPLIB_CM3\lib\libCMSIS_DSPLIB_CM3.a(arm_rfft_init_q31.o)
 .debug_macro   0x00000916       0x12 D:\UTN\Git\TD_II\TD_II\workspace\CMSIS_DSPLIB_CM3\lib\libCMSIS_DSPLIB_CM3.a(arm_rfft_init_q31.o)
 .debug_macro   0x00000928       0x3a D:\UTN\Git\TD_II\TD_II\workspace\CMSIS_DSPLIB_CM3\lib\libCMSIS_DSPLIB_CM3.a(arm_rfft_init_q31.o)
 .debug_macro   0x00000962       0x10 D:\UTN\Git\TD_II\TD_II\workspace\CMSIS_DSPLIB_CM3\lib\libCMSIS_DSPLIB_CM3.a(arm_rfft_init_q31.o)
 .debug_macro   0x00000972      0x12d D:\UTN\Git\TD_II\TD_II\workspace\CMSIS_DSPLIB_CM3\lib\libCMSIS_DSPLIB_CM3.a(arm_rfft_init_q31.o)
 .debug_macro   0x00000a9f      0x5b2 D:\UTN\Git\TD_II\TD_II\workspace\CMSIS_DSPLIB_CM3\lib\libCMSIS_DSPLIB_CM3.a(arm_rfft_init_q31.o)
 .debug_macro   0x00001051       0x2d D:\UTN\Git\TD_II\TD_II\workspace\CMSIS_DSPLIB_CM3\lib\libCMSIS_DSPLIB_CM3.a(arm_rfft_init_q31.o)
 .debug_macro   0x0000107e       0xc4 D:\UTN\Git\TD_II\TD_II\workspace\CMSIS_DSPLIB_CM3\lib\libCMSIS_DSPLIB_CM3.a(arm_rfft_init_q31.o)
 .debug_macro   0x00001142       0xb3 D:\UTN\Git\TD_II\TD_II\workspace\CMSIS_DSPLIB_CM3\lib\libCMSIS_DSPLIB_CM3.a(arm_rfft_init_q31.o)
 .debug_macro   0x000011f5       0x90 D:\UTN\Git\TD_II\TD_II\workspace\CMSIS_DSPLIB_CM3\lib\libCMSIS_DSPLIB_CM3.a(arm_rfft_q31.o)
 .debug_macro   0x00001285       0x90 D:\UTN\Git\TD_II\TD_II\workspace\CMSIS_DSPLIB_CM3\lib\libCMSIS_DSPLIB_CM3.a(arm_cmplx_mag_q31.o)
 .debug_macro   0x00001315       0xa3 D:\UTN\Git\TD_II\TD_II\workspace\CMSIS_DSPLIB_CM3\lib\libCMSIS_DSPLIB_CM3.a(arm_bitreversal.o)
 .debug_macro   0x000013b8       0x40 D:\UTN\Git\TD_II\TD_II\workspace\CMSIS_DSPLIB_CM3\lib\libCMSIS_DSPLIB_CM3.a(arm_bitreversal.o)
 .debug_macro   0x000013f8       0xa3 D:\UTN\Git\TD_II\TD_II\workspace\CMSIS_DSPLIB_CM3\lib\libCMSIS_DSPLIB_CM3.a(arm_cfft_radix4_init_q31.o)
 .debug_macro   0x0000149b       0x90 D:\UTN\Git\TD_II\TD_II\workspace\CMSIS_DSPLIB_CM3\lib\libCMSIS_DSPLIB_CM3.a(arm_cfft_radix4_q31.o)
 .debug_macro   0x0000152b       0xa3 D:\UTN\Git\TD_II\TD_II\workspace\CMSIS_DSPLIB_CM3\lib\libCMSIS_DSPLIB_CM3.a(arm_sqrt_q31.o)
 .debug_macro   0x000015ce       0xa3 D:\UTN\Git\TD_II\TD_II\workspace\CMSIS_DSPLIB_CM3\lib\libCMSIS_DSPLIB_CM3.a(arm_common_tables.o)
