Archive member included to satisfy reference by file (symbol)

/home/aortiz/UTN/TD II/TEST_DMA_I2S/lpc_board_nxp_lpcxpresso_1769/Debug/liblpc_board_nxp_lpcxpresso_1769.a(board.o)
                              ./src/FreeRTOSCommonHooks.o (Board_UARTPutSTR)
/home/aortiz/UTN/TD II/TEST_DMA_I2S/lpc_board_nxp_lpcxpresso_1769/Debug/liblpc_board_nxp_lpcxpresso_1769.a(board_sysinit.o)
                              ./src/sysinit.o (Board_SystemInit)
/home/aortiz/UTN/TD II/TEST_DMA_I2S/lpc_chip_175x_6x/Debug/liblpc_chip_175x_6x.a(chip_17xx_40xx.o)
                              ./src/port.o (SystemCoreClock)
/home/aortiz/UTN/TD II/TEST_DMA_I2S/lpc_chip_175x_6x/Debug/liblpc_chip_175x_6x.a(clock_17xx_40xx.o)
                              /home/aortiz/UTN/TD II/TEST_DMA_I2S/lpc_chip_175x_6x/Debug/liblpc_chip_175x_6x.a(chip_17xx_40xx.o) (Chip_Clock_EnablePLL)
/home/aortiz/UTN/TD II/TEST_DMA_I2S/lpc_chip_175x_6x/Debug/liblpc_chip_175x_6x.a(dac_17xx_40xx.o)
                              ./src/test_PCM1802_PCM1781.o (Chip_DAC_Init)
/home/aortiz/UTN/TD II/TEST_DMA_I2S/lpc_chip_175x_6x/Debug/liblpc_chip_175x_6x.a(gpdma_17xx_40xx.o)
                              ./src/test_PCM1802_PCM1781.o (Chip_GPDMA_Init)
/home/aortiz/UTN/TD II/TEST_DMA_I2S/lpc_chip_175x_6x/Debug/liblpc_chip_175x_6x.a(i2s_17xx_40xx.o)
                              ./src/test_PCM1802_PCM1781.o (Chip_I2S_Init)
/home/aortiz/UTN/TD II/TEST_DMA_I2S/lpc_chip_175x_6x/Debug/liblpc_chip_175x_6x.a(iocon_17xx_40xx.o)
                              ./src/test_PCM1802_PCM1781.o (Chip_IOCON_PinMux)
/home/aortiz/UTN/TD II/TEST_DMA_I2S/lpc_chip_175x_6x/Debug/liblpc_chip_175x_6x.a(sysinit_17xx_40xx.o)
                              ./src/test_PCM1802_PCM1781.o (Chip_SetupXtalClocking)
/home/aortiz/UTN/TD II/TEST_DMA_I2S/lpc_chip_175x_6x/Debug/liblpc_chip_175x_6x.a(uart_17xx_40xx.o)
                              /home/aortiz/UTN/TD II/TEST_DMA_I2S/lpc_board_nxp_lpcxpresso_1769/Debug/liblpc_board_nxp_lpcxpresso_1769.a(board.o) (Chip_UART_Init)
/home/aortiz/UTN/TD II/TEST_DMA_I2S/lpc_chip_175x_6x/Debug/liblpc_chip_175x_6x.a(ring_buffer.o)
                              /home/aortiz/UTN/TD II/TEST_DMA_I2S/lpc_chip_175x_6x/Debug/liblpc_chip_175x_6x.a(uart_17xx_40xx.o) (RingBuffer_Insert)
/home/aortiz/Software_instalado/LPC/lpcxpresso/tools/bin/../lib/gcc/arm-none-eabi/5.2.1/../../../../arm-none-eabi/lib/armv7-m/libcr_c.a(memcpy.o)
                              ./src/queue.o (memcpy)
/home/aortiz/Software_instalado/LPC/lpcxpresso/tools/bin/../lib/gcc/arm-none-eabi/5.2.1/../../../../arm-none-eabi/lib/armv7-m/libcr_c.a(memset.o)
                              ./src/tasks.o (memset)
/home/aortiz/Software_instalado/LPC/lpcxpresso/tools/bin/../lib/gcc/arm-none-eabi/5.2.1/../../../../arm-none-eabi/lib/armv7-m/libcr_c.a(__weak__main.o)
                              ./src/cr_startup_lpc175x_6x.o (__main)
/home/aortiz/Software_instalado/LPC/lpcxpresso/tools/bin/../lib/gcc/arm-none-eabi/5.2.1/../../../../arm-none-eabi/lib/armv7-m/libcr_c.a(alloc.o)
                              ./src/heap_3.o (malloc)
/home/aortiz/Software_instalado/LPC/lpcxpresso/tools/bin/../lib/gcc/arm-none-eabi/5.2.1/../../../../arm-none-eabi/lib/armv7-m/libcr_c.a(fpprintf.o)
                              ./src/FreeRTOSCommonHooks.o (printf)
/home/aortiz/Software_instalado/LPC/lpcxpresso/tools/bin/../lib/gcc/arm-none-eabi/5.2.1/../../../../arm-none-eabi/lib/armv7-m/libcr_c.a(printf.o)
                              /home/aortiz/Software_instalado/LPC/lpcxpresso/tools/bin/../lib/gcc/arm-none-eabi/5.2.1/../../../../arm-none-eabi/lib/armv7-m/libcr_c.a(fpprintf.o) (__vfprintf)
/home/aortiz/Software_instalado/LPC/lpcxpresso/tools/bin/../lib/gcc/arm-none-eabi/5.2.1/../../../../arm-none-eabi/lib/armv7-m/libcr_c.a(stdio.o)
                              /home/aortiz/Software_instalado/LPC/lpcxpresso/tools/bin/../lib/gcc/arm-none-eabi/5.2.1/../../../../arm-none-eabi/lib/armv7-m/libcr_c.a(fpprintf.o) (__Ciob)
/home/aortiz/Software_instalado/LPC/lpcxpresso/tools/bin/../lib/gcc/arm-none-eabi/5.2.1/../../../../arm-none-eabi/lib/armv7-m/libcr_c.a(strlen.o)
                              /home/aortiz/Software_instalado/LPC/lpcxpresso/tools/bin/../lib/gcc/arm-none-eabi/5.2.1/../../../../arm-none-eabi/lib/armv7-m/libcr_c.a(printf.o) (strlen)
/home/aortiz/Software_instalado/LPC/lpcxpresso/tools/bin/../lib/gcc/arm-none-eabi/5.2.1/../../../../arm-none-eabi/lib/armv7-m/libcr_c.a(__fillbuf.o)
                              /home/aortiz/Software_instalado/LPC/lpcxpresso/tools/bin/../lib/gcc/arm-none-eabi/5.2.1/../../../../arm-none-eabi/lib/armv7-m/libcr_c.a(stdio.o) (__filbuf)
/home/aortiz/Software_instalado/LPC/lpcxpresso/tools/bin/../lib/gcc/arm-none-eabi/5.2.1/../../../../arm-none-eabi/lib/armv7-m/libcr_c.a(__init_alloc.o)
                              /home/aortiz/Software_instalado/LPC/lpcxpresso/tools/bin/../lib/gcc/arm-none-eabi/5.2.1/../../../../arm-none-eabi/lib/armv7-m/libcr_c.a(alloc.o) (__heaps)
[...]
Memory Configuration

Name             Origin             Length             Attributes
MFlash512        0x00000000         0x00080000         xr
RamLoc32         0x10000000         0x00008000         xrw
RamAHB32         0x2007c000         0x00008000         xrw
*default*        0x00000000         0xffffffff

Linker script and memory map

LOAD ./src/FreeRTOSCommonHooks.o
LOAD ./src/cr_startup_lpc175x_6x.o
LOAD ./src/crp.o
LOAD ./src/heap_3.o
LOAD ./src/list.o
LOAD ./src/port.o
LOAD ./src/queue.o
LOAD ./src/sysinit.o
LOAD ./src/tasks.o
LOAD ./src/test_PCM1802_PCM1781.o
LOAD /home/aortiz/UTN/TD II/TEST_DMA_I2S/lpc_board_nxp_lpcxpresso_1769/Debug/liblpc_board_nxp_lpcxpresso_1769.a
LOAD /home/aortiz/UTN/TD II/TEST_DMA_I2S/lpc_chip_175x_6x/Debug/liblpc_chip_175x_6x.a
START GROUP
LOAD /home/aortiz/Software_instalado/LPC/lpcxpresso/tools/bin/../lib/gcc/arm-none-eabi/5.2.1/../../../../arm-none-eabi/lib/armv7-m/libcr_c.a
LOAD /home/aortiz/Software_instalado/LPC/lpcxpresso/tools/bin/../lib/gcc/arm-none-eabi/5.2.1/armv7-m/libcr_eabihelpers.a
END GROUP
                0x00000000                __base_MFlash512 = 0x0
                0x00000000                __base_Flash = 0x0
                0x00080000                __top_MFlash512 = 0x80000
                0x00080000                __top_Flash = 0x80000
                0x10000000                __base_RamLoc32 = 0x10000000
                0x10000000                __base_RAM = 0x10000000
                0x10008000                __top_RamLoc32 = 0x10008000
                0x10008000                __top_RAM = 0x10008000
                0x2007c000                __base_RamAHB32 = 0x2007c000
                0x2007c000                __base_RAM2 = 0x2007c000
                0x20084000                __top_RamAHB32 = 0x20084000
                0x20084000                __top_RAM2 = 0x20084000

.text           0x00000000     0x23b8
 FILL mask 0xff
                0x00000000                __vectors_start__ = ABSOLUTE (.)
 *(.isr_vector)
 .isr_vector    0x00000000       0xcc ./src/cr_startup_lpc175x_6x.o
                0x00000000                g_pfnVectors
                0x000000cc                . = ALIGN (0x4)
                0x000000cc                __section_table_start = .
                0x000000cc                __data_section_table = .
                0x000000cc        0x4 LONG 0x23b8 LOADADDR (.data)
                0x000000d0        0x4 LONG 0x10000000 ADDR (.data)
                0x000000d4        0x4 LONG 0x68 SIZEOF (.data)
                0x000000d8        0x4 LONG 0x23b8 LOADADDR (.data_RAM2)
                0x000000dc        0x4 LONG 0x2007c000 ADDR (.data_RAM2)
                0x000000e0        0x4 LONG 0x0 SIZEOF (.data_RAM2)
                0x000000e4                __data_section_table_end = .
                0x000000e4                __bss_section_table = .
                0x000000e4        0x4 LONG 0x10000068 ADDR (.bss)
                0x000000e8        0x4 LONG 0x4e8 SIZEOF (.bss)
                0x000000ec        0x4 LONG 0x2007c000 ADDR (.bss_RAM2)
                0x000000f0        0x4 LONG 0x0 SIZEOF (.bss_RAM2)
                0x000000f4                __bss_section_table_end = .
                0x000000f4                __section_table_end = .
 *(.after_vectors*)
 .after_vectors
                0x000000f4      0x144 ./src/cr_startup_lpc175x_6x.o
                0x000000f4                data_init
                0x00000138                bss_init
                0x00000170                ResetISR
                0x000001e8                NMI_Handler
                0x000001f0                HardFault_Handler
                0x000001f8                MemManage_Handler
                0x00000200                BusFault_Handler
                0x00000208                UsageFault_Handler
                0x00000218                DebugMon_Handler
                0x00000230                TIMER2_IRQHandler
                0x00000230                RIT_IRQHandler
                0x00000230                I2C0_IRQHandler
                0x00000230                USBActivity_IRQHandler
                0x00000230                PWM1_IRQHandler
                0x00000230                I2C1_IRQHandler
                0x00000230                EINT2_IRQHandler
                0x00000230                UART1_IRQHandler
                0x00000230                EINT3_IRQHandler
                0x00000230                CANActivity_IRQHandler
                0x00000230                TIMER3_IRQHandler
                0x00000230                UART0_IRQHandler
                0x00000230                IntDefaultHandler
                0x00000230                PLL0_IRQHandler
                0x00000230                CAN_IRQHandler
                0x00000230                PLL1_IRQHandler
                0x00000230                SSP0_IRQHandler
                0x00000230                I2S_IRQHandler
                0x00000230                I2C2_IRQHandler
                0x00000230                RTC_IRQHandler
                0x00000230                TIMER0_IRQHandler
                0x00000230                SPI_IRQHandler
                0x00000230                EINT1_IRQHandler
                0x00000230                TIMER1_IRQHandler
                0x00000230                UART2_IRQHandler
                0x00000230                ADC_IRQHandler
                0x00000230                SSP1_IRQHandler
                0x00000230                USB_IRQHandler
                0x00000230                BOD_IRQHandler
                0x00000230                WDT_IRQHandler
                0x00000230                QEI_IRQHandler
                0x00000230                EINT0_IRQHandler
                0x00000230                ETH_IRQHandler
                0x00000230                UART3_IRQHandler
                0x00000230                MCPWM_IRQHandler
                0x000002fc                . = 0x2fc
 *fill*         0x00000238       0xc4 ff
                0x000002fc                PROVIDE (__CRP_WORD_START__, .)
 *(.crp)
 .crp           0x000002fc        0x4 ./src/crp.o
                0x000002fc                CRP_WORD
                0x00000300                PROVIDE (__CRP_WORD_END__, .)
                0x00000001                ASSERT (! ((__CRP_WORD_START__ == __CRP_WORD_END__)), Linker CRP Enabled, but no CRP_WORD provided within application)
 *(.text*)
 .text.vListInsertEnd
                0x00000300       0x48 ./src/list.o
                0x00000300                vListInsertEnd
 .text.uxListRemove
                0x00000348       0x54 ./src/list.o
                0x00000348                uxListRemove
 .text.SVC_Handler
                0x0000039c       0x24 ./src/port.o
                0x0000039c                SVC_Handler
 .text.ulPortSetInterruptMask
                0x000003c0       0x14 ./src/port.o
                0x000003c0                ulPortSetInterruptMask
 .text.vPortClearInterruptMask
                0x000003d4        0x8 ./src/port.o
                0x000003d4                vPortClearInterruptMask
 .text.PendSV_Handler
                0x000003dc       0x40 ./src/port.o
                0x000003dc                PendSV_Handler
 .text.SysTick_Handler
                0x0000041c       0x28 ./src/port.o
                0x0000041c                SysTick_Handler
 .text.SystemInit
                0x00000444       0x24 ./src/sysinit.o
                0x00000444                SystemInit
 .text.xTaskIncrementTick
                0x00000468      0x18c ./src/tasks.o
                0x00000468                xTaskIncrementTick
 .text.vTaskSwitchContext
                0x000005f4       0x98 ./src/tasks.o
                0x000005f4                vTaskSwitchContext
 .text.NVIC_EnableIRQ
                0x0000068c       0x30 ./src/test_PCM1802_PCM1781.o
 .text.NVIC_DisableIRQ
                0x000006bc       0x34 ./src/test_PCM1802_PCM1781.o
 .text.NVIC_SetPriority
                0x000006f0       0x54 ./src/test_PCM1802_PCM1781.o
 .text.Chip_SYSCTL_SetFLASHAccess
                0x00000744       0x30 ./src/test_PCM1802_PCM1781.o
 .text.Chip_GPIO_SetPinState
                0x00000774       0x68 ./src/test_PCM1802_PCM1781.o
 .text.Chip_GPIO_GetPinState
                0x000007dc       0x38 ./src/test_PCM1802_PCM1781.o
 .text.Chip_GPIO_SetPinDIROutput
                0x00000814       0x38 ./src/test_PCM1802_PCM1781.o
 .text.Chip_GPIO_SetPinToggle
                0x0000084c       0x4c ./src/test_PCM1802_PCM1781.o
 .text.Chip_I2S_TxStart
                0x00000898       0x24 ./src/test_PCM1802_PCM1781.o
 .text.Chip_I2S_RxStart
                0x000008bc       0x20 ./src/test_PCM1802_PCM1781.o
 .text.Chip_I2S_EnableMute
                0x000008dc       0x20 ./src/test_PCM1802_PCM1781.o
 .text.Chip_I2S_DisableMute
                0x000008fc       0x20 ./src/test_PCM1802_PCM1781.o
 .text.Chip_I2S_TxStop
                0x0000091c       0x2c ./src/test_PCM1802_PCM1781.o
 .text.Chip_I2S_RxStop
                0x00000948       0x20 ./src/test_PCM1802_PCM1781.o
 .text.prepare_DMA_descriptors
                0x00000968       0x34 ./src/test_PCM1802_PCM1781.o
                0x00000968                prepare_DMA_descriptors
 .text.link_DMA_descriptor
                0x0000099c       0x54 ./src/test_PCM1802_PCM1781.o
                0x0000099c                link_DMA_descriptor
 .text.InitHardware
                0x000009f0      0x1cc ./src/test_PCM1802_PCM1781.o
 .text.DMA_IRQHandler
                0x00000bbc       0x9c ./src/test_PCM1802_PCM1781.o
                0x00000bbc                DMA_IRQHandler
 .text.main     0x00000c58      0x198 ./src/test_PCM1802_PCM1781.o
                0x00000c58                main
 .text.Chip_SYSCTL_SetFLASHAccess
                0x00000df0       0x30 /home/aortiz/UTN/TD II/TEST_DMA_I2S/lpc_board_nxp_lpcxpresso_1769/Debug/liblpc_board_nxp_lpcxpresso_1769.a(board_sysinit.o)
 .text.Board_SetupMuxing
                0x00000e20       0x1c /home/aortiz/UTN/TD II/TEST_DMA_I2S/lpc_board_nxp_lpcxpresso_1769/Debug/liblpc_board_nxp_lpcxpresso_1769.a(board_sysinit.o)
                0x00000e20                Board_SetupMuxing
 .text.Board_SetupClocking
                0x00000e3c       0x14 /home/aortiz/UTN/TD II/TEST_DMA_I2S/lpc_board_nxp_lpcxpresso_1769/Debug/liblpc_board_nxp_lpcxpresso_1769.a(board_sysinit.o)
                0x00000e3c                Board_SetupClocking
 .text.Board_SystemInit
                0x00000e50       0x10 /home/aortiz/UTN/TD II/TEST_DMA_I2S/lpc_board_nxp_lpcxpresso_1769/Debug/liblpc_board_nxp_lpcxpresso_1769.a(board_sysinit.o)
                0x00000e50                Board_SystemInit
 .text.SystemCoreClockUpdate
                0x00000e60       0x18 /home/aortiz/UTN/TD II/TEST_DMA_I2S/lpc_chip_175x_6x/Debug/liblpc_chip_175x_6x.a(chip_17xx_40xx.o)
                0x00000e60                SystemCoreClockUpdate
 .text.Chip_Clock_IsMainPLLEnabled
                0x00000e78       0x24 /home/aortiz/UTN/TD II/TEST_DMA_I2S/lpc_chip_175x_6x/Debug/liblpc_chip_175x_6x.a(clock_17xx_40xx.o)
 .text.Chip_Clock_IsMainPLLConnected
                0x00000e9c       0x24 /home/aortiz/UTN/TD II/TEST_DMA_I2S/lpc_chip_175x_6x/Debug/liblpc_chip_175x_6x.a(clock_17xx_40xx.o)
 .text.Chip_Clock_FeedPLL
                0x00000ec0       0x34 /home/aortiz/UTN/TD II/TEST_DMA_I2S/lpc_chip_175x_6x/Debug/liblpc_chip_175x_6x.a(clock_17xx_40xx.o)
 .text.Chip_Clock_GetMainPLLSource
                0x00000ef4       0x20 /home/aortiz/UTN/TD II/TEST_DMA_I2S/lpc_chip_175x_6x/Debug/liblpc_chip_175x_6x.a(clock_17xx_40xx.o)
 .text.Chip_Clock_GetMainOscRate
                0x00000f14       0x14 /home/aortiz/UTN/TD II/TEST_DMA_I2S/lpc_chip_175x_6x/Debug/liblpc_chip_175x_6x.a(clock_17xx_40xx.o)
 .text.Chip_Clock_GetIntOscRate
                0x00000f28       0x14 /home/aortiz/UTN/TD II/TEST_DMA_I2S/lpc_chip_175x_6x/Debug/liblpc_chip_175x_6x.a(clock_17xx_40xx.o)
 .text.Chip_Clock_GetRTCOscRate
                0x00000f3c       0x14 /home/aortiz/UTN/TD II/TEST_DMA_I2S/lpc_chip_175x_6x/Debug/liblpc_chip_175x_6x.a(clock_17xx_40xx.o)
 .text.Chip_Clock_GetMainPLLInClockRate
                0x00000f50       0x10 /home/aortiz/UTN/TD II/TEST_DMA_I2S/lpc_chip_175x_6x/Debug/liblpc_chip_175x_6x.a(clock_17xx_40xx.o)
 .text.Chip_Clock_EnablePLL
                0x00000f60       0x44 /home/aortiz/UTN/TD II/TEST_DMA_I2S/lpc_chip_175x_6x/Debug/liblpc_chip_175x_6x.a(clock_17xx_40xx.o)
                0x00000f60                Chip_Clock_EnablePLL
 .text.Chip_Clock_DisablePLL
                0x00000fa4       0x48 /home/aortiz/UTN/TD II/TEST_DMA_I2S/lpc_chip_175x_6x/Debug/liblpc_chip_175x_6x.a(clock_17xx_40xx.o)
                0x00000fa4                Chip_Clock_DisablePLL
 .text.Chip_Clock_SetupPLL
                0x00000fec       0x5c /home/aortiz/UTN/TD II/TEST_DMA_I2S/lpc_chip_175x_6x/Debug/liblpc_chip_175x_6x.a(clock_17xx_40xx.o)
                0x00000fec                Chip_Clock_SetupPLL
 .text.Chip_Clock_EnablePeriphClock
                0x00001048       0x34 /home/aortiz/UTN/TD II/TEST_DMA_I2S/lpc_chip_175x_6x/Debug/liblpc_chip_175x_6x.a(clock_17xx_40xx.o)
                0x00001048                Chip_Clock_EnablePeriphClock
 .text.Chip_Clock_GetCPUClockSource
                0x0000107c       0x24 /home/aortiz/UTN/TD II/TEST_DMA_I2S/lpc_chip_175x_6x/Debug/liblpc_chip_175x_6x.a(clock_17xx_40xx.o)
                0x0000107c                Chip_Clock_GetCPUClockSource
 .text.Chip_Clock_SetCPUClockDiv
                0x000010a0       0x20 /home/aortiz/UTN/TD II/TEST_DMA_I2S/lpc_chip_175x_6x/Debug/liblpc_chip_175x_6x.a(clock_17xx_40xx.o)
                0x000010a0                Chip_Clock_SetCPUClockDiv
 .text.Chip_Clock_GetCPUClockDiv
                0x000010c0       0x1c /home/aortiz/UTN/TD II/TEST_DMA_I2S/lpc_chip_175x_6x/Debug/liblpc_chip_175x_6x.a(clock_17xx_40xx.o)
                0x000010c0                Chip_Clock_GetCPUClockDiv
 .text.Chip_Clock_SetPCLKDiv
                0x000010dc       0x64 /home/aortiz/UTN/TD II/TEST_DMA_I2S/lpc_chip_175x_6x/Debug/liblpc_chip_175x_6x.a(clock_17xx_40xx.o)
                0x000010dc                Chip_Clock_SetPCLKDiv
 .text.Chip_Clock_GetPCLKDiv
                0x00001140       0x8c /home/aortiz/UTN/TD II/TEST_DMA_I2S/lpc_chip_175x_6x/Debug/liblpc_chip_175x_6x.a(clock_17xx_40xx.o)
                0x00001140                Chip_Clock_GetPCLKDiv
 .text.Chip_Clock_GetSYSCLKRate
                0x000011cc       0x34 /home/aortiz/UTN/TD II/TEST_DMA_I2S/lpc_chip_175x_6x/Debug/liblpc_chip_175x_6x.a(clock_17xx_40xx.o)
                0x000011cc                Chip_Clock_GetSYSCLKRate
 .text.Chip_Clock_GetMainPLLOutClockRate
                0x00001200       0x54 /home/aortiz/UTN/TD II/TEST_DMA_I2S/lpc_chip_175x_6x/Debug/liblpc_chip_175x_6x.a(clock_17xx_40xx.o)
                0x00001200                Chip_Clock_GetMainPLLOutClockRate
 .text.Chip_Clock_GetMainClockRate
                0x00001254       0x28 /home/aortiz/UTN/TD II/TEST_DMA_I2S/lpc_chip_175x_6x/Debug/liblpc_chip_175x_6x.a(clock_17xx_40xx.o)
                0x00001254                Chip_Clock_GetMainClockRate
 .text.Chip_Clock_GetSystemClockRate
                0x0000127c       0x18 /home/aortiz/UTN/TD II/TEST_DMA_I2S/lpc_chip_175x_6x/Debug/liblpc_chip_175x_6x.a(clock_17xx_40xx.o)
                0x0000127c                Chip_Clock_GetSystemClockRate
 .text.Chip_Clock_GetPeripheralClockRate
                0x00001294       0x28 /home/aortiz/UTN/TD II/TEST_DMA_I2S/lpc_chip_175x_6x/Debug/liblpc_chip_175x_6x.a(clock_17xx_40xx.o)
                0x00001294                Chip_Clock_GetPeripheralClockRate
 .text.Chip_DAC_Init
                0x000012bc       0x18 /home/aortiz/UTN/TD II/TEST_DMA_I2S/lpc_chip_175x_6x/Debug/liblpc_chip_175x_6x.a(dac_17xx_40xx.o)
                0x000012bc                Chip_DAC_Init
 .text.Chip_DAC_UpdateValue
                0x000012d4       0x30 /home/aortiz/UTN/TD II/TEST_DMA_I2S/lpc_chip_175x_6x/Debug/liblpc_chip_175x_6x.a(dac_17xx_40xx.o)
                0x000012d4                Chip_DAC_UpdateValue
 .text.Chip_DAC_SetBias
                0x00001304       0x34 /home/aortiz/UTN/TD II/TEST_DMA_I2S/lpc_chip_175x_6x/Debug/liblpc_chip_175x_6x.a(dac_17xx_40xx.o)
                0x00001304                Chip_DAC_SetBias
 .text.configDMAMux
                0x00001338       0x64 /home/aortiz/UTN/TD II/TEST_DMA_I2S/lpc_chip_175x_6x/Debug/liblpc_chip_175x_6x.a(gpdma_17xx_40xx.o)
 .text.makeCtrlWord
                0x0000139c      0x124 /home/aortiz/UTN/TD II/TEST_DMA_I2S/lpc_chip_175x_6x/Debug/liblpc_chip_175x_6x.a(gpdma_17xx_40xx.o)
                0x0000139c                makeCtrlWord
 .text.setupChannel
                0x000014c0       0xbc /home/aortiz/UTN/TD II/TEST_DMA_I2S/lpc_chip_175x_6x/Debug/liblpc_chip_175x_6x.a(gpdma_17xx_40xx.o)
                0x000014c0                setupChannel
 .text.Chip_GPDMA_Init
                0x0000157c       0x64 /home/aortiz/UTN/TD II/TEST_DMA_I2S/lpc_chip_175x_6x/Debug/liblpc_chip_175x_6x.a(gpdma_17xx_40xx.o)
                0x0000157c                Chip_GPDMA_Init
 .text.Chip_GPDMA_Stop
                0x000015e0       0x68 /home/aortiz/UTN/TD II/TEST_DMA_I2S/lpc_chip_175x_6x/Debug/liblpc_chip_175x_6x.a(gpdma_17xx_40xx.o)
                0x000015e0                Chip_GPDMA_Stop
 .text.Chip_GPDMA_Interrupt
                0x00001648       0x6c /home/aortiz/UTN/TD II/TEST_DMA_I2S/lpc_chip_175x_6x/Debug/liblpc_chip_175x_6x.a(gpdma_17xx_40xx.o)
                0x00001648                Chip_GPDMA_Interrupt
 .text.Chip_GPDMA_InitChannelCfg
                0x000016b4       0xe0 /home/aortiz/UTN/TD II/TEST_DMA_I2S/lpc_chip_175x_6x/Debug/liblpc_chip_175x_6x.a(gpdma_17xx_40xx.o)
                0x000016b4                Chip_GPDMA_InitChannelCfg
 .text.Chip_GPDMA_IntGetStatus
                0x00001794       0xbc /home/aortiz/UTN/TD II/TEST_DMA_I2S/lpc_chip_175x_6x/Debug/liblpc_chip_175x_6x.a(gpdma_17xx_40xx.o)
                0x00001794                Chip_GPDMA_IntGetStatus
 .text.Chip_GPDMA_ClearIntPending
                0x00001850       0x40 /home/aortiz/UTN/TD II/TEST_DMA_I2S/lpc_chip_175x_6x/Debug/liblpc_chip_175x_6x.a(gpdma_17xx_40xx.o)
                0x00001850                Chip_GPDMA_ClearIntPending
 .text.Chip_GPDMA_ChannelCmd
                0x00001890       0x48 /home/aortiz/UTN/TD II/TEST_DMA_I2S/lpc_chip_175x_6x/Debug/liblpc_chip_175x_6x.a(gpdma_17xx_40xx.o)
                0x00001890                Chip_GPDMA_ChannelCmd
 .text.Chip_GPDMA_PrepareDescriptor
                0x000018d8       0xc4 /home/aortiz/UTN/TD II/TEST_DMA_I2S/lpc_chip_175x_6x/Debug/liblpc_chip_175x_6x.a(gpdma_17xx_40xx.o)
                0x000018d8                Chip_GPDMA_PrepareDescriptor
 .text.Chip_GPDMA_SGTransfer
                0x0000199c       0xd0 /home/aortiz/UTN/TD II/TEST_DMA_I2S/lpc_chip_175x_6x/Debug/liblpc_chip_175x_6x.a(gpdma_17xx_40xx.o)
                0x0000199c                Chip_GPDMA_SGTransfer
 .text.Chip_GPDMA_GetFreeChannel
                0x00001a6c       0x58 /home/aortiz/UTN/TD II/TEST_DMA_I2S/lpc_chip_175x_6x/Debug/liblpc_chip_175x_6x.a(gpdma_17xx_40xx.o)
                0x00001a6c                Chip_GPDMA_GetFreeChannel
 .text.getClkDiv
                0x00001ac4      0x1f8 /home/aortiz/UTN/TD II/TEST_DMA_I2S/lpc_chip_175x_6x/Debug/liblpc_chip_175x_6x.a(i2s_17xx_40xx.o)
 .text.Chip_I2S_Init
                0x00001cbc       0x18 /home/aortiz/UTN/TD II/TEST_DMA_I2S/lpc_chip_175x_6x/Debug/liblpc_chip_175x_6x.a(i2s_17xx_40xx.o)
                0x00001cbc                Chip_I2S_Init
 .text.Chip_I2S_TxConfig
                0x00001cd4       0xc4 /home/aortiz/UTN/TD II/TEST_DMA_I2S/lpc_chip_175x_6x/Debug/liblpc_chip_175x_6x.a(i2s_17xx_40xx.o)
                0x00001cd4                Chip_I2S_TxConfig
 .text.Chip_I2S_RxConfig
                0x00001d98       0xc8 /home/aortiz/UTN/TD II/TEST_DMA_I2S/lpc_chip_175x_6x/Debug/liblpc_chip_175x_6x.a(i2s_17xx_40xx.o)
                0x00001d98                Chip_I2S_RxConfig
 .text.Chip_I2S_Int_TxCmd
                0x00001e60       0x5c /home/aortiz/UTN/TD II/TEST_DMA_I2S/lpc_chip_175x_6x/Debug/liblpc_chip_175x_6x.a(i2s_17xx_40xx.o)
                0x00001e60                Chip_I2S_Int_TxCmd
 .text.Chip_I2S_Int_RxCmd
                0x00001ebc       0x5c /home/aortiz/UTN/TD II/TEST_DMA_I2S/lpc_chip_175x_6x/Debug/liblpc_chip_175x_6x.a(i2s_17xx_40xx.o)
                0x00001ebc                Chip_I2S_Int_RxCmd
 .text.Chip_IOCON_PinMuxSet
                0x00001f18       0x38 /home/aortiz/UTN/TD II/TEST_DMA_I2S/lpc_chip_175x_6x/Debug/liblpc_chip_175x_6x.a(iocon_17xx_40xx.o)
                0x00001f18                Chip_IOCON_PinMuxSet
 .text.Chip_IOCON_PinMux
                0x00001f50       0x94 /home/aortiz/UTN/TD II/TEST_DMA_I2S/lpc_chip_175x_6x/Debug/liblpc_chip_175x_6x.a(iocon_17xx_40xx.o)
                0x00001f50                Chip_IOCON_PinMux
 .text.Chip_IOCON_SetPinMuxing
                0x00001fe4       0x64 /home/aortiz/UTN/TD II/TEST_DMA_I2S/lpc_chip_175x_6x/Debug/liblpc_chip_175x_6x.a(iocon_17xx_40xx.o)
                0x00001fe4                Chip_IOCON_SetPinMuxing
 .text.Chip_Clock_IsMainPLLEnabled
                0x00002048       0x24 /home/aortiz/UTN/TD II/TEST_DMA_I2S/lpc_chip_175x_6x/Debug/liblpc_chip_175x_6x.a(sysinit_17xx_40xx.o)
 .text.Chip_Clock_IsMainPLLLocked
                0x0000206c       0x24 /home/aortiz/UTN/TD II/TEST_DMA_I2S/lpc_chip_175x_6x/Debug/liblpc_chip_175x_6x.a(sysinit_17xx_40xx.o)
 .text.Chip_Clock_IsMainPLLConnected
                0x00002090       0x24 /home/aortiz/UTN/TD II/TEST_DMA_I2S/lpc_chip_175x_6x/Debug/liblpc_chip_175x_6x.a(sysinit_17xx_40xx.o)
 .text.Chip_Clock_EnableCrystal
                0x000020b4       0x20 /home/aortiz/UTN/TD II/TEST_DMA_I2S/lpc_chip_175x_6x/Debug/liblpc_chip_175x_6x.a(sysinit_17xx_40xx.o)
 .text.Chip_Clock_IsCrystalEnabled
                0x000020d4       0x24 /home/aortiz/UTN/TD II/TEST_DMA_I2S/lpc_chip_175x_6x/Debug/liblpc_chip_175x_6x.a(sysinit_17xx_40xx.o)
 .text.Chip_Clock_SetMainPLLSource
                0x000020f8       0x20 /home/aortiz/UTN/TD II/TEST_DMA_I2S/lpc_chip_175x_6x/Debug/liblpc_chip_175x_6x.a(sysinit_17xx_40xx.o)
 .text.Chip_SetupXtalClocking
                0x00002118       0x90 /home/aortiz/UTN/TD II/TEST_DMA_I2S/lpc_chip_175x_6x/Debug/liblpc_chip_175x_6x.a(sysinit_17xx_40xx.o)
                0x00002118                Chip_SetupXtalClocking
 .text.__weak_main
                0x000021a8        0x4 /home/aortiz/Software_instalado/LPC/lpcxpresso/tools/bin/../lib/gcc/arm-none-eabi/5.2.1/../../../../arm-none-eabi/lib/armv7-m/libcr_c.a(__weak__main.o)
                0x000021a8                __main
                0x000021a8                __weak_main
 .text.__aeabi_division_uldivmod
                0x000021ac      0x174 /home/aortiz/Software_instalado/LPC/lpcxpresso/tools/bin/../lib/gcc/arm-none-eabi/5.2.1/armv7-m/libcr_eabihelpers.a(division_64.o)
                0x000021ac                __aeabi_uldivmod
                0x000021b0                __bhs_ldivmod1
 .text.__aeabi_division_idiv0
                0x00002320        0x2 /home/aortiz/Software_instalado/LPC/lpcxpresso/tools/bin/../lib/gcc/arm-none-eabi/5.2.1/armv7-m/libcr_eabihelpers.a(division_idiv0.o)
                0x00002320                __aeabi_idiv0
 *(.rodata .rodata.* .constdata .constdata.*)
 *fill*         0x00002322        0x2 ff
 .rodata.OscRateIn
                0x00002324        0x4 /home/aortiz/UTN/TD II/TEST_DMA_I2S/lpc_board_nxp_lpcxpresso_1769/Debug/liblpc_board_nxp_lpcxpresso_1769.a(board.o)
                0x00002324                OscRateIn
 .rodata.RTCOscRateIn
                0x00002328        0x4 /home/aortiz/UTN/TD II/TEST_DMA_I2S/lpc_board_nxp_lpcxpresso_1769/Debug/liblpc_board_nxp_lpcxpresso_1769.a(board.o)
                0x00002328                RTCOscRateIn
 .rodata.pinmuxing
                0x0000232c       0x5c /home/aortiz/UTN/TD II/TEST_DMA_I2S/lpc_board_nxp_lpcxpresso_1769/Debug/liblpc_board_nxp_lpcxpresso_1769.a(board_sysinit.o)
 .rodata.GPDMA_LUTPerBurst
                0x00002388       0x18 /home/aortiz/UTN/TD II/TEST_DMA_I2S/lpc_chip_175x_6x/Debug/liblpc_chip_175x_6x.a(gpdma_17xx_40xx.o)
                0x00002388                GPDMA_LUTPerBurst
 .rodata.GPDMA_LUTPerWid
                0x000023a0       0x18 /home/aortiz/UTN/TD II/TEST_DMA_I2S/lpc_chip_175x_6x/Debug/liblpc_chip_175x_6x.a(gpdma_17xx_40xx.o)
                0x000023a0                GPDMA_LUTPerWid
                0x000023b8                . = ALIGN (0x4)

.glue_7         0x000023b8        0x0
 .glue_7        0x000023b8        0x0 linker stubs

.glue_7t        0x000023b8        0x0
 .glue_7t       0x000023b8        0x0 linker stubs

.vfp11_veneer   0x000023b8        0x0
 .vfp11_veneer  0x000023b8        0x0 linker stubs

.v4_bx          0x000023b8        0x0
 .v4_bx         0x000023b8        0x0 linker stubs

.iplt           0x000023b8        0x0
 .iplt          0x000023b8        0x0 ./src/FreeRTOSCommonHooks.o

.rel.dyn        0x000023b8        0x0
 .rel.iplt      0x000023b8        0x0 ./src/FreeRTOSCommonHooks.o

.ARM.extab
 *(.ARM.extab* .gnu.linkonce.armextab.*)
                0x000023b8                __exidx_start = .

.ARM.exidx
 *(.ARM.exidx* .gnu.linkonce.armexidx.*)
                0x000023b8                __exidx_end = .
                0x000023b8                _etext = .

.data_RAM2      0x2007c000        0x0 load address 0x000023b8
 FILL mask 0xff
                [!provide]                PROVIDE (__start_data_RAM2, .)
 *(.ramfunc.$RAM2)
 *(.ramfunc.$RamAHB32)
 *(.data.$RAM2*)
 *(.data.$RamAHB32*)
                0x2007c000                . = ALIGN (0x4)
                [!provide]                PROVIDE (__end_data_RAM2, .)

.uninit_RESERVED
                0x10000000        0x0
 *(.bss.$RESERVED*)
                0x10000000                . = ALIGN (0x4)
                0x10000000                _end_uninit_RESERVED = .

.data           0x10000000       0x68 load address 0x000023b8
 FILL mask 0xff
                0x10000000                _data = .
 *(vtable)
 *(.ramfunc*)
 *(.data*)
 .data.xNextTaskUnblockTime
                0x10000000        0x4 ./src/tasks.o
 .data.adcFlag  0x10000004        0x2 ./src/test_PCM1802_PCM1781.o
 *fill*         0x10000006        0x2 ff
 .data.GPDMA_LUTPerAddr
                0x10000008       0x60 /home/aortiz/UTN/TD II/TEST_DMA_I2S/lpc_chip_175x_6x/Debug/liblpc_chip_175x_6x.a(gpdma_17xx_40xx.o)
                0x10000008                GPDMA_LUTPerAddr
                0x10000068                . = ALIGN (0x4)
                0x10000068                _edata = .

.igot.plt       0x10000068        0x0 load address 0x00002420
 .igot.plt      0x10000068        0x0 ./src/FreeRTOSCommonHooks.o

.bss_RAM2       0x2007c000        0x0
                [!provide]                PROVIDE (__start_bss_RAM2, .)
 *(.bss.$RAM2*)
 *(.bss.$RamAHB32*)
                0x2007c000                . = ALIGN ((. != 0x0)?0x4:0x1)
                [!provide]                PROVIDE (__end_bss_RAM2, .)

.bss            0x10000068      0x4e8
                0x10000068                _bss = .
 *(.bss*)
 .bss.pxCurrentTCB
                0x10000068        0x4 ./src/tasks.o
                0x10000068                pxCurrentTCB
 .bss.pxReadyTasksLists
                0x1000006c       0xa0 ./src/tasks.o
 .bss.pxDelayedTaskList
                0x1000010c        0x4 ./src/tasks.o
 .bss.pxOverflowDelayedTaskList
                0x10000110        0x4 ./src/tasks.o
 .bss.xTickCount
                0x10000114        0x4 ./src/tasks.o
 .bss.uxTopReadyPriority
                0x10000118        0x4 ./src/tasks.o
 .bss.uxSchedulerSuspended
                0x1000011c        0x4 ./src/tasks.o
 .bss.uxPendedTicks
                0x10000120        0x4 ./src/tasks.o
 .bss.xYieldPending
                0x10000124        0x4 ./src/tasks.o
 .bss.xNumOfOverflows
                0x10000128        0x4 ./src/tasks.o
 .bss.DMA_I2S_RX_CH_A
                0x1000012c        0x1 ./src/test_PCM1802_PCM1781.o
                0x1000012c                DMA_I2S_RX_CH_A
 .bss.DMA_I2S_RX_CH_B
                0x1000012d        0x1 ./src/test_PCM1802_PCM1781.o
                0x1000012d                DMA_I2S_RX_CH_B
 *fill*         0x1000012e        0x2 
 .bss.bufferA   0x10000130      0x200 ./src/test_PCM1802_PCM1781.o
                0x10000130                bufferA
 .bss.bufferB   0x10000330      0x200 ./src/test_PCM1802_PCM1781.o
                0x10000330                bufferB
 .bss.RX_descriptorA
                0x10000530       0x10 ./src/test_PCM1802_PCM1781.o
 .bss.BufferA_ready
                0x10000540        0x1 ./src/test_PCM1802_PCM1781.o
                0x10000540                BufferA_ready
 .bss.BufferB_ready
                0x10000541        0x1 ./src/test_PCM1802_PCM1781.o
                0x10000541                BufferB_ready
 *fill*         0x10000542        0x2 
 .bss.ChannelHandlerArray
                0x10000544        0x8 /home/aortiz/UTN/TD II/TEST_DMA_I2S/lpc_chip_175x_6x/Debug/liblpc_chip_175x_6x.a(gpdma_17xx_40xx.o)
 *(COMMON)
 COMMON         0x1000054c        0x4 /home/aortiz/UTN/TD II/TEST_DMA_I2S/lpc_chip_175x_6x/Debug/liblpc_chip_175x_6x.a(chip_17xx_40xx.o)
                0x1000054c                SystemCoreClock
                0x10000550                . = ALIGN (0x4)
                0x10000550                _ebss = .
                [!provide]                PROVIDE (end, .)

.noinit_RAM2    0x2007c000        0x0
 *(.noinit.$RAM2*)
 *(.noinit.$RamAHB32*)
                0x2007c000                . = ALIGN (0x4)

.noinit         0x10000550        0x0
                0x10000550                _noinit = .
 *(.noinit*)
                0x10000550                . = ALIGN (0x4)
                0x10000550                _end_noinit = .
                0x10000550                PROVIDE (_pvHeapStart, DEFINED (__user_heap_base)?__user_heap_base:.)
                0x10008000                PROVIDE (_vStackTop, DEFINED (__user_stack_top)?__user_stack_top:(__top_RamLoc32 - 0x0))
                0xefff74b2                PROVIDE (__valid_user_code_checksum, (0x0 - ((((((_vStackTop + (ResetISR + 0x1)) + (NMI_Handler + 0x1)) + (HardFault_Handler + 0x1)) + (DEFINED (MemManage_Handler)?MemManage_Handler:0x0 + 0x1)) + (DEFINED (BusFault_Handler)?BusFault_Handler:0x0 + 0x1)) + (DEFINED (UsageFault_Handler)?UsageFault_Handler:0x0 + 0x1))))
OUTPUT(test_PCM1802_PCM1781.axf elf32-littlearm)

.debug_info     0x00000000     0x7b24
 .debug_info    0x00000000      0x24e ./src/cr_startup_lpc175x_6x.o
 .debug_info    0x0000024e       0x3f ./src/crp.o
 .debug_info    0x0000028d      0x2cf ./src/list.o
 .debug_info    0x0000055c      0x3d8 ./src/port.o
 .debug_info    0x00000934      0x110 ./src/sysinit.o
 .debug_info    0x00000a44     0x11fb ./src/tasks.o
 .debug_info    0x00001c3f     0x11d1 ./src/test_PCM1802_PCM1781.o
 .debug_info    0x00002e10     0x13ae /home/aortiz/UTN/TD II/TEST_DMA_I2S/lpc_board_nxp_lpcxpresso_1769/Debug/liblpc_board_nxp_lpcxpresso_1769.a(board.o)
 .debug_info    0x000041be      0x56c /home/aortiz/UTN/TD II/TEST_DMA_I2S/lpc_board_nxp_lpcxpresso_1769/Debug/liblpc_board_nxp_lpcxpresso_1769.a(board_sysinit.o)
 .debug_info    0x0000472a      0x51e /home/aortiz/UTN/TD II/TEST_DMA_I2S/lpc_chip_175x_6x/Debug/liblpc_chip_175x_6x.a(chip_17xx_40xx.o)
 .debug_info    0x00004c48      0xb62 /home/aortiz/UTN/TD II/TEST_DMA_I2S/lpc_chip_175x_6x/Debug/liblpc_chip_175x_6x.a(clock_17xx_40xx.o)
 .debug_info    0x000057aa      0x1e0 /home/aortiz/UTN/TD II/TEST_DMA_I2S/lpc_chip_175x_6x/Debug/liblpc_chip_175x_6x.a(dac_17xx_40xx.o)
 .debug_info    0x0000598a     0x12ee /home/aortiz/UTN/TD II/TEST_DMA_I2S/lpc_chip_175x_6x/Debug/liblpc_chip_175x_6x.a(gpdma_17xx_40xx.o)
 .debug_info    0x00006c78      0x79a /home/aortiz/UTN/TD II/TEST_DMA_I2S/lpc_chip_175x_6x/Debug/liblpc_chip_175x_6x.a(i2s_17xx_40xx.o)
 .debug_info    0x00007412      0x2d9 /home/aortiz/UTN/TD II/TEST_DMA_I2S/lpc_chip_175x_6x/Debug/liblpc_chip_175x_6x.a(iocon_17xx_40xx.o)
 .debug_info    0x000076eb      0x439 /home/aortiz/UTN/TD II/TEST_DMA_I2S/lpc_chip_175x_6x/Debug/liblpc_chip_175x_6x.a(sysinit_17xx_40xx.o)

.debug_abbrev   0x00000000     0x1a9d
 .debug_abbrev  0x00000000       0xf5 ./src/cr_startup_lpc175x_6x.o
 .debug_abbrev  0x000000f5       0x36 ./src/crp.o
 .debug_abbrev  0x0000012b       0xec ./src/list.o
 .debug_abbrev  0x00000217      0x1df ./src/port.o
 .debug_abbrev  0x000003f6       0xa3 ./src/sysinit.o
 .debug_abbrev  0x00000499      0x246 ./src/tasks.o
 .debug_abbrev  0x000006df      0x2eb ./src/test_PCM1802_PCM1781.o
 .debug_abbrev  0x000009ca      0x379 /home/aortiz/UTN/TD II/TEST_DMA_I2S/lpc_board_nxp_lpcxpresso_1769/Debug/liblpc_board_nxp_lpcxpresso_1769.a(board.o)
 .debug_abbrev  0x00000d43      0x15c /home/aortiz/UTN/TD II/TEST_DMA_I2S/lpc_board_nxp_lpcxpresso_1769/Debug/liblpc_board_nxp_lpcxpresso_1769.a(board_sysinit.o)
 .debug_abbrev  0x00000e9f      0x13c /home/aortiz/UTN/TD II/TEST_DMA_I2S/lpc_chip_175x_6x/Debug/liblpc_chip_175x_6x.a(chip_17xx_40xx.o)
 .debug_abbrev  0x00000fdb      0x2ec /home/aortiz/UTN/TD II/TEST_DMA_I2S/lpc_chip_175x_6x/Debug/liblpc_chip_175x_6x.a(clock_17xx_40xx.o)
 .debug_abbrev  0x000012c7      0x10a /home/aortiz/UTN/TD II/TEST_DMA_I2S/lpc_chip_175x_6x/Debug/liblpc_chip_175x_6x.a(dac_17xx_40xx.o)
 .debug_abbrev  0x000013d1      0x27a /home/aortiz/UTN/TD II/TEST_DMA_I2S/lpc_chip_175x_6x/Debug/liblpc_chip_175x_6x.a(gpdma_17xx_40xx.o)
 .debug_abbrev  0x0000164b      0x1b7 /home/aortiz/UTN/TD II/TEST_DMA_I2S/lpc_chip_175x_6x/Debug/liblpc_chip_175x_6x.a(i2s_17xx_40xx.o)
 .debug_abbrev  0x00001802      0x126 /home/aortiz/UTN/TD II/TEST_DMA_I2S/lpc_chip_175x_6x/Debug/liblpc_chip_175x_6x.a(iocon_17xx_40xx.o)
 .debug_abbrev  0x00001928      0x175 /home/aortiz/UTN/TD II/TEST_DMA_I2S/lpc_chip_175x_6x/Debug/liblpc_chip_175x_6x.a(sysinit_17xx_40xx.o)

.debug_aranges  0x00000000      0x850
 .debug_aranges
                0x00000000       0x80 ./src/cr_startup_lpc175x_6x.o
 .debug_aranges
                0x00000080       0x18 ./src/crp.o
 .debug_aranges
                0x00000098       0x40 ./src/list.o
 .debug_aranges
                0x000000d8       0x90 ./src/port.o
 .debug_aranges
                0x00000168       0x20 ./src/sysinit.o
 .debug_aranges
                0x00000188      0x170 ./src/tasks.o
 .debug_aranges
                0x000002f8       0xb0 ./src/test_PCM1802_PCM1781.o
 .debug_aranges
                0x000003a8      0x160 /home/aortiz/UTN/TD II/TEST_DMA_I2S/lpc_board_nxp_lpcxpresso_1769/Debug/liblpc_board_nxp_lpcxpresso_1769.a(board.o)
 .debug_aranges
                0x00000508       0x38 /home/aortiz/UTN/TD II/TEST_DMA_I2S/lpc_board_nxp_lpcxpresso_1769/Debug/liblpc_board_nxp_lpcxpresso_1769.a(board_sysinit.o)
 .debug_aranges
                0x00000540       0x38 /home/aortiz/UTN/TD II/TEST_DMA_I2S/lpc_chip_175x_6x/Debug/liblpc_chip_175x_6x.a(chip_17xx_40xx.o)
 .debug_aranges
                0x00000578      0x120 /home/aortiz/UTN/TD II/TEST_DMA_I2S/lpc_chip_175x_6x/Debug/liblpc_chip_175x_6x.a(clock_17xx_40xx.o)
 .debug_aranges
                0x00000698       0x38 /home/aortiz/UTN/TD II/TEST_DMA_I2S/lpc_chip_175x_6x/Debug/liblpc_chip_175x_6x.a(dac_17xx_40xx.o)
 .debug_aranges
                0x000006d0       0x90 /home/aortiz/UTN/TD II/TEST_DMA_I2S/lpc_chip_175x_6x/Debug/liblpc_chip_175x_6x.a(gpdma_17xx_40xx.o)
 .debug_aranges
                0x00000760       0x60 /home/aortiz/UTN/TD II/TEST_DMA_I2S/lpc_chip_175x_6x/Debug/liblpc_chip_175x_6x.a(i2s_17xx_40xx.o)
 .debug_aranges
                0x000007c0       0x30 /home/aortiz/UTN/TD II/TEST_DMA_I2S/lpc_chip_175x_6x/Debug/liblpc_chip_175x_6x.a(iocon_17xx_40xx.o)
 .debug_aranges
                0x000007f0       0x60 /home/aortiz/UTN/TD II/TEST_DMA_I2S/lpc_chip_175x_6x/Debug/liblpc_chip_175x_6x.a(sysinit_17xx_40xx.o)

.debug_ranges   0x00000000      0x748
 .debug_ranges  0x00000000       0x70 ./src/cr_startup_lpc175x_6x.o
 .debug_ranges  0x00000070       0x30 ./src/list.o
 .debug_ranges  0x000000a0       0x80 ./src/port.o
 .debug_ranges  0x00000120       0x10 ./src/sysinit.o
 .debug_ranges  0x00000130      0x160 ./src/tasks.o
 .debug_ranges  0x00000290       0xa0 ./src/test_PCM1802_PCM1781.o
 .debug_ranges  0x00000330      0x150 /home/aortiz/UTN/TD II/TEST_DMA_I2S/lpc_board_nxp_lpcxpresso_1769/Debug/liblpc_board_nxp_lpcxpresso_1769.a(board.o)
 .debug_ranges  0x00000480       0x28 /home/aortiz/UTN/TD II/TEST_DMA_I2S/lpc_board_nxp_lpcxpresso_1769/Debug/liblpc_board_nxp_lpcxpresso_1769.a(board_sysinit.o)
 .debug_ranges  0x000004a8       0x28 /home/aortiz/UTN/TD II/TEST_DMA_I2S/lpc_chip_175x_6x/Debug/liblpc_chip_175x_6x.a(chip_17xx_40xx.o)
 .debug_ranges  0x000004d0      0x110 /home/aortiz/UTN/TD II/TEST_DMA_I2S/lpc_chip_175x_6x/Debug/liblpc_chip_175x_6x.a(clock_17xx_40xx.o)
 .debug_ranges  0x000005e0       0x28 /home/aortiz/UTN/TD II/TEST_DMA_I2S/lpc_chip_175x_6x/Debug/liblpc_chip_175x_6x.a(dac_17xx_40xx.o)
 .debug_ranges  0x00000608       0x80 /home/aortiz/UTN/TD II/TEST_DMA_I2S/lpc_chip_175x_6x/Debug/liblpc_chip_175x_6x.a(gpdma_17xx_40xx.o)
 .debug_ranges  0x00000688       0x50 /home/aortiz/UTN/TD II/TEST_DMA_I2S/lpc_chip_175x_6x/Debug/liblpc_chip_175x_6x.a(i2s_17xx_40xx.o)
 .debug_ranges  0x000006d8       0x20 /home/aortiz/UTN/TD II/TEST_DMA_I2S/lpc_chip_175x_6x/Debug/liblpc_chip_175x_6x.a(iocon_17xx_40xx.o)
 .debug_ranges  0x000006f8       0x50 /home/aortiz/UTN/TD II/TEST_DMA_I2S/lpc_chip_175x_6x/Debug/liblpc_chip_175x_6x.a(sysinit_17xx_40xx.o)

.debug_macro    0x00000000     0x2a55
 .debug_macro   0x00000000       0x1d ./src/cr_startup_lpc175x_6x.o
 .debug_macro   0x0000001d       0x1a ./src/crp.o
 .debug_macro   0x00000037       0x34 ./src/crp.o
 .debug_macro   0x0000006b      0x297 ./src/list.o
 .debug_macro   0x00000302      0x329 ./src/port.o
 .debug_macro   0x0000062b      0x217 ./src/sysinit.o
 .debug_macro   0x00000842       0x7b ./src/sysinit.o
 .debug_macro   0x000008bd       0x18 ./src/sysinit.o
 .debug_macro   0x000008d5      0x336 ./src/tasks.o
 .debug_macro   0x00000c0b       0x5b ./src/tasks.o
 .debug_macro   0x00000c66       0x16 ./src/tasks.o
 .debug_macro   0x00000c7c      0x302 ./src/test_PCM1802_PCM1781.o
 .debug_macro   0x00000f7e       0x10 ./src/test_PCM1802_PCM1781.o
 .debug_macro   0x00000f8e       0xf4 ./src/test_PCM1802_PCM1781.o
 .debug_macro   0x00001082      0x289 /home/aortiz/UTN/TD II/TEST_DMA_I2S/lpc_board_nxp_lpcxpresso_1769/Debug/liblpc_board_nxp_lpcxpresso_1769.a(board.o)
 .debug_macro   0x0000130b      0x886 /home/aortiz/UTN/TD II/TEST_DMA_I2S/lpc_board_nxp_lpcxpresso_1769/Debug/liblpc_board_nxp_lpcxpresso_1769.a(board.o)
 .debug_macro   0x00001b91       0x12 /home/aortiz/UTN/TD II/TEST_DMA_I2S/lpc_board_nxp_lpcxpresso_1769/Debug/liblpc_board_nxp_lpcxpresso_1769.a(board.o)
 .debug_macro   0x00001ba3      0x217 /home/aortiz/UTN/TD II/TEST_DMA_I2S/lpc_board_nxp_lpcxpresso_1769/Debug/liblpc_board_nxp_lpcxpresso_1769.a(board_sysinit.o)
 .debug_macro   0x00001dba      0x1cd /home/aortiz/UTN/TD II/TEST_DMA_I2S/lpc_chip_175x_6x/Debug/liblpc_chip_175x_6x.a(chip_17xx_40xx.o)
 .debug_macro   0x00001f87      0x1cd /home/aortiz/UTN/TD II/TEST_DMA_I2S/lpc_chip_175x_6x/Debug/liblpc_chip_175x_6x.a(clock_17xx_40xx.o)
 .debug_macro   0x00002154      0x1cd /home/aortiz/UTN/TD II/TEST_DMA_I2S/lpc_chip_175x_6x/Debug/liblpc_chip_175x_6x.a(dac_17xx_40xx.o)
 .debug_macro   0x00002321      0x1cd /home/aortiz/UTN/TD II/TEST_DMA_I2S/lpc_chip_175x_6x/Debug/liblpc_chip_175x_6x.a(gpdma_17xx_40xx.o)
 .debug_macro   0x000024ee      0x1cd /home/aortiz/UTN/TD II/TEST_DMA_I2S/lpc_chip_175x_6x/Debug/liblpc_chip_175x_6x.a(i2s_17xx_40xx.o)
 .debug_macro   0x000026bb      0x1cd /home/aortiz/UTN/TD II/TEST_DMA_I2S/lpc_chip_175x_6x/Debug/liblpc_chip_175x_6x.a(iocon_17xx_40xx.o)
 .debug_macro   0x00002888      0x1cd /home/aortiz/UTN/TD II/TEST_DMA_I2S/lpc_chip_175x_6x/Debug/liblpc_chip_175x_6x.a(sysinit_17xx_40xx.o)

.debug_line     0x00000000     0x5662
 .debug_line    0x00000000       0xd5 ./src/cr_startup_lpc175x_6x.o
 .debug_line    0x000000d5       0x80 ./src/crp.o
 .debug_line    0x00000155      0x5a5 ./src/list.o
 .debug_line    0x000006fa      0x68b ./src/port.o
 .debug_line    0x00000d85      0x47d ./src/sysinit.o
 .debug_line    0x00001202      0xc53 ./src/tasks.o
 .debug_line    0x00001e55      0x72d ./src/test_PCM1802_PCM1781.o
 .debug_line    0x00002582      0x838 /home/aortiz/UTN/TD II/TEST_DMA_I2S/lpc_board_nxp_lpcxpresso_1769/Debug/liblpc_board_nxp_lpcxpresso_1769.a(board.o)
 .debug_line    0x00002dba      0x4bd /home/aortiz/UTN/TD II/TEST_DMA_I2S/lpc_board_nxp_lpcxpresso_1769/Debug/liblpc_board_nxp_lpcxpresso_1769.a(board_sysinit.o)
 .debug_line    0x00003277      0x455 /home/aortiz/UTN/TD II/TEST_DMA_I2S/lpc_chip_175x_6x/Debug/liblpc_chip_175x_6x.a(chip_17xx_40xx.o)
 .debug_line    0x000036cc      0x6d1 /home/aortiz/UTN/TD II/TEST_DMA_I2S/lpc_chip_175x_6x/Debug/liblpc_chip_175x_6x.a(clock_17xx_40xx.o)
 .debug_line    0x00003d9d      0x43d /home/aortiz/UTN/TD II/TEST_DMA_I2S/lpc_chip_175x_6x/Debug/liblpc_chip_175x_6x.a(dac_17xx_40xx.o)
 .debug_line    0x000041da      0x5f5 /home/aortiz/UTN/TD II/TEST_DMA_I2S/lpc_chip_175x_6x/Debug/liblpc_chip_175x_6x.a(gpdma_17xx_40xx.o)
 .debug_line    0x000047cf      0x587 /home/aortiz/UTN/TD II/TEST_DMA_I2S/lpc_chip_175x_6x/Debug/liblpc_chip_175x_6x.a(i2s_17xx_40xx.o)
 .debug_line    0x00004d56      0x441 /home/aortiz/UTN/TD II/TEST_DMA_I2S/lpc_chip_175x_6x/Debug/liblpc_chip_175x_6x.a(iocon_17xx_40xx.o)
 .debug_line    0x00005197      0x4cb /home/aortiz/UTN/TD II/TEST_DMA_I2S/lpc_chip_175x_6x/Debug/liblpc_chip_175x_6x.a(sysinit_17xx_40xx.o)

.debug_str      0x00000000    0x175d9
 .debug_str     0x00000000     0x2667 ./src/cr_startup_lpc175x_6x.o
                               0x26a5 (size before relaxing)
 .debug_str     0x00002667       0xe9 ./src/crp.o
                               0x25bd (size before relaxing)
 .debug_str     0x00002750    0x103cc ./src/list.o
                              0x1298d (size before relaxing)
 .debug_str     0x00012b1c      0xc6c ./src/port.o
                              0x13494 (size before relaxing)
 .debug_str     0x00013788       0x51 ./src/sysinit.o
                              0x10a7f (size before relaxing)
 .debug_str     0x000137d9     0x15ad ./src/tasks.o
                              0x1444f (size before relaxing)
 .debug_str     0x00014d86      0xe25 ./src/test_PCM1802_PCM1781.o
                              0x13b9a (size before relaxing)
 .debug_str     0x00015bab      0xc77 /home/aortiz/UTN/TD II/TEST_DMA_I2S/lpc_board_nxp_lpcxpresso_1769/Debug/liblpc_board_nxp_lpcxpresso_1769.a(board.o)
                              0x1193c (size before relaxing)
 .debug_str     0x00016822       0x7c /home/aortiz/UTN/TD II/TEST_DMA_I2S/lpc_board_nxp_lpcxpresso_1769/Debug/liblpc_board_nxp_lpcxpresso_1769.a(board_sysinit.o)
                              0x10e76 (size before relaxing)
 .debug_str     0x0001689e       0xae /home/aortiz/UTN/TD II/TEST_DMA_I2S/lpc_chip_175x_6x/Debug/liblpc_chip_175x_6x.a(chip_17xx_40xx.o)
                              0x10b6d (size before relaxing)
 .debug_str     0x0001694c      0x5d3 /home/aortiz/UTN/TD II/TEST_DMA_I2S/lpc_chip_175x_6x/Debug/liblpc_chip_175x_6x.a(clock_17xx_40xx.o)
                              0x111db (size before relaxing)
 .debug_str     0x00016f1f       0xb6 /home/aortiz/UTN/TD II/TEST_DMA_I2S/lpc_chip_175x_6x/Debug/liblpc_chip_175x_6x.a(dac_17xx_40xx.o)
                              0x1062f (size before relaxing)
 .debug_str     0x00016fd5      0x3ba /home/aortiz/UTN/TD II/TEST_DMA_I2S/lpc_chip_175x_6x/Debug/liblpc_chip_175x_6x.a(gpdma_17xx_40xx.o)
                              0x112a0 (size before relaxing)
 .debug_str     0x0001738f      0x10d /home/aortiz/UTN/TD II/TEST_DMA_I2S/lpc_chip_175x_6x/Debug/liblpc_chip_175x_6x.a(i2s_17xx_40xx.o)
                              0x10c7d (size before relaxing)
 .debug_str     0x0001749c       0x79 /home/aortiz/UTN/TD II/TEST_DMA_I2S/lpc_chip_175x_6x/Debug/liblpc_chip_175x_6x.a(iocon_17xx_40xx.o)
                              0x10658 (size before relaxing)
 .debug_str     0x00017515       0xc4 /home/aortiz/UTN/TD II/TEST_DMA_I2S/lpc_chip_175x_6x/Debug/liblpc_chip_175x_6x.a(sysinit_17xx_40xx.o)
                              0x10840 (size before relaxing)

.comment        0x00000000       0x6e
 .comment       0x00000000       0x6e ./src/cr_startup_lpc175x_6x.o
                                 0x6f (size before relaxing)
 .comment       0x0000006e       0x6f ./src/crp.o
 .comment       0x0000006e       0x6f ./src/list.o
 .comment       0x0000006e       0x6f ./src/port.o
 .comment       0x0000006e       0x6f ./src/sysinit.o
 .comment       0x0000006e       0x6f ./src/tasks.o
 .comment       0x0000006e       0x6f ./src/test_PCM1802_PCM1781.o
 .comment       0x0000006e       0x6f /home/aortiz/UTN/TD II/TEST_DMA_I2S/lpc_board_nxp_lpcxpresso_1769/Debug/liblpc_board_nxp_lpcxpresso_1769.a(board.o)
 .comment       0x0000006e       0x6f /home/aortiz/UTN/TD II/TEST_DMA_I2S/lpc_board_nxp_lpcxpresso_1769/Debug/liblpc_board_nxp_lpcxpresso_1769.a(board_sysinit.o)
 .comment       0x0000006e       0x6f /home/aortiz/UTN/TD II/TEST_DMA_I2S/lpc_chip_175x_6x/Debug/liblpc_chip_175x_6x.a(chip_17xx_40xx.o)
 .comment       0x0000006e       0x6f /home/aortiz/UTN/TD II/TEST_DMA_I2S/lpc_chip_175x_6x/Debug/liblpc_chip_175x_6x.a(clock_17xx_40xx.o)
 .comment       0x0000006e       0x6f /home/aortiz/UTN/TD II/TEST_DMA_I2S/lpc_chip_175x_6x/Debug/liblpc_chip_175x_6x.a(dac_17xx_40xx.o)
 .comment       0x0000006e       0x6f /home/aortiz/UTN/TD II/TEST_DMA_I2S/lpc_chip_175x_6x/Debug/liblpc_chip_175x_6x.a(gpdma_17xx_40xx.o)
 .comment       0x0000006e       0x6f /home/aortiz/UTN/TD II/TEST_DMA_I2S/lpc_chip_175x_6x/Debug/liblpc_chip_175x_6x.a(i2s_17xx_40xx.o)
 .comment       0x0000006e       0x6f /home/aortiz/UTN/TD II/TEST_DMA_I2S/lpc_chip_175x_6x/Debug/liblpc_chip_175x_6x.a(iocon_17xx_40xx.o)
 .comment       0x0000006e       0x6f /home/aortiz/UTN/TD II/TEST_DMA_I2S/lpc_chip_175x_6x/Debug/liblpc_chip_175x_6x.a(sysinit_17xx_40xx.o)
 .comment       0x0000006e       0x6f /home/aortiz/Software_instalado/LPC/lpcxpresso/tools/bin/../lib/gcc/arm-none-eabi/5.2.1/../../../../arm-none-eabi/lib/armv7-m/libcr_c.a(__weak__main.o)

.ARM.attributes
                0x00000000       0x31
 .ARM.attributes
                0x00000000       0x33 ./src/cr_startup_lpc175x_6x.o
 .ARM.attributes
                0x00000033       0x33 ./src/crp.o
 .ARM.attributes
                0x00000066       0x33 ./src/list.o
 .ARM.attributes
                0x00000099       0x33 ./src/port.o
 .ARM.attributes
                0x000000cc       0x33 ./src/sysinit.o
 .ARM.attributes
                0x000000ff       0x33 ./src/tasks.o
 .ARM.attributes
                0x00000132       0x33 ./src/test_PCM1802_PCM1781.o
 .ARM.attributes
                0x00000165       0x33 /home/aortiz/UTN/TD II/TEST_DMA_I2S/lpc_board_nxp_lpcxpresso_1769/Debug/liblpc_board_nxp_lpcxpresso_1769.a(board.o)
 .ARM.attributes
                0x00000198       0x33 /home/aortiz/UTN/TD II/TEST_DMA_I2S/lpc_board_nxp_lpcxpresso_1769/Debug/liblpc_board_nxp_lpcxpresso_1769.a(board_sysinit.o)
 .ARM.attributes
                0x000001cb       0x33 /home/aortiz/UTN/TD II/TEST_DMA_I2S/lpc_chip_175x_6x/Debug/liblpc_chip_175x_6x.a(chip_17xx_40xx.o)
 .ARM.attributes
                0x000001fe       0x33 /home/aortiz/UTN/TD II/TEST_DMA_I2S/lpc_chip_175x_6x/Debug/liblpc_chip_175x_6x.a(clock_17xx_40xx.o)
 .ARM.attributes
                0x00000231       0x33 /home/aortiz/UTN/TD II/TEST_DMA_I2S/lpc_chip_175x_6x/Debug/liblpc_chip_175x_6x.a(dac_17xx_40xx.o)
 .ARM.attributes
                0x00000264       0x33 /home/aortiz/UTN/TD II/TEST_DMA_I2S/lpc_chip_175x_6x/Debug/liblpc_chip_175x_6x.a(gpdma_17xx_40xx.o)
 .ARM.attributes
                0x00000297       0x33 /home/aortiz/UTN/TD II/TEST_DMA_I2S/lpc_chip_175x_6x/Debug/liblpc_chip_175x_6x.a(i2s_17xx_40xx.o)
 .ARM.attributes
                0x000002ca       0x33 /home/aortiz/UTN/TD II/TEST_DMA_I2S/lpc_chip_175x_6x/Debug/liblpc_chip_175x_6x.a(iocon_17xx_40xx.o)
 .ARM.attributes
                0x000002fd       0x33 /home/aortiz/UTN/TD II/TEST_DMA_I2S/lpc_chip_175x_6x/Debug/liblpc_chip_175x_6x.a(sysinit_17xx_40xx.o)
 .ARM.attributes
                0x00000330       0x33 /home/aortiz/Software_instalado/LPC/lpcxpresso/tools/bin/../lib/gcc/arm-none-eabi/5.2.1/../../../../arm-none-eabi/lib/armv7-m/libcr_c.a(__weak__main.o)
 .ARM.attributes
                0x00000363       0x21 /home/aortiz/Software_instalado/LPC/lpcxpresso/tools/bin/../lib/gcc/arm-none-eabi/5.2.1/armv7-m/libcr_eabihelpers.a(division_64.o)
 .ARM.attributes
                0x00000384       0x21 /home/aortiz/Software_instalado/LPC/lpcxpresso/tools/bin/../lib/gcc/arm-none-eabi/5.2.1/armv7-m/libcr_eabihelpers.a(division_idiv0.o)

.debug_frame    0x00000000     0x1edc
 .debug_frame   0x00000000      0x170 ./src/cr_startup_lpc175x_6x.o
 .debug_frame   0x00000170       0xd8 ./src/list.o
 .debug_frame   0x00000248      0x198 ./src/port.o
 .debug_frame   0x000003e0       0x34 ./src/sysinit.o
 .debug_frame   0x00000414      0x634 ./src/tasks.o
 .debug_frame   0x00000a48      0x2ec ./src/test_PCM1802_PCM1781.o
 .debug_frame   0x00000d34      0x5d4 /home/aortiz/UTN/TD II/TEST_DMA_I2S/lpc_board_nxp_lpcxpresso_1769/Debug/liblpc_board_nxp_lpcxpresso_1769.a(board.o)
 .debug_frame   0x00001308       0x8c /home/aortiz/UTN/TD II/TEST_DMA_I2S/lpc_board_nxp_lpcxpresso_1769/Debug/liblpc_board_nxp_lpcxpresso_1769.a(board_sysinit.o)
 .debug_frame   0x00001394       0x88 /home/aortiz/UTN/TD II/TEST_DMA_I2S/lpc_chip_175x_6x/Debug/liblpc_chip_175x_6x.a(chip_17xx_40xx.o)
 .debug_frame   0x0000141c      0x490 /home/aortiz/UTN/TD II/TEST_DMA_I2S/lpc_chip_175x_6x/Debug/liblpc_chip_175x_6x.a(clock_17xx_40xx.o)
 .debug_frame   0x000018ac       0xac /home/aortiz/UTN/TD II/TEST_DMA_I2S/lpc_chip_175x_6x/Debug/liblpc_chip_175x_6x.a(dac_17xx_40xx.o)
 .debug_frame   0x00001958      0x25c /home/aortiz/UTN/TD II/TEST_DMA_I2S/lpc_chip_175x_6x/Debug/liblpc_chip_175x_6x.a(gpdma_17xx_40xx.o)
 .debug_frame   0x00001bb4      0x17c /home/aortiz/UTN/TD II/TEST_DMA_I2S/lpc_chip_175x_6x/Debug/liblpc_chip_175x_6x.a(i2s_17xx_40xx.o)
 .debug_frame   0x00001d30       0x80 /home/aortiz/UTN/TD II/TEST_DMA_I2S/lpc_chip_175x_6x/Debug/liblpc_chip_175x_6x.a(iocon_17xx_40xx.o)
 .debug_frame   0x00001db0      0x12c /home/aortiz/UTN/TD II/TEST_DMA_I2S/lpc_chip_175x_6x/Debug/liblpc_chip_175x_6x.a(sysinit_17xx_40xx.o)
