Archive member included to satisfy reference by file (symbol)

D:\UTN\Git\TD_II\TD_II\workspace\lpc_myboard_1769\Debug\liblpc_myboard_1769.a(board.o)
                              ./src/Inicializaciones.o (Board_UART_Init)
D:\UTN\Git\TD_II\TD_II\workspace\lpc_myboard_1769\Debug\liblpc_myboard_1769.a(board_sysinit.o)
                              ./src/sysinit.o (Board_SystemInit)
D:\UTN\Git\TD_II\TD_II\workspace\lpc_chip_175x_6x\Debug\liblpc_chip_175x_6x.a(chip_17xx_40xx.o)
                              ./src/Inicializaciones.o (SystemCoreClockUpdate)
D:\UTN\Git\TD_II\TD_II\workspace\lpc_chip_175x_6x\Debug\liblpc_chip_175x_6x.a(clock_17xx_40xx.o)
                              D:\UTN\Git\TD_II\TD_II\workspace\lpc_chip_175x_6x\Debug\liblpc_chip_175x_6x.a(chip_17xx_40xx.o) (Chip_Clock_EnablePLL)
D:\UTN\Git\TD_II\TD_II\workspace\lpc_chip_175x_6x\Debug\liblpc_chip_175x_6x.a(iocon_17xx_40xx.o)
                              ./src/Inicializaciones.o (Chip_IOCON_PinMux)
D:\UTN\Git\TD_II\TD_II\workspace\lpc_chip_175x_6x\Debug\liblpc_chip_175x_6x.a(ring_buffer.o)
                              ./src/Inicializaciones.o (RingBuffer_Init)
D:\UTN\Git\TD_II\TD_II\workspace\lpc_chip_175x_6x\Debug\liblpc_chip_175x_6x.a(sysinit_17xx_40xx.o)
                              D:\UTN\Git\TD_II\TD_II\workspace\lpc_myboard_1769\Debug\liblpc_myboard_1769.a(board_sysinit.o) (Chip_SetupXtalClocking)
D:\UTN\Git\TD_II\TD_II\workspace\lpc_chip_175x_6x\Debug\liblpc_chip_175x_6x.a(uart_17xx_40xx.o)
                              D:\UTN\Git\TD_II\TD_II\workspace\lpc_myboard_1769\Debug\liblpc_myboard_1769.a(board.o) (Chip_UART_Init)
D:\UTN\Git\TD_II\TD_II\workspace\CMSIS_DSPLIB_CM3\lib\libCMSIS_DSPLIB_CM3.a(arm_rfft_init_q31.o)
                              ./src/Inicializaciones.o (arm_rfft_init_q31)
D:\UTN\Git\TD_II\TD_II\workspace\CMSIS_DSPLIB_CM3\lib\libCMSIS_DSPLIB_CM3.a(arm_rfft_q31.o)
                              ./src/funciones.o (arm_rfft_q31)
D:\UTN\Git\TD_II\TD_II\workspace\CMSIS_DSPLIB_CM3\lib\libCMSIS_DSPLIB_CM3.a(arm_cmplx_mag_q31.o)
                              ./src/funciones.o (arm_cmplx_mag_q31)
D:\UTN\Git\TD_II\TD_II\workspace\CMSIS_DSPLIB_CM3\lib\libCMSIS_DSPLIB_CM3.a(arm_bitreversal.o)
                              D:\UTN\Git\TD_II\TD_II\workspace\CMSIS_DSPLIB_CM3\lib\libCMSIS_DSPLIB_CM3.a(arm_rfft_q31.o) (arm_bitreversal_q31)
D:\UTN\Git\TD_II\TD_II\workspace\CMSIS_DSPLIB_CM3\lib\libCMSIS_DSPLIB_CM3.a(arm_cfft_radix4_init_q31.o)
                              D:\UTN\Git\TD_II\TD_II\workspace\CMSIS_DSPLIB_CM3\lib\libCMSIS_DSPLIB_CM3.a(arm_rfft_init_q31.o) (arm_cfft_radix4_init_q31)
D:\UTN\Git\TD_II\TD_II\workspace\CMSIS_DSPLIB_CM3\lib\libCMSIS_DSPLIB_CM3.a(arm_cfft_radix4_q31.o)
                              D:\UTN\Git\TD_II\TD_II\workspace\CMSIS_DSPLIB_CM3\lib\libCMSIS_DSPLIB_CM3.a(arm_rfft_q31.o) (arm_radix4_butterfly_q31)
D:\UTN\Git\TD_II\TD_II\workspace\CMSIS_DSPLIB_CM3\lib\libCMSIS_DSPLIB_CM3.a(arm_sqrt_q31.o)
                              D:\UTN\Git\TD_II\TD_II\workspace\CMSIS_DSPLIB_CM3\lib\libCMSIS_DSPLIB_CM3.a(arm_cmplx_mag_q31.o) (arm_sqrt_q31)
D:\UTN\Git\TD_II\TD_II\workspace\CMSIS_DSPLIB_CM3\lib\libCMSIS_DSPLIB_CM3.a(arm_common_tables.o)
                              D:\UTN\Git\TD_II\TD_II\workspace\CMSIS_DSPLIB_CM3\lib\libCMSIS_DSPLIB_CM3.a(arm_cfft_radix4_init_q31.o) (twiddleCoefQ31)
c:/nxp/lpcxpresso_8.2.2_650/lpcxpresso/tools/bin/../lib/gcc/arm-none-eabi/5.4.1/armv7-m\libgcc.a(_arm_addsubsf3.o)
                              D:\UTN\Git\TD_II\TD_II\workspace\CMSIS_DSPLIB_CM3\lib\libCMSIS_DSPLIB_CM3.a(arm_sqrt_q31.o) (__aeabi_i2f)
c:/nxp/lpcxpresso_8.2.2_650/lpcxpresso/tools/bin/../lib/gcc/arm-none-eabi/5.4.1/armv7-m\libgcc.a(_arm_muldivsf3.o)
                              D:\UTN\Git\TD_II\TD_II\workspace\CMSIS_DSPLIB_CM3\lib\libCMSIS_DSPLIB_CM3.a(arm_sqrt_q31.o) (__aeabi_fmul)
c:/nxp/lpcxpresso_8.2.2_650/lpcxpresso/tools/bin/../lib/gcc/arm-none-eabi/5.4.1/armv7-m\libgcc.a(_arm_fixsfsi.o)
                              D:\UTN\Git\TD_II\TD_II\workspace\CMSIS_DSPLIB_CM3\lib\libCMSIS_DSPLIB_CM3.a(arm_sqrt_q31.o) (__aeabi_f2iz)
c:/nxp/lpcxpresso_8.2.2_650/lpcxpresso/tools/bin/../lib/gcc/arm-none-eabi/5.4.1/armv7-m\libgcc.a(_aeabi_uldivmod.o)
                              D:\UTN\Git\TD_II\TD_II\workspace\lpc_chip_175x_6x\Debug\liblpc_chip_175x_6x.a(uart_17xx_40xx.o) (__aeabi_uldivmod)
c:/nxp/lpcxpresso_8.2.2_650/lpcxpresso/tools/bin/../lib/gcc/arm-none-eabi/5.4.1/armv7-m\libgcc.a(_udivmoddi4.o)
                              c:/nxp/lpcxpresso_8.2.2_650/lpcxpresso/tools/bin/../lib/gcc/arm-none-eabi/5.4.1/armv7-m\libgcc.a(_aeabi_uldivmod.o) (__udivmoddi4)
c:/nxp/lpcxpresso_8.2.2_650/lpcxpresso/tools/bin/../lib/gcc/arm-none-eabi/5.4.1/armv7-m\libgcc.a(_dvmd_tls.o)
                              c:/nxp/lpcxpresso_8.2.2_650/lpcxpresso/tools/bin/../lib/gcc/arm-none-eabi/5.4.1/armv7-m\libgcc.a(_aeabi_uldivmod.o) (__aeabi_ldiv0)
[...]
Memory Configuration

Name             Origin             Length             Attributes
MFlash512        0x00000000         0x00080000         xr
RamLoc32         0x10000000         0x00008000         xrw
RamAHB32         0x2007c000         0x00008000         xrw
*default*        0x00000000         0xffffffff

Linker script and memory map

LOAD ./src/Inicializaciones.o
LOAD ./src/Interrupciones.o
LOAD ./src/THD_Meter.o
LOAD ./src/Variables_globales.o
LOAD ./src/cr_startup_lpc175x_6x.o
LOAD ./src/crp.o
LOAD ./src/funciones.o
LOAD ./src/sysinit.o
LOAD ./src/tareas.o
LOAD D:\UTN\Git\TD_II\TD_II\workspace\lpc_myboard_1769\Debug\liblpc_myboard_1769.a
LOAD D:\UTN\Git\TD_II\TD_II\workspace\lpc_chip_175x_6x\Debug\liblpc_chip_175x_6x.a
LOAD D:\UTN\Git\TD_II\TD_II\workspace\LibFreeRTOS_8.2.3\Debug\libLibFreeRTOS_8.2.3.a
LOAD D:\UTN\Git\TD_II\TD_II\workspace\CMSIS_DSPLIB_CM3\lib\libCMSIS_DSPLIB_CM3.a
START GROUP
LOAD c:/nxp/lpcxpresso_8.2.2_650/lpcxpresso/tools/bin/../lib/gcc/arm-none-eabi/5.4.1/armv7-m\libgcc.a
LOAD c:/nxp/lpcxpresso_8.2.2_650/lpcxpresso/tools/bin/../lib/gcc/arm-none-eabi/5.4.1/../../../../arm-none-eabi/lib/armv7-m\libc.a
LOAD c:/nxp/lpcxpresso_8.2.2_650/lpcxpresso/tools/bin/../lib/gcc/arm-none-eabi/5.4.1/../../../../arm-none-eabi/lib/armv7-m\libm.a
LOAD c:/nxp/lpcxpresso_8.2.2_650/lpcxpresso/tools/bin/../lib/gcc/arm-none-eabi/5.4.1/../../../../arm-none-eabi/lib/armv7-m\libcr_newlib_semihost.a
END GROUP
                0x00000000                __base_MFlash512 = 0x0
                0x00000000                __base_Flash = 0x0
                0x00080000                __top_MFlash512 = 0x80000
                0x00080000                __top_Flash = 0x80000
                0x10000000                __base_RamLoc32 = 0x10000000
                0x10000000                __base_RAM = 0x10000000
                0x10008000                __top_RamLoc32 = 0x10008000
                0x10008000                __top_RAM = 0x10008000
                0x2007c000                __base_RamAHB32 = 0x2007c000
                0x2007c000                __base_RAM2 = 0x2007c000
                0x20084000                __top_RamAHB32 = 0x20084000
                0x20084000                __top_RAM2 = 0x20084000

.text           0x00000000    0x1f128
 FILL mask 0xff
                0x00000000                __vectors_start__ = ABSOLUTE (.)
 *(.isr_vector)
 .isr_vector    0x00000000       0xcc ./src/cr_startup_lpc175x_6x.o
                0x00000000                g_pfnVectors
                0x000000cc                . = ALIGN (0x4)
                0x000000cc                __section_table_start = .
                0x000000cc                __data_section_table = .
                0x000000cc        0x4 LONG 0x1f130 LOADADDR (.data)
                0x000000d0        0x4 LONG 0x10000000 ADDR (.data)
                0x000000d4        0x4 LONG 0x89c SIZEOF (.data)
                0x000000d8        0x4 LONG 0x1f130 LOADADDR (.data_RAM2)
                0x000000dc        0x4 LONG 0x2007c000 ADDR (.data_RAM2)
                0x000000e0        0x4 LONG 0x0 SIZEOF (.data_RAM2)
                0x000000e4                __data_section_table_end = .
                0x000000e4                __bss_section_table = .
                0x000000e4        0x4 LONG 0x1000089c ADDR (.bss)
                0x000000e8        0x4 LONG 0x38d8 SIZEOF (.bss)
                0x000000ec        0x4 LONG 0x2007c000 ADDR (.bss_RAM2)
                0x000000f0        0x4 LONG 0x0 SIZEOF (.bss_RAM2)
                0x000000f4                __bss_section_table_end = .
                0x000000f4                __section_table_end = .
 *(.after_vectors*)
 .after_vectors
                0x000000f4      0x144 ./src/cr_startup_lpc175x_6x.o
                0x000000f4                data_init
                0x00000138                bss_init
                0x00000170                ResetISR
                0x000001e8                NMI_Handler
                0x000001f0                HardFault_Handler
                0x000001f8                MemManage_Handler
                0x00000200                BusFault_Handler
                0x00000208                UsageFault_Handler
                0x00000210                SVC_Handler
                0x00000218                DebugMon_Handler
                0x00000220                PendSV_Handler
                0x00000228                SysTick_Handler
                0x00000230                UART1_IRQHandler
                0x00000230                EINT3_IRQHandler
                0x00000230                CANActivity_IRQHandler
                0x00000230                TIMER3_IRQHandler
                0x00000230                EINT2_IRQHandler
                0x00000230                USBActivity_IRQHandler
                0x00000230                IntDefaultHandler
                0x00000230                PLL0_IRQHandler
                0x00000230                CAN_IRQHandler
                0x00000230                I2C0_IRQHandler
                0x00000230                I2C1_IRQHandler
                0x00000230                I2S_IRQHandler
                0x00000230                I2C2_IRQHandler
                0x00000230                RTC_IRQHandler
                0x00000230                TIMER0_IRQHandler
                0x00000230                SPI_IRQHandler
                0x00000230                RIT_IRQHandler
                0x00000230                EINT1_IRQHandler
                0x00000230                TIMER1_IRQHandler
                0x00000230                UART2_IRQHandler
                0x00000230                ADC_IRQHandler
                0x00000230                SSP1_IRQHandler
                0x00000230                USB_IRQHandler
                0x00000230                BOD_IRQHandler
                0x00000230                SSP0_IRQHandler
                0x00000230                WDT_IRQHandler
                0x00000230                PWM1_IRQHandler
                0x00000230                QEI_IRQHandler
                0x00000230                EINT0_IRQHandler
                0x00000230                ETH_IRQHandler
                0x00000230                PLL1_IRQHandler
                0x00000230                DMA_IRQHandler
                0x00000230                TIMER2_IRQHandler
                0x00000230                UART3_IRQHandler
                0x00000230                MCPWM_IRQHandler
                0x000002fc                . = 0x2fc
 *fill*         0x00000238       0xc4 ff
                0x000002fc                PROVIDE (__CRP_WORD_START__, .)
 *(.crp)
 .crp           0x000002fc        0x4 ./src/crp.o
                0x000002fc                CRP_WORD
                0x00000300                PROVIDE (__CRP_WORD_END__, .)
                0x00000001                ASSERT (! ((__CRP_WORD_START__ == __CRP_WORD_END__)), Linker CRP Enabled, but no CRP_WORD provided within application)
 *(.text*)
 .text.NVIC_EnableIRQ
                0x00000300       0x30 ./src/Inicializaciones.o
 .text.NVIC_SetPriority
                0x00000330       0x54 ./src/Inicializaciones.o
 .text.Chip_UART_IntEnable
                0x00000384       0x20 ./src/Inicializaciones.o
 .text.uart_init
                0x000003a4       0xf8 ./src/Inicializaciones.o
                0x000003a4                uart_init
 .text.fft_init
                0x0000049c       0x80 ./src/Inicializaciones.o
                0x0000049c                fft_init
 .text.main_init
                0x0000051c       0x18 ./src/Inicializaciones.o
                0x0000051c                main_init
 .text.UART0_IRQHandler
                0x00000534      0x104 ./src/Interrupciones.o
                0x00000534                UART0_IRQHandler
 .text.main     0x00000638       0x14 ./src/THD_Meter.o
                0x00000638                main
 .text.fft_function
                0x0000064c       0x5c ./src/funciones.o
                0x0000064c                fft_function
 .text.main_uart
                0x000006a8       0x3c ./src/funciones.o
                0x000006a8                main_uart
 .text.SystemInit
                0x000006e4       0x24 ./src/sysinit.o
                0x000006e4                SystemInit
 .text.Chip_IOCON_Init
                0x00000708       0x18 D:\UTN\Git\TD_II\TD_II\workspace\lpc_myboard_1769\Debug\liblpc_myboard_1769.a(board.o)
 .text.Chip_GPIO_Init
                0x00000720       0x18 D:\UTN\Git\TD_II\TD_II\workspace\lpc_myboard_1769\Debug\liblpc_myboard_1769.a(board.o)
 .text.Chip_GPIO_SetPinDIROutput
                0x00000738       0x38 D:\UTN\Git\TD_II\TD_II\workspace\lpc_myboard_1769\Debug\liblpc_myboard_1769.a(board.o)
 .text.Chip_GPIO_SetPinDIRInput
                0x00000770       0x3c D:\UTN\Git\TD_II\TD_II\workspace\lpc_myboard_1769\Debug\liblpc_myboard_1769.a(board.o)
 .text.Chip_GPIO_SetPinDIR
                0x000007ac       0x44 D:\UTN\Git\TD_II\TD_II\workspace\lpc_myboard_1769\Debug\liblpc_myboard_1769.a(board.o)
 .text.Chip_GPIO_WriteDirBit
                0x000007f0       0x30 D:\UTN\Git\TD_II\TD_II\workspace\lpc_myboard_1769\Debug\liblpc_myboard_1769.a(board.o)
 .text.Chip_UART_ConfigData
                0x00000820       0x1c D:\UTN\Git\TD_II\TD_II\workspace\lpc_myboard_1769\Debug\liblpc_myboard_1769.a(board.o)
 .text.Board_LED_Init
                0x0000083c       0x6c D:\UTN\Git\TD_II\TD_II\workspace\lpc_myboard_1769\Debug\liblpc_myboard_1769.a(board.o)
 .text.Board_UART_Init
                0x000008a8       0x38 D:\UTN\Git\TD_II\TD_II\workspace\lpc_myboard_1769\Debug\liblpc_myboard_1769.a(board.o)
                0x000008a8                Board_UART_Init
 .text.Board_Buttons_Init
                0x000008e0       0x24 D:\UTN\Git\TD_II\TD_II\workspace\lpc_myboard_1769\Debug\liblpc_myboard_1769.a(board.o)
                0x000008e0                Board_Buttons_Init
 .text.Board_Init
                0x00000904       0x24 D:\UTN\Git\TD_II\TD_II\workspace\lpc_myboard_1769\Debug\liblpc_myboard_1769.a(board.o)
                0x00000904                Board_Init
 .text.Chip_SYSCTL_SetFLASHAccess
                0x00000928       0x30 D:\UTN\Git\TD_II\TD_II\workspace\lpc_myboard_1769\Debug\liblpc_myboard_1769.a(board_sysinit.o)
 .text.Board_SetupMuxing
                0x00000958       0x1c D:\UTN\Git\TD_II\TD_II\workspace\lpc_myboard_1769\Debug\liblpc_myboard_1769.a(board_sysinit.o)
                0x00000958                Board_SetupMuxing
 .text.Board_SetupClocking
                0x00000974       0x14 D:\UTN\Git\TD_II\TD_II\workspace\lpc_myboard_1769\Debug\liblpc_myboard_1769.a(board_sysinit.o)
                0x00000974                Board_SetupClocking
 .text.Board_SystemInit
                0x00000988       0x10 D:\UTN\Git\TD_II\TD_II\workspace\lpc_myboard_1769\Debug\liblpc_myboard_1769.a(board_sysinit.o)
                0x00000988                Board_SystemInit
 .text.SystemCoreClockUpdate
                0x00000998       0x18 D:\UTN\Git\TD_II\TD_II\workspace\lpc_chip_175x_6x\Debug\liblpc_chip_175x_6x.a(chip_17xx_40xx.o)
                0x00000998                SystemCoreClockUpdate
 .text.Chip_Clock_IsMainPLLEnabled
                0x000009b0       0x24 D:\UTN\Git\TD_II\TD_II\workspace\lpc_chip_175x_6x\Debug\liblpc_chip_175x_6x.a(clock_17xx_40xx.o)
 .text.Chip_Clock_IsMainPLLConnected
                0x000009d4       0x24 D:\UTN\Git\TD_II\TD_II\workspace\lpc_chip_175x_6x\Debug\liblpc_chip_175x_6x.a(clock_17xx_40xx.o)
 .text.Chip_Clock_FeedPLL
                0x000009f8       0x34 D:\UTN\Git\TD_II\TD_II\workspace\lpc_chip_175x_6x\Debug\liblpc_chip_175x_6x.a(clock_17xx_40xx.o)
 .text.Chip_Clock_GetMainPLLSource
                0x00000a2c       0x20 D:\UTN\Git\TD_II\TD_II\workspace\lpc_chip_175x_6x\Debug\liblpc_chip_175x_6x.a(clock_17xx_40xx.o)
 .text.Chip_Clock_GetMainOscRate
                0x00000a4c       0x14 D:\UTN\Git\TD_II\TD_II\workspace\lpc_chip_175x_6x\Debug\liblpc_chip_175x_6x.a(clock_17xx_40xx.o)
 .text.Chip_Clock_GetIntOscRate
                0x00000a60       0x14 D:\UTN\Git\TD_II\TD_II\workspace\lpc_chip_175x_6x\Debug\liblpc_chip_175x_6x.a(clock_17xx_40xx.o)
 .text.Chip_Clock_GetRTCOscRate
                0x00000a74       0x14 D:\UTN\Git\TD_II\TD_II\workspace\lpc_chip_175x_6x\Debug\liblpc_chip_175x_6x.a(clock_17xx_40xx.o)
 .text.Chip_Clock_GetMainPLLInClockRate
                0x00000a88       0x10 D:\UTN\Git\TD_II\TD_II\workspace\lpc_chip_175x_6x\Debug\liblpc_chip_175x_6x.a(clock_17xx_40xx.o)
 .text.Chip_Clock_EnablePLL
                0x00000a98       0x44 D:\UTN\Git\TD_II\TD_II\workspace\lpc_chip_175x_6x\Debug\liblpc_chip_175x_6x.a(clock_17xx_40xx.o)
                0x00000a98                Chip_Clock_EnablePLL
 .text.Chip_Clock_DisablePLL
                0x00000adc       0x48 D:\UTN\Git\TD_II\TD_II\workspace\lpc_chip_175x_6x\Debug\liblpc_chip_175x_6x.a(clock_17xx_40xx.o)
                0x00000adc                Chip_Clock_DisablePLL
 .text.Chip_Clock_SetupPLL
                0x00000b24       0x5c D:\UTN\Git\TD_II\TD_II\workspace\lpc_chip_175x_6x\Debug\liblpc_chip_175x_6x.a(clock_17xx_40xx.o)
                0x00000b24                Chip_Clock_SetupPLL
 .text.Chip_Clock_EnablePeriphClock
                0x00000b80       0x34 D:\UTN\Git\TD_II\TD_II\workspace\lpc_chip_175x_6x\Debug\liblpc_chip_175x_6x.a(clock_17xx_40xx.o)
                0x00000b80                Chip_Clock_EnablePeriphClock
 .text.Chip_Clock_GetCPUClockSource
                0x00000bb4       0x24 D:\UTN\Git\TD_II\TD_II\workspace\lpc_chip_175x_6x\Debug\liblpc_chip_175x_6x.a(clock_17xx_40xx.o)
                0x00000bb4                Chip_Clock_GetCPUClockSource
 .text.Chip_Clock_SetCPUClockDiv
                0x00000bd8       0x20 D:\UTN\Git\TD_II\TD_II\workspace\lpc_chip_175x_6x\Debug\liblpc_chip_175x_6x.a(clock_17xx_40xx.o)
                0x00000bd8                Chip_Clock_SetCPUClockDiv
 .text.Chip_Clock_GetCPUClockDiv
                0x00000bf8       0x1c D:\UTN\Git\TD_II\TD_II\workspace\lpc_chip_175x_6x\Debug\liblpc_chip_175x_6x.a(clock_17xx_40xx.o)
                0x00000bf8                Chip_Clock_GetCPUClockDiv
 .text.Chip_Clock_GetPCLKDiv
                0x00000c14       0x8c D:\UTN\Git\TD_II\TD_II\workspace\lpc_chip_175x_6x\Debug\liblpc_chip_175x_6x.a(clock_17xx_40xx.o)
                0x00000c14                Chip_Clock_GetPCLKDiv
 .text.Chip_Clock_GetSYSCLKRate
                0x00000ca0       0x34 D:\UTN\Git\TD_II\TD_II\workspace\lpc_chip_175x_6x\Debug\liblpc_chip_175x_6x.a(clock_17xx_40xx.o)
                0x00000ca0                Chip_Clock_GetSYSCLKRate
 .text.Chip_Clock_GetMainPLLOutClockRate
                0x00000cd4       0x54 D:\UTN\Git\TD_II\TD_II\workspace\lpc_chip_175x_6x\Debug\liblpc_chip_175x_6x.a(clock_17xx_40xx.o)
                0x00000cd4                Chip_Clock_GetMainPLLOutClockRate
 .text.Chip_Clock_GetMainClockRate
                0x00000d28       0x28 D:\UTN\Git\TD_II\TD_II\workspace\lpc_chip_175x_6x\Debug\liblpc_chip_175x_6x.a(clock_17xx_40xx.o)
                0x00000d28                Chip_Clock_GetMainClockRate
 .text.Chip_Clock_GetSystemClockRate
                0x00000d50       0x18 D:\UTN\Git\TD_II\TD_II\workspace\lpc_chip_175x_6x\Debug\liblpc_chip_175x_6x.a(clock_17xx_40xx.o)
                0x00000d50                Chip_Clock_GetSystemClockRate
 .text.Chip_Clock_GetPeripheralClockRate
                0x00000d68       0x28 D:\UTN\Git\TD_II\TD_II\workspace\lpc_chip_175x_6x\Debug\liblpc_chip_175x_6x.a(clock_17xx_40xx.o)
                0x00000d68                Chip_Clock_GetPeripheralClockRate
 .text.Chip_IOCON_PinMuxSet
                0x00000d90       0x38 D:\UTN\Git\TD_II\TD_II\workspace\lpc_chip_175x_6x\Debug\liblpc_chip_175x_6x.a(iocon_17xx_40xx.o)
                0x00000d90                Chip_IOCON_PinMuxSet
 .text.Chip_IOCON_PinMux
                0x00000dc8       0x94 D:\UTN\Git\TD_II\TD_II\workspace\lpc_chip_175x_6x\Debug\liblpc_chip_175x_6x.a(iocon_17xx_40xx.o)
                0x00000dc8                Chip_IOCON_PinMux
 .text.Chip_IOCON_SetPinMuxing
                0x00000e5c       0x64 D:\UTN\Git\TD_II\TD_II\workspace\lpc_chip_175x_6x\Debug\liblpc_chip_175x_6x.a(iocon_17xx_40xx.o)
                0x00000e5c                Chip_IOCON_SetPinMuxing
 .text.RingBuffer_GetCount
                0x00000ec0       0x20 D:\UTN\Git\TD_II\TD_II\workspace\lpc_chip_175x_6x\Debug\liblpc_chip_175x_6x.a(ring_buffer.o)
 .text.RingBuffer_GetFree
                0x00000ee0       0x20 D:\UTN\Git\TD_II\TD_II\workspace\lpc_chip_175x_6x\Debug\liblpc_chip_175x_6x.a(ring_buffer.o)
 .text.RingBuffer_IsFull
                0x00000f00       0x28 D:\UTN\Git\TD_II\TD_II\workspace\lpc_chip_175x_6x\Debug\liblpc_chip_175x_6x.a(ring_buffer.o)
 .text.RingBuffer_IsEmpty
                0x00000f28       0x28 D:\UTN\Git\TD_II\TD_II\workspace\lpc_chip_175x_6x\Debug\liblpc_chip_175x_6x.a(ring_buffer.o)
 .text.RingBuffer_Init
                0x00000f50       0x3c D:\UTN\Git\TD_II\TD_II\workspace\lpc_chip_175x_6x\Debug\liblpc_chip_175x_6x.a(ring_buffer.o)
                0x00000f50                RingBuffer_Init
 .text.RingBuffer_Insert
                0x00000f8c       0x5c D:\UTN\Git\TD_II\TD_II\workspace\lpc_chip_175x_6x\Debug\liblpc_chip_175x_6x.a(ring_buffer.o)
                0x00000f8c                RingBuffer_Insert
 .text.RingBuffer_InsertMult
                0x00000fe8      0x124 D:\UTN\Git\TD_II\TD_II\workspace\lpc_chip_175x_6x\Debug\liblpc_chip_175x_6x.a(ring_buffer.o)
                0x00000fe8                RingBuffer_InsertMult
 .text.RingBuffer_Pop
                0x0000110c       0x5c D:\UTN\Git\TD_II\TD_II\workspace\lpc_chip_175x_6x\Debug\liblpc_chip_175x_6x.a(ring_buffer.o)
                0x0000110c                RingBuffer_Pop
 .text.RingBuffer_PopMult
                0x00001168      0x124 D:\UTN\Git\TD_II\TD_II\workspace\lpc_chip_175x_6x\Debug\liblpc_chip_175x_6x.a(ring_buffer.o)
                0x00001168                RingBuffer_PopMult
 .text.Chip_Clock_IsMainPLLEnabled
                0x0000128c       0x24 D:\UTN\Git\TD_II\TD_II\workspace\lpc_chip_175x_6x\Debug\liblpc_chip_175x_6x.a(sysinit_17xx_40xx.o)
 .text.Chip_Clock_IsMainPLLLocked
                0x000012b0       0x24 D:\UTN\Git\TD_II\TD_II\workspace\lpc_chip_175x_6x\Debug\liblpc_chip_175x_6x.a(sysinit_17xx_40xx.o)
 .text.Chip_Clock_IsMainPLLConnected
                0x000012d4       0x24 D:\UTN\Git\TD_II\TD_II\workspace\lpc_chip_175x_6x\Debug\liblpc_chip_175x_6x.a(sysinit_17xx_40xx.o)
 .text.Chip_Clock_EnableCrystal
                0x000012f8       0x20 D:\UTN\Git\TD_II\TD_II\workspace\lpc_chip_175x_6x\Debug\liblpc_chip_175x_6x.a(sysinit_17xx_40xx.o)
 .text.Chip_Clock_IsCrystalEnabled
                0x00001318       0x24 D:\UTN\Git\TD_II\TD_II\workspace\lpc_chip_175x_6x\Debug\liblpc_chip_175x_6x.a(sysinit_17xx_40xx.o)
 .text.Chip_Clock_SetMainPLLSource
                0x0000133c       0x20 D:\UTN\Git\TD_II\TD_II\workspace\lpc_chip_175x_6x\Debug\liblpc_chip_175x_6x.a(sysinit_17xx_40xx.o)
 .text.Chip_SetupXtalClocking
                0x0000135c       0x90 D:\UTN\Git\TD_II\TD_II\workspace\lpc_chip_175x_6x\Debug\liblpc_chip_175x_6x.a(sysinit_17xx_40xx.o)
                0x0000135c                Chip_SetupXtalClocking
 .text.RingBuffer_IsEmpty
                0x000013ec       0x28 D:\UTN\Git\TD_II\TD_II\workspace\lpc_chip_175x_6x\Debug\liblpc_chip_175x_6x.a(uart_17xx_40xx.o)
 .text.Chip_UART_SendByte
                0x00001414       0x1c D:\UTN\Git\TD_II\TD_II\workspace\lpc_chip_175x_6x\Debug\liblpc_chip_175x_6x.a(uart_17xx_40xx.o)
 .text.Chip_UART_ReadByte
                0x00001430       0x18 D:\UTN\Git\TD_II\TD_II\workspace\lpc_chip_175x_6x\Debug\liblpc_chip_175x_6x.a(uart_17xx_40xx.o)
 .text.Chip_UART_IntEnable
                0x00001448       0x20 D:\UTN\Git\TD_II\TD_II\workspace\lpc_chip_175x_6x\Debug\liblpc_chip_175x_6x.a(uart_17xx_40xx.o)
 .text.Chip_UART_IntDisable
                0x00001468       0x24 D:\UTN\Git\TD_II\TD_II\workspace\lpc_chip_175x_6x\Debug\liblpc_chip_175x_6x.a(uart_17xx_40xx.o)
 .text.Chip_UART_ReadIntIDReg
                0x0000148c       0x18 D:\UTN\Git\TD_II\TD_II\workspace\lpc_chip_175x_6x\Debug\liblpc_chip_175x_6x.a(uart_17xx_40xx.o)
 .text.Chip_UART_SetupFIFOS
                0x000014a4       0x1c D:\UTN\Git\TD_II\TD_II\workspace\lpc_chip_175x_6x\Debug\liblpc_chip_175x_6x.a(uart_17xx_40xx.o)
 .text.Chip_UART_ConfigData
                0x000014c0       0x1c D:\UTN\Git\TD_II\TD_II\workspace\lpc_chip_175x_6x\Debug\liblpc_chip_175x_6x.a(uart_17xx_40xx.o)
 .text.Chip_UART_EnableDivisorAccess
                0x000014dc       0x20 D:\UTN\Git\TD_II\TD_II\workspace\lpc_chip_175x_6x\Debug\liblpc_chip_175x_6x.a(uart_17xx_40xx.o)
 .text.Chip_UART_DisableDivisorAccess
                0x000014fc       0x20 D:\UTN\Git\TD_II\TD_II\workspace\lpc_chip_175x_6x\Debug\liblpc_chip_175x_6x.a(uart_17xx_40xx.o)
 .text.Chip_UART_SetDivisorLatches
                0x0000151c       0x28 D:\UTN\Git\TD_II\TD_II\workspace\lpc_chip_175x_6x\Debug\liblpc_chip_175x_6x.a(uart_17xx_40xx.o)
 .text.Chip_UART_ReadLineStatus
                0x00001544       0x18 D:\UTN\Git\TD_II\TD_II\workspace\lpc_chip_175x_6x\Debug\liblpc_chip_175x_6x.a(uart_17xx_40xx.o)
 .text.Chip_UART_SetAutoBaudReg
                0x0000155c       0x20 D:\UTN\Git\TD_II\TD_II\workspace\lpc_chip_175x_6x\Debug\liblpc_chip_175x_6x.a(uart_17xx_40xx.o)
 .text.Chip_UART_GetClockIndex
                0x0000157c       0x50 D:\UTN\Git\TD_II\TD_II\workspace\lpc_chip_175x_6x\Debug\liblpc_chip_175x_6x.a(uart_17xx_40xx.o)
 .text.Chip_UART_ABIntHandler
                0x000015cc       0x6c D:\UTN\Git\TD_II\TD_II\workspace\lpc_chip_175x_6x\Debug\liblpc_chip_175x_6x.a(uart_17xx_40xx.o)
 .text.Chip_UART_GetClkIndex
                0x00001638       0x50 D:\UTN\Git\TD_II\TD_II\workspace\lpc_chip_175x_6x\Debug\liblpc_chip_175x_6x.a(uart_17xx_40xx.o)
 .text.Chip_UART_Init
                0x00001688       0x78 D:\UTN\Git\TD_II\TD_II\workspace\lpc_chip_175x_6x\Debug\liblpc_chip_175x_6x.a(uart_17xx_40xx.o)
                0x00001688                Chip_UART_Init
 .text.Chip_UART_TXEnable
                0x00001700       0x18 D:\UTN\Git\TD_II\TD_II\workspace\lpc_chip_175x_6x\Debug\liblpc_chip_175x_6x.a(uart_17xx_40xx.o)
                0x00001700                Chip_UART_TXEnable
 .text.Chip_UART_TXDisable
                0x00001718       0x18 D:\UTN\Git\TD_II\TD_II\workspace\lpc_chip_175x_6x\Debug\liblpc_chip_175x_6x.a(uart_17xx_40xx.o)
                0x00001718                Chip_UART_TXDisable
 .text.Chip_UART_SetBaud
                0x00001730       0x64 D:\UTN\Git\TD_II\TD_II\workspace\lpc_chip_175x_6x\Debug\liblpc_chip_175x_6x.a(uart_17xx_40xx.o)
                0x00001730                Chip_UART_SetBaud
 .text.Chip_UART_RXIntHandlerRB
                0x00001794       0x3c D:\UTN\Git\TD_II\TD_II\workspace\lpc_chip_175x_6x\Debug\liblpc_chip_175x_6x.a(uart_17xx_40xx.o)
                0x00001794                Chip_UART_RXIntHandlerRB
 .text.Chip_UART_TXIntHandlerRB
                0x000017d0       0x40 D:\UTN\Git\TD_II\TD_II\workspace\lpc_chip_175x_6x\Debug\liblpc_chip_175x_6x.a(uart_17xx_40xx.o)
                0x000017d0                Chip_UART_TXIntHandlerRB
 .text.Chip_UART_SendRB
                0x00001810       0x60 D:\UTN\Git\TD_II\TD_II\workspace\lpc_chip_175x_6x\Debug\liblpc_chip_175x_6x.a(uart_17xx_40xx.o)
                0x00001810                Chip_UART_SendRB
 .text.Chip_UART_ReadRB
                0x00001870       0x24 D:\UTN\Git\TD_II\TD_II\workspace\lpc_chip_175x_6x\Debug\liblpc_chip_175x_6x.a(uart_17xx_40xx.o)
                0x00001870                Chip_UART_ReadRB
 .text.Chip_UART_IRQRBHandler
                0x00001894       0x4c D:\UTN\Git\TD_II\TD_II\workspace\lpc_chip_175x_6x\Debug\liblpc_chip_175x_6x.a(uart_17xx_40xx.o)
                0x00001894                Chip_UART_IRQRBHandler
 .text.arm_rfft_init_q31
                0x000018e0       0x8c D:\UTN\Git\TD_II\TD_II\workspace\CMSIS_DSPLIB_CM3\lib\libCMSIS_DSPLIB_CM3.a(arm_rfft_init_q31.o)
                0x000018e0                arm_rfft_init_q31
 .text.arm_split_rfft_q31
                0x0000196c      0x12c D:\UTN\Git\TD_II\TD_II\workspace\CMSIS_DSPLIB_CM3\lib\libCMSIS_DSPLIB_CM3.a(arm_rfft_q31.o)
                0x0000196c                arm_split_rfft_q31
 .text.arm_split_rifft_q31
                0x00001a98       0xdc D:\UTN\Git\TD_II\TD_II\workspace\CMSIS_DSPLIB_CM3\lib\libCMSIS_DSPLIB_CM3.a(arm_rfft_q31.o)
                0x00001a98                arm_split_rifft_q31
 .text.arm_rfft_q31
                0x00001b74       0x80 D:\UTN\Git\TD_II\TD_II\workspace\CMSIS_DSPLIB_CM3\lib\libCMSIS_DSPLIB_CM3.a(arm_rfft_q31.o)
                0x00001b74                arm_rfft_q31
 .text.arm_cmplx_mag_q31
                0x00001bf4       0xf4 D:\UTN\Git\TD_II\TD_II\workspace\CMSIS_DSPLIB_CM3\lib\libCMSIS_DSPLIB_CM3.a(arm_cmplx_mag_q31.o)
                0x00001bf4                arm_cmplx_mag_q31
 .text.arm_bitreversal_q31
                0x00001ce8       0x9c D:\UTN\Git\TD_II\TD_II\workspace\CMSIS_DSPLIB_CM3\lib\libCMSIS_DSPLIB_CM3.a(arm_bitreversal.o)
                0x00001ce8                arm_bitreversal_q31
 .text.arm_cfft_radix4_init_q31
                0x00001d84       0xa4 D:\UTN\Git\TD_II\TD_II\workspace\CMSIS_DSPLIB_CM3\lib\libCMSIS_DSPLIB_CM3.a(arm_cfft_radix4_init_q31.o)
                0x00001d84                arm_cfft_radix4_init_q31
 .text.arm_radix4_butterfly_q31
                0x00001e28      0x458 D:\UTN\Git\TD_II\TD_II\workspace\CMSIS_DSPLIB_CM3\lib\libCMSIS_DSPLIB_CM3.a(arm_cfft_radix4_q31.o)
                0x00001e28                arm_radix4_butterfly_q31
 .text.arm_radix4_butterfly_inverse_q31
                0x00002280      0x44c D:\UTN\Git\TD_II\TD_II\workspace\CMSIS_DSPLIB_CM3\lib\libCMSIS_DSPLIB_CM3.a(arm_cfft_radix4_q31.o)
                0x00002280                arm_radix4_butterfly_inverse_q31
 .text.arm_sqrt_q31
                0x000026cc       0xfc D:\UTN\Git\TD_II\TD_II\workspace\CMSIS_DSPLIB_CM3\lib\libCMSIS_DSPLIB_CM3.a(arm_sqrt_q31.o)
                0x000026cc                arm_sqrt_q31
 .text          0x000027c8      0x21c c:/nxp/lpcxpresso_8.2.2_650/lpcxpresso/tools/bin/../lib/gcc/arm-none-eabi/5.4.1/armv7-m\libgcc.a(_arm_addsubsf3.o)
                0x000027c8                __aeabi_frsub
                0x000027d0                __subsf3
                0x000027d0                __aeabi_fsub
                0x000027d4                __aeabi_fadd
                0x000027d4                __addsf3
                0x00002934                __aeabi_ui2f
                0x00002934                __floatunsisf
                0x0000293c                __aeabi_i2f
                0x0000293c                __floatsisf
                0x00002958                __aeabi_ul2f
                0x00002958                __floatundisf
                0x00002968                __aeabi_l2f
                0x00002968                __floatdisf
 .text          0x000029e4      0x2a0 c:/nxp/lpcxpresso_8.2.2_650/lpcxpresso/tools/bin/../lib/gcc/arm-none-eabi/5.4.1/armv7-m\libgcc.a(_arm_muldivsf3.o)
                0x000029e4                __mulsf3
                0x000029e4                __aeabi_fmul
                0x00002b4c                __aeabi_fdiv
                0x00002b4c                __divsf3
 .text          0x00002c84       0x4c c:/nxp/lpcxpresso_8.2.2_650/lpcxpresso/tools/bin/../lib/gcc/arm-none-eabi/5.4.1/armv7-m\libgcc.a(_arm_fixsfsi.o)
                0x00002c84                __aeabi_f2iz
                0x00002c84                __fixsfsi
 .text          0x00002cd0       0x30 c:/nxp/lpcxpresso_8.2.2_650/lpcxpresso/tools/bin/../lib/gcc/arm-none-eabi/5.4.1/armv7-m\libgcc.a(_aeabi_uldivmod.o)
                0x00002cd0                __aeabi_uldivmod
 .text          0x00002d00      0x2ec c:/nxp/lpcxpresso_8.2.2_650/lpcxpresso/tools/bin/../lib/gcc/arm-none-eabi/5.4.1/armv7-m\libgcc.a(_udivmoddi4.o)
                0x00002d00                __udivmoddi4
 .text          0x00002fec        0x4 c:/nxp/lpcxpresso_8.2.2_650/lpcxpresso/tools/bin/../lib/gcc/arm-none-eabi/5.4.1/armv7-m\libgcc.a(_dvmd_tls.o)
                0x00002fec                __aeabi_idiv0
                0x00002fec                __aeabi_ldiv0
 .text          0x00002ff0       0xec c:/nxp/lpcxpresso_8.2.2_650/lpcxpresso/tools/bin/../lib/gcc/arm-none-eabi/5.4.1/../../../../arm-none-eabi/lib/armv7-m\libc.a(lib_a-memcpy.o)
                0x00002ff0                memcpy
 .text.printf   0x000030dc       0x28 c:/nxp/lpcxpresso_8.2.2_650/lpcxpresso/tools/bin/../lib/gcc/arm-none-eabi/5.4.1/../../../../arm-none-eabi/lib/armv7-m\libc.a(lib_a-printf.o)
                0x000030dc                printf
 .text._vfprintf_r
                0x00003104     0x1788 c:/nxp/lpcxpresso_8.2.2_650/lpcxpresso/tools/bin/../lib/gcc/arm-none-eabi/5.4.1/../../../../arm-none-eabi/lib/armv7-m\libc.a(lib_a-vfprintf.o)
                0x00003104                _vfprintf_r
 .text.__sbprintf
                0x0000488c       0x6c c:/nxp/lpcxpresso_8.2.2_650/lpcxpresso/tools/bin/../lib/gcc/arm-none-eabi/5.4.1/../../../../arm-none-eabi/lib/armv7-m\libc.a(lib_a-vfprintf.o)
 .text.__swsetup_r
                0x000048f8       0xc8 c:/nxp/lpcxpresso_8.2.2_650/lpcxpresso/tools/bin/../lib/gcc/arm-none-eabi/5.4.1/../../../../arm-none-eabi/lib/armv7-m\libc.a(lib_a-wsetup.o)
                0x000048f8                __swsetup_r
 .text.quorem   0x000049c0      0x12c c:/nxp/lpcxpresso_8.2.2_650/lpcxpresso/tools/bin/../lib/gcc/arm-none-eabi/5.4.1/../../../../arm-none-eabi/lib/armv7-m\libc.a(lib_a-dtoa.o)
 *fill*         0x00004aec        0x4 ff
 .text._dtoa_r  0x00004af0      0xe4c c:/nxp/lpcxpresso_8.2.2_650/lpcxpresso/tools/bin/../lib/gcc/arm-none-eabi/5.4.1/../../../../arm-none-eabi/lib/armv7-m\libc.a(lib_a-dtoa.o)
                0x00004af0                _dtoa_r
 .text.__sflush_r
                0x0000593c      0x148 c:/nxp/lpcxpresso_8.2.2_650/lpcxpresso/tools/bin/../lib/gcc/arm-none-eabi/5.4.1/../../../../arm-none-eabi/lib/armv7-m\libc.a(lib_a-fflush.o)
                0x0000593c                __sflush_r
 .text._fflush_r
                0x00005a84       0x2c c:/nxp/lpcxpresso_8.2.2_650/lpcxpresso/tools/bin/../lib/gcc/arm-none-eabi/5.4.1/../../../../arm-none-eabi/lib/armv7-m\libc.a(lib_a-fflush.o)
                0x00005a84                _fflush_r
 .text._cleanup_r
                0x00005ab0        0xc c:/nxp/lpcxpresso_8.2.2_650/lpcxpresso/tools/bin/../lib/gcc/arm-none-eabi/5.4.1/../../../../arm-none-eabi/lib/armv7-m\libc.a(lib_a-findfp.o)
                0x00005ab0                _cleanup_r
 .text.__sinit.part.1
                0x00005abc       0xf0 c:/nxp/lpcxpresso_8.2.2_650/lpcxpresso/tools/bin/../lib/gcc/arm-none-eabi/5.4.1/../../../../arm-none-eabi/lib/armv7-m\libc.a(lib_a-findfp.o)
 .text.__sinit  0x00005bac        0xc c:/nxp/lpcxpresso_8.2.2_650/lpcxpresso/tools/bin/../lib/gcc/arm-none-eabi/5.4.1/../../../../arm-none-eabi/lib/armv7-m\libc.a(lib_a-findfp.o)
                0x00005bac                __sinit
 .text.__sfp_lock_acquire
                0x00005bb8        0x4 c:/nxp/lpcxpresso_8.2.2_650/lpcxpresso/tools/bin/../lib/gcc/arm-none-eabi/5.4.1/../../../../arm-none-eabi/lib/armv7-m\libc.a(lib_a-findfp.o)
                0x00005bb8                __sfp_lock_acquire
 .text.__sfp_lock_release
                0x00005bbc        0x4 c:/nxp/lpcxpresso_8.2.2_650/lpcxpresso/tools/bin/../lib/gcc/arm-none-eabi/5.4.1/../../../../arm-none-eabi/lib/armv7-m\libc.a(lib_a-findfp.o)
                0x00005bbc                __sfp_lock_release
 .text._malloc_trim_r
                0x00005bc0       0x9c c:/nxp/lpcxpresso_8.2.2_650/lpcxpresso/tools/bin/../lib/gcc/arm-none-eabi/5.4.1/../../../../arm-none-eabi/lib/armv7-m\libc.a(lib_a-freer.o)
                0x00005bc0                _malloc_trim_r
 .text._free_r  0x00005c5c      0x1d0 c:/nxp/lpcxpresso_8.2.2_650/lpcxpresso/tools/bin/../lib/gcc/arm-none-eabi/5.4.1/../../../../arm-none-eabi/lib/armv7-m\libc.a(lib_a-freer.o)
                0x00005c5c                _free_r
 .text._fwalk_reent
                0x00005e2c       0x50 c:/nxp/lpcxpresso_8.2.2_650/lpcxpresso/tools/bin/../lib/gcc/arm-none-eabi/5.4.1/../../../../arm-none-eabi/lib/armv7-m\libc.a(lib_a-fwalk.o)
                0x00005e2c                _fwalk_reent
 .text.__locale_charset
                0x00005e7c        0x8 c:/nxp/lpcxpresso_8.2.2_650/lpcxpresso/tools/bin/../lib/gcc/arm-none-eabi/5.4.1/../../../../arm-none-eabi/lib/armv7-m\libc.a(lib_a-locale.o)
                0x00005e7c                __locale_charset
 .text.__locale_mb_cur_max
                0x00005e84        0xc c:/nxp/lpcxpresso_8.2.2_650/lpcxpresso/tools/bin/../lib/gcc/arm-none-eabi/5.4.1/../../../../arm-none-eabi/lib/armv7-m\libc.a(lib_a-locale.o)
                0x00005e84                __locale_mb_cur_max
 .text._localeconv_r
                0x00005e90        0x8 c:/nxp/lpcxpresso_8.2.2_650/lpcxpresso/tools/bin/../lib/gcc/arm-none-eabi/5.4.1/../../../../arm-none-eabi/lib/armv7-m\libc.a(lib_a-locale.o)
                0x00005e90                _localeconv_r
 .text.__swhatbuf_r
                0x00005e98       0x60 c:/nxp/lpcxpresso_8.2.2_650/lpcxpresso/tools/bin/../lib/gcc/arm-none-eabi/5.4.1/../../../../arm-none-eabi/lib/armv7-m\libc.a(lib_a-makebuf.o)
                0x00005e98                __swhatbuf_r
 .text.__smakebuf_r
                0x00005ef8       0x88 c:/nxp/lpcxpresso_8.2.2_650/lpcxpresso/tools/bin/../lib/gcc/arm-none-eabi/5.4.1/../../../../arm-none-eabi/lib/armv7-m\libc.a(lib_a-makebuf.o)
                0x00005ef8                __smakebuf_r
 .text._malloc_r
                0x00005f80      0x558 c:/nxp/lpcxpresso_8.2.2_650/lpcxpresso/tools/bin/../lib/gcc/arm-none-eabi/5.4.1/../../../../arm-none-eabi/lib/armv7-m\libc.a(lib_a-mallocr.o)
                0x00005f80                _malloc_r
 .text.memchr   0x000064d8       0x8c c:/nxp/lpcxpresso_8.2.2_650/lpcxpresso/tools/bin/../lib/gcc/arm-none-eabi/5.4.1/../../../../arm-none-eabi/lib/armv7-m\libc.a(lib_a-memchr-stub.o)
                0x000064d8                memchr
 .text.memset   0x00006564       0x9c c:/nxp/lpcxpresso_8.2.2_650/lpcxpresso/tools/bin/../lib/gcc/arm-none-eabi/5.4.1/../../../../arm-none-eabi/lib/armv7-m\libc.a(lib_a-memset.o)
                0x00006564                memset
 .text.__malloc_lock
                0x00006600        0x4 c:/nxp/lpcxpresso_8.2.2_650/lpcxpresso/tools/bin/../lib/gcc/arm-none-eabi/5.4.1/../../../../arm-none-eabi/lib/armv7-m\libc.a(lib_a-mlock.o)
                0x00006600                __malloc_lock
 .text.__malloc_unlock
                0x00006604        0x4 c:/nxp/lpcxpresso_8.2.2_650/lpcxpresso/tools/bin/../lib/gcc/arm-none-eabi/5.4.1/../../../../arm-none-eabi/lib/armv7-m\libc.a(lib_a-mlock.o)
                0x00006604                __malloc_unlock
 .text._Balloc  0x00006608       0x50 c:/nxp/lpcxpresso_8.2.2_650/lpcxpresso/tools/bin/../lib/gcc/arm-none-eabi/5.4.1/../../../../arm-none-eabi/lib/armv7-m\libc.a(lib_a-mprec.o)
                0x00006608                _Balloc
 .text._Bfree   0x00006658       0x14 c:/nxp/lpcxpresso_8.2.2_650/lpcxpresso/tools/bin/../lib/gcc/arm-none-eabi/5.4.1/../../../../arm-none-eabi/lib/armv7-m\libc.a(lib_a-mprec.o)
                0x00006658                _Bfree
 .text.__multadd
                0x0000666c       0x80 c:/nxp/lpcxpresso_8.2.2_650/lpcxpresso/tools/bin/../lib/gcc/arm-none-eabi/5.4.1/../../../../arm-none-eabi/lib/armv7-m\libc.a(lib_a-mprec.o)
                0x0000666c                __multadd
 .text.__hi0bits
                0x000066ec       0x40 c:/nxp/lpcxpresso_8.2.2_650/lpcxpresso/tools/bin/../lib/gcc/arm-none-eabi/5.4.1/../../../../arm-none-eabi/lib/armv7-m\libc.a(lib_a-mprec.o)
                0x000066ec                __hi0bits
 .text.__lo0bits
                0x0000672c       0x5c c:/nxp/lpcxpresso_8.2.2_650/lpcxpresso/tools/bin/../lib/gcc/arm-none-eabi/5.4.1/../../../../arm-none-eabi/lib/armv7-m\libc.a(lib_a-mprec.o)
                0x0000672c                __lo0bits
 .text.__i2b    0x00006788       0x14 c:/nxp/lpcxpresso_8.2.2_650/lpcxpresso/tools/bin/../lib/gcc/arm-none-eabi/5.4.1/../../../../arm-none-eabi/lib/armv7-m\libc.a(lib_a-mprec.o)
                0x00006788                __i2b
 .text.__multiply
                0x0000679c      0x13c c:/nxp/lpcxpresso_8.2.2_650/lpcxpresso/tools/bin/../lib/gcc/arm-none-eabi/5.4.1/../../../../arm-none-eabi/lib/armv7-m\libc.a(lib_a-mprec.o)
                0x0000679c                __multiply
 .text.__pow5mult
                0x000068d8       0xa0 c:/nxp/lpcxpresso_8.2.2_650/lpcxpresso/tools/bin/../lib/gcc/arm-none-eabi/5.4.1/../../../../arm-none-eabi/lib/armv7-m\libc.a(lib_a-mprec.o)
                0x000068d8                __pow5mult
 .text.__lshift
                0x00006978       0xac c:/nxp/lpcxpresso_8.2.2_650/lpcxpresso/tools/bin/../lib/gcc/arm-none-eabi/5.4.1/../../../../arm-none-eabi/lib/armv7-m\libc.a(lib_a-mprec.o)
                0x00006978                __lshift
 .text.__mcmp   0x00006a24       0x40 c:/nxp/lpcxpresso_8.2.2_650/lpcxpresso/tools/bin/../lib/gcc/arm-none-eabi/5.4.1/../../../../arm-none-eabi/lib/armv7-m\libc.a(lib_a-mprec.o)
                0x00006a24                __mcmp
 .text.__mdiff  0x00006a64      0x128 c:/nxp/lpcxpresso_8.2.2_650/lpcxpresso/tools/bin/../lib/gcc/arm-none-eabi/5.4.1/../../../../arm-none-eabi/lib/armv7-m\libc.a(lib_a-mprec.o)
                0x00006a64                __mdiff
 .text.__d2b    0x00006b8c       0xa8 c:/nxp/lpcxpresso_8.2.2_650/lpcxpresso/tools/bin/../lib/gcc/arm-none-eabi/5.4.1/../../../../arm-none-eabi/lib/armv7-m\libc.a(lib_a-mprec.o)
                0x00006b8c                __d2b
 .text._sbrk_r  0x00006c34       0x24 c:/nxp/lpcxpresso_8.2.2_650/lpcxpresso/tools/bin/../lib/gcc/arm-none-eabi/5.4.1/../../../../arm-none-eabi/lib/armv7-m\libc.a(lib_a-sbrkr.o)
                0x00006c34                _sbrk_r
 .text.__sread  0x00006c58       0x24 c:/nxp/lpcxpresso_8.2.2_650/lpcxpresso/tools/bin/../lib/gcc/arm-none-eabi/5.4.1/../../../../arm-none-eabi/lib/armv7-m\libc.a(lib_a-stdio.o)
                0x00006c58                __sread
 .text.__swrite
                0x00006c7c       0x3c c:/nxp/lpcxpresso_8.2.2_650/lpcxpresso/tools/bin/../lib/gcc/arm-none-eabi/5.4.1/../../../../arm-none-eabi/lib/armv7-m\libc.a(lib_a-stdio.o)
                0x00006c7c                __swrite
 .text.__sseek  0x00006cb8       0x20 c:/nxp/lpcxpresso_8.2.2_650/lpcxpresso/tools/bin/../lib/gcc/arm-none-eabi/5.4.1/../../../../arm-none-eabi/lib/armv7-m\libc.a(lib_a-stdio.o)
                0x00006cb8                __sseek
 .text.__sclose
                0x00006cd8        0x8 c:/nxp/lpcxpresso_8.2.2_650/lpcxpresso/tools/bin/../lib/gcc/arm-none-eabi/5.4.1/../../../../arm-none-eabi/lib/armv7-m\libc.a(lib_a-stdio.o)
                0x00006cd8                __sclose
 .text.strlen   0x00006ce0       0x5c c:/nxp/lpcxpresso_8.2.2_650/lpcxpresso/tools/bin/../lib/gcc/arm-none-eabi/5.4.1/../../../../arm-none-eabi/lib/armv7-m\libc.a(lib_a-strlen-stub.o)
                0x00006ce0                strlen
 .text.__sprint_r.part.0
                0x00006d3c       0x78 c:/nxp/lpcxpresso_8.2.2_650/lpcxpresso/tools/bin/../lib/gcc/arm-none-eabi/5.4.1/../../../../arm-none-eabi/lib/armv7-m\libc.a(lib_a-vfiprintf.o)
 .text.__sprint_r
                0x00006db4       0x14 c:/nxp/lpcxpresso_8.2.2_650/lpcxpresso/tools/bin/../lib/gcc/arm-none-eabi/5.4.1/../../../../arm-none-eabi/lib/armv7-m\libc.a(lib_a-vfiprintf.o)
                0x00006db4                __sprint_r
 .text._write_r
                0x00006dc8       0x2c c:/nxp/lpcxpresso_8.2.2_650/lpcxpresso/tools/bin/../lib/gcc/arm-none-eabi/5.4.1/../../../../arm-none-eabi/lib/armv7-m\libc.a(lib_a-writer.o)
                0x00006dc8                _write_r
 .text._calloc_r
                0x00006df4       0x60 c:/nxp/lpcxpresso_8.2.2_650/lpcxpresso/tools/bin/../lib/gcc/arm-none-eabi/5.4.1/../../../../arm-none-eabi/lib/armv7-m\libc.a(lib_a-callocr.o)
                0x00006df4                _calloc_r
 .text._close_r
                0x00006e54       0x24 c:/nxp/lpcxpresso_8.2.2_650/lpcxpresso/tools/bin/../lib/gcc/arm-none-eabi/5.4.1/../../../../arm-none-eabi/lib/armv7-m\libc.a(lib_a-closer.o)
                0x00006e54                _close_r
 .text._fclose_r
                0x00006e78       0x84 c:/nxp/lpcxpresso_8.2.2_650/lpcxpresso/tools/bin/../lib/gcc/arm-none-eabi/5.4.1/../../../../arm-none-eabi/lib/armv7-m\libc.a(lib_a-fclose.o)
                0x00006e78                _fclose_r
 .text.__fputwc
                0x00006efc       0x94 c:/nxp/lpcxpresso_8.2.2_650/lpcxpresso/tools/bin/../lib/gcc/arm-none-eabi/5.4.1/../../../../arm-none-eabi/lib/armv7-m\libc.a(lib_a-fputwc.o)
                0x00006efc                __fputwc
 .text._fputwc_r
                0x00006f90       0x24 c:/nxp/lpcxpresso_8.2.2_650/lpcxpresso/tools/bin/../lib/gcc/arm-none-eabi/5.4.1/../../../../arm-none-eabi/lib/armv7-m\libc.a(lib_a-fputwc.o)
                0x00006f90                _fputwc_r
 .text._fstat_r
                0x00006fb4       0x28 c:/nxp/lpcxpresso_8.2.2_650/lpcxpresso/tools/bin/../lib/gcc/arm-none-eabi/5.4.1/../../../../arm-none-eabi/lib/armv7-m\libc.a(lib_a-fstatr.o)
                0x00006fb4                _fstat_r
 .text.__sfvwrite_r
                0x00006fdc      0x308 c:/nxp/lpcxpresso_8.2.2_650/lpcxpresso/tools/bin/../lib/gcc/arm-none-eabi/5.4.1/../../../../arm-none-eabi/lib/armv7-m\libc.a(lib_a-fvwrite.o)
                0x00006fdc                __sfvwrite_r
 .text._isatty_r
                0x000072e4       0x24 c:/nxp/lpcxpresso_8.2.2_650/lpcxpresso/tools/bin/../lib/gcc/arm-none-eabi/5.4.1/../../../../arm-none-eabi/lib/armv7-m\libc.a(lib_a-isattyr.o)
                0x000072e4                _isatty_r
 .text._lseek_r
                0x00007308       0x2c c:/nxp/lpcxpresso_8.2.2_650/lpcxpresso/tools/bin/../lib/gcc/arm-none-eabi/5.4.1/../../../../arm-none-eabi/lib/armv7-m\libc.a(lib_a-lseekr.o)
                0x00007308                _lseek_r
 .text.memmove  0x00007334       0xc8 c:/nxp/lpcxpresso_8.2.2_650/lpcxpresso/tools/bin/../lib/gcc/arm-none-eabi/5.4.1/../../../../arm-none-eabi/lib/armv7-m\libc.a(lib_a-memmove.o)
                0x00007334                memmove
 .text._read_r  0x000073fc       0x2c c:/nxp/lpcxpresso_8.2.2_650/lpcxpresso/tools/bin/../lib/gcc/arm-none-eabi/5.4.1/../../../../arm-none-eabi/lib/armv7-m\libc.a(lib_a-readr.o)
                0x000073fc                _read_r
 .text._realloc_r
                0x00007428      0x3d4 c:/nxp/lpcxpresso_8.2.2_650/lpcxpresso/tools/bin/../lib/gcc/arm-none-eabi/5.4.1/../../../../arm-none-eabi/lib/armv7-m\libc.a(lib_a-reallocr.o)
                0x00007428                _realloc_r
 .text.__swbuf_r
                0x000077fc       0xac c:/nxp/lpcxpresso_8.2.2_650/lpcxpresso/tools/bin/../lib/gcc/arm-none-eabi/5.4.1/../../../../arm-none-eabi/lib/armv7-m\libc.a(lib_a-wbuf.o)
                0x000077fc                __swbuf_r
 .text._wcrtomb_r
                0x000078a8       0x54 c:/nxp/lpcxpresso_8.2.2_650/lpcxpresso/tools/bin/../lib/gcc/arm-none-eabi/5.4.1/../../../../arm-none-eabi/lib/armv7-m\libc.a(lib_a-wcrtomb.o)
                0x000078a8                _wcrtomb_r
 .text.__ascii_wctomb
                0x000078fc       0x1c c:/nxp/lpcxpresso_8.2.2_650/lpcxpresso/tools/bin/../lib/gcc/arm-none-eabi/5.4.1/../../../../arm-none-eabi/lib/armv7-m\libc.a(lib_a-wctomb_r.o)
                0x000078fc                __ascii_wctomb
 .text._sbrk    0x00007918       0x3c c:/nxp/lpcxpresso_8.2.2_650/lpcxpresso/tools/bin/../lib/gcc/arm-none-eabi/5.4.1/../../../../arm-none-eabi/lib/armv7-m\libcr_newlib_semihost.a(_cr_sbrk.o)
                0x00007918                _sbrk
 .text.error    0x00007954       0x1c c:/nxp/lpcxpresso_8.2.2_650/lpcxpresso/tools/bin/../lib/gcc/arm-none-eabi/5.4.1/../../../../arm-none-eabi/lib/armv7-m\libcr_newlib_semihost.a(syscalls.o)
 .text.initialise_monitor_handles.part.0
                0x00007970       0xa8 c:/nxp/lpcxpresso_8.2.2_650/lpcxpresso/tools/bin/../lib/gcc/arm-none-eabi/5.4.1/../../../../arm-none-eabi/lib/armv7-m\libcr_newlib_semihost.a(syscalls.o)
 .text.findslot
                0x00007a18       0x30 c:/nxp/lpcxpresso_8.2.2_650/lpcxpresso/tools/bin/../lib/gcc/arm-none-eabi/5.4.1/../../../../arm-none-eabi/lib/armv7-m\libcr_newlib_semihost.a(syscalls.o)
 .text.checkerror
                0x00007a48       0x20 c:/nxp/lpcxpresso_8.2.2_650/lpcxpresso/tools/bin/../lib/gcc/arm-none-eabi/5.4.1/../../../../arm-none-eabi/lib/armv7-m\libcr_newlib_semihost.a(syscalls.o)
 .text._swiread
                0x00007a68       0x20 c:/nxp/lpcxpresso_8.2.2_650/lpcxpresso/tools/bin/../lib/gcc/arm-none-eabi/5.4.1/../../../../arm-none-eabi/lib/armv7-m\libcr_newlib_semihost.a(syscalls.o)
                0x00007a68                _swiread
 .text._read    0x00007a88       0x34 c:/nxp/lpcxpresso_8.2.2_650/lpcxpresso/tools/bin/../lib/gcc/arm-none-eabi/5.4.1/../../../../arm-none-eabi/lib/armv7-m\libcr_newlib_semihost.a(syscalls.o)
                0x00007a88                _read
 .text._swilseek
                0x00007abc       0x7a c:/nxp/lpcxpresso_8.2.2_650/lpcxpresso/tools/bin/../lib/gcc/arm-none-eabi/5.4.1/../../../../arm-none-eabi/lib/armv7-m\libcr_newlib_semihost.a(syscalls.o)
                0x00007abc                _swilseek
 .text._lseek   0x00007b36        0x4 c:/nxp/lpcxpresso_8.2.2_650/lpcxpresso/tools/bin/../lib/gcc/arm-none-eabi/5.4.1/../../../../arm-none-eabi/lib/armv7-m\libcr_newlib_semihost.a(syscalls.o)
                0x00007b36                _lseek
 .text._swiwrite
                0x00007b3a       0x20 c:/nxp/lpcxpresso_8.2.2_650/lpcxpresso/tools/bin/../lib/gcc/arm-none-eabi/5.4.1/../../../../arm-none-eabi/lib/armv7-m\libcr_newlib_semihost.a(syscalls.o)
                0x00007b3a                _swiwrite
 .text._write   0x00007b5a       0x42 c:/nxp/lpcxpresso_8.2.2_650/lpcxpresso/tools/bin/../lib/gcc/arm-none-eabi/5.4.1/../../../../arm-none-eabi/lib/armv7-m\libcr_newlib_semihost.a(syscalls.o)
                0x00007b5a                _write
 .text._swiclose
                0x00007b9c       0x1c c:/nxp/lpcxpresso_8.2.2_650/lpcxpresso/tools/bin/../lib/gcc/arm-none-eabi/5.4.1/../../../../arm-none-eabi/lib/armv7-m\libcr_newlib_semihost.a(syscalls.o)
                0x00007b9c                _swiclose
 .text._close   0x00007bb8       0x48 c:/nxp/lpcxpresso_8.2.2_650/lpcxpresso/tools/bin/../lib/gcc/arm-none-eabi/5.4.1/../../../../arm-none-eabi/lib/armv7-m\libcr_newlib_semihost.a(syscalls.o)
                0x00007bb8                _close
 .text._swistat
                0x00007c00       0x42 c:/nxp/lpcxpresso_8.2.2_650/lpcxpresso/tools/bin/../lib/gcc/arm-none-eabi/5.4.1/../../../../arm-none-eabi/lib/armv7-m\libcr_newlib_semihost.a(syscalls.o)
                0x00007c00                _swistat
 .text._fstat   0x00007c42       0x1c c:/nxp/lpcxpresso_8.2.2_650/lpcxpresso/tools/bin/../lib/gcc/arm-none-eabi/5.4.1/../../../../arm-none-eabi/lib/armv7-m\libcr_newlib_semihost.a(syscalls.o)
                0x00007c42                _fstat
 .text._isatty  0x00007c5e       0x2a c:/nxp/lpcxpresso_8.2.2_650/lpcxpresso/tools/bin/../lib/gcc/arm-none-eabi/5.4.1/../../../../arm-none-eabi/lib/armv7-m\libcr_newlib_semihost.a(syscalls.o)
                0x00007c5e                _isatty
 .text.__check_heap_overflow
                0x00007c88       0x18 c:/nxp/lpcxpresso_8.2.2_650/lpcxpresso/tools/bin/../lib/gcc/arm-none-eabi/5.4.1/../../../../arm-none-eabi/lib/armv7-m\libcr_newlib_semihost.a(_cr_check_heap.o)
                0x00007c88                __check_heap_overflow
 .text          0x00007ca0      0x370 c:/nxp/lpcxpresso_8.2.2_650/lpcxpresso/tools/bin/../lib/gcc/arm-none-eabi/5.4.1/armv7-m\libgcc.a(_arm_addsubdf3.o)
                0x00007ca0                __aeabi_drsub
                0x00007ca8                __aeabi_dsub
                0x00007ca8                __subdf3
                0x00007cac                __aeabi_dadd
                0x00007cac                __adddf3
                0x00007f24                __floatunsidf
                0x00007f24                __aeabi_ui2d
                0x00007f44                __floatsidf
                0x00007f44                __aeabi_i2d
                0x00007f68                __aeabi_f2d
                0x00007f68                __extendsfdf2
                0x00007fa4                __floatundidf
                0x00007fa4                __aeabi_ul2d
                0x00007fb4                __floatdidf
                0x00007fb4                __aeabi_l2d
 .text          0x00008010      0x424 c:/nxp/lpcxpresso_8.2.2_650/lpcxpresso/tools/bin/../lib/gcc/arm-none-eabi/5.4.1/armv7-m\libgcc.a(_arm_muldivdf3.o)
                0x00008010                __aeabi_dmul
                0x00008010                __muldf3
                0x00008264                __divdf3
                0x00008264                __aeabi_ddiv
 .text          0x00008434      0x110 c:/nxp/lpcxpresso_8.2.2_650/lpcxpresso/tools/bin/../lib/gcc/arm-none-eabi/5.4.1/armv7-m\libgcc.a(_arm_cmpdf2.o)
                0x00008434                __gtdf2
                0x00008434                __gedf2
                0x0000843c                __ltdf2
                0x0000843c                __ledf2
                0x00008444                __nedf2
                0x00008444                __eqdf2
                0x00008444                __cmpdf2
                0x000084c0                __aeabi_cdrcmple
                0x000084d0                __aeabi_cdcmpeq
                0x000084d0                __aeabi_cdcmple
                0x000084e0                __aeabi_dcmpeq
                0x000084f4                __aeabi_dcmplt
                0x00008508                __aeabi_dcmple
                0x0000851c                __aeabi_dcmpge
                0x00008530                __aeabi_dcmpgt
 .text          0x00008544       0x2c c:/nxp/lpcxpresso_8.2.2_650/lpcxpresso/tools/bin/../lib/gcc/arm-none-eabi/5.4.1/armv7-m\libgcc.a(_arm_unorddf2.o)
                0x00008544                __unorddf2
                0x00008544                __aeabi_dcmpun
 .text          0x00008570       0x50 c:/nxp/lpcxpresso_8.2.2_650/lpcxpresso/tools/bin/../lib/gcc/arm-none-eabi/5.4.1/armv7-m\libgcc.a(_arm_fixdfsi.o)
                0x00008570                __aeabi_d2iz
                0x00008570                __fixdfsi
 .text.__errno  0x000085c0        0xc c:/nxp/lpcxpresso_8.2.2_650/lpcxpresso/tools/bin/../lib/gcc/arm-none-eabi/5.4.1/../../../../arm-none-eabi/lib/armv7-m\libc.a(lib_a-errno.o)
                0x000085c0                __errno
 *(.rodata .rodata.* .constdata .constdata.*)
 .rodata        0x000085cc       0xfd ./src/Inicializaciones.o
 *fill*         0x000086c9        0x3 ff
 .rodata        0x000086cc       0x6e ./src/Interrupciones.o
 *fill*         0x0000873a        0x2 ff
 .rodata.OscRateIn
                0x0000873c        0x4 D:\UTN\Git\TD_II\TD_II\workspace\lpc_myboard_1769\Debug\liblpc_myboard_1769.a(board.o)
                0x0000873c                OscRateIn
 .rodata.RTCOscRateIn
                0x00008740        0x4 D:\UTN\Git\TD_II\TD_II\workspace\lpc_myboard_1769\Debug\liblpc_myboard_1769.a(board.o)
                0x00008740                RTCOscRateIn
 .rodata.pinmuxing
                0x00008744       0x5c D:\UTN\Git\TD_II\TD_II\workspace\lpc_myboard_1769\Debug\liblpc_myboard_1769.a(board_sysinit.o)
 .rodata.realCoefAQ31
                0x000087a0     0x8000 D:\UTN\Git\TD_II\TD_II\workspace\CMSIS_DSPLIB_CM3\lib\libCMSIS_DSPLIB_CM3.a(arm_rfft_init_q31.o)
 .rodata.realCoefBQ31
                0x000107a0     0x8000 D:\UTN\Git\TD_II\TD_II\workspace\CMSIS_DSPLIB_CM3\lib\libCMSIS_DSPLIB_CM3.a(arm_rfft_init_q31.o)
 .rodata.twiddleCoefQ31
                0x000187a0     0x6000 D:\UTN\Git\TD_II\TD_II\workspace\CMSIS_DSPLIB_CM3\lib\libCMSIS_DSPLIB_CM3.a(arm_common_tables.o)
                0x000187a0                twiddleCoefQ31
 .rodata.armBitRevTable
                0x0001e7a0      0x800 D:\UTN\Git\TD_II\TD_II\workspace\CMSIS_DSPLIB_CM3\lib\libCMSIS_DSPLIB_CM3.a(arm_common_tables.o)
                0x0001e7a0                armBitRevTable
 .rodata.blanks.7070
                0x0001efa0       0x10 c:/nxp/lpcxpresso_8.2.2_650/lpcxpresso/tools/bin/../lib/gcc/arm-none-eabi/5.4.1/../../../../arm-none-eabi/lib/armv7-m\libc.a(lib_a-vfprintf.o)
 .rodata.str1.4
                0x0001efb0       0x42 c:/nxp/lpcxpresso_8.2.2_650/lpcxpresso/tools/bin/../lib/gcc/arm-none-eabi/5.4.1/../../../../arm-none-eabi/lib/armv7-m\libc.a(lib_a-vfprintf.o)
 *fill*         0x0001eff2        0x2 ff
 .rodata.zeroes.7071
                0x0001eff4       0x10 c:/nxp/lpcxpresso_8.2.2_650/lpcxpresso/tools/bin/../lib/gcc/arm-none-eabi/5.4.1/../../../../arm-none-eabi/lib/armv7-m\libc.a(lib_a-vfprintf.o)
 .rodata.str1.4
                0x0001f004       0x10 c:/nxp/lpcxpresso_8.2.2_650/lpcxpresso/tools/bin/../lib/gcc/arm-none-eabi/5.4.1/../../../../arm-none-eabi/lib/armv7-m\libc.a(lib_a-dtoa.o)
                                 0x12 (size before relaxing)
 .rodata.str1.4
                0x0001f014        0x2 c:/nxp/lpcxpresso_8.2.2_650/lpcxpresso/tools/bin/../lib/gcc/arm-none-eabi/5.4.1/../../../../arm-none-eabi/lib/armv7-m\libc.a(lib_a-impure.o)
 *fill*         0x0001f016        0x2 ff
 .rodata.str1.4
                0x0001f018        0xc c:/nxp/lpcxpresso_8.2.2_650/lpcxpresso/tools/bin/../lib/gcc/arm-none-eabi/5.4.1/../../../../arm-none-eabi/lib/armv7-m\libc.a(lib_a-locale.o)
                                 0x12 (size before relaxing)
 *fill*         0x0001f024        0x4 ff
 .rodata.__mprec_tens
                0x0001f028       0xc8 c:/nxp/lpcxpresso_8.2.2_650/lpcxpresso/tools/bin/../lib/gcc/arm-none-eabi/5.4.1/../../../../arm-none-eabi/lib/armv7-m\libc.a(lib_a-mprec.o)
                0x0001f028                __mprec_tens
 .rodata.__mprec_bigtens
                0x0001f0f0       0x28 c:/nxp/lpcxpresso_8.2.2_650/lpcxpresso/tools/bin/../lib/gcc/arm-none-eabi/5.4.1/../../../../arm-none-eabi/lib/armv7-m\libc.a(lib_a-mprec.o)
                0x0001f0f0                __mprec_bigtens
 .rodata.p05.5396
                0x0001f118        0xc c:/nxp/lpcxpresso_8.2.2_650/lpcxpresso/tools/bin/../lib/gcc/arm-none-eabi/5.4.1/../../../../arm-none-eabi/lib/armv7-m\libc.a(lib_a-mprec.o)
 .rodata.str1.1
                0x0001f124        0x4 c:/nxp/lpcxpresso_8.2.2_650/lpcxpresso/tools/bin/../lib/gcc/arm-none-eabi/5.4.1/../../../../arm-none-eabi/lib/armv7-m\libcr_newlib_semihost.a(syscalls.o)
                0x0001f128                . = ALIGN (0x4)

.glue_7         0x0001f128        0x0
 .glue_7        0x0001f128        0x0 linker stubs

.glue_7t        0x0001f128        0x0
 .glue_7t       0x0001f128        0x0 linker stubs

.vfp11_veneer   0x0001f128        0x0
 .vfp11_veneer  0x0001f128        0x0 linker stubs

.v4_bx          0x0001f128        0x0
 .v4_bx         0x0001f128        0x0 linker stubs

.iplt           0x0001f128        0x0
 .iplt          0x0001f128        0x0 ./src/Inicializaciones.o

.ARM.extab
 *(.ARM.extab* .gnu.linkonce.armextab.*)
                0x0001f128                __exidx_start = .

.ARM.exidx      0x0001f128        0x8
 *(.ARM.exidx* .gnu.linkonce.armexidx.*)
 .ARM.exidx     0x0001f128        0x8 c:/nxp/lpcxpresso_8.2.2_650/lpcxpresso/tools/bin/../lib/gcc/arm-none-eabi/5.4.1/armv7-m\libgcc.a(_udivmoddi4.o)
                0x0001f130                __exidx_end = .
                0x0001f130                _etext = .

.rel.dyn        0x0001f130        0x0
 .rel.iplt      0x0001f130        0x0 ./src/Inicializaciones.o

.data_RAM2      0x2007c000        0x0 load address 0x0001f130
 FILL mask 0xff
                [!provide]                PROVIDE (__start_data_RAM2, .)
 *(.ramfunc.$RAM2)
 *(.ramfunc.$RamAHB32)
 *(.data.$RAM2*)
 *(.data.$RamAHB32*)
                0x2007c000                . = ALIGN (0x4)
                [!provide]                PROVIDE (__end_data_RAM2, .)

.uninit_RESERVED
                0x10000000        0x0
 *(.bss.$RESERVED*)
                0x10000000                . = ALIGN (0x4)
                0x10000000                _end_uninit_RESERVED = .

.data           0x10000000      0x89c load address 0x0001f130
 FILL mask 0xff
                0x10000000                _data = .
 *(vtable)
 *(.ramfunc*)
 *(.data*)
 .data.impure_data
                0x10000000      0x428 c:/nxp/lpcxpresso_8.2.2_650/lpcxpresso/tools/bin/../lib/gcc/arm-none-eabi/5.4.1/../../../../arm-none-eabi/lib/armv7-m\libc.a(lib_a-impure.o)
 .data._impure_ptr
                0x10000428        0x4 c:/nxp/lpcxpresso_8.2.2_650/lpcxpresso/tools/bin/../lib/gcc/arm-none-eabi/5.4.1/../../../../arm-none-eabi/lib/armv7-m\libc.a(lib_a-impure.o)
                0x10000428                _impure_ptr
 .data.lconv    0x1000042c       0x38 c:/nxp/lpcxpresso_8.2.2_650/lpcxpresso/tools/bin/../lib/gcc/arm-none-eabi/5.4.1/../../../../arm-none-eabi/lib/armv7-m\libc.a(lib_a-locale.o)
 .data.lc_ctype_charset
                0x10000464       0x20 c:/nxp/lpcxpresso_8.2.2_650/lpcxpresso/tools/bin/../lib/gcc/arm-none-eabi/5.4.1/../../../../arm-none-eabi/lib/armv7-m\libc.a(lib_a-locale.o)
 .data.__mb_cur_max
                0x10000484        0x4 c:/nxp/lpcxpresso_8.2.2_650/lpcxpresso/tools/bin/../lib/gcc/arm-none-eabi/5.4.1/../../../../arm-none-eabi/lib/armv7-m\libc.a(lib_a-locale.o)
                0x10000484                __mb_cur_max
 .data.__malloc_av_
                0x10000488      0x408 c:/nxp/lpcxpresso_8.2.2_650/lpcxpresso/tools/bin/../lib/gcc/arm-none-eabi/5.4.1/../../../../arm-none-eabi/lib/armv7-m\libc.a(lib_a-mallocr.o)
                0x10000488                __malloc_av_
 .data.__malloc_trim_threshold
                0x10000890        0x4 c:/nxp/lpcxpresso_8.2.2_650/lpcxpresso/tools/bin/../lib/gcc/arm-none-eabi/5.4.1/../../../../arm-none-eabi/lib/armv7-m\libc.a(lib_a-mallocr.o)
                0x10000890                __malloc_trim_threshold
 .data.__malloc_sbrk_base
                0x10000894        0x4 c:/nxp/lpcxpresso_8.2.2_650/lpcxpresso/tools/bin/../lib/gcc/arm-none-eabi/5.4.1/../../../../arm-none-eabi/lib/armv7-m\libc.a(lib_a-mallocr.o)
                0x10000894                __malloc_sbrk_base
 .data.__wctomb
                0x10000898        0x4 c:/nxp/lpcxpresso_8.2.2_650/lpcxpresso/tools/bin/../lib/gcc/arm-none-eabi/5.4.1/../../../../arm-none-eabi/lib/armv7-m\libc.a(lib_a-wctomb_r.o)
                0x10000898                __wctomb
                0x1000089c                . = ALIGN (0x4)
                0x1000089c                _edata = .

.igot.plt       0x1000089c        0x0 load address 0x0001f9cc
 .igot.plt      0x1000089c        0x0 ./src/Inicializaciones.o

.bss_RAM2       0x2007c000        0x0
                [!provide]                PROVIDE (__start_bss_RAM2, .)
 *(.bss.$RAM2*)
 *(.bss.$RamAHB32*)
                0x2007c000                . = ALIGN ((. != 0x0)?0x4:0x1)
                [!provide]                PROVIDE (__end_bss_RAM2, .)

.bss            0x1000089c     0x38d8
                0x1000089c                _bss = .
 *(.bss*)
 .bss.pingpong_AB.11271
                0x1000089c        0x1 ./src/Interrupciones.o
 *fill*         0x1000089d        0x1 
 .bss.idx.11270
                0x1000089e        0x2 ./src/Interrupciones.o
 .bss.fft_done  0x100008a0        0x1 ./src/Variables_globales.o
                0x100008a0                fft_done
 .bss.uart_rx_done
                0x100008a1        0x1 ./src/Variables_globales.o
                0x100008a1                uart_rx_done
 .bss.ABsyncSts
                0x100008a2        0x1 D:\UTN\Git\TD_II\TD_II\workspace\lpc_chip_175x_6x\Debug\liblpc_chip_175x_6x.a(uart_17xx_40xx.o)
 *fill*         0x100008a3        0x1 
 .bss.__malloc_max_total_mem
                0x100008a4        0x4 c:/nxp/lpcxpresso_8.2.2_650/lpcxpresso/tools/bin/../lib/gcc/arm-none-eabi/5.4.1/../../../../arm-none-eabi/lib/armv7-m\libc.a(lib_a-mallocr.o)
                0x100008a4                __malloc_max_total_mem
 .bss.__malloc_max_sbrked_mem
                0x100008a8        0x4 c:/nxp/lpcxpresso_8.2.2_650/lpcxpresso/tools/bin/../lib/gcc/arm-none-eabi/5.4.1/../../../../arm-none-eabi/lib/armv7-m\libc.a(lib_a-mallocr.o)
                0x100008a8                __malloc_max_sbrked_mem
 .bss.__malloc_top_pad
                0x100008ac        0x4 c:/nxp/lpcxpresso_8.2.2_650/lpcxpresso/tools/bin/../lib/gcc/arm-none-eabi/5.4.1/../../../../arm-none-eabi/lib/armv7-m\libc.a(lib_a-mallocr.o)
                0x100008ac                __malloc_top_pad
 .bss.__malloc_current_mallinfo
                0x100008b0       0x28 c:/nxp/lpcxpresso_8.2.2_650/lpcxpresso/tools/bin/../lib/gcc/arm-none-eabi/5.4.1/../../../../arm-none-eabi/lib/armv7-m\libc.a(lib_a-mallocr.o)
                0x100008b0                __malloc_current_mallinfo
 .bss.__end_of_heap
                0x100008d8        0x4 c:/nxp/lpcxpresso_8.2.2_650/lpcxpresso/tools/bin/../lib/gcc/arm-none-eabi/5.4.1/../../../../arm-none-eabi/lib/armv7-m\libcr_newlib_semihost.a(_cr_sbrk.o)
                0x100008d8                __end_of_heap
 .bss.monitor_stdout
                0x100008dc        0x4 c:/nxp/lpcxpresso_8.2.2_650/lpcxpresso/tools/bin/../lib/gcc/arm-none-eabi/5.4.1/../../../../arm-none-eabi/lib/armv7-m\libcr_newlib_semihost.a(syscalls.o)
 .bss.monitor_stdin
                0x100008e0        0x4 c:/nxp/lpcxpresso_8.2.2_650/lpcxpresso/tools/bin/../lib/gcc/arm-none-eabi/5.4.1/../../../../arm-none-eabi/lib/armv7-m\libcr_newlib_semihost.a(syscalls.o)
 .bss.initialized.5536
                0x100008e4        0x4 c:/nxp/lpcxpresso_8.2.2_650/lpcxpresso/tools/bin/../lib/gcc/arm-none-eabi/5.4.1/../../../../arm-none-eabi/lib/armv7-m\libcr_newlib_semihost.a(syscalls.o)
 .bss.monitor_stderr
                0x100008e8        0x4 c:/nxp/lpcxpresso_8.2.2_650/lpcxpresso/tools/bin/../lib/gcc/arm-none-eabi/5.4.1/../../../../arm-none-eabi/lib/armv7-m\libcr_newlib_semihost.a(syscalls.o)
 .bss.openfiles
                0x100008ec       0x28 c:/nxp/lpcxpresso_8.2.2_650/lpcxpresso/tools/bin/../lib/gcc/arm-none-eabi/5.4.1/../../../../arm-none-eabi/lib/armv7-m\libcr_newlib_semihost.a(syscalls.o)
 *(COMMON)
 COMMON         0x10000914     0x3858 ./src/Variables_globales.o
                0x10000914                txring
                0x10000928                txbuff
                0x10001128                fft_in
                0x10001928                fft_inst_q31_complex
                0x10001938                rxring
                0x1000194c                rxbuff
                0x1000214c                uart_in_B
                0x1000294c                uart_in
                0x10002950                fft_out
                0x10003950                uart_in_A
                0x10004150                fft_inst_q31
 COMMON         0x1000416c        0x4 D:\UTN\Git\TD_II\TD_II\workspace\lpc_chip_175x_6x\Debug\liblpc_chip_175x_6x.a(chip_17xx_40xx.o)
                0x1000416c                SystemCoreClock
 COMMON         0x10004170        0x4 c:/nxp/lpcxpresso_8.2.2_650/lpcxpresso/tools/bin/../lib/gcc/arm-none-eabi/5.4.1/../../../../arm-none-eabi/lib/armv7-m\libc.a(lib_a-reent.o)
                0x10004170                errno
                0x10004174                . = ALIGN (0x4)
                0x10004174                _ebss = .
                [!provide]                PROVIDE (end, .)

.noinit_RAM2    0x2007c000        0x0
 *(.noinit.$RAM2*)
 *(.noinit.$RamAHB32*)
                0x2007c000                . = ALIGN (0x4)

.noinit         0x10004174        0x0
                0x10004174                _noinit = .
 *(.noinit*)
                0x10004174                . = ALIGN (0x4)
                0x10004174                _end_noinit = .
                0x10004174                PROVIDE (_pvHeapStart, DEFINED (__user_heap_base)?__user_heap_base:.)
                0x10008000                PROVIDE (_vStackTop, DEFINED (__user_stack_top)?__user_stack_top:(__top_RamLoc32 - 0x0))
                0xefff74b2                PROVIDE (__valid_user_code_checksum, (0x0 - ((((((_vStackTop + (ResetISR + 0x1)) + (NMI_Handler + 0x1)) + (HardFault_Handler + 0x1)) + (DEFINED (MemManage_Handler)?MemManage_Handler:0x0 + 0x1)) + (DEFINED (BusFault_Handler)?BusFault_Handler:0x0 + 0x1)) + (DEFINED (UsageFault_Handler)?UsageFault_Handler:0x0 + 0x1))))
OUTPUT(THD_Meter_RTOS.axf elf32-littlearm)

.debug_info     0x00000000     0x95fe
 .debug_info    0x00000000      0xad8 ./src/Inicializaciones.o
 .debug_info    0x00000ad8      0x412 ./src/Interrupciones.o
 .debug_info    0x00000eea      0x592 ./src/THD_Meter.o
 .debug_info    0x0000147c      0x461 ./src/Variables_globales.o
 .debug_info    0x000018dd      0x253 ./src/cr_startup_lpc175x_6x.o
 .debug_info    0x00001b30       0x3f ./src/crp.o
 .debug_info    0x00001b6f      0x4e3 ./src/funciones.o
 .debug_info    0x00002052      0x126 ./src/sysinit.o
 .debug_info    0x00002178     0x1214 D:\UTN\Git\TD_II\TD_II\workspace\lpc_myboard_1769\Debug\liblpc_myboard_1769.a(board.o)
 .debug_info    0x0000338c      0x591 D:\UTN\Git\TD_II\TD_II\workspace\lpc_myboard_1769\Debug\liblpc_myboard_1769.a(board_sysinit.o)
 .debug_info    0x0000391d      0x51e D:\UTN\Git\TD_II\TD_II\workspace\lpc_chip_175x_6x\Debug\liblpc_chip_175x_6x.a(chip_17xx_40xx.o)
 .debug_info    0x00003e3b      0xb62 D:\UTN\Git\TD_II\TD_II\workspace\lpc_chip_175x_6x\Debug\liblpc_chip_175x_6x.a(clock_17xx_40xx.o)
 .debug_info    0x0000499d      0x2e9 D:\UTN\Git\TD_II\TD_II\workspace\lpc_chip_175x_6x\Debug\liblpc_chip_175x_6x.a(iocon_17xx_40xx.o)
 .debug_info    0x00004c86      0x344 D:\UTN\Git\TD_II\TD_II\workspace\lpc_chip_175x_6x\Debug\liblpc_chip_175x_6x.a(ring_buffer.o)
 .debug_info    0x00004fca      0x439 D:\UTN\Git\TD_II\TD_II\workspace\lpc_chip_175x_6x\Debug\liblpc_chip_175x_6x.a(sysinit_17xx_40xx.o)
 .debug_info    0x00005403      0xeda D:\UTN\Git\TD_II\TD_II\workspace\lpc_chip_175x_6x\Debug\liblpc_chip_175x_6x.a(uart_17xx_40xx.o)
 .debug_info    0x000062dd      0x303 D:\UTN\Git\TD_II\TD_II\workspace\CMSIS_DSPLIB_CM3\lib\libCMSIS_DSPLIB_CM3.a(arm_rfft_init_q31.o)
 .debug_info    0x000065e0      0x505 D:\UTN\Git\TD_II\TD_II\workspace\CMSIS_DSPLIB_CM3\lib\libCMSIS_DSPLIB_CM3.a(arm_rfft_q31.o)
 .debug_info    0x00006ae5      0x277 D:\UTN\Git\TD_II\TD_II\workspace\CMSIS_DSPLIB_CM3\lib\libCMSIS_DSPLIB_CM3.a(arm_cmplx_mag_q31.o)
 .debug_info    0x00006d5c      0x2a5 D:\UTN\Git\TD_II\TD_II\workspace\CMSIS_DSPLIB_CM3\lib\libCMSIS_DSPLIB_CM3.a(arm_bitreversal.o)
 .debug_info    0x00007001      0x215 D:\UTN\Git\TD_II\TD_II\workspace\CMSIS_DSPLIB_CM3\lib\libCMSIS_DSPLIB_CM3.a(arm_cfft_radix4_init_q31.o)
 .debug_info    0x00007216      0x731 D:\UTN\Git\TD_II\TD_II\workspace\CMSIS_DSPLIB_CM3\lib\libCMSIS_DSPLIB_CM3.a(arm_cfft_radix4_q31.o)
 .debug_info    0x00007947      0x228 D:\UTN\Git\TD_II\TD_II\workspace\CMSIS_DSPLIB_CM3\lib\libCMSIS_DSPLIB_CM3.a(arm_sqrt_q31.o)
 .debug_info    0x00007b6f      0x4ff D:\UTN\Git\TD_II\TD_II\workspace\CMSIS_DSPLIB_CM3\lib\libCMSIS_DSPLIB_CM3.a(arm_common_tables.o)
 .debug_info    0x0000806e      0x124 c:/nxp/lpcxpresso_8.2.2_650/lpcxpresso/tools/bin/../lib/gcc/arm-none-eabi/5.4.1/../../../../arm-none-eabi/lib/armv7-m\libcr_newlib_semihost.a(_cr_sbrk.o)
 .debug_info    0x00008192     0x1402 c:/nxp/lpcxpresso_8.2.2_650/lpcxpresso/tools/bin/../lib/gcc/arm-none-eabi/5.4.1/../../../../arm-none-eabi/lib/armv7-m\libcr_newlib_semihost.a(syscalls.o)
 .debug_info    0x00009594       0x6a c:/nxp/lpcxpresso_8.2.2_650/lpcxpresso/tools/bin/../lib/gcc/arm-none-eabi/5.4.1/../../../../arm-none-eabi/lib/armv7-m\libcr_newlib_semihost.a(_cr_check_heap.o)

.debug_abbrev   0x00000000     0x2510
 .debug_abbrev  0x00000000      0x1f6 ./src/Inicializaciones.o
 .debug_abbrev  0x000001f6      0x131 ./src/Interrupciones.o
 .debug_abbrev  0x00000327      0x19f ./src/THD_Meter.o
 .debug_abbrev  0x000004c6       0xf6 ./src/Variables_globales.o
 .debug_abbrev  0x000005bc       0xf5 ./src/cr_startup_lpc175x_6x.o
 .debug_abbrev  0x000006b1       0x36 ./src/crp.o
 .debug_abbrev  0x000006e7      0x15f ./src/funciones.o
 .debug_abbrev  0x00000846       0xa3 ./src/sysinit.o
 .debug_abbrev  0x000008e9      0x2e4 D:\UTN\Git\TD_II\TD_II\workspace\lpc_myboard_1769\Debug\liblpc_myboard_1769.a(board.o)
 .debug_abbrev  0x00000bcd      0x15c D:\UTN\Git\TD_II\TD_II\workspace\lpc_myboard_1769\Debug\liblpc_myboard_1769.a(board_sysinit.o)
 .debug_abbrev  0x00000d29      0x13c D:\UTN\Git\TD_II\TD_II\workspace\lpc_chip_175x_6x\Debug\liblpc_chip_175x_6x.a(chip_17xx_40xx.o)
 .debug_abbrev  0x00000e65      0x2ec D:\UTN\Git\TD_II\TD_II\workspace\lpc_chip_175x_6x\Debug\liblpc_chip_175x_6x.a(clock_17xx_40xx.o)
 .debug_abbrev  0x00001151      0x126 D:\UTN\Git\TD_II\TD_II\workspace\lpc_chip_175x_6x\Debug\liblpc_chip_175x_6x.a(iocon_17xx_40xx.o)
 .debug_abbrev  0x00001277      0x12d D:\UTN\Git\TD_II\TD_II\workspace\lpc_chip_175x_6x\Debug\liblpc_chip_175x_6x.a(ring_buffer.o)
 .debug_abbrev  0x000013a4      0x175 D:\UTN\Git\TD_II\TD_II\workspace\lpc_chip_175x_6x\Debug\liblpc_chip_175x_6x.a(sysinit_17xx_40xx.o)
 .debug_abbrev  0x00001519      0x2e8 D:\UTN\Git\TD_II\TD_II\workspace\lpc_chip_175x_6x\Debug\liblpc_chip_175x_6x.a(uart_17xx_40xx.o)
 .debug_abbrev  0x00001801      0x142 D:\UTN\Git\TD_II\TD_II\workspace\CMSIS_DSPLIB_CM3\lib\libCMSIS_DSPLIB_CM3.a(arm_rfft_init_q31.o)
 .debug_abbrev  0x00001943      0x164 D:\UTN\Git\TD_II\TD_II\workspace\CMSIS_DSPLIB_CM3\lib\libCMSIS_DSPLIB_CM3.a(arm_rfft_q31.o)
 .debug_abbrev  0x00001aa7       0xbd D:\UTN\Git\TD_II\TD_II\workspace\CMSIS_DSPLIB_CM3\lib\libCMSIS_DSPLIB_CM3.a(arm_cmplx_mag_q31.o)
 .debug_abbrev  0x00001b64       0xbe D:\UTN\Git\TD_II\TD_II\workspace\CMSIS_DSPLIB_CM3\lib\libCMSIS_DSPLIB_CM3.a(arm_bitreversal.o)
 .debug_abbrev  0x00001c22      0x10f D:\UTN\Git\TD_II\TD_II\workspace\CMSIS_DSPLIB_CM3\lib\libCMSIS_DSPLIB_CM3.a(arm_cfft_radix4_init_q31.o)
 .debug_abbrev  0x00001d31      0x1a5 D:\UTN\Git\TD_II\TD_II\workspace\CMSIS_DSPLIB_CM3\lib\libCMSIS_DSPLIB_CM3.a(arm_cfft_radix4_q31.o)
 .debug_abbrev  0x00001ed6      0x134 D:\UTN\Git\TD_II\TD_II\workspace\CMSIS_DSPLIB_CM3\lib\libCMSIS_DSPLIB_CM3.a(arm_sqrt_q31.o)
 .debug_abbrev  0x0000200a       0x87 D:\UTN\Git\TD_II\TD_II\workspace\CMSIS_DSPLIB_CM3\lib\libCMSIS_DSPLIB_CM3.a(arm_common_tables.o)
 .debug_abbrev  0x00002091       0xcf c:/nxp/lpcxpresso_8.2.2_650/lpcxpresso/tools/bin/../lib/gcc/arm-none-eabi/5.4.1/../../../../arm-none-eabi/lib/armv7-m\libcr_newlib_semihost.a(_cr_sbrk.o)
 .debug_abbrev  0x00002160      0x34e c:/nxp/lpcxpresso_8.2.2_650/lpcxpresso/tools/bin/../lib/gcc/arm-none-eabi/5.4.1/../../../../arm-none-eabi/lib/armv7-m\libcr_newlib_semihost.a(syscalls.o)
 .debug_abbrev  0x000024ae       0x62 c:/nxp/lpcxpresso_8.2.2_650/lpcxpresso/tools/bin/../lib/gcc/arm-none-eabi/5.4.1/../../../../arm-none-eabi/lib/armv7-m\libcr_newlib_semihost.a(_cr_check_heap.o)

.debug_aranges  0x00000000      0x8c0
 .debug_aranges
                0x00000000       0x48 ./src/Inicializaciones.o
 .debug_aranges
                0x00000048       0x20 ./src/Interrupciones.o
 .debug_aranges
                0x00000068       0x30 ./src/THD_Meter.o
 .debug_aranges
                0x00000098       0x18 ./src/Variables_globales.o
 .debug_aranges
                0x000000b0       0x80 ./src/cr_startup_lpc175x_6x.o
 .debug_aranges
                0x00000130       0x18 ./src/crp.o
 .debug_aranges
                0x00000148       0x28 ./src/funciones.o
 .debug_aranges
                0x00000170       0x20 ./src/sysinit.o
 .debug_aranges
                0x00000190      0x138 D:\UTN\Git\TD_II\TD_II\workspace\lpc_myboard_1769\Debug\liblpc_myboard_1769.a(board.o)
 .debug_aranges
                0x000002c8       0x38 D:\UTN\Git\TD_II\TD_II\workspace\lpc_myboard_1769\Debug\liblpc_myboard_1769.a(board_sysinit.o)
 .debug_aranges
                0x00000300       0x38 D:\UTN\Git\TD_II\TD_II\workspace\lpc_chip_175x_6x\Debug\liblpc_chip_175x_6x.a(chip_17xx_40xx.o)
 .debug_aranges
                0x00000338      0x120 D:\UTN\Git\TD_II\TD_II\workspace\lpc_chip_175x_6x\Debug\liblpc_chip_175x_6x.a(clock_17xx_40xx.o)
 .debug_aranges
                0x00000458       0x30 D:\UTN\Git\TD_II\TD_II\workspace\lpc_chip_175x_6x\Debug\liblpc_chip_175x_6x.a(iocon_17xx_40xx.o)
 .debug_aranges
                0x00000488       0x60 D:\UTN\Git\TD_II\TD_II\workspace\lpc_chip_175x_6x\Debug\liblpc_chip_175x_6x.a(ring_buffer.o)
 .debug_aranges
                0x000004e8       0x60 D:\UTN\Git\TD_II\TD_II\workspace\lpc_chip_175x_6x\Debug\liblpc_chip_175x_6x.a(sysinit_17xx_40xx.o)
 .debug_aranges
                0x00000548      0x128 D:\UTN\Git\TD_II\TD_II\workspace\lpc_chip_175x_6x\Debug\liblpc_chip_175x_6x.a(uart_17xx_40xx.o)
 .debug_aranges
                0x00000670       0x20 D:\UTN\Git\TD_II\TD_II\workspace\CMSIS_DSPLIB_CM3\lib\libCMSIS_DSPLIB_CM3.a(arm_rfft_init_q31.o)
 .debug_aranges
                0x00000690       0x30 D:\UTN\Git\TD_II\TD_II\workspace\CMSIS_DSPLIB_CM3\lib\libCMSIS_DSPLIB_CM3.a(arm_rfft_q31.o)
 .debug_aranges
                0x000006c0       0x20 D:\UTN\Git\TD_II\TD_II\workspace\CMSIS_DSPLIB_CM3\lib\libCMSIS_DSPLIB_CM3.a(arm_cmplx_mag_q31.o)
 .debug_aranges
                0x000006e0       0x30 D:\UTN\Git\TD_II\TD_II\workspace\CMSIS_DSPLIB_CM3\lib\libCMSIS_DSPLIB_CM3.a(arm_bitreversal.o)
 .debug_aranges
                0x00000710       0x20 D:\UTN\Git\TD_II\TD_II\workspace\CMSIS_DSPLIB_CM3\lib\libCMSIS_DSPLIB_CM3.a(arm_cfft_radix4_init_q31.o)
 .debug_aranges
                0x00000730       0x30 D:\UTN\Git\TD_II\TD_II\workspace\CMSIS_DSPLIB_CM3\lib\libCMSIS_DSPLIB_CM3.a(arm_cfft_radix4_q31.o)
 .debug_aranges
                0x00000760       0x20 D:\UTN\Git\TD_II\TD_II\workspace\CMSIS_DSPLIB_CM3\lib\libCMSIS_DSPLIB_CM3.a(arm_sqrt_q31.o)
 .debug_aranges
                0x00000780       0x18 D:\UTN\Git\TD_II\TD_II\workspace\CMSIS_DSPLIB_CM3\lib\libCMSIS_DSPLIB_CM3.a(arm_common_tables.o)
 .debug_aranges
                0x00000798       0x20 c:/nxp/lpcxpresso_8.2.2_650/lpcxpresso/tools/bin/../lib/gcc/arm-none-eabi/5.4.1/../../../../arm-none-eabi/lib/armv7-m\libcr_newlib_semihost.a(_cr_sbrk.o)
 .debug_aranges
                0x000007b8       0xe8 c:/nxp/lpcxpresso_8.2.2_650/lpcxpresso/tools/bin/../lib/gcc/arm-none-eabi/5.4.1/../../../../arm-none-eabi/lib/armv7-m\libcr_newlib_semihost.a(syscalls.o)
 .debug_aranges
                0x000008a0       0x20 c:/nxp/lpcxpresso_8.2.2_650/lpcxpresso/tools/bin/../lib/gcc/arm-none-eabi/5.4.1/../../../../arm-none-eabi/lib/armv7-m\libcr_newlib_semihost.a(_cr_check_heap.o)

.debug_ranges   0x00000000      0x838
 .debug_ranges  0x00000000       0x38 ./src/Inicializaciones.o
 .debug_ranges  0x00000038       0x10 ./src/Interrupciones.o
 .debug_ranges  0x00000048       0x20 ./src/THD_Meter.o
 .debug_ranges  0x00000068       0x70 ./src/cr_startup_lpc175x_6x.o
 .debug_ranges  0x000000d8       0x18 ./src/funciones.o
 .debug_ranges  0x000000f0       0x10 ./src/sysinit.o
 .debug_ranges  0x00000100      0x128 D:\UTN\Git\TD_II\TD_II\workspace\lpc_myboard_1769\Debug\liblpc_myboard_1769.a(board.o)
 .debug_ranges  0x00000228       0x28 D:\UTN\Git\TD_II\TD_II\workspace\lpc_myboard_1769\Debug\liblpc_myboard_1769.a(board_sysinit.o)
 .debug_ranges  0x00000250       0x28 D:\UTN\Git\TD_II\TD_II\workspace\lpc_chip_175x_6x\Debug\liblpc_chip_175x_6x.a(chip_17xx_40xx.o)
 .debug_ranges  0x00000278      0x110 D:\UTN\Git\TD_II\TD_II\workspace\lpc_chip_175x_6x\Debug\liblpc_chip_175x_6x.a(clock_17xx_40xx.o)
 .debug_ranges  0x00000388       0x20 D:\UTN\Git\TD_II\TD_II\workspace\lpc_chip_175x_6x\Debug\liblpc_chip_175x_6x.a(iocon_17xx_40xx.o)
 .debug_ranges  0x000003a8       0x50 D:\UTN\Git\TD_II\TD_II\workspace\lpc_chip_175x_6x\Debug\liblpc_chip_175x_6x.a(ring_buffer.o)
 .debug_ranges  0x000003f8       0x50 D:\UTN\Git\TD_II\TD_II\workspace\lpc_chip_175x_6x\Debug\liblpc_chip_175x_6x.a(sysinit_17xx_40xx.o)
 .debug_ranges  0x00000448      0x118 D:\UTN\Git\TD_II\TD_II\workspace\lpc_chip_175x_6x\Debug\liblpc_chip_175x_6x.a(uart_17xx_40xx.o)
 .debug_ranges  0x00000560       0x10 D:\UTN\Git\TD_II\TD_II\workspace\CMSIS_DSPLIB_CM3\lib\libCMSIS_DSPLIB_CM3.a(arm_rfft_init_q31.o)
 .debug_ranges  0x00000570       0x20 D:\UTN\Git\TD_II\TD_II\workspace\CMSIS_DSPLIB_CM3\lib\libCMSIS_DSPLIB_CM3.a(arm_rfft_q31.o)
 .debug_ranges  0x00000590       0x10 D:\UTN\Git\TD_II\TD_II\workspace\CMSIS_DSPLIB_CM3\lib\libCMSIS_DSPLIB_CM3.a(arm_cmplx_mag_q31.o)
 .debug_ranges  0x000005a0       0x20 D:\UTN\Git\TD_II\TD_II\workspace\CMSIS_DSPLIB_CM3\lib\libCMSIS_DSPLIB_CM3.a(arm_bitreversal.o)
 .debug_ranges  0x000005c0       0x10 D:\UTN\Git\TD_II\TD_II\workspace\CMSIS_DSPLIB_CM3\lib\libCMSIS_DSPLIB_CM3.a(arm_cfft_radix4_init_q31.o)
 .debug_ranges  0x000005d0       0x20 D:\UTN\Git\TD_II\TD_II\workspace\CMSIS_DSPLIB_CM3\lib\libCMSIS_DSPLIB_CM3.a(arm_cfft_radix4_q31.o)
 .debug_ranges  0x000005f0       0x10 D:\UTN\Git\TD_II\TD_II\workspace\CMSIS_DSPLIB_CM3\lib\libCMSIS_DSPLIB_CM3.a(arm_sqrt_q31.o)
 .debug_ranges  0x00000600       0x10 c:/nxp/lpcxpresso_8.2.2_650/lpcxpresso/tools/bin/../lib/gcc/arm-none-eabi/5.4.1/../../../../arm-none-eabi/lib/armv7-m\libcr_newlib_semihost.a(_cr_sbrk.o)
 .debug_ranges  0x00000610      0x218 c:/nxp/lpcxpresso_8.2.2_650/lpcxpresso/tools/bin/../lib/gcc/arm-none-eabi/5.4.1/../../../../arm-none-eabi/lib/armv7-m\libcr_newlib_semihost.a(syscalls.o)
 .debug_ranges  0x00000828       0x10 c:/nxp/lpcxpresso_8.2.2_650/lpcxpresso/tools/bin/../lib/gcc/arm-none-eabi/5.4.1/../../../../arm-none-eabi/lib/armv7-m\libcr_newlib_semihost.a(_cr_check_heap.o)

.debug_macro    0x00000000     0x9768
 .debug_macro   0x00000000      0x448 ./src/Inicializaciones.o
 .debug_macro   0x00000448      0x898 ./src/Inicializaciones.o
 .debug_macro   0x00000ce0      0x174 ./src/Inicializaciones.o
 .debug_macro   0x00000e54       0x22 ./src/Inicializaciones.o
 .debug_macro   0x00000e76       0x87 ./src/Inicializaciones.o
 .debug_macro   0x00000efd       0x44 ./src/Inicializaciones.o
 .debug_macro   0x00000f41       0xfd ./src/Inicializaciones.o
 .debug_macro   0x0000103e       0x5e ./src/Inicializaciones.o
 .debug_macro   0x0000109c      0x1df ./src/Inicializaciones.o
 .debug_macro   0x0000127b       0x22 ./src/Inicializaciones.o
 .debug_macro   0x0000129d       0x74 ./src/Inicializaciones.o
 .debug_macro   0x00001311       0x10 ./src/Inicializaciones.o
 .debug_macro   0x00001321       0x2d ./src/Inicializaciones.o
 .debug_macro   0x0000134e       0x3a ./src/Inicializaciones.o
 .debug_macro   0x00001388       0x2d ./src/Inicializaciones.o
 .debug_macro   0x000013b5      0xbb1 ./src/Inicializaciones.o
 .debug_macro   0x00001f66      0x235 ./src/Inicializaciones.o
 .debug_macro   0x0000219b       0x42 ./src/Inicializaciones.o
 .debug_macro   0x000021dd       0x52 ./src/Inicializaciones.o
 .debug_macro   0x0000222f       0x78 ./src/Inicializaciones.o
 .debug_macro   0x000022a7       0x82 ./src/Inicializaciones.o
 .debug_macro   0x00002329      0x48c ./src/Inicializaciones.o
 .debug_macro   0x000027b5       0x34 ./src/Inicializaciones.o
 .debug_macro   0x000027e9      0x4c5 ./src/Inicializaciones.o
 .debug_macro   0x00002cae      0x1b7 ./src/Inicializaciones.o
 .debug_macro   0x00002e65       0x10 ./src/Inicializaciones.o
 .debug_macro   0x00002e75      0x21b ./src/Inicializaciones.o
 .debug_macro   0x00003090      0x1b9 ./src/Inicializaciones.o
 .debug_macro   0x00003249       0x40 ./src/Inicializaciones.o
 .debug_macro   0x00003289       0x22 ./src/Inicializaciones.o
 .debug_macro   0x000032ab      0x162 ./src/Inicializaciones.o
 .debug_macro   0x0000340d       0x94 ./src/Inicializaciones.o
 .debug_macro   0x000034a1       0xb8 ./src/Inicializaciones.o
 .debug_macro   0x00003559       0x4c ./src/Inicializaciones.o
 .debug_macro   0x000035a5       0x16 ./src/Inicializaciones.o
 .debug_macro   0x000035bb      0x328 ./src/Inicializaciones.o
 .debug_macro   0x000038e3       0x49 ./src/Inicializaciones.o
 .debug_macro   0x0000392c       0x16 ./src/Inicializaciones.o
 .debug_macro   0x00003942       0xca ./src/Inicializaciones.o
 .debug_macro   0x00003a0c       0x11 ./src/Inicializaciones.o
 .debug_macro   0x00003a1d       0xbe ./src/Inicializaciones.o
 .debug_macro   0x00003adb       0x52 ./src/Inicializaciones.o
 .debug_macro   0x00003b2d       0x35 ./src/Inicializaciones.o
 .debug_macro   0x00003b62       0x9c ./src/Inicializaciones.o
 .debug_macro   0x00003bfe       0x16 ./src/Inicializaciones.o
 .debug_macro   0x00003c14       0x35 ./src/Inicializaciones.o
 .debug_macro   0x00003c49      0x30d ./src/Inicializaciones.o
 .debug_macro   0x00003f56       0x10 ./src/Inicializaciones.o
 .debug_macro   0x00003f66       0x52 ./src/Inicializaciones.o
 .debug_macro   0x00003fb8       0x1f ./src/Inicializaciones.o
 .debug_macro   0x00003fd7       0x43 ./src/Inicializaciones.o
 .debug_macro   0x0000401a       0x20 ./src/Inicializaciones.o
 .debug_macro   0x0000403a      0x187 ./src/Inicializaciones.o
 .debug_macro   0x000041c1       0x10 ./src/Inicializaciones.o
 .debug_macro   0x000041d1       0x1c ./src/Inicializaciones.o
 .debug_macro   0x000041ed       0x52 ./src/Inicializaciones.o
 .debug_macro   0x0000423f       0x40 ./src/Inicializaciones.o
 .debug_macro   0x0000427f       0x10 ./src/Inicializaciones.o
 .debug_macro   0x0000428f       0x40 ./src/Inicializaciones.o
 .debug_macro   0x000042cf       0xd7 ./src/Inicializaciones.o
 .debug_macro   0x000043a6       0x16 ./src/Inicializaciones.o
 .debug_macro   0x000043bc      0x189 ./src/Inicializaciones.o
 .debug_macro   0x00004545       0x20 ./src/Inicializaciones.o
 .debug_macro   0x00004565       0x28 ./src/Inicializaciones.o
 .debug_macro   0x0000458d       0xe8 ./src/Inicializaciones.o
 .debug_macro   0x00004675      0x15d ./src/Inicializaciones.o
 .debug_macro   0x000047d2       0xd2 ./src/Inicializaciones.o
 .debug_macro   0x000048a4       0x10 ./src/Inicializaciones.o
 .debug_macro   0x000048b4       0x1f ./src/Inicializaciones.o
 .debug_macro   0x000048d3      0x3d1 ./src/Inicializaciones.o
 .debug_macro   0x00004ca4       0xc0 ./src/Inicializaciones.o
 .debug_macro   0x00004d64       0x9a ./src/Inicializaciones.o
 .debug_macro   0x00004dfe       0xb0 ./src/Inicializaciones.o
 .debug_macro   0x00004eae       0x7f ./src/Inicializaciones.o
 .debug_macro   0x00004f2d       0x16 ./src/Inicializaciones.o
 .debug_macro   0x00004f43      0x1e1 ./src/Inicializaciones.o
 .debug_macro   0x00005124       0x10 ./src/Inicializaciones.o
 .debug_macro   0x00005134       0x12 ./src/Inicializaciones.o
 .debug_macro   0x00005146       0xba ./src/Inicializaciones.o
 .debug_macro   0x00005200       0x9e ./src/Inicializaciones.o
 .debug_macro   0x0000529e      0x448 ./src/Interrupciones.o
 .debug_macro   0x000056e6      0x451 ./src/THD_Meter.o
 .debug_macro   0x00005b37       0x82 ./src/THD_Meter.o
 .debug_macro   0x00005bb9      0x448 ./src/Variables_globales.o
 .debug_macro   0x00006001       0x1d ./src/cr_startup_lpc175x_6x.o
 .debug_macro   0x0000601e       0x1a ./src/crp.o
 .debug_macro   0x00006038       0x34 ./src/crp.o
 .debug_macro   0x0000606c      0x448 ./src/funciones.o
 .debug_macro   0x000064b4      0x368 ./src/sysinit.o
 .debug_macro   0x0000681c       0x7b ./src/sysinit.o
 .debug_macro   0x00006897       0x18 ./src/sysinit.o
 .debug_macro   0x000068af       0x97 ./src/sysinit.o
 .debug_macro   0x00006946       0xfd ./src/sysinit.o
 .debug_macro   0x00006a43      0x22e D:\UTN\Git\TD_II\TD_II\workspace\lpc_myboard_1769\Debug\liblpc_myboard_1769.a(board.o)
 .debug_macro   0x00006c71      0x886 D:\UTN\Git\TD_II\TD_II\workspace\lpc_myboard_1769\Debug\liblpc_myboard_1769.a(board.o)
 .debug_macro   0x000074f7       0x10 D:\UTN\Git\TD_II\TD_II\workspace\lpc_myboard_1769\Debug\liblpc_myboard_1769.a(board.o)
 .debug_macro   0x00007507      0x12d D:\UTN\Git\TD_II\TD_II\workspace\lpc_myboard_1769\Debug\liblpc_myboard_1769.a(board.o)
 .debug_macro   0x00007634      0x5b2 D:\UTN\Git\TD_II\TD_II\workspace\lpc_myboard_1769\Debug\liblpc_myboard_1769.a(board.o)
 .debug_macro   0x00007be6       0x22 D:\UTN\Git\TD_II\TD_II\workspace\lpc_myboard_1769\Debug\liblpc_myboard_1769.a(board.o)
 .debug_macro   0x00007c08       0x9a D:\UTN\Git\TD_II\TD_II\workspace\lpc_myboard_1769\Debug\liblpc_myboard_1769.a(board.o)
 .debug_macro   0x00007ca2       0x12 D:\UTN\Git\TD_II\TD_II\workspace\lpc_myboard_1769\Debug\liblpc_myboard_1769.a(board.o)
 .debug_macro   0x00007cb4      0x217 D:\UTN\Git\TD_II\TD_II\workspace\lpc_myboard_1769\Debug\liblpc_myboard_1769.a(board_sysinit.o)
 .debug_macro   0x00007ecb      0x1cd D:\UTN\Git\TD_II\TD_II\workspace\lpc_chip_175x_6x\Debug\liblpc_chip_175x_6x.a(chip_17xx_40xx.o)
 .debug_macro   0x00008098      0x1cd D:\UTN\Git\TD_II\TD_II\workspace\lpc_chip_175x_6x\Debug\liblpc_chip_175x_6x.a(clock_17xx_40xx.o)
 .debug_macro   0x00008265      0x1cd D:\UTN\Git\TD_II\TD_II\workspace\lpc_chip_175x_6x\Debug\liblpc_chip_175x_6x.a(iocon_17xx_40xx.o)
 .debug_macro   0x00008432       0x83 D:\UTN\Git\TD_II\TD_II\workspace\lpc_chip_175x_6x\Debug\liblpc_chip_175x_6x.a(ring_buffer.o)
 .debug_macro   0x000084b5       0x10 D:\UTN\Git\TD_II\TD_II\workspace\lpc_chip_175x_6x\Debug\liblpc_chip_175x_6x.a(ring_buffer.o)
 .debug_macro   0x000084c5      0x1cd D:\UTN\Git\TD_II\TD_II\workspace\lpc_chip_175x_6x\Debug\liblpc_chip_175x_6x.a(sysinit_17xx_40xx.o)
 .debug_macro   0x00008692      0x1cd D:\UTN\Git\TD_II\TD_II\workspace\lpc_chip_175x_6x\Debug\liblpc_chip_175x_6x.a(uart_17xx_40xx.o)
 .debug_macro   0x0000885f       0x90 D:\UTN\Git\TD_II\TD_II\workspace\CMSIS_DSPLIB_CM3\lib\libCMSIS_DSPLIB_CM3.a(arm_rfft_init_q31.o)
 .debug_macro   0x000088ef      0x886 D:\UTN\Git\TD_II\TD_II\workspace\CMSIS_DSPLIB_CM3\lib\libCMSIS_DSPLIB_CM3.a(arm_rfft_init_q31.o)
 .debug_macro   0x00009175       0xc4 D:\UTN\Git\TD_II\TD_II\workspace\CMSIS_DSPLIB_CM3\lib\libCMSIS_DSPLIB_CM3.a(arm_rfft_init_q31.o)
 .debug_macro   0x00009239       0xb3 D:\UTN\Git\TD_II\TD_II\workspace\CMSIS_DSPLIB_CM3\lib\libCMSIS_DSPLIB_CM3.a(arm_rfft_init_q31.o)
 .debug_macro   0x000092ec       0x90 D:\UTN\Git\TD_II\TD_II\workspace\CMSIS_DSPLIB_CM3\lib\libCMSIS_DSPLIB_CM3.a(arm_rfft_q31.o)
 .debug_macro   0x0000937c       0x90 D:\UTN\Git\TD_II\TD_II\workspace\CMSIS_DSPLIB_CM3\lib\libCMSIS_DSPLIB_CM3.a(arm_cmplx_mag_q31.o)
 .debug_macro   0x0000940c       0xa3 D:\UTN\Git\TD_II\TD_II\workspace\CMSIS_DSPLIB_CM3\lib\libCMSIS_DSPLIB_CM3.a(arm_bitreversal.o)
 .debug_macro   0x000094af       0x40 D:\UTN\Git\TD_II\TD_II\workspace\CMSIS_DSPLIB_CM3\lib\libCMSIS_DSPLIB_CM3.a(arm_bitreversal.o)
 .debug_macro   0x000094ef       0xa3 D:\UTN\Git\TD_II\TD_II\workspace\CMSIS_DSPLIB_CM3\lib\libCMSIS_DSPLIB_CM3.a(arm_cfft_radix4_init_q31.o)
 .debug_macro   0x00009592       0x90 D:\UTN\Git\TD_II\TD_II\workspace\CMSIS_DSPLIB_CM3\lib\libCMSIS_DSPLIB_CM3.a(arm_cfft_radix4_q31.o)
 .debug_macro   0x00009622       0xa3 D:\UTN\Git\TD_II\TD_II\workspace\CMSIS_DSPLIB_CM3\lib\libCMSIS_DSPLIB_CM3.a(arm_sqrt_q31.o)
 .debug_macro   0x000096c5       0xa3 D:\UTN\Git\TD_II\TD_II\workspace\CMSIS_DSPLIB_CM3\lib\libCMSIS_DSPLIB_CM3.a(arm_common_tables.o)

.debug_line     0x00000000     0x7ca2
 .debug_line    0x00000000      0x8c9 ./src/Inicializaciones.o
 .debug_line    0x000008c9      0x856 ./src/Interrupciones.o
 .debug_line    0x0000111f      0x888 ./src/THD_Meter.o
 .debug_line    0x000019a7      0x833 ./src/Variables_globales.o
 .debug_line    0x000021da       0xd3 ./src/cr_startup_lpc175x_6x.o
 .debug_line    0x000022ad       0x7d ./src/crp.o
 .debug_line    0x0000232a      0x855 ./src/funciones.o
 .debug_line    0x00002b7f      0x628 ./src/sysinit.o
 .debug_line    0x000031a7      0x77c D:\UTN\Git\TD_II\TD_II\workspace\lpc_myboard_1769\Debug\liblpc_myboard_1769.a(board.o)
 .debug_line    0x00003923      0x49a D:\UTN\Git\TD_II\TD_II\workspace\lpc_myboard_1769\Debug\liblpc_myboard_1769.a(board_sysinit.o)
 .debug_line    0x00003dbd      0x442 D:\UTN\Git\TD_II\TD_II\workspace\lpc_chip_175x_6x\Debug\liblpc_chip_175x_6x.a(chip_17xx_40xx.o)
 .debug_line    0x000041ff      0x6be D:\UTN\Git\TD_II\TD_II\workspace\lpc_chip_175x_6x\Debug\liblpc_chip_175x_6x.a(clock_17xx_40xx.o)
 .debug_line    0x000048bd      0x42e D:\UTN\Git\TD_II\TD_II\workspace\lpc_chip_175x_6x\Debug\liblpc_chip_175x_6x.a(iocon_17xx_40xx.o)
 .debug_line    0x00004ceb      0x241 D:\UTN\Git\TD_II\TD_II\workspace\lpc_chip_175x_6x\Debug\liblpc_chip_175x_6x.a(ring_buffer.o)
 .debug_line    0x00004f2c      0x4b8 D:\UTN\Git\TD_II\TD_II\workspace\lpc_chip_175x_6x\Debug\liblpc_chip_175x_6x.a(sysinit_17xx_40xx.o)
 .debug_line    0x000053e4      0x76a D:\UTN\Git\TD_II\TD_II\workspace\lpc_chip_175x_6x\Debug\liblpc_chip_175x_6x.a(uart_17xx_40xx.o)
 .debug_line    0x00005b4e      0x1e8 D:\UTN\Git\TD_II\TD_II\workspace\CMSIS_DSPLIB_CM3\lib\libCMSIS_DSPLIB_CM3.a(arm_rfft_init_q31.o)
 .debug_line    0x00005d36      0x25a D:\UTN\Git\TD_II\TD_II\workspace\CMSIS_DSPLIB_CM3\lib\libCMSIS_DSPLIB_CM3.a(arm_rfft_q31.o)
 .debug_line    0x00005f90      0x1e8 D:\UTN\Git\TD_II\TD_II\workspace\CMSIS_DSPLIB_CM3\lib\libCMSIS_DSPLIB_CM3.a(arm_cmplx_mag_q31.o)
 .debug_line    0x00006178      0x310 D:\UTN\Git\TD_II\TD_II\workspace\CMSIS_DSPLIB_CM3\lib\libCMSIS_DSPLIB_CM3.a(arm_bitreversal.o)
 .debug_line    0x00006488      0x201 D:\UTN\Git\TD_II\TD_II\workspace\CMSIS_DSPLIB_CM3\lib\libCMSIS_DSPLIB_CM3.a(arm_cfft_radix4_init_q31.o)
 .debug_line    0x00006689      0xbb4 D:\UTN\Git\TD_II\TD_II\workspace\CMSIS_DSPLIB_CM3\lib\libCMSIS_DSPLIB_CM3.a(arm_cfft_radix4_q31.o)
 .debug_line    0x0000723d      0x1dc D:\UTN\Git\TD_II\TD_II\workspace\CMSIS_DSPLIB_CM3\lib\libCMSIS_DSPLIB_CM3.a(arm_sqrt_q31.o)
 .debug_line    0x00007419      0x196 D:\UTN\Git\TD_II\TD_II\workspace\CMSIS_DSPLIB_CM3\lib\libCMSIS_DSPLIB_CM3.a(arm_common_tables.o)
 .debug_line    0x000075af      0x101 c:/nxp/lpcxpresso_8.2.2_650/lpcxpresso/tools/bin/../lib/gcc/arm-none-eabi/5.4.1/../../../../arm-none-eabi/lib/armv7-m\libcr_newlib_semihost.a(_cr_sbrk.o)
 .debug_line    0x000076b0      0x5a5 c:/nxp/lpcxpresso_8.2.2_650/lpcxpresso/tools/bin/../lib/gcc/arm-none-eabi/5.4.1/../../../../arm-none-eabi/lib/armv7-m\libcr_newlib_semihost.a(syscalls.o)
 .debug_line    0x00007c55       0x4d c:/nxp/lpcxpresso_8.2.2_650/lpcxpresso/tools/bin/../lib/gcc/arm-none-eabi/5.4.1/../../../../arm-none-eabi/lib/armv7-m\libcr_newlib_semihost.a(_cr_check_heap.o)

.debug_str      0x00000000    0x1e7a1
 .debug_str     0x00000000    0x1965c ./src/Inicializaciones.o
                              0x1993f (size before relaxing)
 .debug_str     0x0001965c       0x67 ./src/Interrupciones.o
                              0x1941e (size before relaxing)
 .debug_str     0x000196c3      0x47d ./src/THD_Meter.o
                              0x19a80 (size before relaxing)
 .debug_str     0x00019b40      0x1d6 ./src/Variables_globales.o
                              0x19655 (size before relaxing)
 .debug_str     0x00019d16      0x197 ./src/cr_startup_lpc175x_6x.o
                               0x26b4 (size before relaxing)
 .debug_str     0x00019ead       0xe9 ./src/crp.o
                               0x25cc (size before relaxing)
 .debug_str     0x00019f96       0x2a ./src/funciones.o
                              0x194f0 (size before relaxing)
 .debug_str     0x00019fc0       0x51 ./src/sysinit.o
                              0x13c2c (size before relaxing)
 .debug_str     0x0001a011     0x229b D:\UTN\Git\TD_II\TD_II\workspace\lpc_myboard_1769\Debug\liblpc_myboard_1769.a(board.o)
                              0x11789 (size before relaxing)
 .debug_str     0x0001c2ac      0x22d D:\UTN\Git\TD_II\TD_II\workspace\lpc_myboard_1769\Debug\liblpc_myboard_1769.a(board_sysinit.o)
                              0x10f8e (size before relaxing)
 .debug_str     0x0001c4d9       0xbb D:\UTN\Git\TD_II\TD_II\workspace\lpc_chip_175x_6x\Debug\liblpc_chip_175x_6x.a(chip_17xx_40xx.o)
                              0x10b6a (size before relaxing)
 .debug_str     0x0001c594      0x851 D:\UTN\Git\TD_II\TD_II\workspace\lpc_chip_175x_6x\Debug\liblpc_chip_175x_6x.a(clock_17xx_40xx.o)
                              0x111d8 (size before relaxing)
 .debug_str     0x0001cde5       0x74 D:\UTN\Git\TD_II\TD_II\workspace\lpc_chip_175x_6x\Debug\liblpc_chip_175x_6x.a(iocon_17xx_40xx.o)
                              0x10655 (size before relaxing)
 .debug_str     0x0001ce59      0x138 D:\UTN\Git\TD_II\TD_II\workspace\lpc_chip_175x_6x\Debug\liblpc_chip_175x_6x.a(ring_buffer.o)
                               0x4021 (size before relaxing)
 .debug_str     0x0001cf91       0xc4 D:\UTN\Git\TD_II\TD_II\workspace\lpc_chip_175x_6x\Debug\liblpc_chip_175x_6x.a(sysinit_17xx_40xx.o)
                              0x1083d (size before relaxing)
 .debug_str     0x0001d055      0x360 D:\UTN\Git\TD_II\TD_II\workspace\lpc_chip_175x_6x\Debug\liblpc_chip_175x_6x.a(uart_17xx_40xx.o)
                              0x110ad (size before relaxing)
 .debug_str     0x0001d3b5      0x6db D:\UTN\Git\TD_II\TD_II\workspace\CMSIS_DSPLIB_CM3\lib\libCMSIS_DSPLIB_CM3.a(arm_rfft_init_q31.o)
                               0x4b17 (size before relaxing)
 .debug_str     0x0001da90      0x11f D:\UTN\Git\TD_II\TD_II\workspace\CMSIS_DSPLIB_CM3\lib\libCMSIS_DSPLIB_CM3.a(arm_rfft_q31.o)
                               0x4b23 (size before relaxing)
 .debug_str     0x0001dbaf       0xbd D:\UTN\Git\TD_II\TD_II\workspace\CMSIS_DSPLIB_CM3\lib\libCMSIS_DSPLIB_CM3.a(arm_cmplx_mag_q31.o)
                               0x49d0 (size before relaxing)
 .debug_str     0x0001dc6c      0x2a8 D:\UTN\Git\TD_II\TD_II\workspace\CMSIS_DSPLIB_CM3\lib\libCMSIS_DSPLIB_CM3.a(arm_bitreversal.o)
                               0x4bf8 (size before relaxing)
 .debug_str     0x0001df14       0x5b D:\UTN\Git\TD_II\TD_II\workspace\CMSIS_DSPLIB_CM3\lib\libCMSIS_DSPLIB_CM3.a(arm_cfft_radix4_init_q31.o)
                               0x4c9d (size before relaxing)
 .debug_str     0x0001df6f       0xa3 D:\UTN\Git\TD_II\TD_II\workspace\CMSIS_DSPLIB_CM3\lib\libCMSIS_DSPLIB_CM3.a(arm_cfft_radix4_q31.o)
                               0x4a80 (size before relaxing)
 .debug_str     0x0001e012       0x99 D:\UTN\Git\TD_II\TD_II\workspace\CMSIS_DSPLIB_CM3\lib\libCMSIS_DSPLIB_CM3.a(arm_sqrt_q31.o)
                               0x4c70 (size before relaxing)
 .debug_str     0x0001e0ab      0x258 D:\UTN\Git\TD_II\TD_II\workspace\CMSIS_DSPLIB_CM3\lib\libCMSIS_DSPLIB_CM3.a(arm_common_tables.o)
                               0x4db0 (size before relaxing)
 .debug_str     0x0001e303      0x186 c:/nxp/lpcxpresso_8.2.2_650/lpcxpresso/tools/bin/../lib/gcc/arm-none-eabi/5.4.1/../../../../arm-none-eabi/lib/armv7-m\libcr_newlib_semihost.a(_cr_sbrk.o)
                                0x22b (size before relaxing)
 .debug_str     0x0001e489      0x2f3 c:/nxp/lpcxpresso_8.2.2_650/lpcxpresso/tools/bin/../lib/gcc/arm-none-eabi/5.4.1/../../../../arm-none-eabi/lib/armv7-m\libcr_newlib_semihost.a(syscalls.o)
                                0x4f7 (size before relaxing)